05-13 20:57:13.623  1809  2340 I MiuiNetworkPolicy: updateUidState uid = 10185, uidState = 11
05-13 20:57:13.623  1809  2340 I MiuiNetworkPolicy: updateUidState uid = 10149, uidState = 11
05-13 20:57:13.648  7268 25191 I SCTaskStackListener: onTaskStackChanged! inSplit = false
05-13 20:57:13.648  7268  7289 I SCTaskStackListener: onTaskStackChanged! inSplit = false
05-13 20:57:13.655  2807  2807 D AppMiniWindowManager: topActivity updated in onTaskStackChanged
05-13 20:57:13.656 11828 11832 I adbd    : jdwp connection from 11268
05-13 20:57:13.657  6642  6642 D AppActiveReceiver: receive app active broadcast for: com.yahorzabotsin.openvpnclientgate, install from: null
05-13 20:57:13.662  6642  6642 W FirebaseRemoteConfig: No value of type 'FirebaseRemoteConfigValue' exists for parameter key 'disableForeServiceDevices'.
05-13 20:57:13.666  1809  3392 D CompatibilityInfo: mCompatibilityFlags - 0
05-13 20:57:13.666  1809  3392 D CompatibilityInfo: applicationDensity - 440
05-13 20:57:13.667  1809  3392 D CompatibilityInfo: applicationScale - 1.0
05-13 20:57:13.667   911  4648 I vendor.qti.hardware.servicetracker@1.2-service: startService() is called for servicecom.xiaomi.mipicks/com.xiaomi.market.service.AppActiveStatService
05-13 20:57:13.668  1809  6963 W ActivityManager: Foreground service started from background can not have location/camera/microphone access: service com.xiaomi.discover/com.xiaomi.market.service.AppActiveStatService
05-13 20:57:13.668  7925 10979 D PMonitor:  onProcessDied:pid = 6642,died-uid=10149
05-13 20:57:13.670  3757  3834 I BtGatt.ScanManager: msg.what = 6
05-13 20:57:13.670  1809  2340 I MiuiNetworkPolicy: updateUidState uid = 10149, uidState = 4
05-13 20:57:13.670  1809  2340 I MiuiNetworkPolicy: updateUidState uid = 10186, uidState = 4
05-13 20:57:13.670  1809  2340 I MiuiNetworkPolicy: updateUidState uid = 10185, uidState = 4
05-13 20:57:13.673  7925 10979 D PMonitor:  onProcessDied:pid = 1851,died-uid=10113
05-13 20:57:13.679  1851 11275 I Ad      : isPersonalizedAdEnabled getAdSettings: 3
05-13 20:57:13.686   911  4648 I vendor.qti.hardware.servicetracker@1.2-service: bindService is called for service : com.google.android.gms/.ads.identifier.service.AdvertisingIdService and for client com.xiaomi.discover
05-13 20:57:13.686   911  4648 I vendor.qti.hardware.servicetracker@1.2-service: total connections for service : com.google.android.gms/.ads.identifier.service.AdvertisingIdServiceare :5
05-13 20:57:13.686   911  4648 I vendor.qti.hardware.servicetracker@1.2-service: total connections for client : com.xiaomi.discoverare :2
05-13 20:57:13.688   907   907 I ANDR-PERF-LM: LMPerfGlue: perfmodule_submit_request() 132: perfmodule_submit_request()
05-13 20:57:13.688   907   907 I ANDR-PERF-LM: Core: getInstance() 84: LM getInstance
05-13 20:57:13.688   907   907 I ANDR-PERF-LM: WQ: push() 59: LMTriggerQ push() size=0
05-13 20:57:13.688   907   907 I ANDR-PERF-LM: WQ: push() 61: LMTriggerQ push() done size=1
05-13 20:57:13.688   907   961 I ANDR-PERF-LM: WQ: pop() 42: LMTriggerQ pop() done size=0
05-13 20:57:13.689   907   961 I ANDR-PERF-LM: Core: lmMain() 381: Calling runAsync for AdaptLaunch
05-13 20:57:13.689   907   961 I ANDR-PERF-LM: MetaMeter: isValidAsync() 194: AsyncInfo: hintID = 4225
05-13 20:57:13.689   907   961 I ANDR-PERF-LM: hintType: 103
05-13 20:57:13.689   907   961 I ANDR-PERF-LM: isPrimary = 0
05-13 20:57:13.689   907   961 I ANDR-PERF-LM: MetaMeter: isValidAsync() 203: Invalid (hintID,hintType,appName,duration,appPID,appThreadTID) = (4225, 103,com.yahorzabotsin.openvpnclientgate,11268,1809,6963)
05-13 20:57:13.689   907   961 E ANDR-PERF-LM: MetaMeter: handleAsync() 164: AdaptLaunch Invalid Async
05-13 20:57:13.689   907   961 I ANDR-PERF-LM: Core: lmMain() 391: runAsync for AdaptLaunch returned
05-13 20:57:13.689   907   961 I ANDR-PERF-LM: Core: lmMain() 373: Waiting on trigger Queue
05-13 20:57:13.689   907   961 I ANDR-PERF-LM: WQ: pop() 31: LMTriggerQ pop() size=0
05-13 20:57:13.691  1851 11294 D AdvertisingProxy: limit ad tracking enabled is false
05-13 20:57:13.693  1809  6963 D CompatibilityInfo: mCompatibilityFlags - 0
05-13 20:57:13.693  1809  6963 D CompatibilityInfo: applicationDensity - 440
05-13 20:57:13.693  1809  6963 D CompatibilityInfo: applicationScale - 1.0
05-13 20:57:13.698  1809  6963 D CompatibilityInfo: mCompatibilityFlags - 0
05-13 20:57:13.698  1809  6963 D CompatibilityInfo: applicationDensity - 440
05-13 20:57:13.698  1809  6963 D CompatibilityInfo: applicationScale - 1.0
05-13 20:57:13.700  7268  7289 I ProcessMonitor: onForegroundInfoChanged: ForegroundInfo{mForegroundPackageName='com.yahorzabotsin.openvpnclientgate', mForegroundUid=11201, mForegroundPid=11268, mLastForegroundPackageName='com.miui.home', mLastForegroundUid=10086, mLastForegroundPid=2968, mMultiWindowForegroundPackageName='null', mMultiWindowForegroundUid=-1, mFlags=1}
05-13 20:57:13.700   911  4648 I vendor.qti.hardware.servicetracker@1.2-service: Activity state is changed to : 2
05-13 20:57:13.700   911  4648 I vendor.qti.hardware.servicetracker@1.2-service: Activity state is changed to : 2
05-13 20:57:13.700  8463 24277 D PerfEngineController: ForegroundInfo{mForegroundPackageName='com.yahorzabotsin.openvpnclientgate', mForegroundUid=11201, mForegroundPid=11268, mLastForegroundPackageName='com.miui.home', mLastForegroundUid=10086, mLastForegroundPid=2968, mMultiWindowForegroundPackageName='null', mMultiWindowForegroundUid=-1, mFlags=1}
05-13 20:57:13.702  9159  9189 I GST     : forePkg: com.yahorzabotsin.openvpnclientgate, preForePkg: com.miui.home
05-13 20:57:13.703  7268  7289 I GameBoosterService: onForegroundInfoChanged: Cur=com.yahorzabotsin.openvpnclientgate	 last=com.miui.home
05-13 20:57:13.708  7268  7289 I FreeformWindowUtils: has app list!
05-13 20:57:13.710   911 28436 I vendor.qti.hardware.servicetracker@1.2-service: destroyService is called for service : com.xiaomi.discover/com.xiaomi.market.service.AppActiveStatService
05-13 20:57:13.716  1809  1872 I Timeline: Timeline: App_transition_ready time:547346725
05-13 20:57:13.721  7268  7289 D GameBoosterService: onGameStatusChange foreground:ForegroundInfo{mForegroundPackageName='com.yahorzabotsin.openvpnclientgate', mForegroundUid=11201, mForegroundPid=11268, mLastForegroundPackageName='com.miui.home', mLastForegroundUid=10086, mLastForegroundPid=2968, mMultiWindowForegroundPackageName='null', mMultiWindowForegroundUid=-1, mFlags=1}
05-13 20:57:13.721  7268  7289 I VideoBoxUtils: isSupportVideoBox: false
05-13 20:57:13.721  1851  1851 I SystemUpdate-AppActiveStatService: stop forground service
05-13 20:57:13.723  7268  7289 I VideoToolBoxService: splitMode: onfalse
05-13 20:57:13.723  7268  7289 I VideoToolBoxService: not support vtb. skipExit : false
05-13 20:57:13.724  7925 10979 D PMonitor:  onProcessDied:pid = 1851,died-uid=10113
05-13 20:57:13.726  7925 10979 D PMonitor:  onForegroundActivitiesChanged:pid = 11268,activity-uid=11201,foregroundActivities=true
05-13 20:57:13.726  1809  6964 W ActivityManager: Foreground service started from background can not have location/camera/microphone access: service com.xiaomi.mipicks/com.xiaomi.market.service.AppActiveStatService
05-13 20:57:13.729  6642  6642 W FirebaseRemoteConfig: No value of type 'FirebaseRemoteConfigValue' exists for parameter key 'disableForeServiceDevices'.
05-13 20:57:13.730  1809  2340 I MiuiNetworkPolicy: updateUidState uid = 10113, uidState = 10
05-13 20:57:13.730  1809  2340 I MiuiNetworkPolicy: updateUidState uid = 11201, uidState = 2
05-13 20:57:13.730  2807  2938 D MiuiPhoneStatusBarPolicy: updateManagedProfile: secondSpace = false
05-13 20:57:13.731  6642 11295 I MiPicks-IManager: MCC+MNC: 26003
05-13 20:57:13.731  6169 10955 W PSIUtils: MEMORY_SOME|30545144|547336193144904
05-13 20:57:13.731  7925 10979 D PMonitor:  onProcessDied:pid = 6642,died-uid=10149
05-13 20:57:13.736  7268  7268 E PowerUtils: getSurfaceTemprature error
05-13 20:57:13.736  7268  7268 E PowerUtils: java.lang.NullPointerException: Attempt to invoke virtual method 'java.lang.String java.lang.String.trim()' on a null object reference
05-13 20:57:13.736  7268  7268 E PowerUtils: 	at hd.w.A(Unknown Source:21)
05-13 20:57:13.736  7268  7268 E PowerUtils: 	at yc.o.u(Unknown Source:32)
05-13 20:57:13.736  7268  7268 E PowerUtils: 	at yc.o$b.onReceive(Unknown Source:14)
05-13 20:57:13.736  7268  7268 E PowerUtils: 	at android.app.LoadedApk$ReceiverDispatcher$Args.lambda$getRunnable$0$LoadedApk$ReceiverDispatcher$Args(LoadedApk.java:1564)
05-13 20:57:13.736  7268  7268 E PowerUtils: 	at android.app.-$$Lambda$LoadedApk$ReceiverDispatcher$Args$_BumDX2UKsnxLVrE6UJsJZkotuA.run(Unknown Source:2)
05-13 20:57:13.736  7268  7268 E PowerUtils: 	at android.os.Handler.handleCallback(Handler.java:938)
05-13 20:57:13.736  7268  7268 E PowerUtils: 	at android.os.Handler.dispatchMessage(Handler.java:99)
05-13 20:57:13.736  7268  7268 E PowerUtils: 	at android.os.Looper.loop(Looper.java:236)
05-13 20:57:13.736  7268  7268 E PowerUtils: 	at android.app.ActivityThread.main(ActivityThread.java:8061)
05-13 20:57:13.736  7268  7268 E PowerUtils: 	at java.lang.reflect.Method.invoke(Native Method)
05-13 20:57:13.736  7268  7268 E PowerUtils: 	at com.android.internal.os.RuntimeInit$MethodAndArgsCaller.run(RuntimeInit.java:656)
05-13 20:57:13.736  7268  7268 E PowerUtils: 	at com.android.internal.os.ZygoteInit.main(ZygoteInit.java:967)
05-13 20:57:13.736  7268  7268 I PowerSaveService: onReceive: android.intent.action.BATTERY_CHANGED
05-13 20:57:13.737  8463  9899 D PowerCheckerService: onBatteryChanged, mBatteryLevel = 100, status = 5, level = 100, plug = 2, scale = 100
05-13 20:57:13.737  8463  8971 D PowerKeeper.FrozenApp: onBatteryChanged plug=true mBatteryPlugged=2
05-13 20:57:13.737  6207  6207 D NfcService: Received android.intent.action.BATTERY_CHANGED
05-13 20:57:13.738 31927 31927 D DeviceStatisticsService: chargerType=2 batteryLevel=100 totalBatteryCapacity=2085000
05-13 20:57:13.738 31927 31927 D DeviceInfoHidlClient: isPowerInfoNeverSent()=true
05-13 20:57:13.738  7268  7268 I PowerNoticeUI: handleBatteryChanged oldPlugType 2 mPlugType 2 oldBatteryLevel 100 mBatteryLevel 100 temperature 337
05-13 20:57:13.738  7268  7268 I ChargerBatteryIntelligenceReceiver: onBatteryChanged temperatureя╝Ъ33,plugType:2
05-13 20:57:13.741  2807  2807 D KeyguardUpdateMonitor: received broadcast android.intent.action.BATTERY_CHANGED
05-13 20:57:13.742  2807  2807 D BatteryController: onReceive: Intent = Intent { act=android.intent.action.BATTERY_CHANGED flg=0x60000010 (has extras) } action = android.intent.action.BATTERY_CHANGED
05-13 20:57:13.754  6642 11295 I MiPicks-DeviceProtocol: getPrefInfoFetcherValueisMatchType:String ,defVal я╝ЪString 
05-13 20:57:13.754  6642 11295 I MiPicks-DeviceProtocol: getPrefInfoFetcherValue KEY:gpId ,end value я╝Ъ e8a137fb-27df-4466-8686-e512b8aba0ed
05-13 20:57:13.771   911 28436 I vendor.qti.hardware.servicetracker@1.2-service: unbindService is called for service : com.google.android.gms/.chimera.PersistentApiService and for client com.reddit.frontpage
05-13 20:57:13.771   911 28436 I vendor.qti.hardware.servicetracker@1.2-service: size of client connections for client: com.reddit.frontpageafter removal is 2
05-13 20:57:13.790   587   587 E SELinux : avc:  denied  { find } for pid=28392 uid=10228 name=tethering scontext=u:r:vendor_systemhelper_app:s0:c512,c768 tcontext=u:object_r:tethering_service:s0 tclass=service_manager permissive=0
05-13 20:57:13.826  2968  2968 D Launcher_UnlockAnimationStateMachine: mResetIdleStateRunnable
05-13 20:57:13.913  1809  1809 W NotificationHistory: Attempted to add notif for locked/gone/disabled user 0
05-13 20:57:13.925  2807  2807 E NotifCollection: No notification to remove with key 0|com.xiaomi.discover|237251972|null|10113
05-13 20:57:13.932   911 28436 I vendor.qti.hardware.servicetracker@1.2-service: unbindService is called for service : com.google.android.gms/.chimera.PersistentDirectBootAwareApiService and for client com.google.android.gms
05-13 20:57:13.932   911 28436 I vendor.qti.hardware.servicetracker@1.2-service: size of service connections for service: com.google.android.gms/.chimera.PersistentDirectBootAwareApiServiceafter removal is 25
05-13 20:57:13.933  3696  3696 I NotificationController: onNotificationPosted: mSmartTravelNotificationMap 0
05-13 20:57:13.935   911 28436 I vendor.qti.hardware.servicetracker@1.2-service: unbindService is called for service : com.google.android.gms/.chimera.PersistentApiService and for client com.google.android.gms
05-13 20:57:13.935   911 28436 I vendor.qti.hardware.servicetracker@1.2-service: size of service connections for service: com.google.android.gms/.chimera.PersistentApiServiceafter removal is 41
05-13 20:57:13.936   808  3967 I vendor.qti.bluetooth@1.0-ibs_handler: ProcessIbsCmd: Received IBS_WAKE_IND: 0xFD
05-13 20:57:13.936   808  3967 D vendor.qti.bluetooth@1.0-ibs_handler: SerialClockVote: vote for UART CLK ON
05-13 20:57:13.937   808  3967 D vendor.qti.bluetooth@1.0-wake_lock: Acquire wakelock is acquired 
05-13 20:57:13.937   808  3967 I vendor.qti.bluetooth@1.0-ibs_handler: ProcessIbsCmd: Writing IBS_WAKE_ACK
05-13 20:57:13.940  3757  3971 V bt_stack: [VERBOSE1:btm_ble_gap.cc(1924)] btm_ble_process_ext_adv_pkt: bda=34:fa:1c:26:17:40
05-13 20:57:13.940  3757  3971 V bt_stack: [VERBOSE1:btm_ble_gap.cc(1848)] btm_ble_process_adv_addr: bda=34:fa:1c:26:17:40
05-13 20:57:13.940  3757  3971 V bt_stack: [VERBOSE1:btm_ble_gap.cc(2058)]  Waiting for scan response 34:fa:1c:26:17:40
05-13 20:57:13.978   808  3967 I vendor.qti.bluetooth@1.0-ibs_handler: ProcessIbsCmd: Received IBS_SLEEP_IND: 0xFE
05-13 20:57:13.978   808  3967 D vendor.qti.bluetooth@1.0-ibs_handler: SerialClockVote: vote for UART CLK OFF
05-13 20:57:13.991   587   587 E SELinux : avc:  denied  { find } for pid=28392 uid=10228 name=tethering scontext=u:r:vendor_systemhelper_app:s0:c512,c768 tcontext=u:object_r:tethering_service:s0 tclass=service_manager permissive=0
05-13 20:57:14.034   911 28436 I vendor.qti.hardware.servicetracker@1.2-service: unbindService is called for service : com.google.android.gms/.chimera.GmsApiService and for client com.reddit.frontpage
05-13 20:57:14.034   911 28436 I vendor.qti.hardware.servicetracker@1.2-service: size of service connections for service: com.google.android.gms/.chimera.GmsApiServiceafter removal is 0
05-13 20:57:14.034   911 28436 I vendor.qti.hardware.servicetracker@1.2-service: size of client connections for client: com.reddit.frontpageafter removal is 1
05-13 20:57:14.034   911 28436 I vendor.qti.hardware.servicetracker@1.2-service: destroyService is called for service : com.google.android.gms/.chimera.GmsApiService
05-13 20:57:14.052   911  4648 I vendor.qti.hardware.servicetracker@1.2-service: unbindService is called for service : com.android.vending/com.google.android.finsky.developergroupidinfo.DeveloperGroupIdInfoService and for client com.google.android.gms
05-13 20:57:14.055   911  4648 I vendor.qti.hardware.servicetracker@1.2-service: size of service connections for service: com.android.vending/com.google.android.finsky.developergroupidinfo.DeveloperGroupIdInfoServiceafter removal is 0
05-13 20:57:14.055   911  4648 I vendor.qti.hardware.servicetracker@1.2-service: size of client connections for client: com.google.android.gmsafter removal is 4
05-13 20:57:14.060   911  4648 I vendor.qti.hardware.servicetracker@1.2-service: destroyService is called for service : com.android.vending/com.google.android.finsky.developergroupidinfo.DeveloperGroupIdInfoService
05-13 20:57:14.064  1809  2340 I MiuiNetworkPolicy: updateUidState uid = 10185, uidState = 10
05-13 20:57:14.066  1809  3266 I ActivityManager: Killing 9582:com.microsoft.skydrive/u0a332 (adj 975): empty #17
05-13 20:57:14.066  1809  3266 I Process : PerfMonitor : current process sending signal quiet. PID: 9582 SIG: 9
05-13 20:57:14.067  1809  1898 I Process : PerfMonitor : current process killing process group. PID: 9582
05-13 20:57:14.067   907   907 I ANDR-PERF-LM: LMPerfGlue: perfmodule_submit_request() 132: perfmodule_submit_request()
05-13 20:57:14.067   907   907 I ANDR-PERF-LM: Core: getInstance() 84: LM getInstance
05-13 20:57:14.067   907   907 I ANDR-PERF-LM: WQ: push() 59: LMTriggerQ push() size=0
05-13 20:57:14.067   907   907 I ANDR-PERF-LM: WQ: push() 61: LMTriggerQ push() done size=1
05-13 20:57:14.067   907   961 I ANDR-PERF-LM: WQ: pop() 42: LMTriggerQ pop() done size=0
05-13 20:57:14.068   907   961 I ANDR-PERF-LM: Core: lmMain() 373: Waiting on trigger Queue
05-13 20:57:14.068   907   961 I ANDR-PERF-LM: WQ: pop() 31: LMTriggerQ pop() size=0
05-13 20:57:14.068  1809  2340 I MiuiNetworkPolicy: updateUidState uid = 10185, uidState = 19
05-13 20:57:14.070 12059 12095 D BufferPoolAccessor2.0: bufferpool2 0xb40000744dd8c628 : 7(26880 size) total buffers - 4(15360 size) used buffers - 190387/190394 (recycle/alloc) - 75/380779 (fetch/transfer)
05-13 20:57:14.075   911  4648 I vendor.qti.hardware.servicetracker@1.2-service: unbindService is called for service : com.google.android.gms/.chimera.PersistentDirectBootAwareApiService and for client com.google.android.gms
05-13 20:57:14.075   911  4648 I vendor.qti.hardware.servicetracker@1.2-service: size of client connections for client: com.google.android.gmsafter removal is 3
05-13 20:57:14.096 11268 11268 I Perf    : Connecting to perf service.
05-13 20:57:14.110  1809  6963 I WifiService: getConnectionInfo uid=10259
05-13 20:57:14.110  1809  6963 V WifiService: getConnectionInfo: hideBssidSsidAndNetworkId=true, hideDefaultMacAddress=true
05-13 20:57:14.123   712   712 I Zygote  : Process 9582 exited due to signal 9 (Killed)
05-13 20:57:14.123   907   907 I ANDR-PERF-LM: LMPerfGlue: perfmodule_submit_request() 132: perfmodule_submit_request()
05-13 20:57:14.123   907   907 I ANDR-PERF-LM: Core: getInstance() 84: LM getInstance
05-13 20:57:14.123   907   907 I ANDR-PERF-LM: WQ: push() 59: LMTriggerQ push() size=0
05-13 20:57:14.123   907   907 I ANDR-PERF-LM: WQ: push() 61: LMTriggerQ push() done size=1
05-13 20:57:14.123   907   961 I ANDR-PERF-LM: WQ: pop() 42: LMTriggerQ pop() done size=0
05-13 20:57:14.123   907   961 I ANDR-PERF-LM: Core: lmMain() 373: Waiting on trigger Queue
05-13 20:57:14.123   907   961 I ANDR-PERF-LM: WQ: pop() 31: LMTriggerQ pop() size=0
05-13 20:57:14.124 11268 11268 D NetworkSecurityConfig: No Network Security Config specified, using platform default
05-13 20:57:14.125   911  4648 I vendor.qti.hardware.servicetracker@1.2-service: killProcess is called for pid : 9582
05-13 20:57:14.125   911  4648 I vendor.qti.hardware.servicetracker@1.2-service: process with pid 9582 is client
05-13 20:57:14.125   911  4648 I vendor.qti.hardware.servicetracker@1.2-service: removing client with pid 9582process namecom.microsoft.skydrive
05-13 20:57:14.125 11268 11268 D NetworkSecurityConfig: No Network Security Config specified, using platform default
05-13 20:57:14.126  1809  6964 W ANRStateManager: clear state, but process isn't exist. hash=166702881 uid=10332 pid=9582 state=16
05-13 20:57:14.126  7925 10979 I com.xiaomi.xms: oneway function results will be dropped but finished with status UNKNOWN_TRANSACTION and parcel size 0
05-13 20:57:14.126  6642  6675 I .xiaomi.mipick: oneway function results will be dropped but finished with status UNKNOWN_TRANSACTION and parcel size 0
05-13 20:57:14.126  1809  1898 I libprocessgroup: Successfully killed process cgroup uid 10332 pid 9582 in 59ms
05-13 20:57:14.128   808  3840 D vendor.qti.bluetooth@1.0-wake_lock: Release wakelock is released 
05-13 20:57:14.130  8463 24277 D UidObserver: onUidGone entry uid = 10332
05-13 20:57:14.130  1809  2340 I MiuiNetworkPolicy: removeUidState uid = 10332
05-13 20:57:14.114  1362  1362 W Binder:1362_1: type=1400 audit(0.0:2672310): avc: denied { search } for name="809" dev="proc" ino=99185312 scontext=u:r:cameraserver:s0 tcontext=u:r:hal_camera_default:s0 tclass=dir permissive=0
05-13 20:57:14.141  2918  2918 D MiWallpaper-EarthSuperWallpaper: Engine onVisibilityChanged, visible: false mIsPreview = false
05-13 20:57:14.141  2918  2918 D MiWallpaper-EarthSuperWallpaper: Engine onVisibilityChanged, visible2: false mIsPreview = false 0
05-13 20:57:14.159 11268 11268 D WM-WrkMgrInitializer: Initializing WorkManager with default configuration.
05-13 20:57:14.161  1809  6964 I WifiService: getConnectionInfo uid=10259
05-13 20:57:14.161  1809  6964 V WifiService: getConnectionInfo: hideBssidSsidAndNetworkId=true, hideDefaultMacAddress=true
05-13 20:57:14.192   587   587 E SELinux : avc:  denied  { find } for pid=28392 uid=10228 name=tethering scontext=u:r:vendor_systemhelper_app:s0:c512,c768 tcontext=u:object_r:tethering_service:s0 tclass=service_manager permissive=0
05-13 20:57:14.218 11268 11268 I TetheringManager: registerTetheringEventCallback:com.yahorzabotsin.openvpnclientgate
05-13 20:57:14.224 11268 11268 D WM-PackageManagerHelper: androidx.work.impl.background.systemjob.SystemJobService enabled
05-13 20:57:14.224 11268 11268 D WM-Schedulers: Created SystemJobScheduler and enabled SystemJobService
05-13 20:57:14.262 11268 11304 D WM-ForceStopRunnable: The default process name was not specified.
05-13 20:57:14.266 11268 11304 D WM-ForceStopRunnable: Performing cleanup operations.
05-13 20:57:14.268 11268 11268 I ContentProviderMonitor: PerfMonitor installContentProviders : before publish content providers
05-13 20:57:14.273  1809  1872 I Timeline: Timeline: App_transition_stopped time:547347282
05-13 20:57:14.313 11268 11268 I OpenVPNGateApp:ServerRefreshScheduler: Preparing periodic server refresh schedule. ttl_ms=1200000, interval_min=20, clamped_to_min=false
05-13 20:57:14.336 11268 11268 I OpenVPNGateApp:ServerRefreshScheduler: Periodic server refresh scheduled. work=server-list-periodic-refresh, policy=UPDATE, interval_min=20, backoff_min=30
05-13 20:57:14.338 11268 11268 I OpenVPNGateApp:CoreApp: Periodic server refresh scheduling ensured
05-13 20:57:14.339 11268 11268 D OpenVPNGateApp:CoreApp: Skipping OpenVpnService auto-start in Application
05-13 20:57:14.341   907   907 I ANDR-PERF-LM: LMPerfGlue: perfmodule_submit_request() 132: perfmodule_submit_request()
05-13 20:57:14.341   907   907 I ANDR-PERF-LM: Core: getInstance() 84: LM getInstance
05-13 20:57:14.341   907   907 D ANDR-PERF-LM: Feature: lookup() 101: Feature Name = AppClassifier, total featuers = 3, featureFound = 1
05-13 20:57:14.341   907   907 D ANDR-PERF-LM: Feature: getData() 112: data.data = 1
05-13 20:57:14.341   907   907 I ANDR-PERF-LM: FeedbackAPI: getFeedback() 60: app:com.yahorzabotsin.openvpnclientgate feature:AppClassifier feedback = 1
05-13 20:57:14.342   911  4648 I vendor.qti.hardware.servicetracker@1.2-service: destroyService is called for service : com.xiaomi.mipicks/com.xiaomi.market.service.AppActiveStatService
05-13 20:57:14.343  6642  6795 E MiPicks-PrefUtils: Unknown sharedpreferences file name app_chooser
05-13 20:57:14.345  6642  6795 I MMKV    : <MemoryFile.cpp:97::open> open fd[0xa4], /data/user/0/com.xiaomi.mipicks/files/mmkv/app_chooser
05-13 20:57:14.345  6642  6795 I MMKV    : <MemoryFile.cpp:97::open> open fd[0xa5], /data/user/0/com.xiaomi.mipicks/files/mmkv/app_chooser.crc
05-13 20:57:14.346  6642  6795 I MMKV    : <MMKV_IO.cpp:81::loadFromFile> loading [app_chooser] with 0 actual size, file size 4096, InterProcess 1, meta info version:1
05-13 20:57:14.346  6642  6795 I MMKV    : <MMKV_IO.cpp:130::loadFromFile> loaded [app_chooser] with 0 key-values
05-13 20:57:14.347  7925 10979 D PMonitor:  onProcessDied:pid = 6642,died-uid=10149
05-13 20:57:14.347  3757  3834 I BtGatt.ScanManager: msg.what = 6
05-13 20:57:14.347  1809  2340 I MiuiNetworkPolicy: updateUidState uid = 10149, uidState = 10
05-13 20:57:14.347  1809  2340 I MiuiNetworkPolicy: updateUidState uid = 10186, uidState = 5
05-13 20:57:14.348  6642  6642 I MiPicks-ServiceUtils: stop foreground service: AppActiveStatService
05-13 20:57:14.350  1809  6964 I ActivityManager: Killing 9601:com.miui.securitycenter/1000 (adj 925): empty #17
05-13 20:57:14.350  1809  6964 I Process : PerfMonitor : current process sending signal quiet. PID: 9601 SIG: 9
05-13 20:57:14.351  1809  1898 I Process : PerfMonitor : current process killing process group. PID: 9601
05-13 20:57:14.351   907   907 I ANDR-PERF-LM: LMPerfGlue: perfmodule_submit_request() 132: perfmodule_submit_request()
05-13 20:57:14.351   907   907 I ANDR-PERF-LM: Core: getInstance() 84: LM getInstance
05-13 20:57:14.351   907   907 I ANDR-PERF-LM: WQ: push() 59: LMTriggerQ push() size=0
05-13 20:57:14.351   907   907 I ANDR-PERF-LM: WQ: push() 61: LMTriggerQ push() done size=1
05-13 20:57:14.352   907   961 I ANDR-PERF-LM: WQ: pop() 42: LMTriggerQ pop() done size=0
05-13 20:57:14.352   907   961 I ANDR-PERF-LM: Core: lmMain() 373: Waiting on trigger Queue
05-13 20:57:14.352   907   961 I ANDR-PERF-LM: WQ: pop() 31: LMTriggerQ pop() size=0
05-13 20:57:14.352  6642  6795 W FirebaseRemoteConfig: No value of type 'FirebaseRemoteConfigValue' exists for parameter key 'dupTrackType'.
05-13 20:57:14.352  1809  2340 I MiuiNetworkPolicy: updateUidState uid = 10149, uidState = 19
05-13 20:57:14.353  6642  6795 I MiPicks-DeviceProtocol: getPrefInfoFetcherValueisMatchType:String ,defVal я╝ЪString 
05-13 20:57:14.354  6642  6795 I MiPicks-DeviceProtocol: getPrefInfoFetcherValue KEY:ro_carrier ,end value я╝Ъ unknown
05-13 20:57:14.354  6642  6795 I MiPicks-DeviceProtocol: getPrefInfoFetcherValueisMatchType:String ,defVal я╝ЪString 
05-13 20:57:14.354  6642  6795 I MiPicks-DeviceProtocol: getPrefInfoFetcherValue KEY:resolution ,end value я╝Ъ 1080*2296
05-13 20:57:14.354  6642  6795 I MiPicks-DeviceProtocol: getPrefInfoFetcherValueisMatchType:String ,defVal я╝ЪString 
05-13 20:57:14.354  6642  6795 I MiPicks-DeviceProtocol: getPrefInfoFetcherValue KEY:density ,end value я╝Ъ 2.75
05-13 20:57:14.358  6642  7006 E MiPicks-ModuleInterceptor: isOperatorSdkInited operator:default  status:null
05-13 20:57:14.360  6642  7006 W FirebaseRemoteConfig: No value of type 'FirebaseRemoteConfigValue' exists for parameter key 'sim_message_access'.
05-13 20:57:14.360  6642  6795 I MiPicks-DeviceProtocol: getPrefInfoFetcherValueisMatchType:String ,defVal я╝ЪString 
05-13 20:57:14.360  6642  6795 I MiPicks-DeviceProtocol: getPrefInfoFetcherValue KEY:cpu_arch ,end value я╝Ъ arm64-v8a,armeabi-v7a,armeabi
05-13 20:57:14.360  6642  7006 W FirebaseRemoteConfig: No value of type 'FirebaseRemoteConfigValue' exists for parameter key 'google_message_access'.
05-13 20:57:14.361  6642  6795 I Ad      : isPersonalizedAdEnabled getAdSettings: 3
05-13 20:57:14.361  6642  7006 W FirebaseRemoteConfig: No value of type 'FirebaseRemoteConfigValue' exists for parameter key 'google_message_access'.
05-13 20:57:14.362  6642  6795 W FirebaseRemoteConfig: No value of type 'FirebaseRemoteConfigValue' exists for parameter key 'sim_message_access'.
05-13 20:57:14.363  6642  6795 W FirebaseRemoteConfig: No value of type 'FirebaseRemoteConfigValue' exists for parameter key 'google_message_access'.
05-13 20:57:14.363  6642  6795 W FirebaseRemoteConfig: No value of type 'FirebaseRemoteConfigValue' exists for parameter key 'google_message_access'.
05-13 20:57:14.364  6642  6795 W FirebaseRemoteConfig: No value of type 'FirebaseRemoteConfigValue' exists for parameter key 'CloudKey_getMaxStringReqSize'.
05-13 20:57:14.366   980  2158 W DisplayIdentification: Invalid EDID: falling back to serial number due to missing display name.
05-13 20:57:14.366   980  2158 W DisplayIdentification: Invalid EDID: falling back to ASCII text due to missing serial number.
05-13 20:57:14.388 11268 11310 D WM-SystemJobScheduler: Scheduling work ID ae465789-1f34-49e3-a6ed-3d8463b6cf05Job ID 0
05-13 20:57:14.390   911  4648 I vendor.qti.hardware.servicetracker@1.2-service: bindService is called for service : com.yahorzabotsin.openvpnclientgate/androidx.work.impl.background.systemjob.SystemJobService and for client system
05-13 20:57:14.390   911  4648 I vendor.qti.hardware.servicetracker@1.2-service: total connections for service : com.yahorzabotsin.openvpnclientgate/androidx.work.impl.background.systemjob.SystemJobServiceare :1
05-13 20:57:14.390   911  4648 I vendor.qti.hardware.servicetracker@1.2-service: total connections for client : systemare :22
05-13 20:57:14.390  1809  6964 D CompatibilityInfo: mCompatibilityFlags - 0
05-13 20:57:14.390  1809  6964 D CompatibilityInfo: applicationDensity - 440
05-13 20:57:14.390  1809  6964 D CompatibilityInfo: applicationScale - 1.0
05-13 20:57:14.391   911  4648 I vendor.qti.hardware.servicetracker@1.2-service: startService() is called for servicecom.yahorzabotsin.openvpnclientgate/androidx.work.impl.background.systemjob.SystemJobService
05-13 20:57:14.392 11268 11310 D WM-GreedyScheduler: Starting tracking for ae465789-1f34-49e3-a6ed-3d8463b6cf05
05-13 20:57:14.393   587   587 E SELinux : avc:  denied  { find } for pid=28392 uid=10228 name=tethering scontext=u:r:vendor_systemhelper_app:s0:c512,c768 tcontext=u:object_r:tethering_service:s0 tclass=service_manager permissive=0
05-13 20:57:14.397 11268 11268 D AppCompatDelegate: Checking for metadata for AppLocalesMetadataHolderService : Service not found
05-13 20:57:14.399   911  4648 I vendor.qti.hardware.servicetracker@1.2-service: bindService is called for service : com.google.android.gms/.measurement.service.MeasurementBrokerService and for client com.xiaomi.mipicks
05-13 20:57:14.399   911  4648 I vendor.qti.hardware.servicetracker@1.2-service: total connections for service : com.google.android.gms/.measurement.service.MeasurementBrokerServiceare :1
05-13 20:57:14.399   911  4648 I vendor.qti.hardware.servicetracker@1.2-service: total connections for client : com.xiaomi.mipicksare :4
05-13 20:57:14.399  1809  3266 D CompatibilityInfo: mCompatibilityFlags - 0
05-13 20:57:14.399  1809  3266 D CompatibilityInfo: applicationDensity - 440
05-13 20:57:14.399  1809  3266 D CompatibilityInfo: applicationScale - 1.0
05-13 20:57:14.400   911  4648 I vendor.qti.hardware.servicetracker@1.2-service: startService() is called for servicecom.google.android.gms/.measurement.service.MeasurementBrokerService
05-13 20:57:14.404  6642  6795 I MiPicks-RetrofitRequest: callStart : https://eu.global.market.xiaomi.com/apm/intl/statistics/appactive
05-13 20:57:14.405 31793 31793 D BoundBrokerSvc: onBind: Intent { act=com.google.android.gms.measurement.START pkg=com.google.android.gms }
05-13 20:57:14.405 31793 31793 D BoundBrokerSvc: Loading bound service for intent: Intent { act=com.google.android.gms.measurement.START pkg=com.google.android.gms }
05-13 20:57:14.405   907   907 I ANDR-PERF-LM: LMPerfGlue: perfmodule_submit_request() 132: perfmodule_submit_request()
05-13 20:57:14.405   907   907 I ANDR-PERF-LM: Core: getInstance() 84: LM getInstance
05-13 20:57:14.405   907   907 I ANDR-PERF-LM: WQ: push() 59: LMTriggerQ push() size=0
05-13 20:57:14.405   907   907 I ANDR-PERF-LM: WQ: push() 61: LMTriggerQ push() done size=1
05-13 20:57:14.405   712   712 I Zygote  : Process 9601 exited due to signal 9 (Killed)
05-13 20:57:14.405   907   961 I ANDR-PERF-LM: WQ: pop() 42: LMTriggerQ pop() done size=0
05-13 20:57:14.405   907   961 I ANDR-PERF-LM: Core: lmMain() 373: Waiting on trigger Queue
05-13 20:57:14.405   907   961 I ANDR-PERF-LM: WQ: pop() 31: LMTriggerQ pop() size=0
05-13 20:57:14.407  6642  6668 I .xiaomi.mipick: oneway function results will be dropped but finished with status UNKNOWN_TRANSACTION and parcel size 0
05-13 20:57:14.407  7925 10979 I com.xiaomi.xms: oneway function results will be dropped but finished with status UNKNOWN_TRANSACTION and parcel size 0
05-13 20:57:14.408   911  4648 I vendor.qti.hardware.servicetracker@1.2-service: killProcess is called for pid : 9601
05-13 20:57:14.408   911  4648 I vendor.qti.hardware.servicetracker@1.2-service: process with pid 9601 is client
05-13 20:57:14.408   911  4648 I vendor.qti.hardware.servicetracker@1.2-service: size of service connections for service: com.miui.securitycenter/com.miui.networkassistant.service.tm.TrafficManageServiceafter removal is 1
05-13 20:57:14.408   911  4648 I vendor.qti.hardware.servicetracker@1.2-service: size of service connections for service: com.miui.analytics/.onetrack.OneTrackServiceafter removal is 103
05-13 20:57:14.408   911  4648 I vendor.qti.hardware.servicetracker@1.2-service: removing client with pid 9601process namecom.miui.securitycenter
05-13 20:57:14.410  1809  1871 W ActivityManager: setHasOverlayUi called on unknown pid: 9601
05-13 20:57:14.411  1809  1898 I libprocessgroup: Successfully killed process cgroup uid 1000 pid 9601 in 60ms
05-13 20:57:14.412 11268 11308 D WM-ConstraintTracker: NetworkStateTracker24: initial state = NetworkState(isConnected=true, isValidated=true, isMetered=false, isNotRoaming=true)
05-13 20:57:14.412 11268 11308 D WM-NetworkStateTracker: Registering network callback
05-13 20:57:14.414  1809  2355 D SlaveWifiManager: getWifiSlaveConnectionInfo
05-13 20:57:14.415  1809  2355 I chatty  : uid=1000(system) ConnectivitySer identical 93 lines
05-13 20:57:14.415  1809  2355 D SlaveWifiManager: getWifiSlaveConnectionInfo
05-13 20:57:14.415  1809  2342 D UntrustedWifiNetworkFactory: got request NetworkRequest [ TRACK_DEFAULT id=42723, [ Capabilities: INTERNET&NOT_RESTRICTED&TRUSTED Uid: 11201 AdministratorUids: [] RequestorUid: 11201 RequestorPackageName: com.yahorzabotsin.openvpnclientgate] ] with score 60 and providerId 6
05-13 20:57:14.416  1809  2342 D WifiNetworkFactory: got request NetworkRequest [ TRACK_DEFAULT id=42723, [ Capabilities: INTERNET&NOT_RESTRICTED&TRUSTED Uid: 11201 AdministratorUids: [] RequestorUid: 11201 RequestorPackageName: com.yahorzabotsin.openvpnclientgate] ] with score 60 and providerId 6
05-13 20:57:14.416  1809  2342 V WifiNetworkFactory: Accepted network request NetworkRequest [ TRACK_DEFAULT id=42723, [ Capabilities: INTERNET&NOT_RESTRICTED&TRUSTED Uid: 11201 AdministratorUids: [] RequestorUid: 11201 RequestorPackageName: com.yahorzabotsin.openvpnclientgate] ]
05-13 20:57:14.416  1809  2342 D UntrustedWifiNetworkFactory: got request NetworkRequest [ TRACK_DEFAULT id=42723, [ Capabilities: INTERNET&NOT_RESTRICTED&TRUSTED Uid: 11201 AdministratorUids: [] RequestorUid: 11201 RequestorPackageName: com.yahorzabotsin.openvpnclientgate] ] with score 60 and providerId 6
05-13 20:57:14.416  1809  2342 D WifiSlaveNetworkFactory: got request NetworkRequest [ TRACK_DEFAULT id=42723, [ Capabilities: INTERNET&NOT_RESTRICTED&TRUSTED Uid: 11201 AdministratorUids: [] RequestorUid: 11201 RequestorPackageName: com.yahorzabotsin.openvpnclientgate] ] with score 60 and providerId 6
05-13 20:57:14.416  1809  2531 D Ethernet: got request NetworkRequest [ TRACK_DEFAULT id=42723, [ Capabilities: INTERNET&NOT_RESTRICTED&TRUSTED Uid: 11201 AdministratorUids: [] RequestorUid: 11201 RequestorPackageName: com.yahorzabotsin.openvpnclientgate] ] with score 60 and providerId 6
05-13 20:57:14.416  1809  2528 D WIFI_AWARE_FACTORY: got request NetworkRequest [ TRACK_DEFAULT id=42723, [ Capabilities: INTERNET&NOT_RESTRICTED&TRUSTED Uid: 11201 AdministratorUids: [] RequestorUid: 11201 RequestorPackageName: com.yahorzabotsin.openvpnclientgate] ] with score 60 and providerId 6
05-13 20:57:14.416  1809  2355 D SlaveWifiManager: getWifiSlaveConnectionInfo
05-13 20:57:14.416  1809  2355 I chatty  : uid=1000(system) ConnectivitySer identical 14 lines
05-13 20:57:14.416  1809  2355 D SlaveWifiManager: getWifiSlaveConnectionInfo
05-13 20:57:14.416  3238  3238 D PhoneSwitcherNetworkRequstListener: got request NetworkRequest [ TRACK_DEFAULT id=42723, [ Capabilities: INTERNET&NOT_RESTRICTED&TRUSTED Uid: 11201 AdministratorUids: [] RequestorUid: 11201 RequestorPackageName: com.yahorzabotsin.openvpnclientgate] ] with score 60 and providerId 6
05-13 20:57:14.416  1809  2355 D SlaveWifiManager: getWifiSlaveConnectionInfo
05-13 20:57:14.416  1809  2355 I chatty  : uid=1000(system) ConnectivitySer identical 28 lines
05-13 20:57:14.416  1809  2355 D SlaveWifiManager: getWifiSlaveConnectionInfo
05-13 20:57:14.418 11268 11308 D WM-PackageManagerHelper: androidx.work.impl.background.systemalarm.RescheduleReceiver enabled
05-13 20:57:14.419 11268 11313 D WM-NetworkStateTracker: Network capabilities changed: [ Transports: WIFI Capabilities: NOT_METERED&INTERNET&NOT_RESTRICTED&TRUSTED&NOT_VPN&VALIDATED&NOT_ROAMING&FOREGROUND&NOT_CONGESTED&NOT_SUSPENDED LinkUpBandwidth>=125400Kbps LinkDnBandwidth>=132000Kbps SignalStrength: -56 AdministratorUids: [] RequestorUid: -1 RequestorPackageName: null]
05-13 20:57:14.419 11268 11312 D WM-GreedyScheduler: Constraints met: Scheduling work ID WorkGenerationalId(workSpecId=ae465789-1f34-49e3-a6ed-3d8463b6cf05, generation=0)
05-13 20:57:14.425 11268 11312 D WM-Processor: Processor: processing WorkGenerationalId(workSpecId=ae465789-1f34-49e3-a6ed-3d8463b6cf05, generation=0)
05-13 20:57:14.443 11268 11268 D DecorView[]: getWindowModeFromSystem  windowmode is 1
05-13 20:57:14.443 11268 11268 D DecorView: createDecorCaptionView windowingMode:1 mWindowMode 1 isFullscreen: true
05-13 20:57:14.461 11268 11268 W envpnclientgat: Accessing hidden method Landroid/view/ViewGroup;->makeOptionalFitsSystemWindows()V (greylist, reflection, allowed)
05-13 20:57:14.473  6642  6795 I MiPicks-RetrofitRequest: callEnd : https://eu.global.market.xiaomi.com/apm/intl/statistics/appactive
05-13 20:57:14.479 11268 11268 I OpenVPNGateApp:SplashActivityCore: Starting server preload. vpn_connected=false, cache_only=false
05-13 20:57:14.479  6642  6795 E MiPicks-ConnectionRSA: get key exception : com.android.org.bouncycastle.jcajce.provider.util.BadBlockException: unable to decrypt block
05-13 20:57:14.485 11268 11268 W envpnclientgat: Accessing hidden method Ljava/lang/invoke/MethodHandles$Lookup;-><init>(Ljava/lang/Class;I)V (greylist, reflection, allowed)
05-13 20:57:14.507   911  4648 I vendor.qti.hardware.servicetracker@1.2-service: bindService is called for service : com.google.android.gms/.chimera.PersistentDirectBootAwareApiService and for client com.google.android.gms
05-13 20:57:14.507   911  4648 I vendor.qti.hardware.servicetracker@1.2-service: total connections for service : com.google.android.gms/.chimera.PersistentDirectBootAwareApiServiceare :26
05-13 20:57:14.507   911  4648 I vendor.qti.hardware.servicetracker@1.2-service: total connections for client : com.google.android.gmsare :4
05-13 20:57:14.511  6169 10955 W PSIUtils: MEMORY_FULL|79874182|547336973161625
05-13 20:57:14.534 11268 11268 D OpenVPNGateApp:ServersV2SyncCoordinator: syncCountries(forceRefresh=false, cacheOnly=false)
05-13 20:57:14.537 11268 11268 D OpenVPNGateApp:ServersV2Repository: getCountries: fetching from network
05-13 20:57:14.539  8788  6088 I NetworkScheduler: (REDACTED) Error inserting %s
05-13 20:57:14.587 11268 11268 W Looper  : PerfMonitor looperActivity : package=com.yahorzabotsin.openvpnclientgate/.mobile.SplashActivity time=244ms latency=635ms running=217ms  procState=2 ClientTransaction{ callbacks=[android.app.servertransaction.LaunchActivityItem] lifecycleRequest=android.app.servertransaction.ResumeActivityItem } historyMsgCount=3 (msgIndex=3 wall=625ms seq=3 running=550ms runnable=25ms io=35ms binder=20ms late=11ms h=android.app.ActivityThread$H w=110)
05-13 20:57:14.587 11268 11268 W Looper  : PerfMonitor looperActivity : package=com.yahorzabotsin.openvpnclientgate/.mobile.SplashActivity time=0ms latency=879ms running=0ms  procState=2 ClientTransaction{ callbacks=[android.app.servertransaction.TopResumedActivityChangeItem] } historyMsgCount=5 (msgIndex=3 wall=625ms seq=3 running=550ms runnable=25ms io=35ms binder=20ms late=11ms h=android.app.ActivityThread$H w=110) (msgIndex=4 wall=244ms seq=4 running=217ms runnable=4ms io=17ms binder=16ms late=635ms h=android.app.ActivityThread$H w=159)
05-13 20:57:14.588  2968  2968 D RecentsImpl: mActivityStateObserver com.yahorzabotsin.openvpnclientgate.mobile.SplashActivity
05-13 20:57:14.588  2968  2968 W RecentsImpl: onResumed className=com.yahorzabotsin.openvpnclientgate.mobile.SplashActivity   mIsInAnotherPro=false
05-13 20:57:14.589  2968  3203 D RecentsImpl: showNavStubView
05-13 20:57:14.589  2968  3197 W RecentsImpl: disableBackStubWindow    disableTouch=false
05-13 20:57:14.589  2968  3197 D RecentsImpl: showBackStubWindow  mHasNavigationBar=true   mDisabledByDriveMode=false
05-13 20:57:14.589  2968  3197 W GestureStubView: adaptRotation   currentRotation=0   mRotation=0
05-13 20:57:14.589  2968  3197 D GestureStubView: resetRenderProperty: showGestureStub
05-13 20:57:14.589  2968  3197 D GestureStubView: showGestureStub
05-13 20:57:14.589  2968  3197 W GestureStubView: adaptRotation   currentRotation=0   mRotation=0
05-13 20:57:14.589  2968  3197 D GestureStubView: resetRenderProperty: showGestureStub
05-13 20:57:14.589  2968  3197 D GestureStubView: showGestureStub
05-13 20:57:14.592 11268 11268 V MiuiFrameworkFactory: get AllImpl object = android.common.MiuiFrameworkFactoryImpl@71cb93
05-13 20:57:14.594   587   587 E SELinux : avc:  denied  { find } for pid=28392 uid=10228 name=tethering scontext=u:r:vendor_systemhelper_app:s0:c512,c768 tcontext=u:object_r:tethering_service:s0 tclass=service_manager permissive=0
05-13 20:57:14.600   980  1065 W ServiceManager: Permission failure: android.permission.ACCESS_SURFACE_FLINGER from uid=11201 pid=11268
05-13 20:57:14.601   980  1065 D PermissionCache: checking android.permission.ACCESS_SURFACE_FLINGER for uid=11201 => denied (290 us)
05-13 20:57:14.602 11268 11307 I AdrenoGLES-0: QUALCOMM build                   : 42297a4, I9e9b240040
05-13 20:57:14.602 11268 11307 I AdrenoGLES-0: Build Date                       : 03/19/21
05-13 20:57:14.602 11268 11307 I AdrenoGLES-0: OpenGL ES Shader Compiler Version: EV031.32.02.07
05-13 20:57:14.602 11268 11307 I AdrenoGLES-0: Local Branch                     : 
05-13 20:57:14.602 11268 11307 I AdrenoGLES-0: Remote Branch                    : refs/tags/AU_LINUX_ANDROID_LA.UM.9.1.R1.11.00.00.604.070
05-13 20:57:14.602 11268 11307 I AdrenoGLES-0: Remote Branch                    : NONE
05-13 20:57:14.602 11268 11307 I AdrenoGLES-0: Reconstruct Branch               : NOTHING
05-13 20:57:14.602 11268 11307 I AdrenoGLES-0: Build Config                     : S P 10.0.6 AArch64
05-13 20:57:14.602 11268 11307 I AdrenoGLES-0: Driver Path                      : /vendor/lib64/egl/libGLESv2_adreno.so
05-13 20:57:14.610  2968  3197 D GestureStubView: gatherTransparentRegion: need render w:54  h:1404
05-13 20:57:14.614  2968  3197 D GestureStubView: gatherTransparentRegion: need render w:54  h:1404
05-13 20:57:14.615 11268 11307 I AdrenoGLES-0: PFP: 0x016ee190, ME: 0x00000000
05-13 20:57:14.662   911  4648 I vendor.qti.hardware.servicetracker@1.2-service: unbindService is called for service : com.lemon.lvoverseas/com.bytedance.android.push.depths.i18n.account.main.MainDepthsI18nAccountAuthenticatorService and for client system
05-13 20:57:14.662   911  4648 I vendor.qti.hardware.servicetracker@1.2-service: size of service connections for service: com.lemon.lvoverseas/com.bytedance.android.push.depths.i18n.account.main.MainDepthsI18nAccountAuthenticatorServiceafter removal is 0
05-13 20:57:14.662   911  4648 I vendor.qti.hardware.servicetracker@1.2-service: size of client connections for client: systemafter removal is 21
05-13 20:57:14.664   911  4648 I vendor.qti.hardware.servicetracker@1.2-service: destroyService is called for service : com.lemon.lvoverseas/com.bytedance.android.push.depths.i18n.account.main.MainDepthsI18nAccountAuthenticatorService
05-13 20:57:14.666   911  4648 I vendor.qti.hardware.servicetracker@1.2-service: bindService is called for service : com.lemon.lvoverseas/com.bytedance.android.push.depths.i18n.account.main.MainDepthsI18nAccountAuthenticatorService and for client system
05-13 20:57:14.666   911  4648 I vendor.qti.hardware.servicetracker@1.2-service: total connections for service : com.lemon.lvoverseas/com.bytedance.android.push.depths.i18n.account.main.MainDepthsI18nAccountAuthenticatorServiceare :1
05-13 20:57:14.666   911  4648 I vendor.qti.hardware.servicetracker@1.2-service: total connections for client : systemare :22
05-13 20:57:14.666  1809  3266 D CompatibilityInfo: mCompatibilityFlags - 0
05-13 20:57:14.666  1809  3266 D CompatibilityInfo: applicationDensity - 440
05-13 20:57:14.666  1809  3266 D CompatibilityInfo: applicationScale - 1.0
05-13 20:57:14.667   911  4648 I vendor.qti.hardware.servicetracker@1.2-service: startService() is called for servicecom.lemon.lvoverseas/com.bytedance.android.push.depths.i18n.account.main.MainDepthsI18nAccountAuthenticatorService
05-13 20:57:14.721 11268 11268 W Looper  : PerfMonitor doFrame : time=134ms vsyncFrame=19443740 latency=412ms procState=2 historyMsgCount=4 (msgIndex=1 wall=625ms seq=3 running=550ms runnable=25ms io=35ms binder=20ms late=11ms h=android.app.ActivityThread$H w=110) (msgIndex=2 wall=244ms seq=4 running=217ms runnable=4ms io=17ms binder=16ms late=635ms h=android.app.ActivityThread$H w=159)
05-13 20:57:14.725   907   907 I ANDR-PERF-LM: LMPerfGlue: perfmodule_submit_request() 132: perfmodule_submit_request()
05-13 20:57:14.725   907   907 I ANDR-PERF-LM: Core: getInstance() 84: LM getInstance
05-13 20:57:14.725   907   907 I ANDR-PERF-LM: WQ: push() 59: LMTriggerQ push() size=0
05-13 20:57:14.725   907   907 I ANDR-PERF-LM: WQ: push() 61: LMTriggerQ push() done size=1
05-13 20:57:14.725  1809  1872 I Timeline: Timeline: Activity_windows_visible id: ActivityRecord{9a1429e u0 com.yahorzabotsin.openvpnclientgate/.mobile.SplashActivity t9993} time:547347734
05-13 20:57:14.727   907   961 I ANDR-PERF-LM: WQ: pop() 42: LMTriggerQ pop() done size=0
05-13 20:57:14.727   907   961 I ANDR-PERF-LM: Core: lmMain() 373: Waiting on trigger Queue
05-13 20:57:14.727   907   961 I ANDR-PERF-LM: WQ: pop() 31: LMTriggerQ pop() size=0
05-13 20:57:14.727 11268 11268 D WM-WorkerWrapper: Starting work for com.yahorzabotsin.openvpnclientgate.core.servers.refresh.ServerRefreshWorker
05-13 20:57:14.728   710   718 E statsd  : Predicate 5980654721335871649 dropping data for dimension key (10)0x2010101->11201[I] (10)0x30000->*job*/com.yahorzabotsin.openvpnclientgate/androidx.work.impl.background.systemjob.SystemJobService[S] 
05-13 20:57:14.728  1809  1882 D ArtManagerInternalImpl: /data/misc/iorapd/com.yahorzabotsin.openvpnclientgate/63/com.yahorzabotsin.openvpnclientgate.mobile.SplashActivity/compiled_traces/compiled_trace.pb doesn't exist
05-13 20:57:14.728 11268 11317 D OpenVPNGateApp:ServersV2SyncCoordinator: syncCountries(forceRefresh=true, cacheOnly=false)
05-13 20:57:14.729  1809  1882 I ActivityTaskManager: Displayed com.yahorzabotsin.openvpnclientgate/.mobile.SplashActivity: +1s295ms
05-13 20:57:14.729   907   907 I ANDR-PERF-LM: LMPerfGlue: perfmodule_submit_request() 132: perfmodule_submit_request()
05-13 20:57:14.729   907   907 I ANDR-PERF-LM: Core: getInstance() 84: LM getInstance
05-13 20:57:14.729   907   907 D ANDR-PERF-LM: Feature: lookup() 101: Feature Name = AppClassifier, total featuers = 3, featureFound = 1
05-13 20:57:14.729   907   907 D ANDR-PERF-LM: Feature: getData() 112: data.data = 1
05-13 20:57:14.729   907   907 I ANDR-PERF-LM: FeedbackAPI: getFeedback() 60: app:com.yahorzabotsin.openvpnclientgate feature:AppClassifier feedback = 1
05-13 20:57:14.731  6169 10955 W PSIUtils: MEMORY_SOME|112677451|547337193180220
05-13 20:57:14.733 11261 11263 I cmd     : oneway function results will be dropped but finished with status OK and parcel size 4
05-13 20:57:14.733 11261 11261 W BpBinder: PerfMonitor binderTransact :  time=1312ms interface=android.app.IActivityManager code=1598246212
05-13 20:57:14.759 11268 11268 D WM-SystemJobService: onStartJob for WorkGenerationalId(workSpecId=ae465789-1f34-49e3-a6ed-3d8463b6cf05, generation=0)
05-13 20:57:14.764   911  4648 I vendor.qti.hardware.servicetracker@1.2-service: Activity state is changed to : 5
05-13 20:57:14.764   911  4648 I vendor.qti.hardware.servicetracker@1.2-service: Activity state is changed to : 5
05-13 20:57:14.764   710   718 E statsd  : Predicate 5980654721335871649 dropping data for dimension key (10)0x2010101->11201[I] (10)0x30000->*launch*[S] 
05-13 20:57:14.767  1809  2340 I MiuiNetworkPolicy: updateUidState uid = 10152, uidState = 4
05-13 20:57:14.767  1809  2340 I MiuiNetworkPolicy: updateUidState uid = 10139, uidState = 5
05-13 20:57:14.767  1809  2340 I MiuiNetworkPolicy: updateUidState uid = 10086, uidState = 5
05-13 20:57:14.768 11268 11310 D WM-Processor: Work WorkGenerationalId(workSpecId=ae465789-1f34-49e3-a6ed-3d8463b6cf05, generation=0) is already enqueued for processing
05-13 20:57:14.770  2968  2968 D Launcher.Lifecycle: onStop:UserHandle{0},83eab9d,false
05-13 20:57:14.773   911  4648 I vendor.qti.hardware.servicetracker@1.2-service: unbindService is called for service : com.mi.android.globalminusscreen/com.google.mi.apps.gsa.nowoverlayservice.DrawerOverlayService and for client com.miui.home
05-13 20:57:14.775  1809  2340 I MiuiNetworkPolicy: updateUidState uid = 10139, uidState = 6
05-13 20:57:14.791  5296  5296 I GoogleInputMethodService: GoogleInputMethodService.onFinishInput():2259 
05-13 20:57:14.793  5296  5296 I Module  : DeviceLockedStatusModuleProvider$Module.updateDeviceLockedStatus():103 repeatCheckTimes = 0, locked = false
05-13 20:57:14.794   911  4648 I vendor.qti.hardware.servicetracker@1.2-service: Activity state is changed to : 6
05-13 20:57:14.794   911  4648 I vendor.qti.hardware.servicetracker@1.2-service: Activity state is changed to : 6
05-13 20:57:14.795   587   587 E SELinux : avc:  denied  { find } for pid=28392 uid=10228 name=tethering scontext=u:r:vendor_systemhelper_app:s0:c512,c768 tcontext=u:object_r:tethering_service:s0 tclass=service_manager permissive=0
