--------- beginning of main
05-13 20:57:04.495   587   587 E SELinux : avc:  denied  { find } for pid=28392 uid=10228 name=tethering scontext=u:r:vendor_systemhelper_app:s0:c512,c768 tcontext=u:object_r:tethering_service:s0 tclass=service_manager permissive=0
05-13 20:57:04.697   587   587 I chatty  : uid=1000(system) /system/bin/servicemanager identical 1 line
05-13 20:57:04.899   587   587 E SELinux : avc:  denied  { find } for pid=28392 uid=10228 name=tethering scontext=u:r:vendor_systemhelper_app:s0:c512,c768 tcontext=u:object_r:tethering_service:s0 tclass=service_manager permissive=0
05-13 20:57:04.922   710   718 E statsd  : Predicate 5980654721335871649 dropping data for dimension key (10)0x2010101->10186[I] (10)0x30000->CastSocketMultiplexer_WakeLock[S] 
05-13 20:57:04.925   710   718 I chatty  : uid=1066(statsd) Binder:710_2 identical 1 line
05-13 20:57:04.925   710   718 E statsd  : Predicate 5980654721335871649 dropping data for dimension key (10)0x2010101->10186[I] (10)0x30000->CastSocketMultiplexer_WakeLock[S] 
05-13 20:57:04.928   710   718 E statsd  : Predicate 5980654721335871649 dropping data for dimension key (10)0x2010101->10186[I] (10)0x30000->CastDeviceController-com.google.android.gms[S] 
05-13 20:57:04.929   710   718 E statsd  : Predicate 5980654721335871649 dropping data for dimension key (10)0x2010101->10186[I] (10)0x30000->CastSocketMultiplexer_WakeLock[S] 
05-13 20:57:04.930   710   718 E statsd  : Predicate 5980654721335871649 dropping data for dimension key (10)0x2010101->10186[I] (10)0x30000->CastDeviceController-com.google.android.gms[S] 
05-13 20:57:04.934   710   718 E statsd  : Predicate 5980654721335871649 dropping data for dimension key (10)0x2010101->10186[I] (10)0x30000->CastSocketMultiplexer_WakeLock[S] 
05-13 20:57:04.937   710   718 I chatty  : uid=1066(statsd) Binder:710_2 identical 2 lines
05-13 20:57:04.938   710   718 E statsd  : Predicate 5980654721335871649 dropping data for dimension key (10)0x2010101->10186[I] (10)0x30000->CastSocketMultiplexer_WakeLock[S] 
05-13 20:57:04.944 10393 10393 W PerfettoTrace: type=1400 audit(0.0:2672306): avc: denied { write } for name="traced_producer" dev="tmpfs" ino=17976 scontext=u:r:platform_app:s0:c512,c768 tcontext=u:object_r:traced_producer_socket:s0 tclass=sock_file permissive=0
05-13 20:57:05.090  1549 12106 D BufferPoolAccessor2.0: bufferpool2 0xb40000771613fc28 : 6(144000 size) total buffers - 1(24000 size) used buffers - 189936/189942 (recycle/alloc) - 86/189940 (fetch/transfer)
05-13 20:57:05.102   587   587 E SELinux : avc:  denied  { find } for pid=28392 uid=10228 name=tethering scontext=u:r:vendor_systemhelper_app:s0:c512,c768 tcontext=u:object_r:tethering_service:s0 tclass=service_manager permissive=0
05-13 20:57:05.287   808  3967 I vendor.qti.bluetooth@1.0-ibs_handler: ProcessIbsCmd: Received IBS_WAKE_IND: 0xFD
05-13 20:57:05.288   808  3967 D vendor.qti.bluetooth@1.0-ibs_handler: SerialClockVote: vote for UART CLK ON
05-13 20:57:05.288   808  3967 D vendor.qti.bluetooth@1.0-wake_lock: Acquire wakelock is acquired 
05-13 20:57:05.288   808  3967 I vendor.qti.bluetooth@1.0-ibs_handler: ProcessIbsCmd: Writing IBS_WAKE_ACK
05-13 20:57:05.290  3757  3971 V bt_stack: [VERBOSE1:btm_ble_gap.cc(1924)] btm_ble_process_ext_adv_pkt: bda=cc:6d:5d:8b:1d:95
05-13 20:57:05.290  3757  3971 V bt_stack: [VERBOSE1:btm_ble_gap.cc(1848)] btm_ble_process_adv_addr: bda=cc:6d:5d:8b:1d:95
05-13 20:57:05.291  3757  3971 V bt_stack: [VERBOSE1:btm_ble_gap.cc(2058)]  Waiting for scan response cc:6d:5d:8b:1d:95
05-13 20:57:05.304   587   587 E SELinux : avc:  denied  { find } for pid=28392 uid=10228 name=tethering scontext=u:r:vendor_systemhelper_app:s0:c512,c768 tcontext=u:object_r:tethering_service:s0 tclass=service_manager permissive=0
05-13 20:57:05.312  3757  3971 V bt_stack: [VERBOSE1:btm_ble_gap.cc(1924)] btm_ble_process_ext_adv_pkt: bda=34:fa:1c:26:17:40
05-13 20:57:05.312  3757  3971 V bt_stack: [VERBOSE1:btm_ble_gap.cc(1848)] btm_ble_process_adv_addr: bda=34:fa:1c:26:17:40
05-13 20:57:05.312  3757  3971 V bt_stack: [VERBOSE1:btm_ble_gap.cc(2058)]  Waiting for scan response 34:fa:1c:26:17:40
05-13 20:57:05.352   808  3967 I vendor.qti.bluetooth@1.0-ibs_handler: ProcessIbsCmd: Received IBS_SLEEP_IND: 0xFE
05-13 20:57:05.352   808  3967 D vendor.qti.bluetooth@1.0-ibs_handler: SerialClockVote: vote for UART CLK OFF
05-13 20:57:05.377   808  3967 I vendor.qti.bluetooth@1.0-ibs_handler: ProcessIbsCmd: Received IBS_WAKE_IND: 0xFD
05-13 20:57:05.377   808  3967 D vendor.qti.bluetooth@1.0-ibs_handler: SerialClockVote: vote for UART CLK ON
05-13 20:57:05.377   808  3967 I vendor.qti.bluetooth@1.0-ibs_handler: ProcessIbsCmd: Writing IBS_WAKE_ACK
05-13 20:57:05.378  3757  3971 V bt_stack: [VERBOSE1:btm_ble_gap.cc(1924)] btm_ble_process_ext_adv_pkt: bda=cc:6d:5d:8b:1d:95
05-13 20:57:05.379  3757  3971 V bt_stack: [VERBOSE1:btm_ble_gap.cc(1848)] btm_ble_process_adv_addr: bda=cc:6d:5d:8b:1d:95
05-13 20:57:05.379  3757  3971 V bt_stack: [VERBOSE1:btm_ble_gap.cc(2058)]  Waiting for scan response cc:6d:5d:8b:1d:95
05-13 20:57:05.403  3757  3971 V bt_stack: [VERBOSE1:btm_ble_gap.cc(1924)] btm_ble_process_ext_adv_pkt: bda=34:fa:1c:26:17:40
05-13 20:57:05.403  3757  3971 V bt_stack: [VERBOSE1:btm_ble_gap.cc(1848)] btm_ble_process_adv_addr: bda=34:fa:1c:26:17:40
05-13 20:57:05.403  3757  3971 V bt_stack: [VERBOSE1:btm_ble_gap.cc(2058)]  Waiting for scan response 34:fa:1c:26:17:40
05-13 20:57:05.404  3757  3971 V bt_stack: [VERBOSE1:btm_ble_gap.cc(1924)] btm_ble_process_ext_adv_pkt: bda=34:fa:1c:26:17:40
05-13 20:57:05.404  3757  3971 V bt_stack: [VERBOSE1:btm_ble_gap.cc(1848)] btm_ble_process_adv_addr: bda=34:fa:1c:26:17:40
05-13 20:57:05.404  3757  3971 V bt_stack: [VERBOSE1:btm_inq.cc(1019)] BTM_InqDbRead: bd addr 34:fa:1c:26:17:40
05-13 20:57:05.408  3812  4378 E MiuiMiHomeConnectController: error 
05-13 20:57:05.408  3812  4378 D MiuiMiHomeConnectController: cloud time is not ok
05-13 20:57:05.416  8788  5699 W AOSP-MdnsDiscoveryManag: Error while decoding multicast packet (18439): 1 [CONTEXT service_id=168 ]
05-13 20:57:05.443   808  3967 I vendor.qti.bluetooth@1.0-ibs_handler: ProcessIbsCmd: Received IBS_SLEEP_IND: 0xFE
05-13 20:57:05.443   808  3967 D vendor.qti.bluetooth@1.0-ibs_handler: SerialClockVote: vote for UART CLK OFF
05-13 20:57:05.465   911  3081 I vendor.qti.hardware.servicetracker@1.2-service: unbindService is called for service : com.lemon.lvoverseas/com.bytedance.android.push.depths.i18n.account.main.MainDepthsI18nAccountAuthenticatorService and for client system
05-13 20:57:05.465   911  3081 I vendor.qti.hardware.servicetracker@1.2-service: size of service connections for service: com.lemon.lvoverseas/com.bytedance.android.push.depths.i18n.account.main.MainDepthsI18nAccountAuthenticatorServiceafter removal is 0
05-13 20:57:05.465   911  3081 I vendor.qti.hardware.servicetracker@1.2-service: size of client connections for client: systemafter removal is 20
05-13 20:57:05.465   911  3081 I vendor.qti.hardware.servicetracker@1.2-service: destroyService is called for service : com.lemon.lvoverseas/com.bytedance.android.push.depths.i18n.account.main.MainDepthsI18nAccountAuthenticatorService
05-13 20:57:05.473   911 28436 I vendor.qti.hardware.servicetracker@1.2-service: bindService is called for service : com.lemon.lvoverseas/com.bytedance.android.push.depths.i18n.account.main.MainDepthsI18nAccountAuthenticatorService and for client system
05-13 20:57:05.473   911 28436 I vendor.qti.hardware.servicetracker@1.2-service: total connections for service : com.lemon.lvoverseas/com.bytedance.android.push.depths.i18n.account.main.MainDepthsI18nAccountAuthenticatorServiceare :1
05-13 20:57:05.473   911 28436 I vendor.qti.hardware.servicetracker@1.2-service: total connections for client : systemare :21
05-13 20:57:05.475  1809  1853 D CompatibilityInfo: mCompatibilityFlags - 0
05-13 20:57:05.475  1809  1853 D CompatibilityInfo: applicationDensity - 440
05-13 20:57:05.475  1809  1853 D CompatibilityInfo: applicationScale - 1.0
05-13 20:57:05.477   911 28436 I vendor.qti.hardware.servicetracker@1.2-service: startService() is called for servicecom.lemon.lvoverseas/com.bytedance.android.push.depths.i18n.account.main.MainDepthsI18nAccountAuthenticatorService
05-13 20:57:05.503 11068 11080 I .fashiongaller: WaitForGcToComplete blocked RunEmptyCheckpoint on ProfileSaver for 40.407ms
05-13 20:57:05.506   587   587 E SELinux : avc:  denied  { find } for pid=28392 uid=10228 name=tethering scontext=u:r:vendor_systemhelper_app:s0:c512,c768 tcontext=u:object_r:tethering_service:s0 tclass=service_manager permissive=0
05-13 20:57:05.519  8788  5699 W AOSP-MdnsDiscoveryManag: Error while decoding multicast packet (18440): 1 [CONTEXT service_id=168 ]
05-13 20:57:05.575 12059 12097 D CCodecBufferChannel: [c2.android.opus.encoder#638] DEBUG: elapsed: n=4 [in=0 pipeline=0 out=0 smoothness=4]
05-13 20:57:05.575 12059 12097 D PipelineWatcher: DEBUG: elapsed 0 / 4
05-13 20:57:05.593   808  3840 D vendor.qti.bluetooth@1.0-wake_lock: Release wakelock is released 
05-13 20:57:05.603  6207  6207 D NfcService: Received android.intent.action.BATTERY_CHANGED
05-13 20:57:05.604  2807  2807 D KeyguardUpdateMonitor: received broadcast android.intent.action.BATTERY_CHANGED
05-13 20:57:05.604  2807  2807 D BatteryController: onReceive: Intent = Intent { act=android.intent.action.BATTERY_CHANGED flg=0x60000010 (has extras) } action = android.intent.action.BATTERY_CHANGED
05-13 20:57:05.605  8463  8971 D PowerKeeper.FrozenApp: onBatteryChanged plug=true mBatteryPlugged=2
05-13 20:57:05.606  7268  7268 E PowerUtils: getSurfaceTemprature error
05-13 20:57:05.606  7268  7268 E PowerUtils: java.lang.NullPointerException: Attempt to invoke virtual method 'java.lang.String java.lang.String.trim()' on a null object reference
05-13 20:57:05.606  7268  7268 E PowerUtils: 	at hd.w.A(Unknown Source:21)
05-13 20:57:05.606  7268  7268 E PowerUtils: 	at yc.o.u(Unknown Source:32)
05-13 20:57:05.606  7268  7268 E PowerUtils: 	at yc.o$b.onReceive(Unknown Source:14)
05-13 20:57:05.606  7268  7268 E PowerUtils: 	at android.app.LoadedApk$ReceiverDispatcher$Args.lambda$getRunnable$0$LoadedApk$ReceiverDispatcher$Args(LoadedApk.java:1564)
05-13 20:57:05.606  7268  7268 E PowerUtils: 	at android.app.-$$Lambda$LoadedApk$ReceiverDispatcher$Args$_BumDX2UKsnxLVrE6UJsJZkotuA.run(Unknown Source:2)
05-13 20:57:05.606  7268  7268 E PowerUtils: 	at android.os.Handler.handleCallback(Handler.java:938)
05-13 20:57:05.606  7268  7268 E PowerUtils: 	at android.os.Handler.dispatchMessage(Handler.java:99)
05-13 20:57:05.606  7268  7268 E PowerUtils: 	at android.os.Looper.loop(Looper.java:236)
05-13 20:57:05.606  7268  7268 E PowerUtils: 	at android.app.ActivityThread.main(ActivityThread.java:8061)
05-13 20:57:05.606  7268  7268 E PowerUtils: 	at java.lang.reflect.Method.invoke(Native Method)
05-13 20:57:05.606  7268  7268 E PowerUtils: 	at com.android.internal.os.RuntimeInit$MethodAndArgsCaller.run(RuntimeInit.java:656)
05-13 20:57:05.606  7268  7268 E PowerUtils: 	at com.android.internal.os.ZygoteInit.main(ZygoteInit.java:967)
05-13 20:57:05.607  8463  9899 D PowerCheckerService: onBatteryChanged, mBatteryLevel = 100, status = 5, level = 100, plug = 2, scale = 100
05-13 20:57:05.607  7268  7268 I PowerSaveService: onReceive: android.intent.action.BATTERY_CHANGED
05-13 20:57:05.608  7268  7268 I PowerNoticeUI: handleBatteryChanged oldPlugType 2 mPlugType 2 oldBatteryLevel 100 mBatteryLevel 100 temperature 337
05-13 20:57:05.608  7268  7268 I ChargerBatteryIntelligenceReceiver: onBatteryChanged temperatureя╝Ъ33,plugType:2
05-13 20:57:05.617 31927 31927 D DeviceStatisticsService: chargerType=2 batteryLevel=100 totalBatteryCapacity=2085000
05-13 20:57:05.617 31927 31927 D DeviceInfoHidlClient: isPowerInfoNeverSent()=true
05-13 20:57:05.708   587   587 E SELinux : avc:  denied  { find } for pid=28392 uid=10228 name=tethering scontext=u:r:vendor_systemhelper_app:s0:c512,c768 tcontext=u:object_r:tethering_service:s0 tclass=service_manager permissive=0
05-13 20:57:05.857  1809  2342 D WifiClientModeImpl: fetchRssiLinkSpeedAndFrequencyNative rssi=-56 TxLinkspeed=192 freq=2422 RxLinkSpeed=192
05-13 20:57:05.860  1809  2342 D WifiDataStall:  ccaLevel = 80
05-13 20:57:05.868  1809  2342 D WifiDataStall: L2 txTputKbps: 95040, rxTputKbps: 132000, L3 txTputKbps: 4, rxTputKbps: 26, TxTrafficHigh: true, RxTrafficHigh: true, Throughput Sufficient: true
05-13 20:57:05.869  1809  2342 D WifiScoreCard: BSSID update SIGNAL_POLL ID: 1318376645 SSID: PLAY_Swiatlowod_067E_EXT, BSSID: a8:29:48:70:0d:60, MAC: e0:dc:ff:f1:8b:27, Supplicant state: COMPLETED, HE Eight Max VHT Spatial Streams Supported AP: false, Eight Max VHT Spatial streams support: false, Wi-Fi standard: 4, RSSI: -56, Link speed: 192Mbps, Tx Link speed: 192Mbps, Max Supported Tx Link speed: 144Mbps, Rx Link speed: 192Mbps, Max Supported Rx Link speed: 144Mbps, Frequency: 2422MHz, Net ID: 37, Metered hint: false, score: 60
05-13 20:57:05.870  1809  2342 D WifiScoreCard: txRate: 13 txSpeed: 192
05-13 20:57:05.870  1809  2342 D WifiScoreCard: network update SIGNAL_POLL "PLAY_Swiatlowod_067E_EXT" ID: 354541070 RSSI -56 txSpeed 192
05-13 20:57:05.870  1809  2342 D WifiScoreCard: SSID: "PLAY_Swiatlowod_067E_EXT"
05-13 20:57:05.870  1809  2342 D WifiScoreCard:  LastRssiPollTime: 640726317 LastRssiPoll: -56 LastTxSpeedPoll: 192
05-13 20:57:05.870  1809  2342 D WifiScoreCard:  StatsRecent:  ConnectAttempt: 5 ConnectFailure: 0 ConnectDurSec: 255789 AssocRej: 0 AssocTimeout: 0 AuthFailure: 0 ShortDiscNonlocal: 0 DisconnectNonlocal: 0 Disconnect: 0 ConsecutiveConnectFailure: 0
05-13 20:57:05.870  1809  2342 D WifiScoreCard:  StatsCurr:  ConnectAttempt: 423 ConnectFailure: 0 ConnectDurSec: 17091509 AssocRej: 0 AssocTimeout: 0 AuthFailure: 0 ShortDiscNonlocal: 1 DisconnectNonlocal: 41 Disconnect: 200 ConsecutiveConnectFailure: 0
05-13 20:57:05.870  1809  2342 D WifiScoreCard:  StatsPrev:  ConnectAttempt: 0 ConnectFailure: 0 ConnectDurSec: 0 AssocRej: 0 AssocTimeout: 0 AuthFailure: 0 ShortDiscNonlocal: 0 DisconnectNonlocal: 0 Disconnect: 0 ConsecutiveConnectFailure: 0
05-13 20:57:05.874  1809  2342 D WifiClientModeImpl:  L2ConnectedState screen=on 826 0 "PLAY_Swiatlowod_067E_EXT" a8:29:48:70:0d:60 rssi=-56 f=2422 sc=60 link=192 tx=8.0, 4.0, 0.0  rx=8.7 bcn=64255 [on:1298 tx:27 rx:29 period:3035] from screen [on:1922051 period:4102565] score=60
05-13 20:57:05.876 29339 29365 D QCNEJ/WlanStaInfoRelay: Received action: android.net.wifi.RSSI_CHANGED
05-13 20:57:05.877  2807  2912 D NetworkController: onReceive: intent=Intent { act=android.net.wifi.RSSI_CHANGED flg=0x4000010 (has extras) }
05-13 20:57:05.878  1809  6963 I WifiService: getCurrentNetwork uid=1000
05-13 20:57:05.879  1809  6963 D WifiAsyncChannel.WifiService: sendMessageSynchronously sendMessageSynchronously.send message=131335
05-13 20:57:05.881  1809  2342 D WifiClientModeImpl:  ConnectedState screen=on uid=1000 0 0
05-13 20:57:05.881  1809  6963 D WifiAsyncChannel.WifiService: sendMessageSynchronously sendMessageSynchronously.recv message=131335 sendingUid=1000
05-13 20:57:05.874 31846 31846 W ThreadPoolForeg: type=1400 audit(0.0:2672307): avc: denied { write } for name="traced_producer" dev="tmpfs" ino=17976 scontext=u:r:gmscore_app:s0:c743,c771 tcontext=u:object_r:traced_producer_socket:s0 tclass=sock_file permissive=0 app=com.microsoft.skydrive
05-13 20:57:05.893   911 28436 I vendor.qti.hardware.servicetracker@1.2-service: destroyService is called for service : com.google.android.gms/.chimera.PersistentIntentOperationService
05-13 20:57:05.909   587   587 E SELinux : avc:  denied  { find } for pid=28392 uid=10228 name=tethering scontext=u:r:vendor_systemhelper_app:s0:c512,c768 tcontext=u:object_r:tethering_service:s0 tclass=service_manager permissive=0
05-13 20:57:05.954   911 28436 I vendor.qti.hardware.servicetracker@1.2-service: bindService is called for service : com.google.android.gms/.chimera.PersistentDirectBootAwareApiService and for client com.miui.global.packageinstaller
05-13 20:57:05.954   911 28436 I vendor.qti.hardware.servicetracker@1.2-service: total connections for service : com.google.android.gms/.chimera.PersistentDirectBootAwareApiServiceare :29
05-13 20:57:05.954   911 28436 I vendor.qti.hardware.servicetracker@1.2-service: total connections for client : com.miui.global.packageinstallerare :5
05-13 20:57:05.963   911 28436 I vendor.qti.hardware.servicetracker@1.2-service: destroyService is called for service : com.google.android.gms/.chimera.GmsIntentOperationService
05-13 20:57:05.964   911 28436 I vendor.qti.hardware.servicetracker@1.2-service: unbindService is called for service : com.google.android.gms/.chimera.PersistentDirectBootAwareApiService and for client com.miui.global.packageinstaller
05-13 20:57:05.975   911 28436 I vendor.qti.hardware.servicetracker@1.2-service: unbindService is called for service : com.google.android.gms/.chimera.GmsBoundBrokerService and for client com.miui.global.packageinstaller
05-13 20:57:05.976   911 28436 I vendor.qti.hardware.servicetracker@1.2-service: unbindService is called for service : com.google.android.gms/.chimera.GmsBoundBrokerService and for client com.miui.global.packageinstaller
05-13 20:57:05.977   911 28436 I vendor.qti.hardware.servicetracker@1.2-service: size of service connections for service: com.google.android.gms/.chimera.GmsBoundBrokerServiceafter removal is 0
05-13 20:57:05.977   911 28436 I vendor.qti.hardware.servicetracker@1.2-service: size of client connections for client: com.miui.global.packageinstallerafter removal is 4
05-13 20:57:05.977   911 28436 I vendor.qti.hardware.servicetracker@1.2-service: destroyService is called for service : com.google.android.gms/.chimera.GmsBoundBrokerService
05-13 20:57:05.980 31793 31793 D BoundBrokerSvc: onUnbind: Intent { act=com.google.android.gms.safebrowsing.SafeBrowsingService.START dat=chimera-action: cmp=com.google.android.gms/.chimera.GmsBoundBrokerService }
05-13 20:57:05.981 31793 31793 D BoundBrokerSvc: onUnbind: Intent { act=com.google.android.gms.safetynet.service.START pkg=com.google.android.gms }
05-13 20:57:06.001 10393 11243 E FilePhenotypeFlags: Config package com.google.android.gms.clearcut_client#com.miui.global.packageinstaller cannot use FILE backing without declarative registration. See go/phenotype-android-integration#phenotype for more information. This will lead to stale flags.
05-13 20:57:06.035 10393 11243 I chatty  : uid=10112(com.miui.global.packageinstaller) ProcessStablePh identical 1 line
05-13 20:57:06.035 10393 11243 E FilePhenotypeFlags: Config package com.google.android.gms.clearcut_client#com.miui.global.packageinstaller cannot use FILE backing without declarative registration. See go/phenotype-android-integration#phenotype for more information. This will lead to stale flags.
05-13 20:57:06.042   911 28436 I vendor.qti.hardware.servicetracker@1.2-service: bindService is called for service : com.google.android.gms/.chimera.PersistentApiService and for client com.miui.global.packageinstaller
05-13 20:57:06.042   911 28436 I vendor.qti.hardware.servicetracker@1.2-service: total connections for service : com.google.android.gms/.chimera.PersistentApiServiceare :44
05-13 20:57:06.042   911 28436 I vendor.qti.hardware.servicetracker@1.2-service: total connections for client : com.miui.global.packageinstallerare :5
05-13 20:57:06.070 10393 11243 W PhFlagUpdateRegistry: Failed to register flag update listener which may lead to stale flags.
05-13 20:57:06.070 10393 11243 W PhFlagUpdateRegistry: java.util.concurrent.ExecutionException: java.lang.SecurityException: GoogleCertificatesRslt: not allowed: pkg=com.miui.global.packageinstaller, sha256=[c9009d01ebf9f5d0302bc71b2fe9aa9a47a432bba17308a3111b75d7b2149025], atk=false, ver=261734022.true (go/gsrlt)
05-13 20:57:06.070 10393 11243 W PhFlagUpdateRegistry: 	at WV.t.p(chromium-SystemWebViewGoogle6432.aab-stable-772713703:21)
05-13 20:57:06.070 10393 11243 W PhFlagUpdateRegistry: 	at WV.d0.d(chromium-SystemWebViewGoogle6432.aab-stable-772713703:22)
05-13 20:57:06.070 10393 11243 W PhFlagUpdateRegistry: 	at WV.an0.get(chromium-SystemWebViewGoogle6432.aab-stable-772713703:1)
05-13 20:57:06.070 10393 11243 W PhFlagUpdateRegistry: 	at WV.zx2.a(chromium-SystemWebViewGoogle6432.aab-stable-772713703:2)
05-13 20:57:06.070 10393 11243 W PhFlagUpdateRegistry: 	at WV.sr0.c(chromium-SystemWebViewGoogle6432.aab-stable-772713703:4)
05-13 20:57:06.070 10393 11243 W PhFlagUpdateRegistry: 	at WV.fz1.run(chromium-SystemWebViewGoogle6432.aab-stable-772713703:3)
05-13 20:57:06.070 10393 11243 W PhFlagUpdateRegistry: 	at java.util.concurrent.Executors$RunnableAdapter.call(Executors.java:462)
05-13 20:57:06.070 10393 11243 W PhFlagUpdateRegistry: 	at java.util.concurrent.FutureTask.run(FutureTask.java:266)
05-13 20:57:06.070 10393 11243 W PhFlagUpdateRegistry: 	at java.util.concurrent.ScheduledThreadPoolExecutor$ScheduledFutureTask.run(ScheduledThreadPoolExecutor.java:301)
05-13 20:57:06.070 10393 11243 W PhFlagUpdateRegistry: 	at java.util.concurrent.ThreadPoolExecutor.runWorker(ThreadPoolExecutor.java:1167)
05-13 20:57:06.070 10393 11243 W PhFlagUpdateRegistry: 	at java.util.concurrent.ThreadPoolExecutor$Worker.run(ThreadPoolExecutor.java:641)
05-13 20:57:06.070 10393 11243 W PhFlagUpdateRegistry: 	at java.lang.Thread.run(Thread.java:923)
05-13 20:57:06.070 10393 11243 W PhFlagUpdateRegistry: Caused by: java.lang.SecurityException: GoogleCertificatesRslt: not allowed: pkg=com.miui.global.packageinstaller, sha256=[c9009d01ebf9f5d0302bc71b2fe9aa9a47a432bba17308a3111b75d7b2149025], atk=false, ver=261734022.true (go/gsrlt)
05-13 20:57:06.070 10393 11243 W PhFlagUpdateRegistry: 	at android.os.Parcel.createExceptionOrNull(Parcel.java:2376)
05-13 20:57:06.070 10393 11243 W PhFlagUpdateRegistry: 	at android.os.Parcel.createException(Parcel.java:2360)
05-13 20:57:06.070 10393 11243 W PhFlagUpdateRegistry: 	at android.os.Parcel.readException(Parcel.java:2343)
05-13 20:57:06.070 10393 11243 W PhFlagUpdateRegistry: 	at android.os.Parcel.readException(Parcel.java:2285)
05-13 20:57:06.070 10393 11243 W PhFlagUpdateRegistry: 	at WV.tp.w(chromium-SystemWebViewGoogle6432.aab-stable-772713703:11)
05-13 20:57:06.070 10393 11243 W PhFlagUpdateRegistry: 	at WV.ky1.accept(chromium-SystemWebViewGoogle6432.aab-stable-772713703:36)
05-13 20:57:06.070 10393 11243 W PhFlagUpdateRegistry: 	at WV.o8.i(chromium-SystemWebViewGoogle6432.aab-stable-772713703:65)
05-13 20:57:06.070 10393 11243 W PhFlagUpdateRegistry: 	at WV.o8.d(chromium-SystemWebViewGoogle6432.aab-stable-772713703:1)
05-13 20:57:06.070 10393 11243 W PhFlagUpdateRegistry: 	at WV.qu0.b(chromium-SystemWebViewGoogle6432.aab-stable-772713703:54)
05-13 20:57:06.070 10393 11243 W PhFlagUpdateRegistry: 	at WV.qu0.g(chromium-SystemWebViewGoogle6432.aab-stable-772713703:32)
05-13 20:57:06.070 10393 11243 W PhFlagUpdateRegistry: 	at WV.qu0.i(chromium-SystemWebViewGoogle6432.aab-stable-772713703:106)
05-13 20:57:06.070 10393 11243 W PhFlagUpdateRegistry: 	at WV.qu0.n(chromium-SystemWebViewGoogle6432.aab-stable-772713703:15)
05-13 20:57:06.070 10393 11243 W PhFlagUpdateRegistry: 	at WV.mp.b(chromium-SystemWebViewGoogle6432.aab-stable-772713703:84)
05-13 20:57:06.070 10393 11243 W PhFlagUpdateRegistry: 	at WV.hp.handleMessage(chromium-SystemWebViewGoogle6432.aab-stable-772713703:349)
05-13 20:57:06.070 10393 11243 W PhFlagUpdateRegistry: 	at android.os.Handler.dispatchMessage(Handler.java:106)
05-13 20:57:06.070 10393 11243 W PhFlagUpdateRegistry: 	at android.os.Looper.loop(Looper.java:236)
05-13 20:57:06.070 10393 11243 W PhFlagUpdateRegistry: 	at android.os.HandlerThread.run(HandlerThread.java:67)
05-13 20:57:06.110   587   587 E SELinux : avc:  denied  { find } for pid=28392 uid=10228 name=tethering scontext=u:r:vendor_systemhelper_app:s0:c512,c768 tcontext=u:object_r:tethering_service:s0 tclass=service_manager permissive=0
05-13 20:57:06.312   587   587 E SELinux : avc:  denied  { find } for pid=28392 uid=10228 name=tethering scontext=u:r:vendor_systemhelper_app:s0:c512,c768 tcontext=u:object_r:tethering_service:s0 tclass=service_manager permissive=0
05-13 20:57:06.384   911 28436 I vendor.qti.hardware.servicetracker@1.2-service: unbindService is called for service : com.google.android.gms/.chimera.GmsApiService and for client com.miui.global.packageinstaller
05-13 20:57:06.385   911 28436 I vendor.qti.hardware.servicetracker@1.2-service: size of service connections for service: com.google.android.gms/.chimera.GmsApiServiceafter removal is 2
05-13 20:57:06.385   911 28436 I vendor.qti.hardware.servicetracker@1.2-service: size of client connections for client: com.miui.global.packageinstallerafter removal is 4
05-13 20:57:06.392 31793 31793 D BoundBrokerSvc: onUnbind: Intent { act=com.google.android.gms.appset.service.START dat=chimera-action: cmp=com.google.android.gms/.chimera.GmsApiService }
05-13 20:57:06.414  6169  6220 I com.miui.daemo: oneway function results will be dropped but finished with status OK and parcel size 4
05-13 20:57:06.416  6169  6220 I com.miui.daemo: oneway function results will be dropped but finished with status OK and parcel size 4
05-13 20:57:06.420  1809  2355 D SlaveWifiManager: getWifiSlaveConnectionInfo
05-13 20:57:06.422  1809  2355 I chatty  : uid=1000(system) ConnectivitySer identical 95 lines
05-13 20:57:06.422  1809  2355 D SlaveWifiManager: getWifiSlaveConnectionInfo
05-13 20:57:06.422  1809  2342 D UntrustedWifiNetworkFactory: got request NetworkRequest [ TRACK_DEFAULT id=42722, [ Capabilities: INTERNET&NOT_RESTRICTED&TRUSTED Uid: 10149 AdministratorUids: [] RequestorUid: 10149 RequestorPackageName: com.xiaomi.mipicks] ] with score 60 and providerId 6
05-13 20:57:06.422  1809  2342 D WifiNetworkFactory: got request NetworkRequest [ TRACK_DEFAULT id=42722, [ Capabilities: INTERNET&NOT_RESTRICTED&TRUSTED Uid: 10149 AdministratorUids: [] RequestorUid: 10149 RequestorPackageName: com.xiaomi.mipicks] ] with score 60 and providerId 6
05-13 20:57:06.422  1809  2342 V WifiNetworkFactory: Accepted network request NetworkRequest [ TRACK_DEFAULT id=42722, [ Capabilities: INTERNET&NOT_RESTRICTED&TRUSTED Uid: 10149 AdministratorUids: [] RequestorUid: 10149 RequestorPackageName: com.xiaomi.mipicks] ]
05-13 20:57:06.423  1809  2342 D UntrustedWifiNetworkFactory: got request NetworkRequest [ TRACK_DEFAULT id=42722, [ Capabilities: INTERNET&NOT_RESTRICTED&TRUSTED Uid: 10149 AdministratorUids: [] RequestorUid: 10149 RequestorPackageName: com.xiaomi.mipicks] ] with score 60 and providerId 6
05-13 20:57:06.423  1809  2342 D WifiSlaveNetworkFactory: got request NetworkRequest [ TRACK_DEFAULT id=42722, [ Capabilities: INTERNET&NOT_RESTRICTED&TRUSTED Uid: 10149 AdministratorUids: [] RequestorUid: 10149 RequestorPackageName: com.xiaomi.mipicks] ] with score 60 and providerId 6
05-13 20:57:06.423  1809  2531 D Ethernet: got request NetworkRequest [ TRACK_DEFAULT id=42722, [ Capabilities: INTERNET&NOT_RESTRICTED&TRUSTED Uid: 10149 AdministratorUids: [] RequestorUid: 10149 RequestorPackageName: com.xiaomi.mipicks] ] with score 60 and providerId 6
05-13 20:57:06.423  1809  2528 D WIFI_AWARE_FACTORY: got request NetworkRequest [ TRACK_DEFAULT id=42722, [ Capabilities: INTERNET&NOT_RESTRICTED&TRUSTED Uid: 10149 AdministratorUids: [] RequestorUid: 10149 RequestorPackageName: com.xiaomi.mipicks] ] with score 60 and providerId 6
05-13 20:57:06.423  1809  2355 D SlaveWifiManager: getWifiSlaveConnectionInfo
05-13 20:57:06.423  1809  2355 I chatty  : uid=1000(system) ConnectivitySer identical 7 lines
05-13 20:57:06.423  1809  2355 D SlaveWifiManager: getWifiSlaveConnectionInfo
05-13 20:57:06.423  3238  3238 D PhoneSwitcherNetworkRequstListener: got request NetworkRequest [ TRACK_DEFAULT id=42722, [ Capabilities: INTERNET&NOT_RESTRICTED&TRUSTED Uid: 10149 AdministratorUids: [] RequestorUid: 10149 RequestorPackageName: com.xiaomi.mipicks] ] with score 60 and providerId 6
05-13 20:57:06.423  1809  2355 D SlaveWifiManager: getWifiSlaveConnectionInfo
05-13 20:57:06.424  1809  2355 I chatty  : uid=1000(system) ConnectivitySer identical 36 lines
05-13 20:57:06.424  1809  2355 D SlaveWifiManager: getWifiSlaveConnectionInfo
05-13 20:57:06.468  6642 11250 W FirebaseRemoteConfig: No value of type 'FirebaseRemoteConfigValue' exists for parameter key 'adPushNotifyInspectEnable'.
05-13 20:57:06.480  6642  6987 I WM-WorkerWrapper: Worker result SUCCESS for Work [ id=5256f01d-dd64-431f-8581-b383d5f5a447, tags={ com.xiaomi.market.push.timedPush.AdPushRetryWorker, start_retry_push_period_work } ]
05-13 20:57:06.514   587   587 E SELinux : avc:  denied  { find } for pid=28392 uid=10228 name=tethering scontext=u:r:vendor_systemhelper_app:s0:c512,c768 tcontext=u:object_r:tethering_service:s0 tclass=service_manager permissive=0
05-13 20:57:06.665   808  3967 I vendor.qti.bluetooth@1.0-ibs_handler: ProcessIbsCmd: Received IBS_WAKE_IND: 0xFD
05-13 20:57:06.665   808  3967 D vendor.qti.bluetooth@1.0-ibs_handler: SerialClockVote: vote for UART CLK ON
05-13 20:57:06.667   808  3967 D vendor.qti.bluetooth@1.0-wake_lock: Acquire wakelock is acquired 
05-13 20:57:06.667   808  3967 I vendor.qti.bluetooth@1.0-ibs_handler: ProcessIbsCmd: Writing IBS_WAKE_ACK
05-13 20:57:06.671  3757  3971 V bt_stack: [VERBOSE1:btm_ble_gap.cc(1924)] btm_ble_process_ext_adv_pkt: bda=cc:6d:5d:8b:1d:95
05-13 20:57:06.672  3757  3971 V bt_stack: [VERBOSE1:btm_ble_gap.cc(1848)] btm_ble_process_adv_addr: bda=cc:6d:5d:8b:1d:95
05-13 20:57:06.672  3757  3971 V bt_stack: [VERBOSE1:btm_ble_gap.cc(2058)]  Waiting for scan response cc:6d:5d:8b:1d:95
05-13 20:57:06.708   808  3967 I vendor.qti.bluetooth@1.0-ibs_handler: ProcessIbsCmd: Received IBS_SLEEP_IND: 0xFE
05-13 20:57:06.709   808  3967 D vendor.qti.bluetooth@1.0-ibs_handler: SerialClockVote: vote for UART CLK OFF
05-13 20:57:06.715   587   587 E SELinux : avc:  denied  { find } for pid=28392 uid=10228 name=tethering scontext=u:r:vendor_systemhelper_app:s0:c512,c768 tcontext=u:object_r:tethering_service:s0 tclass=service_manager permissive=0
05-13 20:57:06.829 11068 11251 D ProfileInstaller: Skipping profile installation for com.miui.android.fashiongallery
05-13 20:57:06.859   808  3840 D vendor.qti.bluetooth@1.0-wake_lock: Release wakelock is released 
05-13 20:57:06.917   587   587 E SELinux : avc:  denied  { find } for pid=28392 uid=10228 name=tethering scontext=u:r:vendor_systemhelper_app:s0:c512,c768 tcontext=u:object_r:tethering_service:s0 tclass=service_manager permissive=0
05-13 20:57:06.979   911 28436 I vendor.qti.hardware.servicetracker@1.2-service: unbindService is called for service : com.google.android.gms/.icing.service.IndexService and for client com.google.android.gms
05-13 20:57:06.979   911 28436 I vendor.qti.hardware.servicetracker@1.2-service: size of service connections for service: com.google.android.gms/.icing.service.IndexServiceafter removal is 0
05-13 20:57:06.979   911 28436 I vendor.qti.hardware.servicetracker@1.2-service: size of client connections for client: com.google.android.gmsafter removal is 7
05-13 20:57:06.981   911 28436 I vendor.qti.hardware.servicetracker@1.2-service: destroyService is called for service : com.google.android.gms/.icing.service.IndexService
05-13 20:57:06.990   911 28436 I vendor.qti.hardware.servicetracker@1.2-service: unbindService is called for service : com.lemon.lvoverseas/com.bytedance.android.push.depths.i18n.account.main.MainDepthsI18nAccountAuthenticatorService and for client system
05-13 20:57:06.990   911 28436 I vendor.qti.hardware.servicetracker@1.2-service: size of service connections for service: com.lemon.lvoverseas/com.bytedance.android.push.depths.i18n.account.main.MainDepthsI18nAccountAuthenticatorServiceafter removal is 0
05-13 20:57:06.990   911 28436 I vendor.qti.hardware.servicetracker@1.2-service: size of client connections for client: systemafter removal is 20
05-13 20:57:06.992   911 28436 I vendor.qti.hardware.servicetracker@1.2-service: destroyService is called for service : com.lemon.lvoverseas/com.bytedance.android.push.depths.i18n.account.main.MainDepthsI18nAccountAuthenticatorService
05-13 20:57:06.999   911 28436 I vendor.qti.hardware.servicetracker@1.2-service: unbindService is called for service : com.google.android.gms/.icing.service.AppIndexingService and for client com.google.android.gms
05-13 20:57:06.999   911 28436 I vendor.qti.hardware.servicetracker@1.2-service: size of service connections for service: com.google.android.gms/.icing.service.AppIndexingServiceafter removal is 0
05-13 20:57:06.999   911 28436 I vendor.qti.hardware.servicetracker@1.2-service: size of client connections for client: com.google.android.gmsafter removal is 6
05-13 20:57:07.000   911 28436 I vendor.qti.hardware.servicetracker@1.2-service: destroyService is called for service : com.google.android.gms/.icing.service.AppIndexingService
05-13 20:57:07.012   911 28436 I vendor.qti.hardware.servicetracker@1.2-service: bindService is called for service : com.lemon.lvoverseas/com.bytedance.android.push.depths.i18n.account.main.MainDepthsI18nAccountAuthenticatorService and for client system
05-13 20:57:07.012   911 28436 I vendor.qti.hardware.servicetracker@1.2-service: total connections for service : com.lemon.lvoverseas/com.bytedance.android.push.depths.i18n.account.main.MainDepthsI18nAccountAuthenticatorServiceare :1
05-13 20:57:07.012   911 28436 I vendor.qti.hardware.servicetracker@1.2-service: total connections for client : systemare :21
05-13 20:57:07.013  1809  7123 D CompatibilityInfo: mCompatibilityFlags - 0
05-13 20:57:07.013  1809  7123 D CompatibilityInfo: applicationDensity - 440
05-13 20:57:07.013  1809  7123 D CompatibilityInfo: applicationScale - 1.0
05-13 20:57:07.014   911 28436 I vendor.qti.hardware.servicetracker@1.2-service: startService() is called for servicecom.lemon.lvoverseas/com.bytedance.android.push.depths.i18n.account.main.MainDepthsI18nAccountAuthenticatorService
05-13 20:57:07.119   587   587 E SELinux : avc:  denied  { find } for pid=28392 uid=10228 name=tethering scontext=u:r:vendor_systemhelper_app:s0:c512,c768 tcontext=u:object_r:tethering_service:s0 tclass=service_manager permissive=0
05-13 20:57:07.196   911 28436 I vendor.qti.hardware.servicetracker@1.2-service: unbindService is called for service : com.google.android.gms/.chimera.PersistentApiService and for client com.android.settings
05-13 20:57:07.196   911 28436 I vendor.qti.hardware.servicetracker@1.2-service: size of service connections for service: com.google.android.gms/.chimera.PersistentApiServiceafter removal is 43
05-13 20:57:07.196   911 28436 I vendor.qti.hardware.servicetracker@1.2-service: size of client connections for client: com.android.settingsafter removal is 0
05-13 20:57:07.318   808  3967 I vendor.qti.bluetooth@1.0-ibs_handler: ProcessIbsCmd: Received IBS_WAKE_IND: 0xFD
05-13 20:57:07.319   808  3967 D vendor.qti.bluetooth@1.0-ibs_handler: SerialClockVote: vote for UART CLK ON
05-13 20:57:07.319   808  3967 D vendor.qti.bluetooth@1.0-wake_lock: Acquire wakelock is acquired 
05-13 20:57:07.319   808  3967 I vendor.qti.bluetooth@1.0-ibs_handler: ProcessIbsCmd: Writing IBS_WAKE_ACK
05-13 20:57:07.321   587   587 E SELinux : avc:  denied  { find } for pid=28392 uid=10228 name=tethering scontext=u:r:vendor_systemhelper_app:s0:c512,c768 tcontext=u:object_r:tethering_service:s0 tclass=service_manager permissive=0
05-13 20:57:07.321  3757  3971 V bt_stack: [VERBOSE1:btm_ble_gap.cc(1924)] btm_ble_process_ext_adv_pkt: bda=cc:6d:5d:8b:1d:95
05-13 20:57:07.321  3757  3971 V bt_stack: [VERBOSE1:btm_ble_gap.cc(1848)] btm_ble_process_adv_addr: bda=cc:6d:5d:8b:1d:95
05-13 20:57:07.322  3757  3971 V bt_stack: [VERBOSE1:btm_ble_gap.cc(2058)]  Waiting for scan response cc:6d:5d:8b:1d:95
05-13 20:57:07.323  3757  3971 V bt_stack: [VERBOSE1:btm_ble_gap.cc(1924)] btm_ble_process_ext_adv_pkt: bda=34:fa:1c:26:17:40
05-13 20:57:07.323  3757  3971 V bt_stack: [VERBOSE1:btm_ble_gap.cc(1848)] btm_ble_process_adv_addr: bda=34:fa:1c:26:17:40
05-13 20:57:07.323  3757  3971 V bt_stack: [VERBOSE1:btm_ble_gap.cc(2058)]  Waiting for scan response 34:fa:1c:26:17:40
05-13 20:57:07.323  3757  3971 V bt_stack: [VERBOSE1:btm_ble_gap.cc(1924)] btm_ble_process_ext_adv_pkt: bda=34:fa:1c:26:17:40
05-13 20:57:07.323  3757  3971 V bt_stack: [VERBOSE1:btm_ble_gap.cc(1848)] btm_ble_process_adv_addr: bda=34:fa:1c:26:17:40
05-13 20:57:07.323  3757  3971 V bt_stack: [VERBOSE1:btm_inq.cc(1019)] BTM_InqDbRead: bd addr 34:fa:1c:26:17:40
05-13 20:57:07.330  3812  4378 E MiuiMiHomeConnectController: error 
05-13 20:57:07.330  3812  4378 D MiuiMiHomeConnectController: cloud time is not ok
05-13 20:57:07.361   808  3967 I vendor.qti.bluetooth@1.0-ibs_handler: ProcessIbsCmd: Received IBS_SLEEP_IND: 0xFE
05-13 20:57:07.361   808  3967 D vendor.qti.bluetooth@1.0-ibs_handler: SerialClockVote: vote for UART CLK OFF
05-13 20:57:07.369   808  3967 I vendor.qti.bluetooth@1.0-ibs_handler: ProcessIbsCmd: Received IBS_WAKE_IND: 0xFD
05-13 20:57:07.369   808  3967 D vendor.qti.bluetooth@1.0-ibs_handler: SerialClockVote: vote for UART CLK ON
05-13 20:57:07.369   808  3967 I vendor.qti.bluetooth@1.0-ibs_handler: ProcessIbsCmd: Writing IBS_WAKE_ACK
05-13 20:57:07.373  3757  3971 V bt_stack: [VERBOSE1:btm_ble_gap.cc(1924)] btm_ble_process_ext_adv_pkt: bda=cc:6d:5d:8b:1d:95
05-13 20:57:07.373  3757  3971 V bt_stack: [VERBOSE1:btm_ble_gap.cc(1848)] btm_ble_process_adv_addr: bda=cc:6d:5d:8b:1d:95
05-13 20:57:07.373  3757  3971 V bt_stack: [VERBOSE1:btm_ble_gap.cc(2058)]  Waiting for scan response cc:6d:5d:8b:1d:95
05-13 20:57:07.373  3757  3971 V bt_stack: [VERBOSE1:btm_ble_gap.cc(1924)] btm_ble_process_ext_adv_pkt: bda=cc:6d:5d:8b:1d:95
05-13 20:57:07.374  3757  3971 V bt_stack: [VERBOSE1:btm_ble_gap.cc(1848)] btm_ble_process_adv_addr: bda=cc:6d:5d:8b:1d:95
05-13 20:57:07.374  3757  3971 V bt_stack: [VERBOSE1:btm_inq.cc(1019)] BTM_InqDbRead: bd addr cc:6d:5d:8b:1d:95
05-13 20:57:07.380  3812  4378 E MiuiMiHomeConnectController: error 
05-13 20:57:07.381  3812  4378 D MiuiMiHomeConnectController: cloud time is not ok
05-13 20:57:07.406  3757  3971 V bt_stack: [VERBOSE1:btm_ble_gap.cc(1924)] btm_ble_process_ext_adv_pkt: bda=34:fa:1c:26:17:40
05-13 20:57:07.406  3757  3971 V bt_stack: [VERBOSE1:btm_ble_gap.cc(1848)] btm_ble_process_adv_addr: bda=34:fa:1c:26:17:40
05-13 20:57:07.406  3757  3971 V bt_stack: [VERBOSE1:btm_ble_gap.cc(2058)]  Waiting for scan response 34:fa:1c:26:17:40
05-13 20:57:07.407  3757  3971 V bt_stack: [VERBOSE1:btm_ble_gap.cc(1924)] btm_ble_process_ext_adv_pkt: bda=34:fa:1c:26:17:40
05-13 20:57:07.407  3757  3971 V bt_stack: [VERBOSE1:btm_ble_gap.cc(1848)] btm_ble_process_adv_addr: bda=34:fa:1c:26:17:40
05-13 20:57:07.407  3757  3971 V bt_stack: [VERBOSE1:btm_inq.cc(1019)] BTM_InqDbRead: bd addr 34:fa:1c:26:17:40
05-13 20:57:07.415  3812  4378 E MiuiMiHomeConnectController: error 
05-13 20:57:07.415  3812  4378 D MiuiMiHomeConnectController: cloud time is not ok
05-13 20:57:07.444   808  3967 I vendor.qti.bluetooth@1.0-ibs_handler: ProcessIbsCmd: Received IBS_SLEEP_IND: 0xFE
05-13 20:57:07.444   808  3967 D vendor.qti.bluetooth@1.0-ibs_handler: SerialClockVote: vote for UART CLK OFF
05-13 20:57:07.524   587   587 E SELinux : avc:  denied  { find } for pid=28392 uid=10228 name=tethering scontext=u:r:vendor_systemhelper_app:s0:c512,c768 tcontext=u:object_r:tethering_service:s0 tclass=service_manager permissive=0
05-13 20:57:07.538 11176 11214 I TetheringManager: registerTetheringEventCallback:com.android.camera
05-13 20:57:07.595   808  3840 D vendor.qti.bluetooth@1.0-wake_lock: Release wakelock is released 
05-13 20:57:07.726   587   587 E SELinux : avc:  denied  { find } for pid=28392 uid=10228 name=tethering scontext=u:r:vendor_systemhelper_app:s0:c512,c768 tcontext=u:object_r:tethering_service:s0 tclass=service_manager permissive=0
05-13 20:57:07.927   587   587 E SELinux : avc:  denied  { find } for pid=28392 uid=10228 name=tethering scontext=u:r:vendor_systemhelper_app:s0:c512,c768 tcontext=u:object_r:tethering_service:s0 tclass=service_manager permissive=0
05-13 20:57:08.022   808  3967 I vendor.qti.bluetooth@1.0-ibs_handler: ProcessIbsCmd: Received IBS_WAKE_IND: 0xFD
05-13 20:57:08.023   808  3967 D vendor.qti.bluetooth@1.0-ibs_handler: SerialClockVote: vote for UART CLK ON
05-13 20:57:08.024   808  3967 D vendor.qti.bluetooth@1.0-wake_lock: Acquire wakelock is acquired 
05-13 20:57:08.024   808  3967 I vendor.qti.bluetooth@1.0-ibs_handler: ProcessIbsCmd: Writing IBS_WAKE_ACK
05-13 20:57:08.027  3757  3971 V bt_stack: [VERBOSE1:btm_ble_gap.cc(1924)] btm_ble_process_ext_adv_pkt: bda=cc:6d:5d:8b:1d:95
05-13 20:57:08.028  3757  3971 V bt_stack: [VERBOSE1:btm_ble_gap.cc(1848)] btm_ble_process_adv_addr: bda=cc:6d:5d:8b:1d:95
05-13 20:57:08.028  3757  3971 V bt_stack: [VERBOSE1:btm_ble_gap.cc(2058)]  Waiting for scan response cc:6d:5d:8b:1d:95
05-13 20:57:08.028  3757  3971 V bt_stack: [VERBOSE1:btm_ble_gap.cc(1924)] btm_ble_process_ext_adv_pkt: bda=cc:6d:5d:8b:1d:95
05-13 20:57:08.028  3757  3971 V bt_stack: [VERBOSE1:btm_ble_gap.cc(1848)] btm_ble_process_adv_addr: bda=cc:6d:5d:8b:1d:95
05-13 20:57:08.029  3757  3971 V bt_stack: [VERBOSE1:btm_inq.cc(1019)] BTM_InqDbRead: bd addr cc:6d:5d:8b:1d:95
05-13 20:57:08.034  3757  3971 V bt_stack: [VERBOSE1:btm_ble_gap.cc(1924)] btm_ble_process_ext_adv_pkt: bda=34:fa:1c:26:17:40
05-13 20:57:08.034  3757  3971 V bt_stack: [VERBOSE1:btm_ble_gap.cc(1848)] btm_ble_process_adv_addr: bda=34:fa:1c:26:17:40
05-13 20:57:08.034  3757  3971 V bt_stack: [VERBOSE1:btm_ble_gap.cc(2058)]  Waiting for scan response 34:fa:1c:26:17:40
05-13 20:57:08.035  3757  3971 V bt_stack: [VERBOSE1:btm_ble_gap.cc(1924)] btm_ble_process_ext_adv_pkt: bda=34:fa:1c:26:17:40
05-13 20:57:08.035  3757  3971 V bt_stack: [VERBOSE1:btm_ble_gap.cc(1848)] btm_ble_process_adv_addr: bda=34:fa:1c:26:17:40
05-13 20:57:08.035  3757  3971 V bt_stack: [VERBOSE1:btm_inq.cc(1019)] BTM_InqDbRead: bd addr 34:fa:1c:26:17:40
05-13 20:57:08.038  3812  4378 E MiuiMiHomeConnectController: error 
05-13 20:57:08.038  3812  4378 D MiuiMiHomeConnectController: cloud time is not ok
05-13 20:57:08.042  3812  4378 E MiuiMiHomeConnectController: error 
05-13 20:57:08.042  3812  4378 D MiuiMiHomeConnectController: cloud time is not ok
05-13 20:57:08.074   808  3967 I vendor.qti.bluetooth@1.0-ibs_handler: ProcessIbsCmd: Received IBS_SLEEP_IND: 0xFE
05-13 20:57:08.074   808  3967 D vendor.qti.bluetooth@1.0-ibs_handler: SerialClockVote: vote for UART CLK OFF
05-13 20:57:08.130   587   587 E SELinux : avc:  denied  { find } for pid=28392 uid=10228 name=tethering scontext=u:r:vendor_systemhelper_app:s0:c512,c768 tcontext=u:object_r:tethering_service:s0 tclass=service_manager permissive=0
05-13 20:57:08.224   808  3840 D vendor.qti.bluetooth@1.0-wake_lock: Release wakelock is released 
05-13 20:57:08.332   587   587 E SELinux : avc:  denied  { find } for pid=28392 uid=10228 name=tethering scontext=u:r:vendor_systemhelper_app:s0:c512,c768 tcontext=u:object_r:tethering_service:s0 tclass=service_manager permissive=0
05-13 20:57:08.526   911 28436 I vendor.qti.hardware.servicetracker@1.2-service: unbindService is called for service : com.lemon.lvoverseas/com.bytedance.android.push.depths.i18n.account.main.MainDepthsI18nAccountAuthenticatorService and for client system
05-13 20:57:08.527   911 28436 I vendor.qti.hardware.servicetracker@1.2-service: size of service connections for service: com.lemon.lvoverseas/com.bytedance.android.push.depths.i18n.account.main.MainDepthsI18nAccountAuthenticatorServiceafter removal is 0
05-13 20:57:08.527   911 28436 I vendor.qti.hardware.servicetracker@1.2-service: size of client connections for client: systemafter removal is 20
05-13 20:57:08.529   911 28436 I vendor.qti.hardware.servicetracker@1.2-service: destroyService is called for service : com.lemon.lvoverseas/com.bytedance.android.push.depths.i18n.account.main.MainDepthsI18nAccountAuthenticatorService
05-13 20:57:08.534   587   587 E SELinux : avc:  denied  { find } for pid=28392 uid=10228 name=tethering scontext=u:r:vendor_systemhelper_app:s0:c512,c768 tcontext=u:object_r:tethering_service:s0 tclass=service_manager permissive=0
05-13 20:57:08.553   911 28436 I vendor.qti.hardware.servicetracker@1.2-service: bindService is called for service : com.lemon.lvoverseas/com.bytedance.android.push.depths.i18n.account.main.MainDepthsI18nAccountAuthenticatorService and for client system
05-13 20:57:08.553   911 28436 I vendor.qti.hardware.servicetracker@1.2-service: total connections for service : com.lemon.lvoverseas/com.bytedance.android.push.depths.i18n.account.main.MainDepthsI18nAccountAuthenticatorServiceare :1
05-13 20:57:08.553   911 28436 I vendor.qti.hardware.servicetracker@1.2-service: total connections for client : systemare :21
05-13 20:57:08.554  1809  3392 D CompatibilityInfo: mCompatibilityFlags - 0
05-13 20:57:08.554  1809  3392 D CompatibilityInfo: applicationDensity - 440
05-13 20:57:08.554  1809  3392 D CompatibilityInfo: applicationScale - 1.0
05-13 20:57:08.556   911 28436 I vendor.qti.hardware.servicetracker@1.2-service: startService() is called for servicecom.lemon.lvoverseas/com.bytedance.android.push.depths.i18n.account.main.MainDepthsI18nAccountAuthenticatorService
05-13 20:57:08.562  6169  6220 I com.miui.daemo: oneway function results will be dropped but finished with status OK and parcel size 4
05-13 20:57:08.564  6169  6220 I com.miui.daemo: oneway function results will be dropped but finished with status OK and parcel size 4
05-13 20:57:08.736   587   587 E SELinux : avc:  denied  { find } for pid=28392 uid=10228 name=tethering scontext=u:r:vendor_systemhelper_app:s0:c512,c768 tcontext=u:object_r:tethering_service:s0 tclass=service_manager permissive=0
05-13 20:57:08.882 12059 12097 D CCodecBufferChannel: [c2.android.opus.encoder#638] DEBUG: elapsed: n=4 [in=0 pipeline=0 out=0 smoothness=4]
05-13 20:57:08.882 12059 12097 D PipelineWatcher: DEBUG: elapsed 0 / 4
05-13 20:57:08.899  1809  2342 D WifiClientModeImpl: fetchRssiLinkSpeedAndFrequencyNative rssi=-57 TxLinkspeed=192 freq=2422 RxLinkSpeed=192
05-13 20:57:08.902  1809  2342 D WifiDataStall:  ccaLevel = 80
05-13 20:57:08.912  1809  2342 D WifiDataStall: L2 txTputKbps: 125400, rxTputKbps: 132000, L3 txTputKbps: 0, rxTputKbps: 1, TxTrafficHigh: false, RxTrafficHigh: false, Throughput Sufficient: true
05-13 20:57:08.913  1809  2342 D WifiScoreCard: BSSID update SIGNAL_POLL ID: 1318376645 SSID: PLAY_Swiatlowod_067E_EXT, BSSID: a8:29:48:70:0d:60, MAC: e0:dc:ff:f1:8b:27, Supplicant state: COMPLETED, HE Eight Max VHT Spatial Streams Supported AP: false, Eight Max VHT Spatial streams support: false, Wi-Fi standard: 4, RSSI: -57, Link speed: 192Mbps, Tx Link speed: 192Mbps, Max Supported Tx Link speed: 144Mbps, Rx Link speed: 192Mbps, Max Supported Rx Link speed: 144Mbps, Frequency: 2422MHz, Net ID: 37, Metered hint: false, score: 60
05-13 20:57:08.913  1809  2342 D WifiScoreCard: txRate: 5 txSpeed: 192
05-13 20:57:08.913  1809  2342 D WifiScoreCard: network update SIGNAL_POLL "PLAY_Swiatlowod_067E_EXT" ID: 354541070 RSSI -57 txSpeed 192
05-13 20:57:08.913  1809  2342 D WifiScoreCard: SSID: "PLAY_Swiatlowod_067E_EXT"
05-13 20:57:08.913  1809  2342 D WifiScoreCard:  LastRssiPollTime: 640729360 LastRssiPoll: -57 LastTxSpeedPoll: 192
05-13 20:57:08.913  1809  2342 D WifiScoreCard:  StatsRecent:  ConnectAttempt: 5 ConnectFailure: 0 ConnectDurSec: 255789 AssocRej: 0 AssocTimeout: 0 AuthFailure: 0 ShortDiscNonlocal: 0 DisconnectNonlocal: 0 Disconnect: 0 ConsecutiveConnectFailure: 0
05-13 20:57:08.913  1809  2342 D WifiScoreCard:  StatsCurr:  ConnectAttempt: 423 ConnectFailure: 0 ConnectDurSec: 17091509 AssocRej: 0 AssocTimeout: 0 AuthFailure: 0 ShortDiscNonlocal: 1 DisconnectNonlocal: 41 Disconnect: 200 ConsecutiveConnectFailure: 0
05-13 20:57:08.913  1809  2342 D WifiScoreCard:  StatsPrev:  ConnectAttempt: 0 ConnectFailure: 0 ConnectDurSec: 0 AssocRej: 0 AssocTimeout: 0 AuthFailure: 0 ShortDiscNonlocal: 0 DisconnectNonlocal: 0 Disconnect: 0 ConsecutiveConnectFailure: 0
05-13 20:57:08.916  1809  2342 D WifiClientModeImpl:  L2ConnectedState screen=on 826 0 "PLAY_Swiatlowod_067E_EXT" a8:29:48:70:0d:60 rssi=-57 f=2422 sc=60 link=192 tx=3.1, 1.5, 0.0  rx=3.4 bcn=64258 [on:279 tx:6 rx:8 period:3041] from screen [on:1922330 period:4105607] score=60
05-13 20:57:08.918 29339 29365 D QCNEJ/WlanStaInfoRelay: Received action: android.net.wifi.RSSI_CHANGED
05-13 20:57:08.918  2807  2912 D NetworkController: onReceive: intent=Intent { act=android.net.wifi.RSSI_CHANGED flg=0x4000010 (has extras) }
05-13 20:57:08.919  1809  3392 I WifiService: getCurrentNetwork uid=1000
05-13 20:57:08.919  1809  3392 D WifiAsyncChannel.WifiService: sendMessageSynchronously sendMessageSynchronously.send message=131335
05-13 20:57:08.922  1809  2342 D WifiClientModeImpl:  ConnectedState screen=on uid=1000 0 0
05-13 20:57:08.922  1809  3392 D WifiAsyncChannel.WifiService: sendMessageSynchronously sendMessageSynchronously.recv message=131335 sendingUid=1000
05-13 20:57:08.939   587   587 E SELinux : avc:  denied  { find } for pid=28392 uid=10228 name=tethering scontext=u:r:vendor_systemhelper_app:s0:c512,c768 tcontext=u:object_r:tethering_service:s0 tclass=service_manager permissive=0
05-13 20:57:08.950 12059 12095 D BufferPoolAccessor2.0: bufferpool2 0xb40000744dd8c628 : 7(26880 size) total buffers - 4(15360 size) used buffers - 190131/190138 (recycle/alloc) - 74/380267 (fetch/transfer)
05-13 20:57:09.101   911 28436 I vendor.qti.hardware.servicetracker@1.2-service: unbindService is called for service : com.google.android.gms/.measurement.service.MeasurementBrokerService and for client com.reddit.frontpage
05-13 20:57:09.102   911 28436 I vendor.qti.hardware.servicetracker@1.2-service: size of service connections for service: com.google.android.gms/.measurement.service.MeasurementBrokerServiceafter removal is 1
