05-13 20:57:14.796  7925 10979 D PMonitor:  onForegroundActivitiesChanged:pid = 2968,activity-uid=10086,foregroundActivities=false
05-13 20:57:14.802   980   980 D SurfaceFlinger: Launcher Changed hasLauncher=0
05-13 20:57:14.803  5296  5296 I GoogleInputMethodService: GoogleInputMethodService.onStartInput():1446 onStartInput(EditorInfo{EditorInfo{packageName=com.yahorzabotsin.openvpnclientgate, inputType=0, inputTypeString=NULL, enableLearning=false, autoCorrection=false, autoComplete=false, imeOptions=0, privateImeOptions=null, actionName=UNSPECIFIED, actionLabel=null, initialSelStart=-1, initialSelEnd=-1, initialCapsMode=0, label=null, fieldId=-1, fieldName=null, extras=null, hintText=null, hintLocales=[]}}, false)
05-13 20:57:14.806  5296  5296 I AndroidIME: LatinIMEBase.updateInputViewCoverNavigation():322 Update input view padding, isNavbarOverInputWindow=false, bottom inset=0
05-13 20:57:14.807  5296  5296 I Module  : DeviceLockedStatusModuleProvider$Module.updateDeviceLockedStatus():103 repeatCheckTimes = 1, locked = false
05-13 20:57:14.810   710   718 E statsd  : Predicate 5980654721335871649 dropping data for dimension key (10)0x2010101->10186[I] (10)0x30000->CastSocketMultiplexer_WakeLock[S] 
05-13 20:57:14.811   710   718 I chatty  : uid=1066(statsd) Binder:710_2 identical 1 line
05-13 20:57:14.811   710   718 E statsd  : Predicate 5980654721335871649 dropping data for dimension key (10)0x2010101->10186[I] (10)0x30000->CastSocketMultiplexer_WakeLock[S] 
05-13 20:57:14.812   710   718 E statsd  : Predicate 5980654721335871649 dropping data for dimension key (10)0x2010101->10186[I] (10)0x30000->CastDeviceController-com.google.android.gms[S] 
05-13 20:57:14.813   710   718 E statsd  : Predicate 5980654721335871649 dropping data for dimension key (10)0x2010101->10186[I] (10)0x30000->CastSocketMultiplexer_WakeLock[S] 
05-13 20:57:14.813   710   718 E statsd  : Predicate 5980654721335871649 dropping data for dimension key (10)0x2010101->10186[I] (10)0x30000->CastDeviceController-com.google.android.gms[S] 
05-13 20:57:14.814   710   718 E statsd  : Predicate 5980654721335871649 dropping data for dimension key (10)0x2010101->10186[I] (10)0x30000->CastSocketMultiplexer_WakeLock[S] 
05-13 20:57:14.815   710   718 I chatty  : uid=1066(statsd) Binder:710_2 identical 2 lines
05-13 20:57:14.815   710   718 E statsd  : Predicate 5980654721335871649 dropping data for dimension key (10)0x2010101->10186[I] (10)0x30000->CastSocketMultiplexer_WakeLock[S] 
05-13 20:57:14.927 11268 11317 D OpenVPNGateApp:ServersV2Repository: getCountries: fetching from network
05-13 20:57:14.946  1809  2342 D WifiClientModeImpl: fetchRssiLinkSpeedAndFrequencyNative rssi=-57 TxLinkspeed=192 freq=2422 RxLinkSpeed=192
05-13 20:57:14.946  1809  2342 D WifiDataStall:  ccaLevel = 80
05-13 20:57:14.947  1809  2342 D WifiDataStall: L2 txTputKbps: 72600, rxTputKbps: 132000, L3 txTputKbps: 45, rxTputKbps: 48, TxTrafficHigh: true, RxTrafficHigh: true, Throughput Sufficient: true
05-13 20:57:14.947  1809  2342 D WifiScoreCard: BSSID update SIGNAL_POLL ID: 1318376645 SSID: PLAY_Swiatlowod_067E_EXT, BSSID: a8:29:48:70:0d:60, MAC: e0:dc:ff:f1:8b:27, Supplicant state: COMPLETED, HE Eight Max VHT Spatial Streams Supported AP: false, Eight Max VHT Spatial streams support: false, Wi-Fi standard: 4, RSSI: -57, Link speed: 192Mbps, Tx Link speed: 192Mbps, Max Supported Tx Link speed: 144Mbps, Rx Link speed: 192Mbps, Max Supported Rx Link speed: 144Mbps, Frequency: 2422MHz, Net ID: 37, Metered hint: false, score: 60
05-13 20:57:14.947  1809  2342 D WifiScoreCard: txRate: 17 txSpeed: 192
05-13 20:57:14.947  1809  2342 D WifiScoreCard: network update SIGNAL_POLL "PLAY_Swiatlowod_067E_EXT" ID: 354541070 RSSI -57 txSpeed 192
05-13 20:57:14.947  1809  2342 D WifiScoreCard: SSID: "PLAY_Swiatlowod_067E_EXT"
05-13 20:57:14.947  1809  2342 D WifiScoreCard:  LastRssiPollTime: 640735394 LastRssiPoll: -57 LastTxSpeedPoll: 192
05-13 20:57:14.947  1809  2342 D WifiScoreCard:  StatsRecent:  ConnectAttempt: 5 ConnectFailure: 0 ConnectDurSec: 255789 AssocRej: 0 AssocTimeout: 0 AuthFailure: 0 ShortDiscNonlocal: 0 DisconnectNonlocal: 0 Disconnect: 0 ConsecutiveConnectFailure: 0
05-13 20:57:14.947  1809  2342 D WifiScoreCard:  StatsCurr:  ConnectAttempt: 423 ConnectFailure: 0 ConnectDurSec: 17091509 AssocRej: 0 AssocTimeout: 0 AuthFailure: 0 ShortDiscNonlocal: 1 DisconnectNonlocal: 41 Disconnect: 200 ConsecutiveConnectFailure: 0
05-13 20:57:14.947  1809  2342 D WifiScoreCard:  StatsPrev:  ConnectAttempt: 0 ConnectFailure: 0 ConnectDurSec: 0 AssocRej: 0 AssocTimeout: 0 AuthFailure: 0 ShortDiscNonlocal: 0 DisconnectNonlocal: 0 Disconnect: 0 ConsecutiveConnectFailure: 0
05-13 20:57:14.948 29339 29365 D QCNEJ/WlanStaInfoRelay: Received action: android.net.wifi.RSSI_CHANGED
05-13 20:57:14.948  2807  2912 D NetworkController: onReceive: intent=Intent { act=android.net.wifi.RSSI_CHANGED flg=0x4000010 (has extras) }
05-13 20:57:14.949  1809  7162 I WifiService: getCurrentNetwork uid=1000
05-13 20:57:14.949  1809  2342 D WifiClientModeImpl:  L2ConnectedState screen=on 826 0 "PLAY_Swiatlowod_067E_EXT" a8:29:48:70:0d:60 rssi=-57 f=2422 sc=60 link=192 tx=9.4, 7.3, 0.0  rx=10.0 bcn=64279 [on:1179 tx:36 rx:30 period:3003] from screen [on:1924647 period:4111639] score=60
05-13 20:57:14.949  1809  7162 D WifiAsyncChannel.WifiService: sendMessageSynchronously sendMessageSynchronously.send message=131335
05-13 20:57:14.949  1809  2342 D WifiClientModeImpl:  ConnectedState screen=on uid=1000 0 0
05-13 20:57:14.949  1809  7162 D WifiAsyncChannel.WifiService: sendMessageSynchronously sendMessageSynchronously.recv message=131335 sendingUid=1000
05-13 20:57:14.995   587   587 E SELinux : avc:  denied  { find } for pid=28392 uid=10228 name=tethering scontext=u:r:vendor_systemhelper_app:s0:c512,c768 tcontext=u:object_r:tethering_service:s0 tclass=service_manager permissive=0
05-13 20:57:15.005 11268 11319 D OpenVPNGateApp:ServersV2SyncCoordinator: syncSelectedCountryServers: no selected country, skipping
05-13 20:57:15.007 11268 11319 I OpenVPNGateApp:ServerRefreshWorker: Periodic server refresh completed
05-13 20:57:15.018 11268 11312 I WM-WorkerWrapper: Worker result SUCCESS for Work [ id=ae465789-1f34-49e3-a6ed-3d8463b6cf05, tags={ com.yahorzabotsin.openvpnclientgate.core.servers.refresh.ServerRefreshWorker,server-list-refresh } ]
05-13 20:57:15.020 11268 11268 D WM-Processor: Processor ae465789-1f34-49e3-a6ed-3d8463b6cf05 executed; reschedule = false
05-13 20:57:15.021 11268 11268 D WM-GreedyScheduler: Stopping tracking for WorkGenerationalId(workSpecId=ae465789-1f34-49e3-a6ed-3d8463b6cf05, generation=0)
05-13 20:57:15.022 11268 11268 D WM-SystemJobService: ae465789-1f34-49e3-a6ed-3d8463b6cf05 executed on JobScheduler
05-13 20:57:15.023   911 28436 I vendor.qti.hardware.servicetracker@1.2-service: unbindService is called for service : com.yahorzabotsin.openvpnclientgate/androidx.work.impl.background.systemjob.SystemJobService and for client system
05-13 20:57:15.023   911 28436 I vendor.qti.hardware.servicetracker@1.2-service: size of service connections for service: com.yahorzabotsin.openvpnclientgate/androidx.work.impl.background.systemjob.SystemJobServiceafter removal is 0
05-13 20:57:15.023   911 28436 I vendor.qti.hardware.servicetracker@1.2-service: size of client connections for client: systemafter removal is 21
05-13 20:57:15.023   710   718 E statsd  : Predicate 5980654721335871649 dropping data for dimension key (10)0x2010101->11201[I] (10)0x30000->*job*/com.yahorzabotsin.openvpnclientgate/androidx.work.impl.background.systemjob.SystemJobService[S] 
05-13 20:57:15.023   911 28436 I vendor.qti.hardware.servicetracker@1.2-service: destroyService is called for service : com.yahorzabotsin.openvpnclientgate/androidx.work.impl.background.systemjob.SystemJobService
05-13 20:57:15.025 11268 11312 D WM-GreedyScheduler: Cancelling work ID ae465789-1f34-49e3-a6ed-3d8463b6cf05
05-13 20:57:15.036 11268 11312 D WM-SystemJobScheduler: Scheduling work ID ae465789-1f34-49e3-a6ed-3d8463b6cf05Job ID 1
05-13 20:57:15.060 11268 11312 D WM-NetworkStateTracker: Unregistering network callback
05-13 20:57:15.075  1809  2340 I MiuiNetworkPolicy: updateUidState uid = 10186, uidState = 3
05-13 20:57:15.075  3757  3834 I BtGatt.ScanManager: msg.what = 6
05-13 20:57:15.078  8788  8805 I FontLog : (REDACTED) Received query %s, URI %s
05-13 20:57:15.078  8788  8805 I FontLog : (REDACTED) Query [%s] resolved to %s
05-13 20:57:15.092  8788  8805 I FontLog : (REDACTED) Fetch %s end status %s
05-13 20:57:15.098  8788  8805 I FontLog : (REDACTED) Pulling font file for id = %d, cache size = %d
05-13 20:57:15.110  8788  8805 I FontLog : (REDACTED) Pulling font file for id = %d, cache size = %d
05-13 20:57:15.196   587   587 E SELinux : avc:  denied  { find } for pid=28392 uid=10228 name=tethering scontext=u:r:vendor_systemhelper_app:s0:c512,c768 tcontext=u:object_r:tethering_service:s0 tclass=service_manager permissive=0
05-13 20:57:15.210 31793  9742 W FA-SVC  : Gms url request failed, app: com.google.android.youtube, GOOGLE_ANALYTICS, m1.nd: Exception in CronetUrlRequest: net::ERR_CONNECTION_REFUSED, ErrorCode=7, InternalErrorCode=-102, Retryable=false
05-13 20:57:15.210 31793  8509 W FA-SVC  : Network upload failed. Will retry later. code, error: 0, m1.nd: Exception in CronetUrlRequest: net::ERR_CONNECTION_REFUSED, ErrorCode=7, InternalErrorCode=-102, Retryable=false
05-13 20:57:15.232  8788  5319 I NetworkScheduler: (REDACTED) Error inserting %s
05-13 20:57:15.251  1809  1868 I RoleManagerService: Granting default roles...
05-13 20:57:15.254  2807  2807 W MiuiFullScreenGestureProxy: packageMonitor   onPackageModified  packageName=com.yahorzabotsin.openvpnclientgate
05-13 20:57:15.255  2807  2807 W MiuiFullScreenGestureProxy: packageMonitor   onPackageModified  packageName=com.yahorzabotsin.openvpnclientgate
05-13 20:57:15.256  3238  3238 D CarrierSvcBindHelper: No carrier app for: 0
05-13 20:57:15.257  3757  3757 D Avrcp_ext: AvrcpServiceBroadcastReceiver-> Action: android.intent.action.PACKAGE_CHANGED
05-13 20:57:15.257  3757  3757 D Avrcp_ext: AvrcpServiceBroadcastReceiver-> packageName: com.yahorzabotsin.openvpnclientgate
05-13 20:57:15.257  3757  4003 V Avrcp_ext: AvrcpMessageHandler: received message=39
05-13 20:57:15.257  3757  4003 D Avrcp_ext: packageName: com.yahorzabotsin.openvpnclientgate removed: false
05-13 20:57:15.259  2807  2807 D LockScreenMagazineController: received broadcast android.intent.action.PACKAGE_CHANGED
05-13 20:57:15.260  3238  3238 D CarrierSvcBindHelper: No carrier app for: 1
05-13 20:57:15.260  3238  3238 D ImsResolver: maybeAddedImsService, packageName: com.yahorzabotsin.openvpnclientgate
05-13 20:57:15.261  2807  2807 D ControlsListingControllerImpl: ServiceConfig reloaded
05-13 20:57:15.262 31182 31182 D AggregateListener: notifyAction action:android.intent.action.PACKAGE_CHANGED
05-13 20:57:15.262  3757  4003 D Avrcp_ext: isBrowsableListUpdated: browsable list size mismatch, true
05-13 20:57:15.262  3757  4003 D Avrcp_ext: buildBrowsablePlayerList 
05-13 20:57:15.263   911 28436 I vendor.qti.hardware.servicetracker@1.2-service: bindService is called for service : com.google.android.permissioncontroller/com.android.permissioncontroller.role.service.RoleControllerServiceImpl and for client system
05-13 20:57:15.263   911 28436 I vendor.qti.hardware.servicetracker@1.2-service: total connections for service : com.google.android.permissioncontroller/com.android.permissioncontroller.role.service.RoleControllerServiceImplare :1
05-13 20:57:15.263   911 28436 I vendor.qti.hardware.servicetracker@1.2-service: total connections for client : systemare :22
05-13 20:57:15.264  1809  1868 D CompatibilityInfo: mCompatibilityFlags - 0
05-13 20:57:15.264  1809  1868 D CompatibilityInfo: applicationDensity - 440
05-13 20:57:15.264  1809  1868 D CompatibilityInfo: applicationScale - 1.0
05-13 20:57:15.265   911 28436 I vendor.qti.hardware.servicetracker@1.2-service: startService() is called for servicecom.google.android.permissioncontroller/com.android.permissioncontroller.role.service.RoleControllerServiceImpl
05-13 20:57:15.266  1809  2340 I MiuiNetworkPolicy: updateUidState uid = 10238, uidState = 6
05-13 20:57:15.272  1809  3266 D CompatibilityInfo: mCompatibilityFlags - 0
05-13 20:57:15.272  1809  3266 D CompatibilityInfo: applicationDensity - 440
05-13 20:57:15.272  1809  3266 D CompatibilityInfo: applicationScale - 1.0
05-13 20:57:15.272  6207  6207 W RegisteredComponentCache: Unable to load component info ResolveInfo{cc9dbfc com.mxtech.videoplayer.ad/in.juspay.hypernfc.NfcActivity m=0x108000}
05-13 20:57:15.272  6207  6207 W RegisteredComponentCache: org.xmlpull.v1.XmlPullParserException: No android.nfc.action.TECH_DISCOVERED meta-data
05-13 20:57:15.272  6207  6207 W RegisteredComponentCache: 	at com.android.nfc.RegisteredComponentCache.parseComponentInfo(RegisteredComponentCache.java:186)
05-13 20:57:15.272  6207  6207 W RegisteredComponentCache: 	at com.android.nfc.RegisteredComponentCache.generateComponentsList(RegisteredComponentCache.java:161)
05-13 20:57:15.272  6207  6207 W RegisteredComponentCache: 	at com.android.nfc.RegisteredComponentCache$1.onReceive(RegisteredComponentCache.java:66)
05-13 20:57:15.272  6207  6207 W RegisteredComponentCache: 	at android.app.LoadedApk$ReceiverDispatcher$Args.lambda$getRunnable$0$LoadedApk$ReceiverDispatcher$Args(LoadedApk.java:1564)
05-13 20:57:15.272  6207  6207 W RegisteredComponentCache: 	at android.app.-$$Lambda$LoadedApk$ReceiverDispatcher$Args$_BumDX2UKsnxLVrE6UJsJZkotuA.run(Unknown Source:2)
05-13 20:57:15.272  6207  6207 W RegisteredComponentCache: 	at android.os.Handler.handleCallback(Handler.java:938)
05-13 20:57:15.272  6207  6207 W RegisteredComponentCache: 	at android.os.Handler.dispatchMessage(Handler.java:99)
05-13 20:57:15.272  6207  6207 W RegisteredComponentCache: 	at android.os.Looper.loop(Looper.java:236)
05-13 20:57:15.272  6207  6207 W RegisteredComponentCache: 	at android.app.ActivityThread.main(ActivityThread.java:8061)
05-13 20:57:15.272  6207  6207 W RegisteredComponentCache: 	at java.lang.reflect.Method.invoke(Native Method)
05-13 20:57:15.272  6207  6207 W RegisteredComponentCache: 	at com.android.internal.os.RuntimeInit$MethodAndArgsCaller.run(RuntimeInit.java:656)
05-13 20:57:15.272  6207  6207 W RegisteredComponentCache: 	at com.android.internal.os.ZygoteInit.main(ZygoteInit.java:967)
05-13 20:57:15.273  6207  6207 W RegisteredComponentCache: Unable to load component info ResolveInfo{e74e8da com.paysend.app/com.paysend.ui.card.nfc.NFCScanCardActivity m=0x108000}
05-13 20:57:15.273  6207  6207 W RegisteredComponentCache: org.xmlpull.v1.XmlPullParserException: No android.nfc.action.TECH_DISCOVERED meta-data
05-13 20:57:15.273  6207  6207 W RegisteredComponentCache: 	at com.android.nfc.RegisteredComponentCache.parseComponentInfo(RegisteredComponentCache.java:186)
05-13 20:57:15.273  6207  6207 W RegisteredComponentCache: 	at com.android.nfc.RegisteredComponentCache.generateComponentsList(RegisteredComponentCache.java:161)
05-13 20:57:15.273  6207  6207 W RegisteredComponentCache: 	at com.android.nfc.RegisteredComponentCache$1.onReceive(RegisteredComponentCache.java:66)
05-13 20:57:15.273  6207  6207 W RegisteredComponentCache: 	at android.app.LoadedApk$ReceiverDispatcher$Args.lambda$getRunnable$0$LoadedApk$ReceiverDispatcher$Args(LoadedApk.java:1564)
05-13 20:57:15.273  6207  6207 W RegisteredComponentCache: 	at android.app.-$$Lambda$LoadedApk$ReceiverDispatcher$Args$_BumDX2UKsnxLVrE6UJsJZkotuA.run(Unknown Source:2)
05-13 20:57:15.273  6207  6207 W RegisteredComponentCache: 	at android.os.Handler.handleCallback(Handler.java:938)
05-13 20:57:15.273  6207  6207 W RegisteredComponentCache: 	at android.os.Handler.dispatchMessage(Handler.java:99)
05-13 20:57:15.273  6207  6207 W RegisteredComponentCache: 	at android.os.Looper.loop(Looper.java:236)
05-13 20:57:15.273  6207  6207 W RegisteredComponentCache: 	at android.app.ActivityThread.main(ActivityThread.java:8061)
05-13 20:57:15.273  6207  6207 W RegisteredComponentCache: 	at java.lang.reflect.Method.invoke(Native Method)
05-13 20:57:15.273  6207  6207 W RegisteredComponentCache: 	at com.android.internal.os.RuntimeInit$MethodAndArgsCaller.run(RuntimeInit.java:656)
05-13 20:57:15.273  6207  6207 W RegisteredComponentCache: 	at com.android.internal.os.ZygoteInit.main(ZygoteInit.java:967)
05-13 20:57:15.273   911 28436 I vendor.qti.hardware.servicetracker@1.2-service: startService() is called for servicecom.google.android.gms/.chimera.PersistentIntentOperationService
05-13 20:57:15.280   808  3967 I vendor.qti.bluetooth@1.0-ibs_handler: ProcessIbsCmd: Received IBS_WAKE_IND: 0xFD
05-13 20:57:15.281   808  3967 D vendor.qti.bluetooth@1.0-ibs_handler: SerialClockVote: vote for UART CLK ON
05-13 20:57:15.281   808  3967 D vendor.qti.bluetooth@1.0-wake_lock: Acquire wakelock is acquired 
05-13 20:57:15.281   808  3967 I vendor.qti.bluetooth@1.0-ibs_handler: ProcessIbsCmd: Writing IBS_WAKE_ACK
05-13 20:57:15.282  3757  3971 V bt_stack: [VERBOSE1:btm_ble_gap.cc(1924)] btm_ble_process_ext_adv_pkt: bda=34:fa:1c:26:17:40
05-13 20:57:15.282  3757  3971 V bt_stack: [VERBOSE1:btm_ble_gap.cc(1848)] btm_ble_process_adv_addr: bda=34:fa:1c:26:17:40
05-13 20:57:15.282  3757  3971 V bt_stack: [VERBOSE1:btm_ble_gap.cc(2058)]  Waiting for scan response 34:fa:1c:26:17:40
05-13 20:57:15.290  3757  4003 V Avrcp_ext: getMediaPlayerInfo: Found com.miui.player
05-13 20:57:15.290  3757  4003 V Avrcp_ext: isBrowseSupported for com.miui.player: false
05-13 20:57:15.292  3757  4003 D Avrcp_ext: Adding media player info for com.miui.player with id 2
05-13 20:57:15.292  3757  4003 D Avrcp_ext: update #2:MediaPlayerInfo com.miui.player (as 'Music') Type = 1, SubType = 0, Status = 0 Feature Bits [40 41 42 44 45 47 48 58] Controller: null
05-13 20:57:15.292  3757  4003 D Avrcp_ext: Added MediaPlayerController/MediaPlayerPackage
05-13 20:57:15.292  3757  4003 V Avrcp_ext: getMediaPlayerInfo: Found com.google.android.googlequicksearchbox
05-13 20:57:15.292  3757  4003 V Avrcp_ext: isBrowseSupported for com.google.android.googlequicksearchbox: false
05-13 20:57:15.293  3757  4003 D Avrcp_ext: Adding media player info for com.google.android.googlequicksearchbox with id 3
05-13 20:57:15.293  3757  4003 D Avrcp_ext: update #3:MediaPlayerInfo com.google.android.googlequicksearchbox (as 'Google') Type = 1, SubType = 0, Status = 0 Feature Bits [40 41 42 44 45 47 48 58] Controller: null
05-13 20:57:15.293  3757  4003 D Avrcp_ext: Added MediaPlayerController/MediaPlayerPackage
05-13 20:57:15.293  3757  4003 V Avrcp_ext: getMediaPlayerInfo: Found com.google.android.youtube
05-13 20:57:15.293  3757  4003 V Avrcp_ext: isBrowseSupported for com.google.android.youtube: false
05-13 20:57:15.294  3757  4003 D Avrcp_ext: Adding media player info for com.google.android.youtube with id 4
05-13 20:57:15.294  3757  4003 D Avrcp_ext: update #4:MediaPlayerInfo com.google.android.youtube (as 'YouTube') Type = 1, SubType = 0, Status = 0 Feature Bits [40 41 42 44 45 47 48 58] Controller: null
05-13 20:57:15.295  3757  4003 D Avrcp_ext: Added MediaPlayerController/MediaPlayerPackage
05-13 20:57:15.295  3757  4003 V Avrcp_ext: getMediaPlayerInfo: Found com.miui.videoplayer
05-13 20:57:15.295  3757  4003 V Avrcp_ext: isBrowseSupported for com.miui.videoplayer: false
05-13 20:57:15.296  3757  4003 D Avrcp_ext: Adding media player info for com.miui.videoplayer with id 5
05-13 20:57:15.296  3757  4003 D Avrcp_ext: update #5:MediaPlayerInfo com.miui.videoplayer (as 'Mi Video') Type = 1, SubType = 0, Status = 0 Feature Bits [40 41 42 44 45 47 48 58] Controller: null
05-13 20:57:15.296  3757  4003 D Avrcp_ext: Added MediaPlayerController/MediaPlayerPackage
05-13 20:57:15.296  3757  4003 V Avrcp_ext: getMediaPlayerInfo: Found com.miui.videoplayer
05-13 20:57:15.296  3757  4003 V Avrcp_ext: isBrowseSupported for com.miui.videoplayer: false
05-13 20:57:15.296  1809  7123 D CompatibilityInfo: mCompatibilityFlags - 0
05-13 20:57:15.296  1809  7123 D CompatibilityInfo: applicationDensity - 440
05-13 20:57:15.296  1809  7123 D CompatibilityInfo: applicationScale - 1.0
05-13 20:57:15.297   911 28436 I vendor.qti.hardware.servicetracker@1.2-service: startService() is called for servicecom.google.android.gms/.chimera.GmsIntentOperationService
05-13 20:57:15.297  3757  4003 D Avrcp_ext: Adding media player info for com.miui.videoplayer with id 5
05-13 20:57:15.297  3757  4003 D Avrcp_ext: update #5:MediaPlayerInfo com.miui.videoplayer (as 'Mi Video') Type = 1, SubType = 0, Status = 0 Feature Bits [40 41 42 44 45 47 48 58] Controller: null
05-13 20:57:15.297  3757  4003 D Avrcp_ext: Added MediaPlayerController/MediaPlayerPackage
05-13 20:57:15.297  3757  4003 V Avrcp_ext: getMediaPlayerInfo: Found com.miui.videoplayer
05-13 20:57:15.297  3757  4003 V Avrcp_ext: isBrowseSupported for com.miui.videoplayer: false
05-13 20:57:15.299  3757  4003 D Avrcp_ext: Adding media player info for com.miui.videoplayer with id 5
05-13 20:57:15.299  3757  4003 D Avrcp_ext: update #5:MediaPlayerInfo com.miui.videoplayer (as 'Mi Video') Type = 1, SubType = 0, Status = 0 Feature Bits [40 41 42 44 45 47 48 58] Controller: null
05-13 20:57:15.299  3757  4003 D Avrcp_ext: Added MediaPlayerController/MediaPlayerPackage
05-13 20:57:15.299  3757  4003 V Avrcp_ext: getMediaPlayerInfo: Found com.bookmate
05-13 20:57:15.299  3757  4003 V Avrcp_ext: isBrowseSupported for com.bookmate: false
05-13 20:57:15.301  3757  4003 D Avrcp_ext: Adding media player info for com.bookmate with id 6
05-13 20:57:15.301  3757  4003 D Avrcp_ext: update #6:MediaPlayerInfo com.bookmate (as 'Bookmate') Type = 1, SubType = 0, Status = 0 Feature Bits [40 41 42 44 45 47 48 58] Controller: null
05-13 20:57:15.301  3757  4003 D Avrcp_ext: Added MediaPlayerController/MediaPlayerPackage
05-13 20:57:15.301  3757  4003 V Avrcp_ext: getMediaPlayerInfo: Found com.google.android.apps.books
05-13 20:57:15.301  3757  4003 V Avrcp_ext: isBrowseSupported for com.google.android.apps.books: false
05-13 20:57:15.309  3757  4003 D Avrcp_ext: Adding media player info for com.google.android.apps.books with id 7
05-13 20:57:15.309  3757  4003 D Avrcp_ext: update #7:MediaPlayerInfo com.google.android.apps.books (as 'Google Play Books') Type = 1, SubType = 0, Status = 0 Feature Bits [40 41 42 44 45 47 48 58] Controller: null
05-13 20:57:15.309  3757  4003 D Avrcp_ext: Added MediaPlayerController/MediaPlayerPackage
05-13 20:57:15.309  3757  4003 V Avrcp_ext: getMediaPlayerInfo: Found com.google.android.apps.labs.language.tailwind
05-13 20:57:15.310  3757  4003 V Avrcp_ext: isBrowseSupported for com.google.android.apps.labs.language.tailwind: false
05-13 20:57:15.310   972  1554 D AF::TrackHandle: OpPlayAudio: track:225 usage:3 not muted
05-13 20:57:15.311  3757  4003 D Avrcp_ext: Adding media player info for com.google.android.apps.labs.language.tailwind with id 8
05-13 20:57:15.311  3757  4003 D Avrcp_ext: update #8:MediaPlayerInfo com.google.android.apps.labs.language.tailwind (as 'NotebookLM') Type = 1, SubType = 0, Status = 0 Feature Bits [40 41 42 44 45 47 48 58] Controller: null
05-13 20:57:15.311  3757  4003 D Avrcp_ext: Added MediaPlayerController/MediaPlayerPackage
05-13 20:57:15.311  3757  4003 V Avrcp_ext: getMediaPlayerInfo: Found com.google.android.apps.youtube.music
05-13 20:57:15.311  3757  4003 V Avrcp_ext: isBrowseSupported for com.google.android.apps.youtube.music: false
05-13 20:57:15.314  3757  4003 D Avrcp_ext: Adding media player info for com.google.android.apps.youtube.music with id 9
05-13 20:57:15.314  3757  4003 D Avrcp_ext: update #9:MediaPlayerInfo com.google.android.apps.youtube.music (as 'YouTube Music') Type = 1, SubType = 0, Status = 0 Feature Bits [40 41 42 44 45 47 48 58] Controller: null
05-13 20:57:15.314  3757  4003 D Avrcp_ext: Added MediaPlayerController/MediaPlayerPackage
05-13 20:57:15.314  3757  4003 V Avrcp_ext: getMediaPlayerInfo: Found com.microsoft.skydrive
05-13 20:57:15.314  3757  4003 V Avrcp_ext: isBrowseSupported for com.microsoft.skydrive: false
05-13 20:57:15.314  3757  4003 D Avrcp_ext: Adding media player info for com.microsoft.skydrive with id 10
05-13 20:57:15.314  3757  4003 D Avrcp_ext: update #10:MediaPlayerInfo com.microsoft.skydrive (as 'OneDrive') Type = 1, SubType = 0, Status = 0 Feature Bits [40 41 42 44 45 47 48 58] Controller: null
05-13 20:57:15.314  3757  4003 D Avrcp_ext: Added MediaPlayerController/MediaPlayerPackage
05-13 20:57:15.315  3757  4003 V Avrcp_ext: getMediaPlayerInfo: Found com.shazam.android
05-13 20:57:15.315  3757  4003 V Avrcp_ext: isBrowseSupported for com.shazam.android: false
05-13 20:57:15.315  3757  4003 D Avrcp_ext: Adding media player info for com.shazam.android with id 11
05-13 20:57:15.315  3757  4003 D Avrcp_ext: update #11:MediaPlayerInfo com.shazam.android (as 'Shazam') Type = 1, SubType = 0, Status = 0 Feature Bits [40 41 42 44 45 47 48 58] Controller: null
05-13 20:57:15.315  3757  4003 D Avrcp_ext: Added MediaPlayerController/MediaPlayerPackage
05-13 20:57:15.315  3757  4003 V Avrcp_ext: getMediaPlayerInfo: Found com.spotify.music
05-13 20:57:15.315  3757  4003 V Avrcp_ext: isBrowseSupported for com.spotify.music: false
05-13 20:57:15.316  3757  4003 D Avrcp_ext: Adding media player info for com.spotify.music with id 12
05-13 20:57:15.316  3757  4003 D Avrcp_ext: update #12:MediaPlayerInfo com.spotify.music (as 'Spotify') Type = 1, SubType = 0, Status = 0 Feature Bits [40 41 42 44 45 47 48 58] Controller: null
05-13 20:57:15.316  3757  4003 D Avrcp_ext: Added MediaPlayerController/MediaPlayerPackage
05-13 20:57:15.316  3757  4003 V Avrcp_ext: getMediaPlayerInfo: Found ru.yandex.music
05-13 20:57:15.317  3757  4003 V Avrcp_ext: isBrowseSupported for ru.yandex.music: false
05-13 20:57:15.319  3757  4003 D Avrcp_ext: Adding media player info for ru.yandex.music with id 1
05-13 20:57:15.320   972  1554 D AF::TrackHandle: OpPlayAudio: track:225 usage:3 not muted
05-13 20:57:15.320  3757  4003 D Avrcp_ext: update #1:MediaPlayerInfo ru.yandex.music (as 'Yandex Music') Type = 1, SubType = 0, Status = 2 Feature Bits [40 41 42 44 45 47 48 58] Controller: MediaController (ru.yandex.music@d14b89d) Scene Of The Crime, Placebo, null
05-13 20:57:15.320  3757  4003 V Avrcp_ext: updateNewIds: Addressed:1 to 1, Browse:-1 to -1
05-13 20:57:15.321   808  3967 I vendor.qti.bluetooth@1.0-ibs_handler: ProcessIbsCmd: Received IBS_SLEEP_IND: 0xFE
05-13 20:57:15.321   808  3967 D vendor.qti.bluetooth@1.0-ibs_handler: SerialClockVote: vote for UART CLK OFF
05-13 20:57:15.322  3757  4003 D Avrcp_ext: updateCurrentController: MediaController (ru.yandex.music@d14b89d) Scene Of The Crime, Placebo, null to MediaController (ru.yandex.music@d14b89d) Scene Of The Crime, Placebo, null
05-13 20:57:15.322 31793 11336 I ComponentChangedIO: Feature is not enabled, skipping component changed intent operation [CONTEXT service_id=469 ]
05-13 20:57:15.328  1549 12106 D BufferPoolAccessor2.0: bufferpool2 0xb40000771613fc28 : 6(144000 size) total buffers - 1(24000 size) used buffers - 190448/190454 (recycle/alloc) - 87/190452 (fetch/transfer)
05-13 20:57:15.329  1809  1835 W System  : A resource failed to call release. 
05-13 20:57:15.329  1809  1835 W System  : A resource failed to call release. 
05-13 20:57:15.330  3757  4003 V Avrcp_ext: updateCurrentMediaState: mMediaController: MediaController (ru.yandex.music@d14b89d) Scene Of The Crime, Placebo, null
05-13 20:57:15.333   972  1554 D AF::TrackHandle: OpPlayAudio: track:225 usage:3 not muted
05-13 20:57:15.338  3757  4003 V Avrcp_ext: isMusicActive: false getBluetoothPlayState: 2
05-13 20:57:15.338  3757  4003 V Avrcp_ext: updateCurrentMediaState: isPlaying = false
05-13 20:57:15.339  3757  4003 V Avrcp_ext: updateCurrentMediaState: get media attributes: 
05-13 20:57:15.339  3757  4003 D Avrcp_ext:  albumName :Loud Like Love device :null
05-13 20:57:15.339  3757  4003 V Avrcp_ext: Media update: id 36тЮб36? [MediaAttributes: SтЛпe - LтЛпe by PтЛпo (207690 0/0) ] : [MediaAttributes: SтЛпe - LтЛпe by PтЛпo (207690 0/0) ]
05-13 20:57:15.340  3757  4003 D Avrcp_ext: isPackageNameValid: browsedPackage = ru.yandex.musicisValid = true
05-13 20:57:15.340  3757  4003 V Avrcp_ext: isBrowseSupported for ru.yandex.music: false
05-13 20:57:15.340  3757  4003 V Avrcp_ext: newPlayStatus:2mReportedPlayStatus:2
05-13 20:57:15.340  3757  4003 V Avrcp_ext: updatePlaybackState, state: PlaybackState {state=2, position=161904, buffered position=0, speed=0.0, updated=628738865, actions=524285, custom actions=[Action:mName='Dislike Not selected, mIcon=2131231430, mExtras=Bundle[EMPTY_PARCEL], Action:mName='Like Not selected, mIcon=2131231521, mExtras=Bundle[EMPTY_PARCEL]], active item id=36, error=null} device: null
05-13 20:57:15.340  3757  4003 V Avrcp_ext: Device: no name: 
05-13 20:57:15.340  3757  4003 I chatty  : uid=1002(bluetooth) BluetoothAvrcpH identical 3 lines
05-13 20:57:15.340  3757  4003 V Avrcp_ext: Device: no name: 
05-13 20:57:15.340  3757  4003 V Avrcp_ext: updatePlayerStateAndPosition, old=PlaybackState {state=2, position=161904, buffered position=0, speed=0.0, updated=628738865, actions=524285, custom actions=[Action:mName='Dislike Not selected, mIcon=2131231430, mExtras=Bundle[EMPTY_PARCEL], Action:mName='Like Not selected, mIcon=2131231521, mExtras=Bundle[EMPTY_PARCEL]], active item id=36, error=null}, state=PlaybackState {state=2, position=161904, buffered position=0, speed=0.0, updated=628738865, actions=524285, custom actions=[Action:mName='Dislike Not selected, mIcon=2131231430, mExtras=Bundle[EMPTY_PARCEL], Action:mName='Like Not selected, mIcon=2131231521, mExtras=Bundle[EMPTY_PARCEL]], active item id=36, error=null}
05-13 20:57:15.340  3757  4003 V Avrcp_ext: old state = PlaybackState {state=2, position=161904, buffered position=0, speed=0.0, updated=628738865, actions=524285, custom actions=[Action:mName='Dislike Not selected, mIcon=2131231430, mExtras=Bundle[EMPTY_PARCEL], Action:mName='Like Not selected, mIcon=2131231521, mExtras=Bundle[EMPTY_PARCEL]], active item id=36, error=null}, new state= PlaybackState {state=2, position=161904, buffered position=0, speed=0.0, updated=628738865, actions=524285, custom actions=[Action:mName='Dislike Not selected, mIcon=2131231430, mExtras=Bundle[EMPTY_PARCEL], Action:mName='Like Not selected, mIcon=2131231521, mExtras=Bundle[EMPTY_PARCEL]], active item id=36, error=null}
05-13 20:57:15.340  3757  4003 D HeadsetService: getHeadsetService(): returning com.android.bluetooth.hfp.HeadsetService@55f6499
05-13 20:57:15.340  3757  4003 D HeadsetService:  isAudioOn: The number of audio connected devices 0
05-13 20:57:15.340  3757  4003 D HeadsetService: isScoOrCallActive(): Call Active:falseCall is Ringing:falseSCO is Active:false
05-13 20:57:15.341  3757  4003 D HeadsetService:  isAudioOn: The number of audio connected devices 0
05-13 20:57:15.341  3757  4003 I Avrcp_ext: updatePlayStatusForDevice: device: null
05-13 20:57:15.341  3757  4003 V Avrcp_ext: updatePlaybackState (1): old=PlaybackState {state=2, position=161904, buffered position=0, speed=0.0, updated=628738865, actions=524285, custom actions=[Action:mName='Dislike Not selected, mIcon=2131231430, mExtras=Bundle[EMPTY_PARCEL], Action:mName='Like Not selected, mIcon=2131231521, mExtras=Bundle[EMPTY_PARCEL]], active item id=36, error=null}(2), new=PlaybackState {state=2, position=161904, buffered position=0, speed=0.0, updated=628738865, actions=524285, custom actions=[Action:mName='Dislike Not selected, mIcon=2131231430, mExtras=Bundle[EMPTY_PARCEL], Action:mName='Like Not selected, mIcon=2131231521, mExtras=Bundle[EMPTY_PARCEL]], active item id=36, error=null}(2)
05-13 20:57:15.341  3757  4003 I Avrcp_ext: Exit updatePlayStatusForDevice
05-13 20:57:15.341  3757  4003 D HeadsetService:  isAudioOn: The number of audio connected devices 0
05-13 20:57:15.341  3757  4003 D HeadsetService: isScoOrCallActive(): Call Active:falseCall is Ringing:falseSCO is Active:false
05-13 20:57:15.341  3757  4003 D HeadsetService:  isAudioOn: The number of audio connected devices 0
05-13 20:57:15.341  3757  4003 I Avrcp_ext: updatePlayStatusForDevice: device: null
05-13 20:57:15.342  3757  4003 V Avrcp_ext: updatePlaybackState (1): old=PlaybackState {state=2, position=161904, buffered position=0, speed=0.0, updated=628738865, actions=524285, custom actions=[Action:mName='Dislike Not selected, mIcon=2131231430, mExtras=Bundle[EMPTY_PARCEL], Action:mName='Like Not selected, mIcon=2131231521, mExtras=Bundle[EMPTY_PARCEL]], active item id=36, error=null}(2), new=PlaybackState {state=2, position=161904, buffered position=0, speed=0.0, updated=628738865, actions=524285, custom actions=[Action:mName='Dislike Not selected, mIcon=2131231430, mExtras=Bundle[EMPTY_PARCEL], Action:mName='Like Not selected, mIcon=2131231521, mExtras=Bundle[EMPTY_PARCEL]], active item id=36, error=null}(2)
05-13 20:57:15.342  3757  4003 I Avrcp_ext: Exit updatePlayStatusForDevice
05-13 20:57:15.342   972  1554 D AF::TrackHandle: OpPlayAudio: track:225 usage:3 not muted
05-13 20:57:15.342  3757  4003 D HeadsetService:  isAudioOn: The number of audio connected devices 0
05-13 20:57:15.342  3757  4003 D HeadsetService: isScoOrCallActive(): Call Active:falseCall is Ringing:falseSCO is Active:false
05-13 20:57:15.344  3757  4003 D HeadsetService:  isAudioOn: The number of audio connected devices 0
05-13 20:57:15.344  3757  4003 I Avrcp_ext: updatePlayStatusForDevice: device: null
05-13 20:57:15.344  3757  4003 V Avrcp_ext: updatePlaybackState (1): old=PlaybackState {state=2, position=161904, buffered position=0, speed=0.0, updated=628738865, actions=524285, custom actions=[Action:mName='Dislike Not selected, mIcon=2131231430, mExtras=Bundle[EMPTY_PARCEL], Action:mName='Like Not selected, mIcon=2131231521, mExtras=Bundle[EMPTY_PARCEL]], active item id=36, error=null}(2), new=PlaybackState {state=2, position=161904, buffered position=0, speed=0.0, updated=628738865, actions=524285, custom actions=[Action:mName='Dislike Not selected, mIcon=2131231430, mExtras=Bundle[EMPTY_PARCEL], Action:mName='Like Not selected, mIcon=2131231521, mExtras=Bundle[EMPTY_PARCEL]], active item id=36, error=null}(2)
05-13 20:57:15.344  3757  4003 I Avrcp_ext: Exit updatePlayStatusForDevice
05-13 20:57:15.344  3757  4003 D HeadsetService:  isAudioOn: The number of audio connected devices 0
05-13 20:57:15.344  3757  4003 D HeadsetService: isScoOrCallActive(): Call Active:falseCall is Ringing:falseSCO is Active:false
05-13 20:57:15.345   972  1554 D AF::TrackHandle: OpPlayAudio: track:225 usage:3 not muted
05-13 20:57:15.345  3757  4003 D HeadsetService:  isAudioOn: The number of audio connected devices 0
05-13 20:57:15.345  3757  4003 I Avrcp_ext: updatePlayStatusForDevice: device: null
05-13 20:57:15.345  3757  4003 V Avrcp_ext: updatePlaybackState (1): old=PlaybackState {state=2, position=161904, buffered position=0, speed=0.0, updated=628738865, actions=524285, custom actions=[Action:mName='Dislike Not selected, mIcon=2131231430, mExtras=Bundle[EMPTY_PARCEL], Action:mName='Like Not selected, mIcon=2131231521, mExtras=Bundle[EMPTY_PARCEL]], active item id=36, error=null}(2), new=PlaybackState {state=2, position=161904, buffered position=0, speed=0.0, updated=628738865, actions=524285, custom actions=[Action:mName='Dislike Not selected, mIcon=2131231430, mExtras=Bundle[EMPTY_PARCEL], Action:mName='Like Not selected, mIcon=2131231521, mExtras=Bundle[EMPTY_PARCEL]], active item id=36, error=null}(2)
05-13 20:57:15.345  3757  4003 I Avrcp_ext: Exit updatePlayStatusForDevice
05-13 20:57:15.345  3757  4003 D HeadsetService:  isAudioOn: The number of audio connected devices 0
05-13 20:57:15.345  3757  4003 D HeadsetService: isScoOrCallActive(): Call Active:falseCall is Ringing:falseSCO is Active:false
05-13 20:57:15.346  3757  4003 D HeadsetService:  isAudioOn: The number of audio connected devices 0
05-13 20:57:15.346  3757  4003 I Avrcp_ext: updatePlayStatusForDevice: device: null
05-13 20:57:15.346  3757  4003 V Avrcp_ext: updatePlaybackState (1): old=PlaybackState {state=2, position=161904, buffered position=0, speed=0.0, updated=628738865, actions=524285, custom actions=[Action:mName='Dislike Not selected, mIcon=2131231430, mExtras=Bundle[EMPTY_PARCEL], Action:mName='Like Not selected, mIcon=2131231521, mExtras=Bundle[EMPTY_PARCEL]], active item id=36, error=null}(2), new=PlaybackState {state=2, position=161904, buffered position=0, speed=0.0, updated=628738865, actions=524285, custom actions=[Action:mName='Dislike Not selected, mIcon=2131231430, mExtras=Bundle[EMPTY_PARCEL], Action:mName='Like Not selected, mIcon=2131231521, mExtras=Bundle[EMPTY_PARCEL]], active item id=36, error=null}(2)
05-13 20:57:15.346  3757  4003 I Avrcp_ext: Exit updatePlayStatusForDevice
05-13 20:57:15.346  3757  4003 D Avrcp_ext: Enter sendPlayPosNotificationRsp
05-13 20:57:15.346  3757  4003 D Avrcp_ext: sendPlayPosNotificationRsp: Not registered or requesting.
05-13 20:57:15.346  3757  4003 D Avrcp_ext: Enter sendPlayPosNotificationRsp
05-13 20:57:15.346  3757  4003 D Avrcp_ext: sendPlayPosNotificationRsp: Not registered or requesting.
05-13 20:57:15.346  3757  4003 D Avrcp_ext: Enter sendPlayPosNotificationRsp
05-13 20:57:15.346  3757  4003 D Avrcp_ext: sendPlayPosNotificationRsp: Not registered or requesting.
05-13 20:57:15.346  3757  4003 D Avrcp_ext: Enter sendPlayPosNotificationRsp
05-13 20:57:15.346  3757  4003 D Avrcp_ext: sendPlayPosNotificationRsp: Not registered or requesting.
05-13 20:57:15.346  3757  4003 D Avrcp_ext: Enter sendPlayPosNotificationRsp
05-13 20:57:15.346  3757  4003 D Avrcp_ext: sendPlayPosNotificationRsp: Not registered or requesting.
05-13 20:57:15.346  3757  4003 V Avrcp_ext: Exit updatePlayerStateAndPosition
05-13 20:57:15.346  3757  4003 D Avrcp_ext: Added MediaPlayerController/MediaPlayerPackage
05-13 20:57:15.346  3757  4003 V Avrcp_ext: getMediaPlayerInfo: Found ru.yandex.searchplugin
05-13 20:57:15.346  3757  4003 V Avrcp_ext: isBrowseSupported for ru.yandex.searchplugin: false
05-13 20:57:15.346  6207  6207 E ApduServiceInfo: Not adding <aid-group> with empty or invalid AIDs
05-13 20:57:15.346  6207  6207 D RegisteredServicesCache:  Reading service state data always from file
05-13 20:57:15.350  3757  4003 D Avrcp_ext: Adding media player info for ru.yandex.searchplugin with id 13
05-13 20:57:15.350  3757  4003 D Avrcp_ext: update #13:MediaPlayerInfo ru.yandex.searchplugin (as 'Yandex Start') Type = 1, SubType = 0, Status = 0 Feature Bits [40 41 42 44 45 47 48 58] Controller: null
05-13 20:57:15.350  3757  4003 D Avrcp_ext: Added MediaPlayerController/MediaPlayerPackage
05-13 20:57:15.352  6207  6207 D RegisteredServicesCache: ServiceStateFileVersion=1.0
05-13 20:57:15.352  6207  6207 E RegisteredServicesCache: Next Tag=services
05-13 20:57:15.352  6207  6207 D RegisteredServicesCache:  curr component com.google.android.gms/com.google.android.gms.nearby.mediums.nearfieldcommunication.NfcAdvertisingService
05-13 20:57:15.352  6207  6207 D RegisteredServicesCache:  curr uid 10186
05-13 20:57:15.352  6207  6207 D RegisteredServicesCache:  curr state 2
05-13 20:57:15.352  6207  6207 E RegisteredServicesCache: installedServices no uidString 
05-13 20:57:15.352  6207  6207 D RegisteredServicesCache:  curr component com.google.android.gms/com.google.android.gms.fido.fido2.ui.hybrid.NfcEmulationService
05-13 20:57:15.352  6207  6207 D RegisteredServicesCache:  curr uid 10186
05-13 20:57:15.352  6207  6207 D RegisteredServicesCache:  curr state 2
05-13 20:57:15.352  6207  6207 E RegisteredServicesCache: installedServices contains uidString : 10186
05-13 20:57:15.352  6207  6207 D RegisteredServicesCache:  curr component com.google.android.gms/com.google.android.gms.pay.hce.service.PayHceService
05-13 20:57:15.352  6207  6207 D RegisteredServicesCache:  curr uid 10186
05-13 20:57:15.352  6207  6207 D RegisteredServicesCache:  curr state 2
05-13 20:57:15.352  6207  6207 E RegisteredServicesCache: installedServices contains uidString : 10186
05-13 20:57:15.352  6207  6207 D RegisteredServicesCache:  curr component pl.com.rossmann.centauros/pl.com.rossmann.centauros.crm.service.CardService
05-13 20:57:15.352  6207  6207 D RegisteredServicesCache:  curr uid 10518
05-13 20:57:15.352  6207  6207 D RegisteredServicesCache:  curr state 2
05-13 20:57:15.352  6207  6207 E RegisteredServicesCache: installedServices no uidString 
05-13 20:57:15.352  6207  6207 D RegisteredServicesCache:  curr component com.google.android.gms/com.google.android.gms.dck.service.DckNfcApduService
05-13 20:57:15.352  6207  6207 D RegisteredServicesCache:  curr uid 10186
05-13 20:57:15.352  6207  6207 D RegisteredServicesCache:  curr state 2
05-13 20:57:15.352  6207  6207 E RegisteredServicesCache: installedServices contains uidString : 10186
05-13 20:57:15.352  6207  6207 D RegisteredServicesCache:  curr component com.google.android.gms/com.google.android.gms.fido.fido2.ui.hybrid.NfcEmulationService
05-13 20:57:15.352  6207  6207 D RegisteredServicesCache:  curr uid 99910186
05-13 20:57:15.352  6207  6207 D RegisteredServicesCache:  curr state 2
05-13 20:57:15.352  6207  6207 E RegisteredServicesCache: installedServices no uidString 
05-13 20:57:15.353  6207  6207 E RegisteredServicesCache: 1invalidateCache:WriteServiceStateToFile
05-13 20:57:15.353  6207  6207 E RegisteredServicesCache:  Writing service state Data Always
05-13 20:57:15.353  3757  4003 V Avrcp_ext: updateCurrentMediaState: mMediaController: MediaController (ru.yandex.music@d14b89d) Scene Of The Crime, Placebo, null
05-13 20:57:15.353  3757  4003 V Avrcp_ext: isMusicActive: false getBluetoothPlayState: 2
05-13 20:57:15.353  3757  4003 V Avrcp_ext: updateCurrentMediaState: isPlaying = false
05-13 20:57:15.354  3757  4003 V Avrcp_ext: updateCurrentMediaState: get media attributes: 
05-13 20:57:15.354  3757  4003 D Avrcp_ext:  albumName :Loud Like Love device :null
05-13 20:57:15.355  6207  6207 E RegisteredServicesCache: component namecom.google.android.gms/com.google.android.gms.nearby.mediums.nearfieldcommunication.NfcAdvertisingService
05-13 20:57:15.355  6207  6207 E RegisteredServicesCache: component namecom.google.android.gms/com.google.android.gms.fido.fido2.ui.hybrid.NfcEmulationService
05-13 20:57:15.355  6207  6207 E RegisteredServicesCache: component namecom.google.android.gms/com.google.android.gms.pay.hce.service.PayHceService
05-13 20:57:15.355  6207  6207 E RegisteredServicesCache: component namepl.com.rossmann.centauros/pl.com.rossmann.centauros.crm.service.CardService
05-13 20:57:15.355  6207  6207 E RegisteredServicesCache: component namecom.google.android.gms/com.google.android.gms.dck.service.DckNfcApduService
05-13 20:57:15.355  6207  6207 E RegisteredServicesCache: component namecom.google.android.gms/com.google.android.gms.fido.fido2.ui.hybrid.NfcEmulationService
05-13 20:57:15.358  3757  4003 V Avrcp_ext: Media update: id 36тЮб36? [MediaAttributes: SтЛпe - LтЛпe by PтЛпo (207690 0/0) ] : [MediaAttributes: SтЛпe - LтЛпe by PтЛпo (207690 0/0) ]
05-13 20:57:15.358  3757  4003 D Avrcp_ext: isPackageNameValid: browsedPackage = ru.yandex.musicisValid = true
05-13 20:57:15.358  3757  4003 V Avrcp_ext: isBrowseSupported for ru.yandex.music: false
05-13 20:57:15.358  3757  4003 V Avrcp_ext: newPlayStatus:2mReportedPlayStatus:2
05-13 20:57:15.358  3757  4003 V Avrcp_ext: updatePlaybackState, state: PlaybackState {state=2, position=161904, buffered position=0, speed=0.0, updated=628738865, actions=524285, custom actions=[Action:mName='Dislike Not selected, mIcon=2131231430, mExtras=Bundle[EMPTY_PARCEL], Action:mName='Like Not selected, mIcon=2131231521, mExtras=Bundle[EMPTY_PARCEL]], active item id=36, error=null} device: null
05-13 20:57:15.358  3757  4003 V Avrcp_ext: Device: no name: 
05-13 20:57:15.358  3757  4003 I chatty  : uid=1002(bluetooth) BluetoothAvrcpH identical 3 lines
05-13 20:57:15.358  3757  4003 V Avrcp_ext: Device: no name: 
05-13 20:57:15.358  3757  4003 V Avrcp_ext: updatePlayerStateAndPosition, old=PlaybackState {state=2, position=161904, buffered position=0, speed=0.0, updated=628738865, actions=524285, custom actions=[Action:mName='Dislike Not selected, mIcon=2131231430, mExtras=Bundle[EMPTY_PARCEL], Action:mName='Like Not selected, mIcon=2131231521, mExtras=Bundle[EMPTY_PARCEL]], active item id=36, error=null}, state=PlaybackState {state=2, position=161904, buffered position=0, speed=0.0, updated=628738865, actions=524285, custom actions=[Action:mName='Dislike Not selected, mIcon=2131231430, mExtras=Bundle[EMPTY_PARCEL], Action:mName='Like Not selected, mIcon=2131231521, mExtras=Bundle[EMPTY_PARCEL]], active item id=36, error=null}
05-13 20:57:15.358  3757  4003 V Avrcp_ext: old state = PlaybackState {state=2, position=161904, buffered position=0, speed=0.0, updated=628738865, actions=524285, custom actions=[Action:mName='Dislike Not selected, mIcon=2131231430, mExtras=Bundle[EMPTY_PARCEL], Action:mName='Like Not selected, mIcon=2131231521, mExtras=Bundle[EMPTY_PARCEL]], active item id=36, error=null}, new state= PlaybackState {state=2, position=161904, buffered position=0, speed=0.0, updated=628738865, actions=524285, custom actions=[Action:mName='Dislike Not selected, mIcon=2131231430, mExtras=Bundle[EMPTY_PARCEL], Action:mName='Like Not selected, mIcon=2131231521, mExtras=Bundle[EMPTY_PARCEL]], active item id=36, error=null}
05-13 20:57:15.358  3757  4003 D HeadsetService: getHeadsetService(): returning com.android.bluetooth.hfp.HeadsetService@55f6499
05-13 20:57:15.358  3757  4003 D HeadsetService:  isAudioOn: The number of audio connected devices 0
05-13 20:57:15.358  3757  4003 D HeadsetService: isScoOrCallActive(): Call Active:falseCall is Ringing:falseSCO is Active:false
05-13 20:57:15.358  3757  4003 D HeadsetService:  isAudioOn: The number of audio connected devices 0
05-13 20:57:15.358  3757  4003 I Avrcp_ext: updatePlayStatusForDevice: device: null
05-13 20:57:15.358  3757  4003 V Avrcp_ext: updatePlaybackState (1): old=PlaybackState {state=2, position=161904, buffered position=0, speed=0.0, updated=628738865, actions=524285, custom actions=[Action:mName='Dislike Not selected, mIcon=2131231430, mExtras=Bundle[EMPTY_PARCEL], Action:mName='Like Not selected, mIcon=2131231521, mExtras=Bundle[EMPTY_PARCEL]], active item id=36, error=null}(2), new=PlaybackState {state=2, position=161904, buffered position=0, speed=0.0, updated=628738865, actions=524285, custom actions=[Action:mName='Dislike Not selected, mIcon=2131231430, mExtras=Bundle[EMPTY_PARCEL], Action:mName='Like Not selected, mIcon=2131231521, mExtras=Bundle[EMPTY_PARCEL]], active item id=36, error=null}(2)
05-13 20:57:15.358  3757  4003 I Avrcp_ext: Exit updatePlayStatusForDevice
05-13 20:57:15.359  3757  4003 D HeadsetService:  isAudioOn: The number of audio connected devices 0
05-13 20:57:15.359  3757  4003 D HeadsetService: isScoOrCallActive(): Call Active:falseCall is Ringing:falseSCO is Active:false
05-13 20:57:15.359  3757  4003 D HeadsetService:  isAudioOn: The number of audio connected devices 0
05-13 20:57:15.359  3757  4003 I Avrcp_ext: updatePlayStatusForDevice: device: null
05-13 20:57:15.359  3757  4003 V Avrcp_ext: updatePlaybackState (1): old=PlaybackState {state=2, position=161904, buffered position=0, speed=0.0, updated=628738865, actions=524285, custom actions=[Action:mName='Dislike Not selected, mIcon=2131231430, mExtras=Bundle[EMPTY_PARCEL], Action:mName='Like Not selected, mIcon=2131231521, mExtras=Bundle[EMPTY_PARCEL]], active item id=36, error=null}(2), new=PlaybackState {state=2, position=161904, buffered position=0, speed=0.0, updated=628738865, actions=524285, custom actions=[Action:mName='Dislike Not selected, mIcon=2131231430, mExtras=Bundle[EMPTY_PARCEL], Action:mName='Like Not selected, mIcon=2131231521, mExtras=Bundle[EMPTY_PARCEL]], active item id=36, error=null}(2)
05-13 20:57:15.359  3757  4003 I Avrcp_ext: Exit updatePlayStatusForDevice
05-13 20:57:15.359  3757  4003 D HeadsetService:  isAudioOn: The number of audio connected devices 0
05-13 20:57:15.359  3757  4003 D HeadsetService: isScoOrCallActive(): Call Active:falseCall is Ringing:falseSCO is Active:false
05-13 20:57:15.359  3757  4003 D HeadsetService:  isAudioOn: The number of audio connected devices 0
05-13 20:57:15.359  3757  4003 I Avrcp_ext: updatePlayStatusForDevice: device: null
05-13 20:57:15.359  3757  4003 V Avrcp_ext: updatePlaybackState (1): old=PlaybackState {state=2, position=161904, buffered position=0, speed=0.0, updated=628738865, actions=524285, custom actions=[Action:mName='Dislike Not selected, mIcon=2131231430, mExtras=Bundle[EMPTY_PARCEL], Action:mName='Like Not selected, mIcon=2131231521, mExtras=Bundle[EMPTY_PARCEL]], active item id=36, error=null}(2), new=PlaybackState {state=2, position=161904, buffered position=0, speed=0.0, updated=628738865, actions=524285, custom actions=[Action:mName='Dislike Not selected, mIcon=2131231430, mExtras=Bundle[EMPTY_PARCEL], Action:mName='Like Not selected, mIcon=2131231521, mExtras=Bundle[EMPTY_PARCEL]], active item id=36, error=null}(2)
05-13 20:57:15.359  3757  4003 I Avrcp_ext: Exit updatePlayStatusForDevice
05-13 20:57:15.359  3757  4003 D HeadsetService:  isAudioOn: The number of audio connected devices 0
05-13 20:57:15.359  3757  4003 D HeadsetService: isScoOrCallActive(): Call Active:falseCall is Ringing:falseSCO is Active:false
05-13 20:57:15.360  3757  4003 D HeadsetService:  isAudioOn: The number of audio connected devices 0
05-13 20:57:15.360  3757  4003 I Avrcp_ext: updatePlayStatusForDevice: device: null
