05-13 20:57:31.169  3757  3971 V bt_stack: [VERBOSE1:btm_ble_gap.cc(2058)]  Waiting for scan response 34:fa:1c:26:17:40
05-13 20:57:31.169  3757  3971 V bt_stack: [VERBOSE1:btm_ble_gap.cc(1924)] btm_ble_process_ext_adv_pkt: bda=34:fa:1c:26:17:40
05-13 20:57:31.170  3757  3971 V bt_stack: [VERBOSE1:btm_ble_gap.cc(1848)] btm_ble_process_adv_addr: bda=34:fa:1c:26:17:40
05-13 20:57:31.170  3757  3971 V bt_stack: [VERBOSE1:btm_inq.cc(1019)] BTM_InqDbRead: bd addr 34:fa:1c:26:17:40
05-13 20:57:31.179  3812  4378 E MiuiMiHomeConnectController: error 
05-13 20:57:31.179  3812  4378 D MiuiMiHomeConnectController: cloud time is not ok
05-13 20:57:31.208   808  3967 I vendor.qti.bluetooth@1.0-ibs_handler: ProcessIbsCmd: Received IBS_SLEEP_IND: 0xFE
05-13 20:57:31.209   808  3967 D vendor.qti.bluetooth@1.0-ibs_handler: SerialClockVote: vote for UART CLK OFF
05-13 20:57:31.325  8788  5699 W AOSP-MdnsDiscoveryManag: Error while decoding multicast packet (18471): 1 [CONTEXT service_id=168 ]
05-13 20:57:31.326  8788  5699 W AOSP-MdnsDiscoveryManag: Error while decoding multicast packet (18472): 1 [CONTEXT service_id=168 ]
05-13 20:57:31.353   587   587 E SELinux : avc:  denied  { find } for pid=28392 uid=10228 name=tethering scontext=u:r:vendor_systemhelper_app:s0:c512,c768 tcontext=u:object_r:tethering_service:s0 tclass=service_manager permissive=0
05-13 20:57:31.359   808  3840 D vendor.qti.bluetooth@1.0-wake_lock: Release wakelock is released 
05-13 20:57:31.555   587   587 E SELinux : avc:  denied  { find } for pid=28392 uid=10228 name=tethering scontext=u:r:vendor_systemhelper_app:s0:c512,c768 tcontext=u:object_r:tethering_service:s0 tclass=service_manager permissive=0
05-13 20:57:31.759   587   587 E SELinux : avc:  denied  { find } for pid=28392 uid=10228 name=tethering scontext=u:r:vendor_systemhelper_app:s0:c512,c768 tcontext=u:object_r:tethering_service:s0 tclass=service_manager permissive=0
05-13 20:57:31.816   808  3967 I vendor.qti.bluetooth@1.0-ibs_handler: ProcessIbsCmd: Received IBS_WAKE_IND: 0xFD
05-13 20:57:31.816   808  3967 D vendor.qti.bluetooth@1.0-ibs_handler: SerialClockVote: vote for UART CLK ON
05-13 20:57:31.817   808  3967 D vendor.qti.bluetooth@1.0-wake_lock: Acquire wakelock is acquired 
05-13 20:57:31.817   808  3967 I vendor.qti.bluetooth@1.0-ibs_handler: ProcessIbsCmd: Writing IBS_WAKE_ACK
05-13 20:57:31.819  3757  3971 V bt_stack: [VERBOSE1:btm_ble_gap.cc(1924)] btm_ble_process_ext_adv_pkt: bda=34:fa:1c:26:17:40
05-13 20:57:31.819  3757  3971 V bt_stack: [VERBOSE1:btm_ble_gap.cc(1848)] btm_ble_process_adv_addr: bda=34:fa:1c:26:17:40
05-13 20:57:31.819  3757  3971 V bt_stack: [VERBOSE1:btm_ble_gap.cc(2058)]  Waiting for scan response 34:fa:1c:26:17:40
05-13 20:57:31.858   808  3967 I vendor.qti.bluetooth@1.0-ibs_handler: ProcessIbsCmd: Received IBS_SLEEP_IND: 0xFE
05-13 20:57:31.858   808  3967 D vendor.qti.bluetooth@1.0-ibs_handler: SerialClockVote: vote for UART CLK OFF
05-13 20:57:31.961   587   587 E SELinux : avc:  denied  { find } for pid=28392 uid=10228 name=tethering scontext=u:r:vendor_systemhelper_app:s0:c512,c768 tcontext=u:object_r:tethering_service:s0 tclass=service_manager permissive=0
05-13 20:57:32.009   808  3840 D vendor.qti.bluetooth@1.0-wake_lock: Release wakelock is released 
05-13 20:57:32.033 12059 12097 D CCodecBufferChannel: [c2.android.opus.encoder#638] DEBUG: elapsed: n=4 [in=0 pipeline=0 out=0 smoothness=4]
05-13 20:57:32.033 12059 12097 D PipelineWatcher: DEBUG: elapsed 1 / 4
05-13 20:57:32.156   911 28436 I vendor.qti.hardware.servicetracker@1.2-service: unbindService is called for service : com.lemon.lvoverseas/com.bytedance.android.push.depths.i18n.account.main.MainDepthsI18nAccountAuthenticatorService and for client system
05-13 20:57:32.156   911 28436 I vendor.qti.hardware.servicetracker@1.2-service: size of service connections for service: com.lemon.lvoverseas/com.bytedance.android.push.depths.i18n.account.main.MainDepthsI18nAccountAuthenticatorServiceafter removal is 0
05-13 20:57:32.156   911 28436 I vendor.qti.hardware.servicetracker@1.2-service: size of client connections for client: systemafter removal is 20
05-13 20:57:32.157   911 28436 I vendor.qti.hardware.servicetracker@1.2-service: destroyService is called for service : com.lemon.lvoverseas/com.bytedance.android.push.depths.i18n.account.main.MainDepthsI18nAccountAuthenticatorService
05-13 20:57:32.163   587   587 E SELinux : avc:  denied  { find } for pid=28392 uid=10228 name=tethering scontext=u:r:vendor_systemhelper_app:s0:c512,c768 tcontext=u:object_r:tethering_service:s0 tclass=service_manager permissive=0
05-13 20:57:32.187   911 28436 I vendor.qti.hardware.servicetracker@1.2-service: bindService is called for service : com.lemon.lvoverseas/com.bytedance.android.push.depths.i18n.account.main.MainDepthsI18nAccountAuthenticatorService and for client system
05-13 20:57:32.187   911 28436 I vendor.qti.hardware.servicetracker@1.2-service: total connections for service : com.lemon.lvoverseas/com.bytedance.android.push.depths.i18n.account.main.MainDepthsI18nAccountAuthenticatorServiceare :1
05-13 20:57:32.187   911 28436 I vendor.qti.hardware.servicetracker@1.2-service: total connections for client : systemare :21
05-13 20:57:32.188  1809  1853 D CompatibilityInfo: mCompatibilityFlags - 0
05-13 20:57:32.188  1809  1853 D CompatibilityInfo: applicationDensity - 440
05-13 20:57:32.188  1809  1853 D CompatibilityInfo: applicationScale - 1.0
05-13 20:57:32.189   911 28436 I vendor.qti.hardware.servicetracker@1.2-service: startService() is called for servicecom.lemon.lvoverseas/com.bytedance.android.push.depths.i18n.account.main.MainDepthsI18nAccountAuthenticatorService
05-13 20:57:32.193  6169  6220 I com.miui.daemo: oneway function results will be dropped but finished with status OK and parcel size 4
05-13 20:57:32.215  6169  6220 I chatty  : uid=1000(system) Binder:6169_2 identical 2 lines
05-13 20:57:32.216  6169  6220 I com.miui.daemo: oneway function results will be dropped but finished with status OK and parcel size 4
05-13 20:57:32.365   587   587 E SELinux : avc:  denied  { find } for pid=28392 uid=10228 name=tethering scontext=u:r:vendor_systemhelper_app:s0:c512,c768 tcontext=u:object_r:tethering_service:s0 tclass=service_manager permissive=0
05-13 20:57:32.769   587   587 I chatty  : uid=1000(system) /system/bin/servicemanager identical 2 lines
05-13 20:57:32.971   587   587 E SELinux : avc:  denied  { find } for pid=28392 uid=10228 name=tethering scontext=u:r:vendor_systemhelper_app:s0:c512,c768 tcontext=u:object_r:tethering_service:s0 tclass=service_manager permissive=0
05-13 20:57:33.083   808  3967 I vendor.qti.bluetooth@1.0-ibs_handler: ProcessIbsCmd: Received IBS_WAKE_IND: 0xFD
05-13 20:57:33.084   808  3967 D vendor.qti.bluetooth@1.0-ibs_handler: SerialClockVote: vote for UART CLK ON
05-13 20:57:33.084  1809  2342 D WifiClientModeImpl: fetchRssiLinkSpeedAndFrequencyNative rssi=-56 TxLinkspeed=192 freq=2422 RxLinkSpeed=192
05-13 20:57:33.084   808  3967 D vendor.qti.bluetooth@1.0-wake_lock: Acquire wakelock is acquired 
05-13 20:57:33.084   808  3967 I vendor.qti.bluetooth@1.0-ibs_handler: ProcessIbsCmd: Writing IBS_WAKE_ACK
05-13 20:57:33.086  3757  3971 V bt_stack: [VERBOSE1:btm_ble_gap.cc(1924)] btm_ble_process_ext_adv_pkt: bda=34:fa:1c:26:17:40
05-13 20:57:33.086  3757  3971 V bt_stack: [VERBOSE1:btm_ble_gap.cc(1848)] btm_ble_process_adv_addr: bda=34:fa:1c:26:17:40
05-13 20:57:33.086  1809  2342 D WifiDataStall:  ccaLevel = 80
05-13 20:57:33.086  3757  3971 V bt_stack: [VERBOSE1:btm_ble_gap.cc(2058)]  Waiting for scan response 34:fa:1c:26:17:40
05-13 20:57:33.093  1809  2342 D WifiDataStall: L2 txTputKbps: 125400, rxTputKbps: 132000, L3 txTputKbps: 0, rxTputKbps: 7, TxTrafficHigh: false, RxTrafficHigh: false, Throughput Sufficient: true
05-13 20:57:33.095  1809  2342 D WifiScoreCard: BSSID update SIGNAL_POLL ID: 1318376645 SSID: PLAY_Swiatlowod_067E_EXT, BSSID: a8:29:48:70:0d:60, MAC: e0:dc:ff:f1:8b:27, Supplicant state: COMPLETED, HE Eight Max VHT Spatial Streams Supported AP: false, Eight Max VHT Spatial streams support: false, Wi-Fi standard: 4, RSSI: -56, Link speed: 192Mbps, Tx Link speed: 192Mbps, Max Supported Tx Link speed: 144Mbps, Rx Link speed: 192Mbps, Max Supported Rx Link speed: 144Mbps, Frequency: 2422MHz, Net ID: 37, Metered hint: false, score: 60
05-13 20:57:33.095  1809  2342 D WifiScoreCard: txRate: 3 txSpeed: 192
05-13 20:57:33.095  1809  2342 D WifiScoreCard: network update SIGNAL_POLL "PLAY_Swiatlowod_067E_EXT" ID: 354541070 RSSI -56 txSpeed -1
05-13 20:57:33.095  1809  2342 D WifiScoreCard: SSID: "PLAY_Swiatlowod_067E_EXT"
05-13 20:57:33.095  1809  2342 D WifiScoreCard:  LastRssiPollTime: 640753542 LastRssiPoll: -56 LastTxSpeedPoll: -1
05-13 20:57:33.095  1809  2342 D WifiScoreCard:  StatsRecent:  ConnectAttempt: 5 ConnectFailure: 0 ConnectDurSec: 255789 AssocRej: 0 AssocTimeout: 0 AuthFailure: 0 ShortDiscNonlocal: 0 DisconnectNonlocal: 0 Disconnect: 0 ConsecutiveConnectFailure: 0
05-13 20:57:33.095  1809  2342 D WifiScoreCard:  StatsCurr:  ConnectAttempt: 423 ConnectFailure: 0 ConnectDurSec: 17091509 AssocRej: 0 AssocTimeout: 0 AuthFailure: 0 ShortDiscNonlocal: 1 DisconnectNonlocal: 41 Disconnect: 200 ConsecutiveConnectFailure: 0
05-13 20:57:33.095  1809  2342 D WifiScoreCard:  StatsPrev:  ConnectAttempt: 0 ConnectFailure: 0 ConnectDurSec: 0 AssocRej: 0 AssocTimeout: 0 AuthFailure: 0 ShortDiscNonlocal: 0 DisconnectNonlocal: 0 Disconnect: 0 ConsecutiveConnectFailure: 0
05-13 20:57:33.099  1809  2342 D WifiClientModeImpl:  L2ConnectedState screen=on 826 0 "PLAY_Swiatlowod_067E_EXT" a8:29:48:70:0d:60 rssi=-56 f=2422 sc=60 link=192 tx=2.0, 0.2, 0.0  rx=2.3 bcn=64339 [on:728 tx:14 rx:22 period:3038] from screen [on:1930952 period:4129790] score=60
05-13 20:57:33.103 29339 29365 D QCNEJ/WlanStaInfoRelay: Received action: android.net.wifi.RSSI_CHANGED
05-13 20:57:33.105  2807  2912 D NetworkController: onReceive: intent=Intent { act=android.net.wifi.RSSI_CHANGED flg=0x4000010 (has extras) }
05-13 20:57:33.106  1809  1853 I WifiService: getCurrentNetwork uid=1000
05-13 20:57:33.107  1809  1853 D WifiAsyncChannel.WifiService: sendMessageSynchronously sendMessageSynchronously.send message=131335
05-13 20:57:33.108  1809  2342 D WifiClientModeImpl:  ConnectedState screen=on uid=1000 0 0
05-13 20:57:33.108  1809  1853 D WifiAsyncChannel.WifiService: sendMessageSynchronously sendMessageSynchronously.recv message=131335 sendingUid=1000
05-13 20:57:33.125   808  3967 I vendor.qti.bluetooth@1.0-ibs_handler: ProcessIbsCmd: Received IBS_SLEEP_IND: 0xFE
05-13 20:57:33.125   808  3967 D vendor.qti.bluetooth@1.0-ibs_handler: SerialClockVote: vote for UART CLK OFF
05-13 20:57:33.159   808  3967 I vendor.qti.bluetooth@1.0-ibs_handler: ProcessIbsCmd: Received IBS_WAKE_IND: 0xFD
05-13 20:57:33.159   808  3967 D vendor.qti.bluetooth@1.0-ibs_handler: SerialClockVote: vote for UART CLK ON
05-13 20:57:33.159   808  3967 I vendor.qti.bluetooth@1.0-ibs_handler: ProcessIbsCmd: Writing IBS_WAKE_ACK
05-13 20:57:33.161  3757  3971 V bt_stack: [VERBOSE1:btm_ble_gap.cc(1924)] btm_ble_process_ext_adv_pkt: bda=34:fa:1c:26:17:40
05-13 20:57:33.161  3757  3971 V bt_stack: [VERBOSE1:btm_ble_gap.cc(1848)] btm_ble_process_adv_addr: bda=34:fa:1c:26:17:40
05-13 20:57:33.161  3757  3971 V bt_stack: [VERBOSE1:btm_ble_gap.cc(2058)]  Waiting for scan response 34:fa:1c:26:17:40
05-13 20:57:33.161  3757  3971 V bt_stack: [VERBOSE1:btm_ble_gap.cc(1924)] btm_ble_process_ext_adv_pkt: bda=34:fa:1c:26:17:40
05-13 20:57:33.161  3757  3971 V bt_stack: [VERBOSE1:btm_ble_gap.cc(1848)] btm_ble_process_adv_addr: bda=34:fa:1c:26:17:40
05-13 20:57:33.161  3757  3971 V bt_stack: [VERBOSE1:btm_inq.cc(1019)] BTM_InqDbRead: bd addr 34:fa:1c:26:17:40
05-13 20:57:33.166  3812  4378 E MiuiMiHomeConnectController: error 
05-13 20:57:33.166  3812  4378 D MiuiMiHomeConnectController: cloud time is not ok
05-13 20:57:33.172   587   587 E SELinux : avc:  denied  { find } for pid=28392 uid=10228 name=tethering scontext=u:r:vendor_systemhelper_app:s0:c512,c768 tcontext=u:object_r:tethering_service:s0 tclass=service_manager permissive=0
05-13 20:57:33.200   808  3967 I vendor.qti.bluetooth@1.0-ibs_handler: ProcessIbsCmd: Received IBS_SLEEP_IND: 0xFE
05-13 20:57:33.200   808  3967 D vendor.qti.bluetooth@1.0-ibs_handler: SerialClockVote: vote for UART CLK OFF
05-13 20:57:33.217   911 28436 I vendor.qti.hardware.servicetracker@1.2-service: unbindService is called for service : com.google.android.gms/.chimera.PersistentDirectBootAwareApiService and for client com.google.android.googlequicksearchbox:interactor
05-13 20:57:33.217   911 28436 I vendor.qti.hardware.servicetracker@1.2-service: size of service connections for service: com.google.android.gms/.chimera.PersistentDirectBootAwareApiServiceafter removal is 25
05-13 20:57:33.217   911 28436 I vendor.qti.hardware.servicetracker@1.2-service: size of client connections for client: com.google.android.googlequicksearchbox:interactorafter removal is 2
05-13 20:57:33.242  6169  6220 I com.miui.daemo: oneway function results will be dropped but finished with status OK and parcel size 4
05-13 20:57:33.274  8788  5699 W AOSP-MdnsDiscoveryManag: Error while decoding multicast packet (18478): 1 [CONTEXT service_id=168 ]
05-13 20:57:33.351   808  3840 D vendor.qti.bluetooth@1.0-wake_lock: Release wakelock is released 
05-13 20:57:33.376   587   587 E SELinux : avc:  denied  { find } for pid=28392 uid=10228 name=tethering scontext=u:r:vendor_systemhelper_app:s0:c512,c768 tcontext=u:object_r:tethering_service:s0 tclass=service_manager permissive=0
05-13 20:57:33.379  8788  5699 W AOSP-MdnsDiscoveryManag: Error while decoding multicast packet (18479): 1 [CONTEXT service_id=168 ]
05-13 20:57:33.578   587   587 E SELinux : avc:  denied  { find } for pid=28392 uid=10228 name=tethering scontext=u:r:vendor_systemhelper_app:s0:c512,c768 tcontext=u:object_r:tethering_service:s0 tclass=service_manager permissive=0
05-13 20:57:33.700   911 28436 I vendor.qti.hardware.servicetracker@1.2-service: unbindService is called for service : com.lemon.lvoverseas/com.bytedance.android.push.depths.i18n.account.main.MainDepthsI18nAccountAuthenticatorService and for client system
05-13 20:57:33.701   911 28436 I vendor.qti.hardware.servicetracker@1.2-service: size of service connections for service: com.lemon.lvoverseas/com.bytedance.android.push.depths.i18n.account.main.MainDepthsI18nAccountAuthenticatorServiceafter removal is 0
05-13 20:57:33.701   911 28436 I vendor.qti.hardware.servicetracker@1.2-service: size of client connections for client: systemafter removal is 20
05-13 20:57:33.702   911 28436 I vendor.qti.hardware.servicetracker@1.2-service: destroyService is called for service : com.lemon.lvoverseas/com.bytedance.android.push.depths.i18n.account.main.MainDepthsI18nAccountAuthenticatorService
05-13 20:57:33.718   911 28436 I vendor.qti.hardware.servicetracker@1.2-service: bindService is called for service : com.lemon.lvoverseas/com.bytedance.android.push.depths.i18n.account.main.MainDepthsI18nAccountAuthenticatorService and for client system
05-13 20:57:33.719   911 28436 I vendor.qti.hardware.servicetracker@1.2-service: total connections for service : com.lemon.lvoverseas/com.bytedance.android.push.depths.i18n.account.main.MainDepthsI18nAccountAuthenticatorServiceare :1
05-13 20:57:33.719   911 28436 I vendor.qti.hardware.servicetracker@1.2-service: total connections for client : systemare :21
05-13 20:57:33.720  1809  6964 D CompatibilityInfo: mCompatibilityFlags - 0
05-13 20:57:33.720  1809  6964 D CompatibilityInfo: applicationDensity - 440
05-13 20:57:33.720  1809  6964 D CompatibilityInfo: applicationScale - 1.0
05-13 20:57:33.724   911 28436 I vendor.qti.hardware.servicetracker@1.2-service: startService() is called for servicecom.lemon.lvoverseas/com.bytedance.android.push.depths.i18n.account.main.MainDepthsI18nAccountAuthenticatorService
05-13 20:57:33.780   587   587 E SELinux : avc:  denied  { find } for pid=28392 uid=10228 name=tethering scontext=u:r:vendor_systemhelper_app:s0:c512,c768 tcontext=u:object_r:tethering_service:s0 tclass=service_manager permissive=0
05-13 20:57:34.185   587   587 I chatty  : uid=1000(system) /system/bin/servicemanager identical 2 lines
05-13 20:57:34.387   587   587 E SELinux : avc:  denied  { find } for pid=28392 uid=10228 name=tethering scontext=u:r:vendor_systemhelper_app:s0:c512,c768 tcontext=u:object_r:tethering_service:s0 tclass=service_manager permissive=0
05-13 20:57:34.491   808  3967 I vendor.qti.bluetooth@1.0-ibs_handler: ProcessIbsCmd: Received IBS_WAKE_IND: 0xFD
05-13 20:57:34.491   808  3967 D vendor.qti.bluetooth@1.0-ibs_handler: SerialClockVote: vote for UART CLK ON
05-13 20:57:34.492   808  3967 D vendor.qti.bluetooth@1.0-wake_lock: Acquire wakelock is acquired 
05-13 20:57:34.492   808  3967 I vendor.qti.bluetooth@1.0-ibs_handler: ProcessIbsCmd: Writing IBS_WAKE_ACK
05-13 20:57:34.494  3757  3971 V bt_stack: [VERBOSE1:btm_ble_gap.cc(1924)] btm_ble_process_ext_adv_pkt: bda=cc:6d:5d:8b:1d:95
05-13 20:57:34.495  3757  3971 V bt_stack: [VERBOSE1:btm_ble_gap.cc(1848)] btm_ble_process_adv_addr: bda=cc:6d:5d:8b:1d:95
05-13 20:57:34.495  3757  3971 V bt_stack: [VERBOSE1:btm_ble_gap.cc(2058)]  Waiting for scan response cc:6d:5d:8b:1d:95
05-13 20:57:34.495  3757  3971 V bt_stack: [VERBOSE1:btm_ble_gap.cc(1924)] btm_ble_process_ext_adv_pkt: bda=cc:6d:5d:8b:1d:95
05-13 20:57:34.495  3757  3971 V bt_stack: [VERBOSE1:btm_ble_gap.cc(1848)] btm_ble_process_adv_addr: bda=cc:6d:5d:8b:1d:95
05-13 20:57:34.495  3757  3971 V bt_stack: [VERBOSE1:btm_inq.cc(1019)] BTM_InqDbRead: bd addr cc:6d:5d:8b:1d:95
05-13 20:57:34.503  3812  4378 E MiuiMiHomeConnectController: error 
05-13 20:57:34.503  3812  4378 D MiuiMiHomeConnectController: cloud time is not ok
05-13 20:57:34.528 12059 12095 D BufferPoolAccessor2.0: bufferpool2 0xb40000744dd8c628 : 7(26880 size) total buffers - 4(15360 size) used buffers - 191410/191417 (recycle/alloc) - 76/382825 (fetch/transfer)
05-13 20:57:34.533   808  3967 I vendor.qti.bluetooth@1.0-ibs_handler: ProcessIbsCmd: Received IBS_SLEEP_IND: 0xFE
05-13 20:57:34.533   808  3967 D vendor.qti.bluetooth@1.0-ibs_handler: SerialClockVote: vote for UART CLK OFF
05-13 20:57:34.589   587   587 E SELinux : avc:  denied  { find } for pid=28392 uid=10228 name=tethering scontext=u:r:vendor_systemhelper_app:s0:c512,c768 tcontext=u:object_r:tethering_service:s0 tclass=service_manager permissive=0
05-13 20:57:34.591  6169 10955 W PSIUtils: MEMORY_SOME|20648999|547357053233145
05-13 20:57:34.683   808  3840 D vendor.qti.bluetooth@1.0-wake_lock: Release wakelock is released 
05-13 20:57:34.791   587   587 E SELinux : avc:  denied  { find } for pid=28392 uid=10228 name=tethering scontext=u:r:vendor_systemhelper_app:s0:c512,c768 tcontext=u:object_r:tethering_service:s0 tclass=service_manager permissive=0
05-13 20:57:34.845   710   718 E statsd  : Predicate 5980654721335871649 dropping data for dimension key (10)0x2010101->10186[I] (10)0x30000->CastSocketMultiplexer_WakeLock[S] 
05-13 20:57:34.850   710   718 I chatty  : uid=1066(statsd) Binder:710_2 identical 1 line
05-13 20:57:34.852   710   718 E statsd  : Predicate 5980654721335871649 dropping data for dimension key (10)0x2010101->10186[I] (10)0x30000->CastSocketMultiplexer_WakeLock[S] 
05-13 20:57:34.854   710   718 E statsd  : Predicate 5980654721335871649 dropping data for dimension key (10)0x2010101->10186[I] (10)0x30000->CastDeviceController-com.google.android.gms[S] 
05-13 20:57:34.855   710   718 E statsd  : Predicate 5980654721335871649 dropping data for dimension key (10)0x2010101->10186[I] (10)0x30000->CastSocketMultiplexer_WakeLock[S] 
05-13 20:57:34.858   710   718 E statsd  : Predicate 5980654721335871649 dropping data for dimension key (10)0x2010101->10186[I] (10)0x30000->CastDeviceController-com.google.android.gms[S] 
05-13 20:57:34.865   710   718 E statsd  : Predicate 5980654721335871649 dropping data for dimension key (10)0x2010101->10186[I] (10)0x30000->CastSocketMultiplexer_WakeLock[S] 
05-13 20:57:34.868   710   718 I chatty  : uid=1066(statsd) Binder:710_2 identical 2 lines
05-13 20:57:34.869   710   718 E statsd  : Predicate 5980654721335871649 dropping data for dimension key (10)0x2010101->10186[I] (10)0x30000->CastSocketMultiplexer_WakeLock[S] 
05-13 20:57:34.994   587   587 E SELinux : avc:  denied  { find } for pid=28392 uid=10228 name=tethering scontext=u:r:vendor_systemhelper_app:s0:c512,c768 tcontext=u:object_r:tethering_service:s0 tclass=service_manager permissive=0
05-13 20:57:35.014 10393 10393 W PerfettoTrace: type=1400 audit(0.0:2672316): avc: denied { write } for name="traced_producer" dev="tmpfs" ino=17976 scontext=u:r:platform_app:s0:c512,c768 tcontext=u:object_r:traced_producer_socket:s0 tclass=sock_file permissive=0
05-13 20:57:35.075   808  3967 I vendor.qti.bluetooth@1.0-ibs_handler: ProcessIbsCmd: Received IBS_WAKE_IND: 0xFD
05-13 20:57:35.075   808  3967 D vendor.qti.bluetooth@1.0-ibs_handler: SerialClockVote: vote for UART CLK ON
05-13 20:57:35.076   808  3967 D vendor.qti.bluetooth@1.0-wake_lock: Acquire wakelock is acquired 
05-13 20:57:35.076   808  3967 I vendor.qti.bluetooth@1.0-ibs_handler: ProcessIbsCmd: Writing IBS_WAKE_ACK
05-13 20:57:35.078  3757  3971 V bt_stack: [VERBOSE1:btm_ble_gap.cc(1924)] btm_ble_process_ext_adv_pkt: bda=34:fa:1c:26:17:40
05-13 20:57:35.078  3757  3971 V bt_stack: [VERBOSE1:btm_ble_gap.cc(1848)] btm_ble_process_adv_addr: bda=34:fa:1c:26:17:40
05-13 20:57:35.079  3757  3971 V bt_stack: [VERBOSE1:btm_ble_gap.cc(2058)]  Waiting for scan response 34:fa:1c:26:17:40
05-13 20:57:35.117   808  3967 I vendor.qti.bluetooth@1.0-ibs_handler: ProcessIbsCmd: Received IBS_SLEEP_IND: 0xFE
05-13 20:57:35.117   808  3967 D vendor.qti.bluetooth@1.0-ibs_handler: SerialClockVote: vote for UART CLK OFF
05-13 20:57:35.195   587   587 E SELinux : avc:  denied  { find } for pid=28392 uid=10228 name=tethering scontext=u:r:vendor_systemhelper_app:s0:c512,c768 tcontext=u:object_r:tethering_service:s0 tclass=service_manager permissive=0
05-13 20:57:35.234   911 28436 I vendor.qti.hardware.servicetracker@1.2-service: unbindService is called for service : com.lemon.lvoverseas/com.bytedance.android.push.depths.i18n.account.main.MainDepthsI18nAccountAuthenticatorService and for client system
05-13 20:57:35.234   911 28436 I vendor.qti.hardware.servicetracker@1.2-service: size of service connections for service: com.lemon.lvoverseas/com.bytedance.android.push.depths.i18n.account.main.MainDepthsI18nAccountAuthenticatorServiceafter removal is 0
05-13 20:57:35.234   911 28436 I vendor.qti.hardware.servicetracker@1.2-service: size of client connections for client: systemafter removal is 20
05-13 20:57:35.238   911 28436 I vendor.qti.hardware.servicetracker@1.2-service: destroyService is called for service : com.lemon.lvoverseas/com.bytedance.android.push.depths.i18n.account.main.MainDepthsI18nAccountAuthenticatorService
05-13 20:57:35.260   911 28436 I vendor.qti.hardware.servicetracker@1.2-service: bindService is called for service : com.lemon.lvoverseas/com.bytedance.android.push.depths.i18n.account.main.MainDepthsI18nAccountAuthenticatorService and for client system
05-13 20:57:35.260   911 28436 I vendor.qti.hardware.servicetracker@1.2-service: total connections for service : com.lemon.lvoverseas/com.bytedance.android.push.depths.i18n.account.main.MainDepthsI18nAccountAuthenticatorServiceare :1
05-13 20:57:35.260   911 28436 I vendor.qti.hardware.servicetracker@1.2-service: total connections for client : systemare :21
05-13 20:57:35.262  1809  6964 D CompatibilityInfo: mCompatibilityFlags - 0
05-13 20:57:35.262  1809  6964 D CompatibilityInfo: applicationDensity - 440
05-13 20:57:35.262  1809  6964 D CompatibilityInfo: applicationScale - 1.0
05-13 20:57:35.264   911 28436 I vendor.qti.hardware.servicetracker@1.2-service: startService() is called for servicecom.lemon.lvoverseas/com.bytedance.android.push.depths.i18n.account.main.MainDepthsI18nAccountAuthenticatorService
05-13 20:57:35.267   808  3840 D vendor.qti.bluetooth@1.0-wake_lock: Release wakelock is released 
05-13 20:57:35.303  6169  6220 I com.miui.daemo: oneway function results will be dropped but finished with status OK and parcel size 4
05-13 20:57:35.322  6169  6220 I chatty  : uid=1000(system) Binder:6169_2 identical 3 lines
05-13 20:57:35.322  6169  6220 I com.miui.daemo: oneway function results will be dropped but finished with status OK and parcel size 4
05-13 20:57:35.331  1809  1835 W System  : A resource failed to call release. 
05-13 20:57:35.331  1809  1835 I chatty  : uid=1000(system) FinalizerDaemon identical 2 lines
05-13 20:57:35.331  1809  1835 W System  : A resource failed to call release. 
05-13 20:57:35.337 12059 12097 D CCodecBufferChannel: [c2.android.opus.encoder#638] DEBUG: elapsed: n=4 [in=0 pipeline=0 out=0 smoothness=4]
05-13 20:57:35.337 12059 12097 D PipelineWatcher: DEBUG: elapsed 0 / 4
05-13 20:57:35.397   587   587 E SELinux : avc:  denied  { find } for pid=28392 uid=10228 name=tethering scontext=u:r:vendor_systemhelper_app:s0:c512,c768 tcontext=u:object_r:tethering_service:s0 tclass=service_manager permissive=0
05-13 20:57:35.599   587   587 I chatty  : uid=1000(system) /system/bin/servicemanager identical 1 line
05-13 20:57:35.803   587   587 E SELinux : avc:  denied  { find } for pid=28392 uid=10228 name=tethering scontext=u:r:vendor_systemhelper_app:s0:c512,c768 tcontext=u:object_r:tethering_service:s0 tclass=service_manager permissive=0
05-13 20:57:35.812  1549 12106 D BufferPoolAccessor2.0: bufferpool2 0xb40000771613fc28 : 6(144000 size) total buffers - 1(24000 size) used buffers - 191472/191478 (recycle/alloc) - 87/191476 (fetch/transfer)
05-13 20:57:35.904 31846 31846 W ThreadPoolForeg: type=1400 audit(0.0:2672317): avc: denied { write } for name="traced_producer" dev="tmpfs" ino=17976 scontext=u:r:gmscore_app:s0:c743,c771 tcontext=u:object_r:traced_producer_socket:s0 tclass=sock_file permissive=0 app=com.microsoft.skydrive
05-13 20:57:36.004   587   587 E SELinux : avc:  denied  { find } for pid=28392 uid=10228 name=tethering scontext=u:r:vendor_systemhelper_app:s0:c512,c768 tcontext=u:object_r:tethering_service:s0 tclass=service_manager permissive=0
05-13 20:57:36.116  1435 12103 I OMX-VENC: venc_dev: stats: avg. fps 10.41, bitrate 108750
05-13 20:57:36.120  1809  2342 D WifiClientModeImpl: fetchRssiLinkSpeedAndFrequencyNative rssi=-56 TxLinkspeed=192 freq=2422 RxLinkSpeed=192
05-13 20:57:36.122  1809  2342 D WifiDataStall:  ccaLevel = 80
05-13 20:57:36.128  1809  2342 D WifiDataStall: L2 txTputKbps: 105600, rxTputKbps: 132000, L3 txTputKbps: 1, rxTputKbps: 2, TxTrafficHigh: true, RxTrafficHigh: true, Throughput Sufficient: true
05-13 20:57:36.129  1809  2342 D WifiScoreCard: BSSID update SIGNAL_POLL ID: 1318376645 SSID: PLAY_Swiatlowod_067E_EXT, BSSID: a8:29:48:70:0d:60, MAC: e0:dc:ff:f1:8b:27, Supplicant state: COMPLETED, HE Eight Max VHT Spatial Streams Supported AP: false, Eight Max VHT Spatial streams support: false, Wi-Fi standard: 4, RSSI: -56, Link speed: 192Mbps, Tx Link speed: 192Mbps, Max Supported Tx Link speed: 144Mbps, Rx Link speed: 192Mbps, Max Supported Rx Link speed: 144Mbps, Frequency: 2422MHz, Net ID: 37, Metered hint: false, score: 60
05-13 20:57:36.129  1809  2342 D WifiScoreCard: txRate: 3 txSpeed: 192
05-13 20:57:36.130  1809  2342 D WifiScoreCard: network update SIGNAL_POLL "PLAY_Swiatlowod_067E_EXT" ID: 354541070 RSSI -56 txSpeed -1
05-13 20:57:36.130  1809  2342 D WifiScoreCard: SSID: "PLAY_Swiatlowod_067E_EXT"
05-13 20:57:36.130  1809  2342 D WifiScoreCard:  LastRssiPollTime: 640756577 LastRssiPoll: -56 LastTxSpeedPoll: -1
05-13 20:57:36.130  1809  2342 D WifiScoreCard:  StatsRecent:  ConnectAttempt: 5 ConnectFailure: 0 ConnectDurSec: 255789 AssocRej: 0 AssocTimeout: 0 AuthFailure: 0 ShortDiscNonlocal: 0 DisconnectNonlocal: 0 Disconnect: 0 ConsecutiveConnectFailure: 0
05-13 20:57:36.130  1809  2342 D WifiScoreCard:  StatsCurr:  ConnectAttempt: 423 ConnectFailure: 0 ConnectDurSec: 17091509 AssocRej: 0 AssocTimeout: 0 AuthFailure: 0 ShortDiscNonlocal: 1 DisconnectNonlocal: 41 Disconnect: 200 ConsecutiveConnectFailure: 0
05-13 20:57:36.130  1809  2342 D WifiScoreCard:  StatsPrev:  ConnectAttempt: 0 ConnectFailure: 0 ConnectDurSec: 0 AssocRej: 0 AssocTimeout: 0 AuthFailure: 0 ShortDiscNonlocal: 0 DisconnectNonlocal: 0 Disconnect: 0 ConsecutiveConnectFailure: 0
05-13 20:57:36.133  1809  2342 D WifiClientModeImpl:  L2ConnectedState screen=on 826 0 "PLAY_Swiatlowod_067E_EXT" a8:29:48:70:0d:60 rssi=-56 f=2422 sc=60 link=192 tx=2.4, 0.5, 0.0  rx=2.5 bcn=64347 [on:865 tx:16 rx:19 period:3033] from screen [on:1931817 period:4132824] score=60
05-13 20:57:36.134  2807  2912 D NetworkController: onReceive: intent=Intent { act=android.net.wifi.RSSI_CHANGED flg=0x4000010 (has extras) }
05-13 20:57:36.135 29339 29365 D QCNEJ/WlanStaInfoRelay: Received action: android.net.wifi.RSSI_CHANGED
05-13 20:57:36.135  1809  7123 I WifiService: getCurrentNetwork uid=1000
05-13 20:57:36.135  1809  7123 D WifiAsyncChannel.WifiService: sendMessageSynchronously sendMessageSynchronously.send message=131335
05-13 20:57:36.136  1809  2342 D WifiClientModeImpl:  ConnectedState screen=on uid=1000 0 0
05-13 20:57:36.136  1809  7123 D WifiAsyncChannel.WifiService: sendMessageSynchronously sendMessageSynchronously.recv message=131335 sendingUid=1000
05-13 20:57:36.206   587   587 E SELinux : avc:  denied  { find } for pid=28392 uid=10228 name=tethering scontext=u:r:vendor_systemhelper_app:s0:c512,c768 tcontext=u:object_r:tethering_service:s0 tclass=service_manager permissive=0
05-13 20:57:36.370   808  3967 I vendor.qti.bluetooth@1.0-ibs_handler: ProcessIbsCmd: Received IBS_WAKE_IND: 0xFD
05-13 20:57:36.370   808  3967 D vendor.qti.bluetooth@1.0-ibs_handler: SerialClockVote: vote for UART CLK ON
05-13 20:57:36.371   808  3967 D vendor.qti.bluetooth@1.0-wake_lock: Acquire wakelock is acquired 
05-13 20:57:36.372   808  3967 I vendor.qti.bluetooth@1.0-ibs_handler: ProcessIbsCmd: Writing IBS_WAKE_ACK
05-13 20:57:36.374  3757  3971 V bt_stack: [VERBOSE1:btm_ble_gap.cc(1924)] btm_ble_process_ext_adv_pkt: bda=cc:6d:5d:8b:1d:95
05-13 20:57:36.375  3757  3971 V bt_stack: [VERBOSE1:btm_ble_gap.cc(1848)] btm_ble_process_adv_addr: bda=cc:6d:5d:8b:1d:95
05-13 20:57:36.375  3757  3971 V bt_stack: [VERBOSE1:btm_ble_gap.cc(2058)]  Waiting for scan response cc:6d:5d:8b:1d:95
05-13 20:57:36.375  3757  3971 V bt_stack: [VERBOSE1:btm_ble_gap.cc(1924)] btm_ble_process_ext_adv_pkt: bda=cc:6d:5d:8b:1d:95
05-13 20:57:36.375  3757  3971 V bt_stack: [VERBOSE1:btm_ble_gap.cc(1848)] btm_ble_process_adv_addr: bda=cc:6d:5d:8b:1d:95
05-13 20:57:36.375  3757  3971 V bt_stack: [VERBOSE1:btm_inq.cc(1019)] BTM_InqDbRead: bd addr cc:6d:5d:8b:1d:95
05-13 20:57:36.383  3812  4378 E MiuiMiHomeConnectController: error 
05-13 20:57:36.383  3812  4378 D MiuiMiHomeConnectController: cloud time is not ok
05-13 20:57:36.408   587   587 E SELinux : avc:  denied  { find } for pid=28392 uid=10228 name=tethering scontext=u:r:vendor_systemhelper_app:s0:c512,c768 tcontext=u:object_r:tethering_service:s0 tclass=service_manager permissive=0
05-13 20:57:36.413   808  3967 I vendor.qti.bluetooth@1.0-ibs_handler: ProcessIbsCmd: Received IBS_SLEEP_IND: 0xFE
05-13 20:57:36.413   808  3967 D vendor.qti.bluetooth@1.0-ibs_handler: SerialClockVote: vote for UART CLK OFF
05-13 20:57:36.563   808  3840 D vendor.qti.bluetooth@1.0-wake_lock: Release wakelock is released 
05-13 20:57:36.610   587   587 E SELinux : avc:  denied  { find } for pid=28392 uid=10228 name=tethering scontext=u:r:vendor_systemhelper_app:s0:c512,c768 tcontext=u:object_r:tethering_service:s0 tclass=service_manager permissive=0
05-13 20:57:36.786   911 28436 I vendor.qti.hardware.servicetracker@1.2-service: unbindService is called for service : com.lemon.lvoverseas/com.bytedance.android.push.depths.i18n.account.main.MainDepthsI18nAccountAuthenticatorService and for client system
05-13 20:57:36.786   911 28436 I vendor.qti.hardware.servicetracker@1.2-service: size of service connections for service: com.lemon.lvoverseas/com.bytedance.android.push.depths.i18n.account.main.MainDepthsI18nAccountAuthenticatorServiceafter removal is 0
05-13 20:57:36.786   911 28436 I vendor.qti.hardware.servicetracker@1.2-service: size of client connections for client: systemafter removal is 20
05-13 20:57:36.787   911 28436 I vendor.qti.hardware.servicetracker@1.2-service: destroyService is called for service : com.lemon.lvoverseas/com.bytedance.android.push.depths.i18n.account.main.MainDepthsI18nAccountAuthenticatorService
05-13 20:57:36.812   911 28436 I vendor.qti.hardware.servicetracker@1.2-service: bindService is called for service : com.lemon.lvoverseas/com.bytedance.android.push.depths.i18n.account.main.MainDepthsI18nAccountAuthenticatorService and for client system
05-13 20:57:36.812   911 28436 I vendor.qti.hardware.servicetracker@1.2-service: total connections for service : com.lemon.lvoverseas/com.bytedance.android.push.depths.i18n.account.main.MainDepthsI18nAccountAuthenticatorServiceare :1
05-13 20:57:36.812   911 28436 I vendor.qti.hardware.servicetracker@1.2-service: total connections for client : systemare :21
05-13 20:57:36.812   587   587 E SELinux : avc:  denied  { find } for pid=28392 uid=10228 name=tethering scontext=u:r:vendor_systemhelper_app:s0:c512,c768 tcontext=u:object_r:tethering_service:s0 tclass=service_manager permissive=0
05-13 20:57:36.813  1809  7123 D CompatibilityInfo: mCompatibilityFlags - 0
05-13 20:57:36.813  1809  7123 D CompatibilityInfo: applicationDensity - 440
05-13 20:57:36.813  1809  7123 D CompatibilityInfo: applicationScale - 1.0
05-13 20:57:36.814   911 28436 I vendor.qti.hardware.servicetracker@1.2-service: startService() is called for servicecom.lemon.lvoverseas/com.bytedance.android.push.depths.i18n.account.main.MainDepthsI18nAccountAuthenticatorService
05-13 20:57:36.819  6169  6220 I com.miui.daemo: oneway function results will be dropped but finished with status OK and parcel size 4
05-13 20:57:36.822  6169  6220 I com.miui.daemo: oneway function results will be dropped but finished with status OK and parcel size 4
05-13 20:57:37.014   587   587 E SELinux : avc:  denied  { find } for pid=28392 uid=10228 name=tethering scontext=u:r:vendor_systemhelper_app:s0:c512,c768 tcontext=u:object_r:tethering_service:s0 tclass=service_manager permissive=0
05-13 20:57:37.045   808  3967 I vendor.qti.bluetooth@1.0-ibs_handler: ProcessIbsCmd: Received IBS_WAKE_IND: 0xFD
05-13 20:57:37.045   808  3967 D vendor.qti.bluetooth@1.0-ibs_handler: SerialClockVote: vote for UART CLK ON
05-13 20:57:37.046   808  3967 D vendor.qti.bluetooth@1.0-wake_lock: Acquire wakelock is acquired 
05-13 20:57:37.046   808  3967 I vendor.qti.bluetooth@1.0-ibs_handler: ProcessIbsCmd: Writing IBS_WAKE_ACK
05-13 20:57:37.048  3757  3971 V bt_stack: [VERBOSE1:btm_ble_gap.cc(1924)] btm_ble_process_ext_adv_pkt: bda=34:fa:1c:26:17:40
05-13 20:57:37.049  3757  3971 V bt_stack: [VERBOSE1:btm_ble_gap.cc(1848)] btm_ble_process_adv_addr: bda=34:fa:1c:26:17:40
05-13 20:57:37.049  3757  3971 V bt_stack: [VERBOSE1:btm_ble_gap.cc(2058)]  Waiting for scan response 34:fa:1c:26:17:40
05-13 20:57:37.088   808  3967 I vendor.qti.bluetooth@1.0-ibs_handler: ProcessIbsCmd: Received IBS_SLEEP_IND: 0xFE
05-13 20:57:37.088   808  3967 D vendor.qti.bluetooth@1.0-ibs_handler: SerialClockVote: vote for UART CLK OFF
05-13 20:57:37.216   587   587 E SELinux : avc:  denied  { find } for pid=28392 uid=10228 name=tethering scontext=u:r:vendor_systemhelper_app:s0:c512,c768 tcontext=u:object_r:tethering_service:s0 tclass=service_manager permissive=0
05-13 20:57:37.238   808  3840 D vendor.qti.bluetooth@1.0-wake_lock: Release wakelock is released 
05-13 20:57:37.369  8788  5699 W AOSP-MdnsDiscoveryManag: Error while decoding multicast packet (18480): 1 [CONTEXT service_id=168 ]
05-13 20:57:37.418   587   587 E SELinux : avc:  denied  { find } for pid=28392 uid=10228 name=tethering scontext=u:r:vendor_systemhelper_app:s0:c512,c768 tcontext=u:object_r:tethering_service:s0 tclass=service_manager permissive=0
05-13 20:57:38.025   587   587 I chatty  : uid=1000(system) /system/bin/servicemanager identical 3 lines
05-13 20:57:38.227   587   587 E SELinux : avc:  denied  { find } for pid=28392 uid=10228 name=tethering scontext=u:r:vendor_systemhelper_app:s0:c512,c768 tcontext=u:object_r:tethering_service:s0 tclass=service_manager permissive=0
05-13 20:57:38.265   808  3967 I vendor.qti.bluetooth@1.0-ibs_handler: ProcessIbsCmd: Received IBS_WAKE_IND: 0xFD
05-13 20:57:38.265   808  3967 D vendor.qti.bluetooth@1.0-ibs_handler: SerialClockVote: vote for UART CLK ON
05-13 20:57:38.266   808  3967 D vendor.qti.bluetooth@1.0-wake_lock: Acquire wakelock is acquired 
05-13 20:57:38.266   808  3967 I vendor.qti.bluetooth@1.0-ibs_handler: ProcessIbsCmd: Writing IBS_WAKE_ACK
05-13 20:57:38.268  3757  3971 V bt_stack: [VERBOSE1:btm_ble_gap.cc(1924)] btm_ble_process_ext_adv_pkt: bda=34:fa:1c:26:17:40
05-13 20:57:38.268  3757  3971 V bt_stack: [VERBOSE1:btm_ble_gap.cc(1848)] btm_ble_process_adv_addr: bda=34:fa:1c:26:17:40
05-13 20:57:38.268  3757  3971 V bt_stack: [VERBOSE1:btm_ble_gap.cc(2058)]  Waiting for scan response 34:fa:1c:26:17:40
05-13 20:57:38.307   808  3967 I vendor.qti.bluetooth@1.0-ibs_handler: ProcessIbsCmd: Received IBS_SLEEP_IND: 0xFE
05-13 20:57:38.307   808  3967 D vendor.qti.bluetooth@1.0-ibs_handler: SerialClockVote: vote for UART CLK OFF
05-13 20:57:38.326   911 28436 I vendor.qti.hardware.servicetracker@1.2-service: unbindService is called for service : com.lemon.lvoverseas/com.bytedance.android.push.depths.i18n.account.main.MainDepthsI18nAccountAuthenticatorService and for client system
05-13 20:57:38.326   911 28436 I vendor.qti.hardware.servicetracker@1.2-service: size of service connections for service: com.lemon.lvoverseas/com.bytedance.android.push.depths.i18n.account.main.MainDepthsI18nAccountAuthenticatorServiceafter removal is 0
05-13 20:57:38.326   911 28436 I vendor.qti.hardware.servicetracker@1.2-service: size of client connections for client: systemafter removal is 20
05-13 20:57:38.326   911 28436 I vendor.qti.hardware.servicetracker@1.2-service: destroyService is called for service : com.lemon.lvoverseas/com.bytedance.android.push.depths.i18n.account.main.MainDepthsI18nAccountAuthenticatorService
05-13 20:57:38.338   911 28436 I vendor.qti.hardware.servicetracker@1.2-service: bindService is called for service : com.lemon.lvoverseas/com.bytedance.android.push.depths.i18n.account.main.MainDepthsI18nAccountAuthenticatorService and for client system
05-13 20:57:38.338   911 28436 I vendor.qti.hardware.servicetracker@1.2-service: total connections for service : com.lemon.lvoverseas/com.bytedance.android.push.depths.i18n.account.main.MainDepthsI18nAccountAuthenticatorServiceare :1
05-13 20:57:38.338   911 28436 I vendor.qti.hardware.servicetracker@1.2-service: total connections for client : systemare :21
05-13 20:57:38.339  1809  7162 D CompatibilityInfo: mCompatibilityFlags - 0
05-13 20:57:38.339  1809  7162 D CompatibilityInfo: applicationDensity - 440
05-13 20:57:38.339  1809  7162 D CompatibilityInfo: applicationScale - 1.0
05-13 20:57:38.340   911 28436 I vendor.qti.hardware.servicetracker@1.2-service: startService() is called for servicecom.lemon.lvoverseas/com.bytedance.android.push.depths.i18n.account.main.MainDepthsI18nAccountAuthenticatorService
05-13 20:57:38.429   587   587 E SELinux : avc:  denied  { find } for pid=28392 uid=10228 name=tethering scontext=u:r:vendor_systemhelper_app:s0:c512,c768 tcontext=u:object_r:tethering_service:s0 tclass=service_manager permissive=0
05-13 20:57:38.458   808  3840 D vendor.qti.bluetooth@1.0-wake_lock: Release wakelock is released 
05-13 20:57:38.558   911 28436 I vendor.qti.hardware.servicetracker@1.2-service: unbindService is called for service : com.google.android.gms/.chimera.PersistentApiService and for client com.google.android.gms.persistent
05-13 20:57:38.558   911 28436 I vendor.qti.hardware.servicetracker@1.2-service: size of service connections for service: com.google.android.gms/.chimera.PersistentApiServiceafter removal is 39
05-13 20:57:38.605  6169  6220 I com.miui.daemo: oneway function results will be dropped but finished with status OK and parcel size 4
05-13 20:57:38.607  6169  6220 I com.miui.daemo: oneway function results will be dropped but finished with status OK and parcel size 4
05-13 20:57:38.632   587   587 E SELinux : avc:  denied  { find } for pid=28392 uid=10228 name=tethering scontext=u:r:vendor_systemhelper_app:s0:c512,c768 tcontext=u:object_r:tethering_service:s0 tclass=service_manager permissive=0
05-13 20:57:38.645 12059 12097 D CCodecBufferChannel: [c2.android.opus.encoder#638] DEBUG: elapsed: n=4 [in=0 pipeline=0 out=0 smoothness=4]
05-13 20:57:38.645 12059 12097 D PipelineWatcher: DEBUG: elapsed 0 / 4
05-13 20:57:38.834   587   587 E SELinux : avc:  denied  { find } for pid=28392 uid=10228 name=tethering scontext=u:r:vendor_systemhelper_app:s0:c512,c768 tcontext=u:object_r:tethering_service:s0 tclass=service_manager permissive=0
05-13 20:57:39.037   587   587 E SELinux : avc:  denied  { find } for pid=28392 uid=10228 name=tethering scontext=u:r:vendor_systemhelper_app:s0:c512,c768 tcontext=u:object_r:tethering_service:s0 tclass=service_manager permissive=0
05-13 20:57:39.150  1809  2342 D WifiClientModeImpl: fetchRssiLinkSpeedAndFrequencyNative rssi=-56 TxLinkspeed=192 freq=2422 RxLinkSpeed=192
05-13 20:57:39.154  1809  2342 D WifiDataStall:  ccaLevel = 80
05-13 20:57:39.160  1809  2342 D WifiDataStall: L2 txTputKbps: 125400, rxTputKbps: 132000, L3 txTputKbps: 0, rxTputKbps: 1, TxTrafficHigh: false, RxTrafficHigh: false, Throughput Sufficient: true
05-13 20:57:39.163  1809  2342 D WifiScoreCard: BSSID update SIGNAL_POLL ID: 1318376645 SSID: PLAY_Swiatlowod_067E_EXT, BSSID: a8:29:48:70:0d:60, MAC: e0:dc:ff:f1:8b:27, Supplicant state: COMPLETED, HE Eight Max VHT Spatial Streams Supported AP: false, Eight Max VHT Spatial streams support: false, Wi-Fi standard: 4, RSSI: -56, Link speed: 192Mbps, Tx Link speed: 192Mbps, Max Supported Tx Link speed: 144Mbps, Rx Link speed: 192Mbps, Max Supported Rx Link speed: 144Mbps, Frequency: 2422MHz, Net ID: 37, Metered hint: false, score: 60
05-13 20:57:39.163  1809  2342 D WifiScoreCard: txRate: 2 txSpeed: 192
05-13 20:57:39.163  1809  2342 D WifiScoreCard: network update SIGNAL_POLL "PLAY_Swiatlowod_067E_EXT" ID: 354541070 RSSI -56 txSpeed -1
05-13 20:57:39.163  1809  2342 D WifiScoreCard: SSID: "PLAY_Swiatlowod_067E_EXT"
05-13 20:57:39.163  1809  2342 D WifiScoreCard:  LastRssiPollTime: 640759610 LastRssiPoll: -56 LastTxSpeedPoll: -1
05-13 20:57:39.163  1809  2342 D WifiScoreCard:  StatsRecent:  ConnectAttempt: 5 ConnectFailure: 0 ConnectDurSec: 255789 AssocRej: 0 AssocTimeout: 0 AuthFailure: 0 ShortDiscNonlocal: 0 DisconnectNonlocal: 0 Disconnect: 0 ConsecutiveConnectFailure: 0
05-13 20:57:39.163  1809  2342 D WifiScoreCard:  StatsCurr:  ConnectAttempt: 423 ConnectFailure: 0 ConnectDurSec: 17091509 AssocRej: 0 AssocTimeout: 0 AuthFailure: 0 ShortDiscNonlocal: 1 DisconnectNonlocal: 41 Disconnect: 200 ConsecutiveConnectFailure: 0
05-13 20:57:39.163  1809  2342 D WifiScoreCard:  StatsPrev:  ConnectAttempt: 0 ConnectFailure: 0 ConnectDurSec: 0 AssocRej: 0 AssocTimeout: 0 AuthFailure: 0 ShortDiscNonlocal: 0 DisconnectNonlocal: 0 Disconnect: 0 ConsecutiveConnectFailure: 0
05-13 20:57:39.167  1809  2342 D WifiClientModeImpl:  L2ConnectedState screen=on 826 0 "PLAY_Swiatlowod_067E_EXT" a8:29:48:70:0d:60 rssi=-56 f=2422 sc=60 link=192 tx=1.3, 0.6, 0.0  rx=1.5 bcn=64350 [on:272 tx:6 rx:8 period:3032] from screen [on:1932089 period:4135857] score=60
05-13 20:57:39.168  2807  2912 D NetworkController: onReceive: intent=Intent { act=android.net.wifi.RSSI_CHANGED flg=0x4000010 (has extras) }
05-13 20:57:39.169 29339 29365 D QCNEJ/WlanStaInfoRelay: Received action: android.net.wifi.RSSI_CHANGED
05-13 20:57:39.169  1809  7162 I WifiService: getCurrentNetwork uid=1000
05-13 20:57:39.170  1809  7162 D WifiAsyncChannel.WifiService: sendMessageSynchronously sendMessageSynchronously.send message=131335
05-13 20:57:39.170  1809  2342 D WifiClientModeImpl:  ConnectedState screen=on uid=1000 0 0
05-13 20:57:39.171  1809  7162 D WifiAsyncChannel.WifiService: sendMessageSynchronously sendMessageSynchronously.recv message=131335 sendingUid=1000
05-13 20:57:39.239   587   587 E SELinux : avc:  denied  { find } for pid=28392 uid=10228 name=tethering scontext=u:r:vendor_systemhelper_app:s0:c512,c768 tcontext=u:object_r:tethering_service:s0 tclass=service_manager permissive=0
05-13 20:57:39.265  8463  9334 D UidObserver: onUidIdle uid=10439 uidstate=100
05-13 20:57:39.442   587   587 E SELinux : avc:  denied  { find } for pid=28392 uid=10228 name=tethering scontext=u:r:vendor_systemhelper_app:s0:c512,c768 tcontext=u:object_r:tethering_service:s0 tclass=service_manager permissive=0
05-13 20:57:39.472   710   718 E statsd  : Predicate 5980654721335871649 dropping data for dimension key (10)0x2010101->10186[I] (10)0x30000->CastSocketMultiplexer_WakeLock[S] 
05-13 20:57:39.540   710   718 I chatty  : uid=1066(statsd) Binder:710_2 identical 5 lines
05-13 20:57:39.540   710   718 E statsd  : Predicate 5980654721335871649 dropping data for dimension key (10)0x2010101->10186[I] (10)0x30000->CastSocketMultiplexer_WakeLock[S] 
05-13 20:57:39.544   710   718 E statsd  : Predicate 5980654721335871649 dropping data for dimension key (10)0x2010101->10186[I] (10)0x30000->CastDeviceController-com.google.android.gms[S] 
05-13 20:57:39.546   710   718 E statsd  : Predicate 5980654721335871649 dropping data for dimension key (10)0x2010101->10186[I] (10)0x30000->CastSocketMultiplexer_WakeLock[S] 
05-13 20:57:39.549   710   718 E statsd  : Predicate 5980654721335871649 dropping data for dimension key (10)0x2010101->10186[I] (10)0x30000->CastDeviceController-com.google.android.gms[S] 
05-13 20:57:39.644   587   587 E SELinux : avc:  denied  { find } for pid=28392 uid=10228 name=tethering scontext=u:r:vendor_systemhelper_app:s0:c512,c768 tcontext=u:object_r:tethering_service:s0 tclass=service_manager permissive=0
05-13 20:57:39.649 12059 12095 D BufferPoolAccessor2.0: bufferpool2 0xb40000744dd8c628 : 7(26880 size) total buffers - 4(15360 size) used buffers - 191666/191673 (recycle/alloc) - 76/383337 (fetch/transfer)
05-13 20:57:39.660   808  3967 I vendor.qti.bluetooth@1.0-ibs_handler: ProcessIbsCmd: Received IBS_WAKE_IND: 0xFD
05-13 20:57:39.660   808  3967 D vendor.qti.bluetooth@1.0-ibs_handler: SerialClockVote: vote for UART CLK ON
05-13 20:57:39.661   808  3967 D vendor.qti.bluetooth@1.0-wake_lock: Acquire wakelock is acquired 
05-13 20:57:39.661   808  3967 I vendor.qti.bluetooth@1.0-ibs_handler: ProcessIbsCmd: Writing IBS_WAKE_ACK
05-13 20:57:39.663  3757  3971 V bt_stack: [VERBOSE1:btm_ble_gap.cc(1924)] btm_ble_process_ext_adv_pkt: bda=34:fa:1c:26:17:40
05-13 20:57:39.663  3757  3971 V bt_stack: [VERBOSE1:btm_ble_gap.cc(1848)] btm_ble_process_adv_addr: bda=34:fa:1c:26:17:40
05-13 20:57:39.663  3757  3971 V bt_stack: [VERBOSE1:btm_ble_gap.cc(2058)]  Waiting for scan response 34:fa:1c:26:17:40
05-13 20:57:39.665  8643  9995 I android.vendin: oneway function results will be dropped but finished with status UNKNOWN_TRANSACTION and parcel size 0
05-13 20:57:39.674   911 28436 I vendor.qti.hardware.servicetracker@1.2-service: unbindService is called for service : com.android.vending/com.google.frameworks.client.data.android.server.play.BackgroundProcessEndpointService and for client com.android.vending
05-13 20:57:39.674   911 28436 I vendor.qti.hardware.servicetracker@1.2-service: size of service connections for service: com.android.vending/com.google.frameworks.client.data.android.server.play.BackgroundProcessEndpointServiceafter removal is 0
05-13 20:57:39.674   911 28436 I vendor.qti.hardware.servicetracker@1.2-service: size of client connections for client: com.android.vendingafter removal is 0
05-13 20:57:39.681   911 28436 I vendor.qti.hardware.servicetracker@1.2-service: destroyService is called for service : com.android.vending/com.google.frameworks.client.data.android.server.play.BackgroundProcessEndpointService
05-13 20:57:39.687  1809  2340 I MiuiNetworkPolicy: updateUidState uid = 10185, uidState = 10
05-13 20:57:39.701  1809  2340 I MiuiNetworkPolicy: updateUidState uid = 10185, uidState = 19
05-13 20:57:39.702   808  3967 I vendor.qti.bluetooth@1.0-ibs_handler: ProcessIbsCmd: Received IBS_SLEEP_IND: 0xFE
05-13 20:57:39.702   808  3967 D vendor.qti.bluetooth@1.0-ibs_handler: SerialClockVote: vote for UART CLK OFF
05-13 20:57:39.745   808  3967 I vendor.qti.bluetooth@1.0-ibs_handler: ProcessIbsCmd: Received IBS_WAKE_IND: 0xFD
05-13 20:57:39.745   808  3967 D vendor.qti.bluetooth@1.0-ibs_handler: SerialClockVote: vote for UART CLK ON
05-13 20:57:39.745   808  3967 I vendor.qti.bluetooth@1.0-ibs_handler: ProcessIbsCmd: Writing IBS_WAKE_ACK
05-13 20:57:39.747  3757  3971 V bt_stack: [VERBOSE1:btm_ble_gap.cc(1924)] btm_ble_process_ext_adv_pkt: bda=34:fa:1c:26:17:40
05-13 20:57:39.747  3757  3971 V bt_stack: [VERBOSE1:btm_ble_gap.cc(1848)] btm_ble_process_adv_addr: bda=34:fa:1c:26:17:40
05-13 20:57:39.747  3757  3971 V bt_stack: [VERBOSE1:btm_ble_gap.cc(2058)]  Waiting for scan response 34:fa:1c:26:17:40
05-13 20:57:39.786   808  3967 I vendor.qti.bluetooth@1.0-ibs_handler: ProcessIbsCmd: Received IBS_SLEEP_IND: 0xFE
05-13 20:57:39.786   808  3967 D vendor.qti.bluetooth@1.0-ibs_handler: SerialClockVote: vote for UART CLK OFF
05-13 20:57:39.845   587   587 E SELinux : avc:  denied  { find } for pid=28392 uid=10228 name=tethering scontext=u:r:vendor_systemhelper_app:s0:c512,c768 tcontext=u:object_r:tethering_service:s0 tclass=service_manager permissive=0
