--------- beginning of main
05-14 08:47:18.553 15490 15533 D BufferPoolAccessor2.0: bufferpool2 0x713f973228 : 7(26880 size) total buffers - 4(15360 size) used buffers - 1570689/1570696 (recycle/alloc) - 653/3141383 (fetch/transfer)
--------- beginning of system
05-14 08:47:18.685  1551  9021 I ActivityManager: Force stopping com.yahorzabotsin.openvpnclientgate appid=10632 user=0: from process:4419
05-14 08:47:18.687  1551  9021 D AutoStartManagerService: prepare force stop p:21586 s: 19
05-14 08:47:18.687  1551  9021 I Process : Sending signal. PID: 21586 SIG: 19
05-14 08:47:18.687  1551  9021 D AutoStartManagerService: prepare force stop p:21685 s: 19
05-14 08:47:18.687  1551  9021 I Process : Sending signal. PID: 21685 SIG: 19
05-14 08:47:18.691  1551  9021 I ActivityManager: Killing 21586:com.yahorzabotsin.openvpnclientgate/u0a632 (adj 0): stop com.yahorzabotsin.openvpnclientgate due to from process:4419
05-14 08:47:18.696   874 27291 I vendor.qti.hardware.servicetracker@1.2-service: killProcess is called for pid : 21586
05-14 08:47:18.697   874 27291 I vendor.qti.hardware.servicetracker@1.2-service: process with pid 21586 is client
05-14 08:47:18.697   874 27291 I vendor.qti.hardware.servicetracker@1.2-service: removing client with pid 21586process namecom.yahorzabotsin.openvpnclientgate
05-14 08:47:18.697  1551  9021 W ActivityTaskManager: Force removing ActivityRecord{e78ce8d u0 com.yahorzabotsin.openvpnclientgate/.mobile.MainActivity t4247 f}}: app died, no saved state
05-14 08:47:18.697  1551  9021 V ActivityTaskManager: Calling mServicetracker.OnActivityStateChange with flag truestateDESTROYED
05-14 08:47:18.698  1551  9021 V ActivityTaskManager: Calling mServicetracker.OnActivityStateChange with flag falsestateDESTROYED
05-14 08:47:18.698   874 27291 I vendor.qti.hardware.servicetracker@1.2-service: Activity state is changed to : 9
05-14 08:47:18.698 10196 17201 I com.xiaomi.xms: oneway function results will be dropped but finished with status UNKNOWN_TRANSACTION and parcel size 0
05-14 08:47:18.698  1551  9021 V ActivityTaskManager: Calling mServicetracker.OnActivityStateChange with flag truestateDESTROYED
05-14 08:47:18.698   874 27291 I vendor.qti.hardware.servicetracker@1.2-service: Activity state is changed to : 9
05-14 08:47:18.700  1551  9021 D WindowManager: Input focus has changed to null
05-14 08:47:18.699   874 27291 I vendor.qti.hardware.servicetracker@1.2-service: Activity state is changed to : 9
05-14 08:47:18.711  1551  9195 D MIUIInput: [FoucsChange]: Display  0 FocusedWindow From Window{26a1dd7 mode=0 rootTaskId=4247 u0 com.yahorzabotsin.openvpnclientgate/com.yahorzabotsin.openvpnclientgate.mobile.MainActivity}(1,1)  to null(0,0)
05-14 08:47:18.713  1551  9021 V ActivityTaskManager: Calling mServicetracker.OnActivityStateChange with flag truestateRESUMED
05-14 08:47:18.713   874 27291 I vendor.qti.hardware.servicetracker@1.2-service: Activity state is changed to : 2
05-14 08:47:18.715  1551  9021 V ActivityTaskManager: Calling mServicetracker.OnActivityStateChange with flag falsestateRESUMED
05-14 08:47:18.715   874 27291 I vendor.qti.hardware.servicetracker@1.2-service: Activity state is changed to : 2
05-14 08:47:18.718 11275 11293 I GST     : forePkg: com.miui.home, preForePkg: com.yahorzabotsin.openvpnclientgate
05-14 08:47:18.719 11081 11100 D PerfEngineController: ForegroundInfo{mForegroundPackageName='com.miui.home', mForegroundUid=10111, mForegroundPid=2731, mLastForegroundPackageName='com.yahorzabotsin.openvpnclientgate', mLastForegroundUid=10632, mLastForegroundPid=21586, mMultiWindowForegroundPackageName='null', mMultiWindowForegroundUid=-1, mFlags=0}
05-14 08:47:18.719 10638 20264 I ProcessMonitor: onForegroundInfoChanged: ForegroundInfo{mForegroundPackageName='com.miui.home', mForegroundUid=10111, mForegroundPid=2731, mLastForegroundPackageName='com.yahorzabotsin.openvpnclientgate', mLastForegroundUid=10632, mLastForegroundPid=21586, mMultiWindowForegroundPackageName='null', mMultiWindowForegroundUid=-1, mFlags=0}
05-14 08:47:18.720  1551  9021 I Timeline: Timeline: App_transition_ready time:372001392
05-14 08:47:18.723 10638 20264 I GameBoosterService: onForegroundInfoChanged: Cur=com.miui.home	 last=com.yahorzabotsin.openvpnclientgate
05-14 08:47:18.724  1551  9021 I ActivityManager: Killing 21685:com.yahorzabotsin.openvpnclientgate:openvpn/u0a632 (adj 500): stop com.yahorzabotsin.openvpnclientgate due to from process:4419
05-14 08:47:18.729   874 27291 I vendor.qti.hardware.servicetracker@1.2-service: killProcess is called for pid : 21685
05-14 08:47:18.729   874 27291 I vendor.qti.hardware.servicetracker@1.2-service: process with pid 21685 is service
05-14 08:47:18.729   874 27291 I vendor.qti.hardware.servicetracker@1.2-service: destroyService is called for service : com.yahorzabotsin.openvpnclientgate/de.blinkt.openvpn.core.OpenVPNStatusService
05-14 08:47:18.733 10638 20264 I FreeformWindowUtils: has app list!
05-14 08:47:18.733 10638 20264 D GameBoosterService: onGameStatusChange foreground:ForegroundInfo{mForegroundPackageName='com.miui.home', mForegroundUid=10111, mForegroundPid=2731, mLastForegroundPackageName='com.yahorzabotsin.openvpnclientgate', mLastForegroundUid=10632, mLastForegroundPid=21586, mMultiWindowForegroundPackageName='null', mMultiWindowForegroundUid=-1, mFlags=0}
05-14 08:47:18.733 10638 20264 I VideoBoxUtils: isSupportVideoBox: false
05-14 08:47:18.733 10638 20264 I VideoToolBoxService: vtb is closed!!!
05-14 08:47:18.733  1551  9021 I ActivityManager: Killing 3351:com.android.vending:background/u0a185 (adj 999): empty for 1803s
05-14 08:47:18.737  1551  2815 I Timeline: Timeline: App_transition_ready time:372001409
05-14 08:47:18.741  1551  1677 I Timeline: Timeline: App_transition_ready time:372001412
05-14 08:47:18.744  4419  4421 I cmd     : oneway function results will be dropped but finished with status OK and parcel size 4
05-14 08:47:18.749  9064  9064 D RegisteredServicesCache: Intent action: android.intent.action.PACKAGE_RESTARTED
05-14 08:47:18.749  1551 10160 I Timeline: Timeline: App_transition_ready time:372001421
05-14 08:47:18.749 15664 15664 D AggregateListener: notifyAction action:android.intent.action.PACKAGE_RESTARTED
05-14 08:47:18.749 15664 15664 D AggregateListener: onPackageRestarted packageName:com.yahorzabotsin.openvpnclientgate
05-14 08:47:18.738  1198  1198 W Binder:1198_C: type=1400 audit(0.0:628272): avc: denied { search } for name="820" dev="proc" ino=4117628 scontext=u:r:cameraserver:s0 tcontext=u:r:hal_camera_default:s0 tclass=dir permissive=0
05-14 08:47:18.738  1198  1198 W Binder:1198_C: type=1400 audit(0.0:628273): avc: denied { search } for name="820" dev="proc" ino=4117628 scontext=u:r:cameraserver:s0 tcontext=u:r:hal_camera_default:s0 tclass=dir permissive=0
05-14 08:47:18.751  1551  2119 I MiuiNetworkPolicy: removeUidState uid = 10632
05-14 08:47:18.751  1551  2119 I MiuiNetworkPolicy: updateUidState uid = 10152, uidState = 3
05-14 08:47:18.751  1551  2119 I MiuiNetworkPolicy: updateUidState uid = 10111, uidState = 2
05-14 08:47:18.751  1551 25888 E ANDR-PERF-JNI: UXEngine Trigger - Returning null
05-14 08:47:18.753 10196 17201 I com.xiaomi.xms: oneway function results will be dropped but finished with status UNKNOWN_TRANSACTION and parcel size 0
05-14 08:47:18.753 10196 17201 D PMonitor:  onForegroundActivitiesChanged:pid = 2731,activity-uid=10111,foregroundActivities=true
05-14 08:47:18.754  2731  2731 D Launcher.Lifecycle: onStart:UserHandle{0},8217634,false
05-14 08:47:18.755  2697  2697 E PhoneInterfaceManager: [PhoneIntfMgr] getCarrierPackageNamesForIntentAndPhone: No UICC
05-14 08:47:18.755  2731  3111 I RenderThread: RenderThread resumed
05-14 08:47:18.755  2731  3111 I RenderThread: All controllers paused.
05-14 08:47:18.755  2697  2697 D CarrierSvcBindHelper: No carrier app for: 0
05-14 08:47:18.755  2731  3111 I RenderThread: RenderThread paused, waiting for signal
05-14 08:47:18.758  2288  2288 D NotifBadge: recevie broadbcast ACTION_APPLICATION_MESSAGE_QUERY, requestFirstTime=false
05-14 08:47:18.762  2697  2697 D CarrierSvcBindHelper: No carrier app for: 1
05-14 08:47:18.762   696   696 I Zygote  : Process 21685 exited due to signal 9 (Killed)
05-14 08:47:18.770   696   696 I Zygote  : Process 21586 exited due to signal 9 (Killed)
05-14 08:47:18.773   874 27291 I vendor.qti.hardware.servicetracker@1.2-service: bindService is called for service : com.mi.android.globalminusscreen/com.google.mi.apps.gsa.nowoverlayservice.DrawerOverlayService and for client com.miui.home
05-14 08:47:18.773   874 27291 I vendor.qti.hardware.servicetracker@1.2-service: total connections for service : com.mi.android.globalminusscreen/com.google.mi.apps.gsa.nowoverlayservice.DrawerOverlayServiceare :1
05-14 08:47:18.773   874 27291 I vendor.qti.hardware.servicetracker@1.2-service: total connections for client : com.miui.homeare :1
05-14 08:47:18.775  1551  1687 I libprocessgroup: Successfully killed process cgroup uid 10632 pid 21586 in 81ms
05-14 08:47:18.775  1551  1687 I libprocessgroup: Successfully killed process cgroup uid 10632 pid 21685 in 0ms
05-14 08:47:18.781  1551  1676 W ActivityManager: setHasOverlayUi called on unknown pid: 21586
05-14 08:47:18.784  2731  2731 D Launcher.Lifecycle: onResume:UserHandle{0},8217634,false
05-14 08:47:18.784  2731  3111 I RenderThread: RenderThread resumed
05-14 08:47:18.784  2731  3111 I RenderThread: All controllers paused.
05-14 08:47:18.784  2731  3111 I RenderThread: RenderThread paused, waiting for signal
05-14 08:47:18.788  1551  1677 I Timeline: Timeline: App_transition_ready time:372001459
05-14 08:47:18.789  1551  9201 V MiuiActivityTaskManagerServiceEx: dispatchActivityLifeState state = onResume
05-14 08:47:18.789  1551  9201 V MiuiActivityTaskManagerServiceEx: dispatchActivityLifeState r = ActivityRecord{ab8e47f u0 com.miui.home/.launcher.Launcher t2}
05-14 08:47:18.789  2731  2843 W System.err: android.content.pm.PackageManager$NameNotFoundException: com.android.quicksearchbox
05-14 08:47:18.800  2731  2843 W System.err: 	at android.app.ApplicationPackageManager.getApplicationInfoAsUser(ApplicationPackageManager.java:434)
05-14 08:47:18.800  2731  2843 W System.err: 	at android.app.ApplicationPackageManager.getApplicationInfo(ApplicationPackageManager.java:423)
05-14 08:47:18.800  2731  2843 W System.err: 	at com.miui.home.launcher.util.SearchBarStyleUtil.isSupportQuickSearchBoxNew(SearchBarStyleUtil.java:74)
05-14 08:47:18.800  2731  2843 W System.err: 	at com.miui.home.launcher.SearchBarStyleData.refreshTargetSupport(SearchBarStyleData.java:75)
05-14 08:47:18.800  2731  2843 W System.err: 	at com.miui.home.launcher.SearchBarStyleData.initData(SearchBarStyleData.java:149)
05-14 08:47:18.800  2731  2843 W System.err: 	at com.miui.home.launcher.SearchBarStyleData.initData(SearchBarStyleData.java:295)
05-14 08:47:18.800  2731  2843 W System.err: 	at com.miui.home.launcher.SearchBarStyleData.initDataIfNeeded(SearchBarStyleData.java:139)
05-14 08:47:18.800  2731  2843 W System.err: 	at com.miui.home.launcher.SearchBar.lambda$tryUpdate$1(SearchBar.java:36)
05-14 08:47:18.800  2731  2843 W System.err: 	at com.miui.home.launcher.-$$Lambda$SearchBar$YlrJbip09THNFHs-HlXKn9LOAC4.run(Unknown Source:2)
05-14 08:47:18.800  2731  2843 W System.err: 	at android.os.Handler.handleCallback(Handler.java:938)
05-14 08:47:18.800  2731  2843 W System.err: 	at android.os.Handler.dispatchMessage(Handler.java:99)
05-14 08:47:18.800  2731  2843 W System.err: 	at android.os.Looper.loop(Looper.java:236)
05-14 08:47:18.800  2731  2843 W System.err: 	at android.os.HandlerThread.run(HandlerThread.java:67)
05-14 08:47:18.800  2731  2843 D SearchBarStyleData: check provider data: 
05-14 08:47:18.804 16105 16121 I CloudSettingsProvider: uriMatch : 2
05-14 08:47:18.807  2731  2843 D SearchBarStyleData: check cloud data: 
05-14 08:47:18.807  2731  2843 D SearchBarStyleUtil: clientEI:null
05-14 08:47:18.807  2731  2843 D IdProviderImpl: getOAID
05-14 08:47:18.810  2731  2843 D SearchBarStyleUtil: clientOA:
05-14 08:47:18.810  2731  2843 D SearchBarStyleData: device hash is 0
05-14 08:47:18.816   968  2909 D Layer   : ---setAlpha Launcher=1.000000
05-14 08:47:18.817  1551  9201 I Timeline: Timeline: App_transition_ready time:372001488
05-14 08:47:18.817  2731  2843 D SearchBarStyleData: data both empty
05-14 08:47:18.817  2731  2843 D StatusBarController: handleMessage: flag 800000  disable false
05-14 08:47:18.818  1551  9205 D ConnectivityService: ConnectivityService NetworkRequestInfo binderDied(NetworkRequest [ TRACK_DEFAULT id=3389, [ Capabilities: INTERNET&NOT_RESTRICTED&TRUSTED Uid: 10185 AdministratorUids: [] RequestorUid: 10185 RequestorPackageName: com.android.vending] ], android.os.BinderProxy@a518ac4)
05-14 08:47:18.819  1551 10160 D ConnectivityService: ConnectivityService NetworkRequestInfo binderDied(NetworkRequest [ TRACK_DEFAULT id=3387, [ Capabilities: INTERNET&NOT_RESTRICTED&TRUSTED Uid: 10185 AdministratorUids: [] RequestorUid: 10185 RequestorPackageName: com.android.vending] ], android.os.BinderProxy@4cfe8e2)
05-14 08:47:18.819  1551  9034 D ConnectivityService: ConnectivityService NetworkRequestInfo binderDied(NetworkRequest [ LISTEN id=3388, [ Capabilities: INTERNET&NOT_RESTRICTED&TRUSTED Uid: 10185 AdministratorUids: [] RequestorUid: 10185 RequestorPackageName: com.android.vending] ], android.os.BinderProxy@6473473)
05-14 08:47:18.819  1551  2134 D ConnectivityService: releasing NetworkRequest [ TRACK_DEFAULT id=3389, [ Capabilities: INTERNET&NOT_RESTRICTED&TRUSTED Uid: 10185 AdministratorUids: [] RequestorUid: 10185 RequestorPackageName: com.android.vending] ] (release request)
05-14 08:47:18.819  1551  9198 D ConnectivityService: ConnectivityService NetworkRequestInfo binderDied(NetworkRequest [ TRACK_DEFAULT id=3386, [ Capabilities: INTERNET&NOT_RESTRICTED&TRUSTED Uid: 10185 AdministratorUids: [] RequestorUid: 10185 RequestorPackageName: com.android.vending] ], android.os.BinderProxy@497fdad)
05-14 08:47:18.820  1551  2134 D ConnectivityService: releasing NetworkRequest [ TRACK_DEFAULT id=3387, [ Capabilities: INTERNET&NOT_RESTRICTED&TRUSTED Uid: 10185 AdministratorUids: [] RequestorUid: 10185 RequestorPackageName: com.android.vending] ] (release request)
05-14 08:47:18.820   696   696 I Zygote  : Process 3351 exited due to signal 9 (Killed)
05-14 08:47:18.821  1551  2134 D ConnectivityService: releasing NetworkRequest [ TRACK_DEFAULT id=3386, [ Capabilities: INTERNET&NOT_RESTRICTED&TRUSTED Uid: 10185 AdministratorUids: [] RequestorUid: 10185 RequestorPackageName: com.android.vending] ] (release request)
05-14 08:47:18.822  1551  9201 D WindowManager: Input focus has changed to Window{4a1df27 mode=0 rootTaskId=1 u0 com.miui.home/com.miui.home.launcher.Launcher}
05-14 08:47:18.823  1551  1687 I libprocessgroup: Successfully killed process cgroup uid 10185 pid 3351 in 47ms
05-14 08:47:18.827   968  1183 D Layer   : ---setAlpha Launcher=1.000000
05-14 08:47:18.829   968   968 D SurfaceFlinger: Launcher Changed hasLauncher=1
05-14 08:47:18.831  9064  9064 D RegisteredServicesCache: Adding service: ComponentInfo{com.google.android.gms/com.google.android.gms.tapandpay.hce.service.TpHceService} AIDs: [325041592E5359532E4444463031]
05-14 08:47:18.831  9064  9064 D RegisteredServicesCache: Adding service: ComponentInfo{com.google.android.gms/com.google.android.gms.nearby.mediums.nearfieldcommunication.NfcAdvertisingService} AIDs: [F00000FE2C]
05-14 08:47:18.831  9064  9064 D RegisteredServicesCache: Adding service: ComponentInfo{com.google.android.gms/com.google.android.gms.pay.hce.service.PayHceService} AIDs: []
05-14 08:47:18.831  9064  9064 D RegisteredServicesCache: Adding service: ComponentInfo{com.google.android.gms/com.google.android.gms.dck.service.DckNfcApduService} AIDs: [A000000809434343444B467631]
05-14 08:47:18.831  9064  9064 D RegisteredServicesCache: Adding service: ComponentInfo{com.google.android.gms/com.google.android.gms.fido.fido2.ui.hybrid.NfcEmulationService} AIDs: [A000000476B00003]
05-14 08:47:18.831  9064  9064 D RegisteredServicesCache:  Reading service state data always from file
05-14 08:47:18.831   968  2909 D Layer   : ---setAlpha Launcher=1.000000
05-14 08:47:18.831  1551  1677 I Timeline: Timeline: App_transition_ready time:372001503
05-14 08:47:18.834   874 27291 I vendor.qti.hardware.servicetracker@1.2-service: killProcess is called for pid : 3351
05-14 08:47:18.834   874 27291 I vendor.qti.hardware.servicetracker@1.2-service: process with pid 3351 is client
05-14 08:47:18.834   874 27291 I vendor.qti.hardware.servicetracker@1.2-service: removing client with pid 3351process namecom.android.vending:background
05-14 08:47:18.834 10196 17201 I com.xiaomi.xms: oneway function results will be dropped but finished with status UNKNOWN_TRANSACTION and parcel size 0
05-14 08:47:18.818  1198  1198 W Binder:1198_5: type=1400 audit(0.0:628274): avc: denied { search } for name="820" dev="proc" ino=4117628 scontext=u:r:cameraserver:s0 tcontext=u:r:hal_camera_default:s0 tclass=dir permissive=0
05-14 08:47:18.836  9064  9064 D RegisteredServicesCache: ServiceStateFileVersion=1.0
05-14 08:47:18.836  9064  9064 E RegisteredServicesCache: Next Tag=services
05-14 08:47:18.836  9064  9064 D RegisteredServicesCache:  curr component com.google.android.gms/com.google.android.gms.nearby.mediums.nearfieldcommunication.NfcAdvertisingService
05-14 08:47:18.836  9064  9064 D RegisteredServicesCache:  curr uid 10186
05-14 08:47:18.836  9064  9064 D RegisteredServicesCache:  curr state 1
05-14 08:47:18.836  9064  9064 E RegisteredServicesCache: installedServices no uidString 
05-14 08:47:18.836  9064  9064 D RegisteredServicesCache:  curr component com.google.android.gms/com.google.android.gms.fido.fido2.ui.hybrid.NfcEmulationService
05-14 08:47:18.836  9064  9064 D RegisteredServicesCache:  curr uid 10186
05-14 08:47:18.836  9064  9064 D RegisteredServicesCache:  curr state 1
05-14 08:47:18.836  9064  9064 E RegisteredServicesCache: installedServices contains uidString : 10186
05-14 08:47:18.836  9064  9064 D RegisteredServicesCache:  curr component com.google.android.gms/com.google.android.gms.pay.hce.service.PayHceService
05-14 08:47:18.836  9064  9064 D RegisteredServicesCache:  curr uid 10186
05-14 08:47:18.836  9064  9064 D RegisteredServicesCache:  curr state 1
05-14 08:47:18.836  9064  9064 E RegisteredServicesCache: installedServices contains uidString : 10186
05-14 08:47:18.836  9064  9064 D RegisteredServicesCache:  curr component com.google.android.gms/com.google.android.gms.dck.service.DckNfcApduService
05-14 08:47:18.836  9064  9064 D RegisteredServicesCache:  curr uid 10186
05-14 08:47:18.836  9064  9064 D RegisteredServicesCache:  curr state 1
05-14 08:47:18.836  9064  9064 E RegisteredServicesCache: installedServices contains uidString : 10186
05-14 08:47:18.836  9064  9064 E RegisteredServicesCache: 1invalidateCache:WriteServiceStateToFile
05-14 08:47:18.836  9064  9064 E RegisteredServicesCache:  Writing service state Data Always
05-14 08:47:18.837  1551  2119 I MiuiNetworkPolicy: removeUidState uid = 10185
05-14 08:47:18.838  9064  9064 E RegisteredServicesCache: component namecom.google.android.gms/com.google.android.gms.nearby.mediums.nearfieldcommunication.NfcAdvertisingService
05-14 08:47:18.838  9064  9064 E RegisteredServicesCache: component namecom.google.android.gms/com.google.android.gms.fido.fido2.ui.hybrid.NfcEmulationService
05-14 08:47:18.838  9064  9064 E RegisteredServicesCache: component namecom.google.android.gms/com.google.android.gms.pay.hce.service.PayHceService
05-14 08:47:18.838  9064  9064 E RegisteredServicesCache: component namecom.google.android.gms/com.google.android.gms.dck.service.DckNfcApduService
05-14 08:47:18.843   968  2909 D Layer   : ---setAlpha Launcher=1.000000
05-14 08:47:18.844  9064  9064 D CardEmulationManager: Current default: ComponentInfo{com.google.android.gms/com.google.android.gms.tapandpay.hce.service.TpHceService}
05-14 08:47:18.844  9064  9064 D CardEmulationManager: Default payment service still ok.
05-14 08:47:18.845  9064  9064 D RegisteredAidCache: onServicesUpdated
05-14 08:47:18.847  9064  9064 D RegisteredAidCache: generateServiceMap component: ComponentInfo{com.google.android.gms/com.google.android.gms.tapandpay.hce.service.TpHceService}
05-14 08:47:18.847  9064  9064 D RegisteredAidCache: generateServiceMap component: ComponentInfo{com.google.android.gms/com.google.android.gms.nearby.mediums.nearfieldcommunication.NfcAdvertisingService}
05-14 08:47:18.847  9064  9064 D RegisteredAidCache: generateServiceMap component: ComponentInfo{com.google.android.gms/com.google.android.gms.pay.hce.service.PayHceService}
05-14 08:47:18.847  9064  9064 D RegisteredAidCache: generateServiceMap component: ComponentInfo{com.google.android.gms/com.google.android.gms.dck.service.DckNfcApduService}
05-14 08:47:18.847  9064  9064 D RegisteredAidCache: generateServiceMap component: ComponentInfo{com.google.android.gms/com.google.android.gms.fido.fido2.ui.hybrid.NfcEmulationService}
05-14 08:47:18.847  9064  9064 D RegisteredAidCache: generateAidCacheLocked: starting with aid 4F53452E5641532E3031
05-14 08:47:18.847  9064  9064 D RegisteredAidCache: Exact AID, resolving.
05-14 08:47:18.847  9064  9064 D RegisteredAidCache: resolveAidLocked: DECISION: making single handling service ComponentInfo{com.google.android.gms/com.google.android.gms.pay.hce.service.PayHceService} default.
05-14 08:47:18.847  9064  9064 D RegisteredAidCache: AIDs: [4F53452E5641532E3031] were resolved.
05-14 08:47:18.847  9064  9064 D RegisteredAidCache: generateAidCacheLocked: starting with aid A00000047643276C1FDE7A39B9C05716
05-14 08:47:18.847  9064  9064 D RegisteredAidCache: Exact AID, resolving.
05-14 08:47:18.847  9064  9064 D RegisteredAidCache: resolveAidLocked: DECISION: routing to payment default default ApduService: ComponentInfo{com.google.android.gms/com.google.android.gms.tapandpay.hce.service.TpHceService}, description: Google Pay, Static AID Groups: Category: payment, AIDs:325041592E5359532E4444463031, , Dynamic AID Groups: Category: payment, AIDs:A00000047643276C1FDE7A39B9C05716, A000000940BCB000, 
05-14 08:47:18.847  9064  9064 D RegisteredAidCache: AIDs: [A00000047643276C1FDE7A39B9C05716] were resolved.
05-14 08:47:18.847  9064  9064 D RegisteredAidCache: generateAidCacheLocked: starting with aid A000000476B00003
05-14 08:47:18.847  9064  9064 D RegisteredAidCache: Exact AID, resolving.
05-14 08:47:18.847  9064  9064 D RegisteredAidCache: resolveAidLocked: DECISION: making single handling service ComponentInfo{com.google.android.gms/com.google.android.gms.fido.fido2.ui.hybrid.NfcEmulationService} default.
05-14 08:47:18.847  9064  9064 D RegisteredAidCache: AIDs: [A000000476B00003] were resolved.
05-14 08:47:18.847  9064  9064 D RegisteredAidCache: generateAidCacheLocked: starting with aid A000000476D0000111
05-14 08:47:18.847  9064  9064 D RegisteredAidCache: Exact AID, resolving.
05-14 08:47:18.847  9064  9064 D RegisteredAidCache: resolveAidLocked: DECISION: making single handling service ComponentInfo{com.google.android.gms/com.google.android.gms.pay.hce.service.PayHceService} default.
05-14 08:47:18.847  9064  9064 D RegisteredAidCache: AIDs: [A000000476D0000111] were resolved.
05-14 08:47:18.847  9064  9064 D RegisteredAidCache: generateAidCacheLocked: starting with aid A000000809434343444B467631
05-14 08:47:18.847  9064  9064 D RegisteredAidCache: Exact AID, resolving.
05-14 08:47:18.847  9064  9064 D RegisteredAidCache: resolveAidLocked: DECISION: making single handling service ComponentInfo{com.google.android.gms/com.google.android.gms.dck.service.DckNfcApduService} default.
05-14 08:47:18.847  9064  9064 D RegisteredAidCache: AIDs: [A000000809434343444B467631] were resolved.
05-14 08:47:18.847  9064  9064 D RegisteredAidCache: generateAidCacheLocked: starting with aid A000000940BCB000
05-14 08:47:18.847  9064  9064 D RegisteredAidCache: Exact AID, resolving.
05-14 08:47:18.847  9064  9064 D RegisteredAidCache: resolveAidLocked: DECISION: routing to payment default default ApduService: ComponentInfo{com.google.android.gms/com.google.android.gms.tapandpay.hce.service.TpHceService}, description: Google Pay, Static AID Groups: Category: payment, AIDs:325041592E5359532E4444463031, , Dynamic AID Groups: Category: payment, AIDs:A00000047643276C1FDE7A39B9C05716, A000000940BCB000, 
05-14 08:47:18.848  9064  9064 D RegisteredAidCache: AIDs: [A000000940BCB000] were resolved.
05-14 08:47:18.848  9064  9064 D RegisteredAidCache: generateAidCacheLocked: starting with aid F00000FE2C
05-14 08:47:18.848  9064  9064 D RegisteredAidCache: Exact AID, resolving.
05-14 08:47:18.848  9064  9064 D RegisteredAidCache: resolveAidLocked: DECISION: making single handling service ComponentInfo{com.google.android.gms/com.google.android.gms.nearby.mediums.nearfieldcommunication.NfcAdvertisingService} default.
05-14 08:47:18.848  9064  9064 D RegisteredAidCache: AIDs: [F00000FE2C] were resolved.
05-14 08:47:18.848  9064  9064 D RegisteredAidCache: Exact or Prefix AID.F00000FE2C
05-14 08:47:18.848  9064  9064 D RegisteredAidCache: AIDs: [F00000FE2C] were resolved.
05-14 08:47:18.848  9064  9064 D RegisteredAidCache: Exact or Prefix AID.A000000940BCB000
05-14 08:47:18.848  9064  9064 D RegisteredAidCache: AIDs: [A000000940BCB000] were resolved.
05-14 08:47:18.848  9064  9064 D RegisteredAidCache: Exact or Prefix AID.A000000809434343444B467631
05-14 08:47:18.848  9064  9064 D RegisteredAidCache: AIDs: [A000000809434343444B467631] were resolved.
05-14 08:47:18.848  9064  9064 D RegisteredAidCache: Exact or Prefix AID.A000000476D0000111
05-14 08:47:18.848  9064  9064 D RegisteredAidCache: AIDs: [A000000476D0000111] were resolved.
05-14 08:47:18.848  9064  9064 D RegisteredAidCache: Exact or Prefix AID.A000000476B00003
05-14 08:47:18.849  9064  9064 D RegisteredAidCache: AIDs: [A000000476B00003] were resolved.
05-14 08:47:18.849  9064  9064 D RegisteredAidCache: Exact or Prefix AID.A00000047643276C1FDE7A39B9C05716
05-14 08:47:18.849  9064  9064 D RegisteredAidCache: AIDs: [A00000047643276C1FDE7A39B9C05716] were resolved.
05-14 08:47:18.849  9064  9064 D RegisteredAidCache: Exact or Prefix AID.4F53452E5641532E3031
05-14 08:47:18.849  9064  9064 D RegisteredAidCache: AIDs: [4F53452E5641532E3031] were resolved.
05-14 08:47:18.849  9064  9064 D RegisteredAidCache:  AID power state before adding screen state1
05-14 08:47:18.849  9064  9064 D RegisteredAidCache:  AID power state after17
05-14 08:47:18.849  9064  9064 D RegisteredAidCache:  AID power state17
05-14 08:47:18.849  9064  9064 D RegisteredAidCache:  AID power state before adding screen state1
05-14 08:47:18.849  9064  9064 D RegisteredAidCache:  AID power state after17
05-14 08:47:18.849  9064  9064 D RegisteredAidCache:  AID power state17
05-14 08:47:18.849  9064  9064 D RegisteredAidCache:  AID power state before adding screen state1
05-14 08:47:18.849  9064  9064 D RegisteredAidCache:  AID power state after17
05-14 08:47:18.849  9064  9064 D RegisteredAidCache:  AID power state17
05-14 08:47:18.849  9064  9064 D RegisteredAidCache:  AID power state before adding screen state1
05-14 08:47:18.849  9064  9064 D RegisteredAidCache:  AID power state after17
05-14 08:47:18.849  9064  9064 D RegisteredAidCache:  AID power state17
05-14 08:47:18.849  9064  9064 D RegisteredAidCache:  AID power state before adding screen state1
05-14 08:47:18.849  9064  9064 D RegisteredAidCache:  AID power state after17
05-14 08:47:18.849  9064  9064 D RegisteredAidCache:  AID power state17
05-14 08:47:18.849  9064  9064 D RegisteredAidCache:  AID power state before adding screen state1
05-14 08:47:18.849  9064  9064 D RegisteredAidCache:  AID power state after17
05-14 08:47:18.849  9064  9064 D RegisteredAidCache:  AID power state17
05-14 08:47:18.849  9064  9064 D RegisteredAidCache:  AID power state before adding screen state1
05-14 08:47:18.849  9064  9064 D RegisteredAidCache:  AID power state after17
05-14 08:47:18.849  9064  9064 D RegisteredAidCache:  AID power state17
05-14 08:47:18.849  9064  9064 D BrcmNfcJni: nfcManager_getDefaultAidRoute: DEFAULT_AID_ROUTE: 2
05-14 08:47:18.849  9064  9064 D NxpExtns: find found DEFAULT_AID_PWR_STATE=(0x19)
05-14 08:47:18.849  9064  9064 D NfcService: defaultAidRoute : 537
05-14 08:47:18.849  9064  9064 D NfcService: GetDefaultRouteLoc  :2
05-14 08:47:18.849  9064  9064 D AidRoutingManager: mAidMatchingPlatform=0x1
05-14 08:47:18.849  9064  9064 I BrcmNfcNfa: nfa_ee_api_get_max_aid_config_length
05-14 08:47:18.849  9064  9064 I BrcmNfcNfa: nfa_ee_api_get_max_aid_config_length: 800
05-14 08:47:18.849  9064  9064 D AidRoutingManager: mDefaultRoute=0x2
05-14 08:47:18.849  9064  9064 D BrcmNfcJni: nfcManager_getDefaultAidRoute: DEFAULT_AID_ROUTE: 2
05-14 08:47:18.849  9064  9064 D NxpExtns: find found DEFAULT_AID_PWR_STATE=(0x19)
05-14 08:47:18.849  9064  9064 D NfcService: defaultAidRoute : 537
05-14 08:47:18.849  9064  9064 D NfcService: GetDefaultRouteLoc  :2
05-14 08:47:18.849  9064  9064 D AidRoutingManager: #######Routing AID A000000809434343444B467631 to route 0 with power 17
05-14 08:47:18.849  9064  9064 D AidRoutingManager: #######Routing AID F00000FE2C to route 0 with power 17
05-14 08:47:18.849  9064  9064 D AidRoutingManager: #######Routing AID A00000047643276C1FDE7A39B9C05716 to route 0 with power 17
05-14 08:47:18.849  9064  9064 D AidRoutingManager: #######Routing AID 4F53452E5641532E3031 to route 0 with power 17
05-14 08:47:18.849  9064  9064 D AidRoutingManager: #######Routing AID A000000476D0000111 to route 0 with power 17
05-14 08:47:18.849  9064  9064 D AidRoutingManager: #######Routing AID A000000940BCB000 to route 0 with power 17
05-14 08:47:18.849  9064  9064 D AidRoutingManager: #######Routing AID A000000476B00003 to route 0 with power 17
05-14 08:47:18.849  9064  9064 D AidRoutingManager: Routing table unchanged, but commit the routing
05-14 08:47:18.850  9064  9064 D NQApduServiceInfo: updateServiceCommitStatus:Description:Nearby:InternalState:1:commitStatus:true
05-14 08:47:18.850  9064  9064 D NQApduServiceInfo: updateServiceCommitStatus:Description:Fido NFC Emulation Service:InternalState:1:commitStatus:true
05-14 08:47:18.850  9064  9064 D NQApduServiceInfo: updateServiceCommitStatus:Description:Google ╨Ъ╨╛╤И╨╡╨╗╨╡╨║:InternalState:1:commitStatus:true
05-14 08:47:18.850  9064  9064 D NQApduServiceInfo: updateServiceCommitStatus:Description:Android Digital Car Key (System Service):InternalState:1:commitStatus:true
05-14 08:47:18.855  9064  9064 E RegisteredServicesCache: 3updateStatusOfServices:WriteServiceStateToFile
05-14 08:47:18.856  9064  9064 E RegisteredServicesCache:  Writing service state Data Always
05-14 08:47:18.857  9064  9064 E RegisteredServicesCache: component namecom.google.android.gms/com.google.android.gms.nearby.mediums.nearfieldcommunication.NfcAdvertisingService
05-14 08:47:18.857  9064  9064 E RegisteredServicesCache: component namecom.google.android.gms/com.google.android.gms.fido.fido2.ui.hybrid.NfcEmulationService
05-14 08:47:18.857  9064  9064 E RegisteredServicesCache: component namecom.google.android.gms/com.google.android.gms.pay.hce.service.PayHceService
05-14 08:47:18.857  9064  9064 E RegisteredServicesCache: component namecom.google.android.gms/com.google.android.gms.dck.service.DckNfcApduService
05-14 08:47:18.860  9064  9064 D RegisteredServicesCache: ApduService: ComponentInfo{com.google.android.gms/com.google.android.gms.tapandpay.hce.service.TpHceService}, description: Google Pay, Static AID Groups: Category: payment, AIDs:325041592E5359532E4444463031, , Dynamic AID Groups: Category: payment, AIDs:A00000047643276C1FDE7A39B9C05716, A000000940BCB000, 
05-14 08:47:18.860  9064  9064 D RegisteredServicesCache: ApduService: ComponentInfo{com.google.android.gms/com.google.android.gms.nearby.mediums.nearfieldcommunication.NfcAdvertisingService}, description: Nearby, Static AID Groups: Category: other, AIDs:F00000FE2C, , Dynamic AID Groups: 
05-14 08:47:18.860  9064  9064 D RegisteredServicesCache: ApduService: ComponentInfo{com.google.android.gms/com.google.android.gms.pay.hce.service.PayHceService}, description: Google ╨Ъ╨╛╤И╨╡╨╗╨╡╨║, Static AID Groups: , Dynamic AID Groups: Category: other, AIDs:4F53452E5641532E3031, A000000476D0000111, 
05-14 08:47:18.860  9064  9064 D RegisteredServicesCache: ApduService: ComponentInfo{com.google.android.gms/com.google.android.gms.dck.service.DckNfcApduService}, description: Android Digital Car Key (System Service), Static AID Groups: Category: other, AIDs:A000000809434343444B467631, , Dynamic AID Groups: 
05-14 08:47:18.860  9064  9064 D RegisteredServicesCache: ApduService: ComponentInfo{com.google.android.gms/com.google.android.gms.fido.fido2.ui.hybrid.NfcEmulationService}, description: Fido NFC Emulation Service, Static AID Groups: Category: other, AIDs:A000000476B00003, , Dynamic AID Groups: 
05-14 08:47:18.860  9064  9064 D RegisteredNfcFServicesCache: Service unchanged, not updating
05-14 08:47:18.860  9064  9064 E NfcService: applyRouting -9
05-14 08:47:18.860  9064  9064 D NfcService: applyRouting - enter force = false mScreenState = 8
05-14 08:47:18.861  9064  9064 E NfcService: computeDiscoveryParameters: enter. screenState=8
05-14 08:47:18.861  9064  9064 D BrcmNfcJni: nfcManager_getDefaultDesfireRoute: enter; NAME_DEFAULT_DESFIRE_ROUTE = 02
05-14 08:47:18.861  9064  9064 D NxpExtns: find found DEFAULT_DESFIRE_PWR_STATE=(0x1b)
05-14 08:47:18.861  9064  9064 D NfcService: defaultMifareDesfireRoute : 539
05-14 08:47:18.861  9064  9064 D BrcmNfcJni: nfcManager_getDefaultAidRoute: DEFAULT_AID_ROUTE: 2
05-14 08:47:18.861  9064  9064 D NxpExtns: find found DEFAULT_AID_PWR_STATE=(0x19)
05-14 08:47:18.861  9064  9064 D NfcService: defaultAidRoute : 537
05-14 08:47:18.861  9064  9064 D NfcService: defaultroute = 537
05-14 08:47:18.861  9064  9064 D BrcmNfcJni: nfcManager_getDefaultMifareCLTRoute: DEFAULT_MIFARE_CLT_ROUTE: 2
05-14 08:47:18.861  9064  9064 D NxpExtns: find found DEFAULT_MIFARE_CLT_PWR_STATE=(0x1b)
05-14 08:47:18.861  9064  9064 D NfcService: defaultMifateCLTRoute : 2587
05-14 08:47:18.861  9064  9064 D NfcService: Set default Route Entry
05-14 08:47:18.861  9064  9064 D BrcmNfcJni: nfcManager_setDefaultRoute : enter
05-14 08:47:18.862 10196 10213 W com.xiaomi.xms: Reducing the number of considered missed Gc histogram windows from 819 to 100
05-14 08:47:18.865  9064  9064 D BrcmNfcJni: transactionAttempt: Transaction attempted : setDefaultRoute when barrier is: 1
05-14 08:47:18.865  9064  9064 D BrcmNfcJni: transactionLiveLockable: Performing check for long duration transaction
05-14 08:47:18.865  9064  9064 D BrcmNfcJni: transactionAttempt: Transaction granted : setDefaultRoute 
05-14 08:47:18.865  9064  9064 D BrcmNfcJni: transactionAttempt: Transaction granted : setDefaultRoute and barrier is: 0
05-14 08:47:18.865  9064  9064 D BrcmNfcJni: startRfDiscovery: is start=0
05-14 08:47:18.865  9064  9064 D BrcmNfcJni: SyncEventGuard: lock on 0x7e09f3dd10
05-14 08:47:18.866  9064  9064 I BrcmNfcNfa: NFA_StopRfDiscovery ()
05-14 08:47:18.869  9064 10050 I BrcmNfcNfa: NFA got event 0x0110
05-14 08:47:18.869  9064 10050 I BrcmNfcNfa: nfa_dm_evt_hdlr event: NFA_DM_API_STOP_RF_DISCOVERY_EVT (0x10)
05-14 08:47:18.869  9064 10050 I BrcmNfcNfa: nfa_dm_act_stop_rf_discovery ()
05-14 08:47:18.869  9064 10050 I BrcmNfcNfa: nfa_dm_rf_deactivate () deactivate_type:0x0
05-14 08:47:18.869  9064 10050 I BrcmNfcNfa: nfa_dm_disc_sm_execute (): state: DISCOVERY (1), event: DEACTIVATE_CMD(6) disc_flags: 0x2
05-14 08:47:18.869  9064 10050 I BrcmNfcNfa: NFC_Deactivate 4 (IDLE) deactivate_type:0
05-14 08:47:18.869  9064 10050 I BrcmNfcNfa: nfc_ncif_send_cmd()
05-14 08:47:18.869  9064 10050 I BrcmNfcNfa: nfc_ncif_check_cmd_queue : Writing to HAL...
05-14 08:47:18.869  9064 10050 I BrcmNfcNfa: nfc_ncif_check_cmd_queue : cmd_size:1
05-14 08:47:18.869  9064 10050 D NfcAdaptation: NfcAdaptation::HalWrite
05-14 08:47:18.870   858   900 D NxpExtns: find found MIFARE_READER_ENABLE=(0x1)
05-14 08:47:18.870   858 10132 D NxpTml  : PN54X - Write requested.....
05-14 08:47:18.870   858 10132 D NxpTml  : PN54X - Invoking I2C Write.....
05-14 08:47:18.870   858 10132 E NxpTml  : _i2c_write() errno : 5
05-14 08:47:18.870   858 10132 E NxpTml  : PN54X - Error in I2C Write.....
05-14 08:47:18.870   858 10132 D NxpTml  : PN54X - Posting Fresh Write message.....
05-14 08:47:18.870   858 10132 D NxpTml  : PN54X - Tml Writer Thread Running................
05-14 08:47:18.870   858 10134 E NxpHal  : write error status = 0x1ff
05-14 08:47:18.871   858   900 E NxpHal  : write_unlocked failed - PN54X Maybe in Standby Mode - Retry
05-14 08:47:18.872  2731  2731 D FancyDrawable: doResume:   [miui.maml.FancyDrawable@8c66504]
05-14 08:47:18.872  2731  2731 D MultipleRenderable: setPause: false miui.maml.FancyDrawable@8c66504
05-14 08:47:18.872  2731  2731 D RendererCore: self resume: miui.maml.RendererCore@40b54de
05-14 08:47:18.872  2731  2731 D ScreenElementRoot: resume
05-14 08:47:18.876  1551  9034 D CompatibilityChangeReporter: Compat change id reported: 135634846; UID 10115; state: DISABLED
05-14 08:47:18.877  1551  1686 D CompatibilityChangeReporter: Compat change id reported: 143937733; UID 10115; state: ENABLED
05-14 08:47:18.877  2731  2731 D FancyDrawable: doResume:   [miui.maml.FancyDrawable@2dbe4c1]
05-14 08:47:18.877  2731  2731 D MultipleRenderable: setPause: false miui.maml.FancyDrawable@2dbe4c1
05-14 08:47:18.877  2731  2731 D RendererCore: self resume: miui.maml.RendererCore@cafc114
05-14 08:47:18.877  2731  2731 D ScreenElementRoot: resume
05-14 08:47:18.878   858 10132 D NxpTml  : PN54X - Write requested.....
05-14 08:47:18.878   858 10132 D NxpTml  : PN54X - Invoking I2C Write.....
05-14 08:47:18.879   858 10131 D NxpTml  : PN54X - I2C Read successful.....len = 4
05-14 08:47:18.879   858 10131 D NxpTml  : Delay Read if write thread is busy
05-14 08:47:18.882   858 10132 D NxpNciX : len =   4 => 21060100
05-14 08:47:18.882   858 10132 D NxpTml  : PN54X - I2C Write successful.....
05-14 08:47:18.882   858 10132 D NxpTml  : PN54X - Posting Fresh Write message.....
05-14 08:47:18.882   858 10132 D NxpTml  : PN54X - Tml Writer Thread Running................
05-14 08:47:18.882   858 10134 D NxpHal  : write successful status = 0x0
05-14 08:47:18.882   858 10131 D NxpTml  : PN54X - Posting read message.....
05-14 08:47:18.882   858 10131 D NxpNciR : len =   4 <= 41060100
05-14 08:47:18.882   858 10134 D NxpHal  : read successful status = 0x0
05-14 08:47:18.882  9064 10050 E power   : ISystemSuspend::getService() failed.
05-14 08:47:18.882  9064 10050 I BrcmNfcNfa: nfa_dm_disc_sm_execute (): new state: DISCOVERY (1), disc_flags: 0x22
05-14 08:47:18.882  9064 10050 I BrcmNfcNfa: nfa_sys_ptim_stop_timer b3bb8040
05-14 08:47:18.882  9064 10050 I BrcmNfcNfa: ptim timer stop
05-14 08:47:18.882  9064 10050 I BrcmNfcNfa: Stopped presence check timer (if started)
05-14 08:47:18.884  9064 10050 I BrcmNfcNfa: NFC received rsp gid:1
05-14 08:47:18.884  9064 10050 I BrcmNfcNfa: P2P_Prio_Logic
05-14 08:47:18.884  9064 10050 I BrcmNfcNfa: nfa_dm_p2p_prio_logic event_type = 0x1
05-14 08:47:18.884  9064 10050 I BrcmNfcNfa: returning true
05-14 08:47:18.884  9064 10050 I BrcmNfcNfa: nfc_set_state 4 (IDLE)->4 (IDLE)
05-14 08:47:18.884  9064 10050 I BrcmNfcNfa: nfa_dm_disc_data_cback ()
05-14 08:47:18.884  9064 10050 I BrcmNfcNfa: nfa_dm_disc_discovery_cback (): event:0x4005
05-14 08:47:18.884  9064 10050 I BrcmNfcNfa: nfa_dm_disc_sm_execute (): state: DISCOVERY (1), event: DEACTIVATE_RSP(7) disc_flags: 0x22
05-14 08:47:18.884  9064 10050 I BrcmNfcNfa: nfa_dm_disc_new_state (): old_state: DISCOVERY (1), new_state: IDLE (0) disc_flags: 0x2
05-14 08:47:18.884  9064 10050 D BrcmNfcJni: nfaConnectionCallback: Connection Event = 31
05-14 08:47:18.884  9064 10050 D BrcmNfcJni: nfaConnectionCallback: NFA_RF_DISCOVERY_STOPPED_EVT: status = 0x0
05-14 08:47:18.884  9064 10050 D BrcmNfcJni: notifyPollingEventwhileNfcOff: sDiscCmdwhleNfcOff=0
05-14 08:47:18.884  9064 10050 D BrcmNfcJni: getReconnectState = 0x0
05-14 08:47:18.884  9064 10050 D BrcmNfcJni: SyncEventGuard: lock on 0x7e09f3dd10
05-14 08:47:18.884  9064 10050 E BrcmNfcJni: notifyOne: 0x7e09f3dd10
05-14 08:47:18.884  9064 10050 I BrcmNfcNfa: nfa_dm_start_rf_discover (): enter
05-14 08:47:18.884  9064 10050 I BrcmNfcNfa: nfa_dm_start_rf_discover (): return
05-14 08:47:18.884  9064 10050 I BrcmNfcNfa: nfa_dm_disc_sm_execute (): new state: IDLE (0), disc_flags: 0x0
05-14 08:47:18.884  9064  9064 D BrcmNfcJni: startRfDiscovery: is exit=0
05-14 08:47:18.884  9064  9064 D BrcmNfcJni: RoutingManager::setDefaultRoute: enter; defaultRoute:0x219 protoRoute:0x21B TechRoute:0xA1B HostListenMask:0x7
05-14 08:47:18.884  9064  9064 D BrcmNfcJni: RoutingManager::extractRouteLocationAndPowerStates:mDefaultIso7816SeID:0x200 mDefaultIsoDepSeID:0x200 mDefaultTechASeID 0x200
05-14 08:47:18.884  9064  9064 D BrcmNfcJni: getUiccRoute: Enter slot num = 1
05-14 08:47:18.884  9064  9064 D BrcmNfcJni: RoutingManager::extractRouteLocationAndPowerStates:mDefaultIso7816SeID:0x402 mDefaultIso7816Powerstate:0x19
05-14 08:47:18.884  9064  9064 D BrcmNfcJni: getUiccRoute: Enter slot num = 1
05-14 08:47:18.884  9064  9064 D BrcmNfcJni: RoutingManager::extractRouteLocationAndPowerStates:mDefaultIsoDepSeID:0x402 mDefaultIsoDepPowerstate:0x1B
05-14 08:47:18.884  9064  9064 D BrcmNfcJni: getUiccRoute: Enter slot num = 1
05-14 08:47:18.884  9064  9064 D BrcmNfcJni: RoutingManager::extractRouteLocationAndPowerStates:mDefaultTechASeID:0x402 mDefaultTechAPowerstate:0x1B
05-14 08:47:18.884  9064  9064 I BrcmNfcNfa: NFA_CeSetIsoDepListenTech (): 0x3
05-14 08:47:18.884  9064  9064 I BrcmNfcNfa: NFA_CeRegisterAidOnDH ()
05-14 08:47:18.884  9064  9064 D BrcmNfcJni: RoutingManager::checkProtoSeID: enter
05-14 08:47:18.885  9064  9064 D NxpExtns: find found NXP_CHECK_DEFAULT_PROTO_SE_ID=(0x1)
05-14 08:47:18.885  9064  9064 D BrcmNfcJni: RoutingManager::checkProtoSeID: CHECK_DEFAULT_PROTO_SE_ID - 0x 1 
05-14 08:47:18.885  9064  9064 D BrcmNfcJni: SecureElement::getEeHandleList: 0 = 0x401
05-14 08:47:18.885  9064 10050 I BrcmNfcNfa: NFA got event 0x0603
05-14 08:47:18.885  9064 10050 I BrcmNfcNfa: nfa_ce_handle_event event: NFA_CE_API_CFG_ISODEP_TECH_EVT (0x603), flags: 00000000
05-14 08:47:18.885  9064 10050 I BrcmNfcNfa: NFA got event 0x0601
05-14 08:47:18.885  9064 10050 I BrcmNfcNfa: nfa_ce_handle_event event: NFA_CE_API_REG_LISTEN_EVT (0x601), flags: 00000000
05-14 08:47:18.885  9064 10050 I BrcmNfcNfa: nfa_ce_api_reg_listen ():Registering UICC/ESE/Felica/Type-4 tag listener. Type=1
05-14 08:47:18.885  9064 10050 I BrcmNfcNfa: nfa_ce_api_reg_listen ():found free entry listen_info_idx = 3
05-14 08:47:18.885  9064 10050 I BrcmNfcNfa: NFA_CE: adding listen_info entry 3
05-14 08:47:18.885  9064  9064 D BrcmNfcJni: SecureElement::getEeHandleList: 0 = 0x401
05-14 08:47:18.885  9064  9064 D BrcmNfcJni: 0x401: 0x1 0x1 0x0
05-14 08:47:18.885  9064  9064 D BrcmNfcJni: SecureElement::getEeHandleList: 1 = 0x4C0
05-14 08:47:18.885  9064  9064 D BrcmNfcJni: SecureElement::getEeHandleList: Handle 1 = 0xC0
05-14 08:47:18.885  9064  9064 D BrcmNfcJni: RoutingManager::checkProtoSeID: count : 1
05-14 08:47:18.885  9064  9064 D BrcmNfcJni: SecureElement::getGenericEseId: enter; ESE-Handle = 0xC0
05-14 08:47:18.885  9064  9064 D BrcmNfcJni: SecureElement::getGenericEseId: exit; ESE-Generic-ID = 0x01
05-14 08:47:18.885  9064  9064 D BrcmNfcJni: RoutingManager::checkProtoSeID: seId : 1
05-14 08:47:18.885  9064  9064 D BrcmNfcJni: SecureElement::getEseHandleFromGenericId: enter; ESE-ID = 0x01
05-14 08:47:18.885  9064  9064 D BrcmNfcJni: SecureElement::getEseHandleFromGenericId: enter; ESE-Handle = 0x4C0
05-14 08:47:18.885  9064  9064 D BrcmNfcJni: RoutingManager::checkProtoSeID: ActDevHandle : 0x4C0
05-14 08:47:18.885  9064  9064 D BrcmNfcJni: RoutingManager::checkProtoSeID:isDefaultIsoDepSeIDPresent:0x0
05-14 08:47:18.885  9064  9064 D BrcmNfcJni: RoutingManager::checkProtoSeID: exit
05-14 08:47:18.885  9064  9064 D BrcmNfcJni: RoutingManager::initialiseTableEntries: enter
05-14 08:47:18.885  9064  9064 D BrcmNfcJni: SecureElement::getEeInfo: enter; mbNewEE=0, mActualNumEe=2
05-14 08:47:18.885  9064  9064 I BrcmNfcNfa: NFA_EeGetInfo em_state:1 cur_ee:3
05-14 08:47:18.885  9064  9064 I BrcmNfcNfa: xx:0 max_ret:4, num_ret:0 ee_status:0x0, nfcee_id:0x1
05-14 08:47:18.885  9064  9064 I BrcmNfcNfa: xx:1 max_ret:4, num_ret:1 ee_status:0x0, nfcee_id:0xc0
05-14 08:47:18.885  9064  9064 I BrcmNfcNfa: xx:2 max_ret:4, num_ret:2 ee_status:0x2, nfcee_id:0x2
05-14 08:47:18.885  9064  9064 I BrcmNfcNfa: num_ret:2
05-14 08:47:18.885  9064  9064 D BrcmNfcJni: SecureElement::getEeInfo: num EEs discovered: 2
05-14 08:47:18.885  9064  9064 D BrcmNfcJni: SecureElement::getEeInfo: EE[0] Handle: 0x0401  Status: Connected/Active  Num I/f: 1: (0x01, 0x00)  Num TLVs: 0, Tech : (LA:0x00, LB:0x00, LF:0x00, LBP:0x00)
05-14 08:47:18.885  9064  9064 D BrcmNfcJni: SecureElement::getEeInfo: EE[1] Handle: 0x04c0  Status: Connected/Active  Num I/f: 1: (0x80, 0x00)  Num TLVs: 0, Tech : (LA:0x04, LB:0x04, LF:0x03, LBP:0x00)
05-14 08:47:18.885  9064  9064 D BrcmNfcJni: SecureElement::getEeInfo: exit; mActualNumEe=2, mNumEePresent=1
05-14 08:47:18.885  9064  9064 D BrcmNfcJni: SecureElement::getEeInfo: enter; mbNewEE=0, mActualNumEe=2
05-14 08:47:18.885  9064  9064 I BrcmNfcNfa: NFA_EeGetInfo em_state:1 cur_ee:3
05-14 08:47:18.885  9064  9064 I BrcmNfcNfa: xx:0 max_ret:4, num_ret:0 ee_status:0x0, nfcee_id:0x1
05-14 08:47:18.885  9064  9064 I BrcmNfcNfa: xx:1 max_ret:4, num_ret:1 ee_status:0x0, nfcee_id:0xc0
05-14 08:47:18.885  9064  9064 I BrcmNfcNfa: xx:2 max_ret:4, num_ret:2 ee_status:0x2, nfcee_id:0x2
05-14 08:47:18.885  9064  9064 I BrcmNfcNfa: num_ret:2
05-14 08:47:18.885  9064  9064 D BrcmNfcJni: SecureElement::getEeInfo: num EEs discovered: 2
05-14 08:47:18.885  9064  9064 D BrcmNfcJni: SecureElement::getEeInfo: EE[0] Handle: 0x0401  Status: Connected/Active  Num I/f: 1: (0x01, 0x00)  Num TLVs: 0, Tech : (LA:0x00, LB:0x00, LF:0x00, LBP:0x00)
05-14 08:47:18.885  9064  9064 D BrcmNfcJni: SecureElement::getEeInfo: EE[1] Handle: 0x04c0  Status: Connected/Active  Num I/f: 1: (0x80, 0x00)  Num TLVs: 0, Tech : (LA:0x04, LB:0x04, LF:0x03, LBP:0x00)
05-14 08:47:18.885  9064  9064 D BrcmNfcJni: SecureElement::getEeInfo: exit; mActualNumEe=2, mNumEePresent=1
05-14 08:47:18.885  9064  9064 D BrcmNfcJni: SecureElement::getEeInfo: enter; mbNewEE=0, mActualNumEe=2
05-14 08:47:18.885  9064  9064 I BrcmNfcNfa: NFA_EeGetInfo em_state:1 cur_ee:3
05-14 08:47:18.885  9064  9064 I BrcmNfcNfa: xx:0 max_ret:4, num_ret:0 ee_status:0x0, nfcee_id:0x1
05-14 08:47:18.885  9064  9064 I BrcmNfcNfa: xx:1 max_ret:4, num_ret:1 ee_status:0x0, nfcee_id:0xc0
05-14 08:47:18.885  9064  9064 I BrcmNfcNfa: xx:2 max_ret:4, num_ret:2 ee_status:0x2, nfcee_id:0x2
05-14 08:47:18.885  9064  9064 I BrcmNfcNfa: num_ret:2
05-14 08:47:18.885  9064  9064 D BrcmNfcJni: SecureElement::getEeInfo: num EEs discovered: 2
05-14 08:47:18.885  9064  9064 D BrcmNfcJni: SecureElement::getEeInfo: EE[0] Handle: 0x0401  Status: Connected/Active  Num I/f: 1: (0x01, 0x00)  Num TLVs: 0, Tech : (LA:0x00, LB:0x00, LF:0x00, LBP:0x00)
05-14 08:47:18.885  9064  9064 D BrcmNfcJni: SecureElement::getEeInfo: EE[1] Handle: 0x04c0  Status: Connected/Active  Num I/f: 1: (0x80, 0x00)  Num TLVs: 0, Tech : (LA:0x04, LB:0x04, LF:0x03, LBP:0x00)
05-14 08:47:18.885  9064  9064 D BrcmNfcJni: SecureElement::getEeInfo: exit; mActualNumEe=2, mNumEePresent=1
05-14 08:47:18.885  9064  9064 D BrcmNfcJni: RoutingManager::initialiseTableEntries: exit; mTechSupportedByEse:0x7 mTechSupportedByUicc1:0x0 mTechSupportedByUicc2:0x0
05-14 08:47:18.885  9064  9064 D BrcmNfcJni: RoutingManager::compileProtoEntries: enter
05-14 08:47:18.885  9064  9064 D BrcmNfcJni: --------------------Proto Table Entries------------------
05-14 08:47:18.885  9064  9064 D BrcmNfcJni: |Index=0|RouteLoc=0x400|Proto=0x04|Power=0x01|Enable=0x1|
05-14 08:47:18.885  9064  9064 D BrcmNfcJni: |Index=1|RouteLoc=0x400|Proto=0x08|Power=0x09|Enable=0x1|
05-14 08:47:18.885  9064  9064 D BrcmNfcJni: |Index=2|RouteLoc=0x400|Proto=0x20|Power=0x09|Enable=0x1|
05-14 08:47:18.885  9064  9064 D BrcmNfcJni: ---------------------------------------------------------
05-14 08:47:18.885  9064  9064 D BrcmNfcJni: RoutingManager::compileProtoEntries: exit
05-14 08:47:18.885  9064  9064 D BrcmNfcJni: RoutingManager::consolidateProtoEntries: enter
05-14 08:47:18.885  9064  9064 D BrcmNfcJni: ----------------------------------------Lmrt Proto Entries------------------------------------
05-14 08:47:18.885  9064  9064 D BrcmNfcJni: |Index=0|nfceeID=0x400|SWTCH-ON=0x2C|SWTCH-OFF=0x00|BAT-OFF=0x00|SCRN-LOCK=0x28|SCRN-OFF=0x00|SCRN-OFF_LOCK=0x00
05-14 08:47:18.885  9064  9064 D BrcmNfcJni: |Index=1|nfceeID=0x4C0|SWTCH-ON=0x00|SWTCH-OFF=0x00|BAT-OFF=0x00|SCRN-LOCK=0x00|SCRN-OFF=0x00|SCRN-OFF_LOCK=0x00
05-14 08:47:18.885  9064  9064 D BrcmNfcJni: |Index=2|nfceeID=0x402|SWTCH-ON=0x00|SWTCH-OFF=0x00|BAT-OFF=0x00|SCRN-LOCK=0x00|SCRN-OFF=0x00|SCRN-OFF_LOCK=0x00
05-14 08:47:18.885  9064  9064 D BrcmNfcJni: ----------------------------------------------------------------------------------------------
05-14 08:47:18.885  9064  9064 D BrcmNfcJni: RoutingManager::consolidateProtoEntries: exit
05-14 08:47:18.885  9064  9064 D BrcmNfcJni: RoutingManager::setProtoRouting: enter
05-14 08:47:18.885  9064  9064 D com.android.nf: SyncEventGuard: lock on 0x7e09f3ed04
05-14 08:47:18.885  9064  9064 D BrcmNfcJni: RoutingManager::setProtoRouting: nfceeID:0x400
05-14 08:47:18.885  9064  9064 D BrcmNfcJni: RoutingManager::setProtoRouting: Clear Proto Routing Entries for nfceeID:0x400
05-14 08:47:18.885  9064  9064 I BrcmNfcNfa: NFA_EeSetDefaultProtoRouting(): handle:<0x400>protocol_mask:<0x0>/<0x0>/<0x0><0x0><0x0>
