05-14 08:47:57.600  9064 10050 I BrcmNfcNfa: nfa_ee_total_lmrt_size size:117
05-14 08:47:57.600  9064 10050 I BrcmNfcNfa: nfa_dm_is_active () flags:0x5
05-14 08:47:57.600  9064 10050 I BrcmNfcNfa: nfa_sys_ptim_start_timer b3bb7a00
05-14 08:47:57.600  9064 10050 D BrcmNfcJni: RoutingManager::nfaEeCallback: NFA_EE_SET_PROTO_CFG_EVT; status=0x0
05-14 08:47:57.600  9064 10050 D com.android.nf: SyncEventGuard: lock on 0x7e09f3ed04
05-14 08:47:57.600  9064 10050 E com.android.nf: notifyOne: 0x7e09f3ed04
05-14 08:47:57.600  9064  9064 D BrcmNfcJni: RoutingManager::setProtoRouting: nfceeID:0x4C0
05-14 08:47:57.600  9064  9064 D BrcmNfcJni: RoutingManager::setProtoRouting: nfceeID:0x402
05-14 08:47:57.600  9064  9064 D BrcmNfcJni: RoutingManager::setProtoRouting: nfceeID:0x481
05-14 08:47:57.600  9064  9064 D BrcmNfcJni: RoutingManager::setProtoRouting: exit
05-14 08:47:57.600  9064  9064 D BrcmNfcJni: RoutingManager::compileTechEntries: enter
05-14 08:47:57.600  9064  9064 D NxpExtns: find found DEFAULT_FELICA_CLT_ROUTE=(0x1)
05-14 08:47:57.600  9064  9064 D BrcmNfcJni: --------------------Tech Table Entries------------------
05-14 08:47:57.600  9064  9064 D BrcmNfcJni: |Index=0|RouteLoc=0x402|Tech=0x01|Power=0x1B|Enable=0x0|
05-14 08:47:57.600  9064  9064 D BrcmNfcJni: |Index=1|RouteLoc=0x402|Tech=0x02|Power=0x1B|Enable=0x0|
05-14 08:47:57.600  9064  9064 D BrcmNfcJni: |Index=2|RouteLoc=0x4C0|Tech=0x04|Power=0x1B|Enable=0x1|
05-14 08:47:57.600  9064  9064 D BrcmNfcJni: --------------------------------------------------------
05-14 08:47:57.600  9064  9064 D BrcmNfcJni: getUiccRoute: Enter slot num = 1
05-14 08:47:57.600  9064  9064 D BrcmNfcJni: RoutingManager::processTechEntriesForFwdfunctionality: enter
05-14 08:47:57.600  9064  9064 D BrcmNfcJni: --------------------Tech Table Entries------------------
05-14 08:47:57.600  9064  9064 D BrcmNfcJni: |Index=0|RouteLoc=0x402|Tech=0x01|Power=0x1B|Enable=0x0|
05-14 08:47:57.600  9064  9064 D BrcmNfcJni: |Index=1|RouteLoc=0x402|Tech=0x02|Power=0x1B|Enable=0x0|
05-14 08:47:57.600  9064  9064 D BrcmNfcJni: |Index=2|RouteLoc=0x4C0|Tech=0x04|Power=0x1B|Enable=0x1|
05-14 08:47:57.600  9064  9064 D BrcmNfcJni: --------------------------------------------------------
05-14 08:47:57.600  9064  9064 D BrcmNfcJni: RoutingManager::processTechEntriesForFwdfunctionality: exit
05-14 08:47:57.600  9064  9064 D BrcmNfcJni: RoutingManager::compileTechEntries: exit
05-14 08:47:57.600  9064  9064 D BrcmNfcJni: RoutingManager::consolidateTechEntries: enter
05-14 08:47:57.600  9064  9064 D BrcmNfcJni: -----------------------------------------Lmrt Tech Entries------------------------------------
05-14 08:47:57.600  9064  9064 D BrcmNfcJni: |Index=0|nfceeID=0x400|SWTCH-ON=0x00|SWTCH-OFF=0x00|BAT-OFF=0x00|SCRN-LOCK=0x00|SCRN-OFF=0x00|SCRN-OFF_LOCK=0x00
05-14 08:47:57.600  9064  9064 D BrcmNfcJni: |Index=1|nfceeID=0x4C0|SWTCH-ON=0x04|SWTCH-OFF=0x04|BAT-OFF=0x00|SCRN-LOCK=0x04|SCRN-OFF=0x04|SCRN-OFF_LOCK=0x00
05-14 08:47:57.600  9064  9064 D BrcmNfcJni: |Index=2|nfceeID=0x402|SWTCH-ON=0x00|SWTCH-OFF=0x00|BAT-OFF=0x00|SCRN-LOCK=0x00|SCRN-OFF=0x00|SCRN-OFF_LOCK=0x00
05-14 08:47:57.600  9064  9064 D BrcmNfcJni: ----------------------------------------------------------------------------------------------
05-14 08:47:57.600  9064  9064 D BrcmNfcJni: RoutingManager::consolidateTechEntries: exit
05-14 08:47:57.600  9064  9064 D BrcmNfcJni: RoutingManager::setTechRouting: enter
05-14 08:47:57.600  9064  9064 D com.android.nf: SyncEventGuard: lock on 0x7e09f3ed04
05-14 08:47:57.600  9064  9064 D BrcmNfcJni: RoutingManager::setTechRouting: Clear Routing Entries for nfceeID:0x4C0
05-14 08:47:57.600  9064  9064 I BrcmNfcNfa: NFA_EeSetDefaultTechRouting(): handle:<0x4c0>technology_mask:<0x0>/<0x0>/<0x0><0x0><0x0>
05-14 08:47:57.600  9064  9064 I BrcmNfcNfa: nfa_ee_find_ecb ()
05-14 08:47:57.600  9064 10050 I BrcmNfcNfa: NFA got event 0x0204
05-14 08:47:57.600  9064 10050 I BrcmNfcNfa: nfa_ee_evt_hdlr (): Event API_SET_TECH_CFG(0x204), State: INIT_DONE(1)
05-14 08:47:57.600  9064 10050 I BrcmNfcNfa: nfa_ee_update_route_size nfcee_id:0xc0 size_mask:0
05-14 08:47:57.600  9064 10050 I BrcmNfcNfa: nfa_ee_total_lmrt_size size:112
05-14 08:47:57.600  9064 10050 I BrcmNfcNfa: nfa_dm_is_active () flags:0x5
05-14 08:47:57.600  9064 10050 I BrcmNfcNfa: nfa_sys_ptim_start_timer b3bb7a00
05-14 08:47:57.600  9064 10050 D BrcmNfcJni: RoutingManager::nfaEeCallback: NFA_EE_SET_TECH_CFG_EVT; status=0x0
05-14 08:47:57.600  9064 10050 D com.android.nf: SyncEventGuard: lock on 0x7e09f3ed04
05-14 08:47:57.600  9064 10050 E com.android.nf: notifyOne: 0x7e09f3ed04
05-14 08:47:57.600  9064  9064 I BrcmNfcNfa: NFA_EeSetDefaultTechRouting(): handle:<0x4c0>technology_mask:<0x4>/<0x4>/<0x0><0x4><0x4>
05-14 08:47:57.600  9064  9064 I BrcmNfcNfa: nfa_ee_find_ecb ()
05-14 08:47:57.600  9064 10050 I BrcmNfcNfa: NFA got event 0x0204
05-14 08:47:57.600  9064 10050 I BrcmNfcNfa: nfa_ee_evt_hdlr (): Event API_SET_TECH_CFG(0x204), State: INIT_DONE(1)
05-14 08:47:57.600  9064 10050 I BrcmNfcNfa: nfa_ee_update_route_size nfcee_id:0xc0 size_mask:5
05-14 08:47:57.600  9064 10050 I BrcmNfcNfa: nfa_ee_total_lmrt_size size:117
05-14 08:47:57.600  9064 10050 I BrcmNfcNfa: nfa_dm_is_active () flags:0x5
05-14 08:47:57.600  9064 10050 I BrcmNfcNfa: nfa_sys_ptim_start_timer b3bb7a00
05-14 08:47:57.600  9064 10050 D BrcmNfcJni: RoutingManager::nfaEeCallback: NFA_EE_SET_TECH_CFG_EVT; status=0x0
05-14 08:47:57.600  9064 10050 D com.android.nf: SyncEventGuard: lock on 0x7e09f3ed04
05-14 08:47:57.600  9064 10050 E com.android.nf: notifyOne: 0x7e09f3ed04
05-14 08:47:57.601  2731  2731 D Launcher.Lifecycle: onWindowFocusChanged:true,UserHandle{0},8217634,false
05-14 08:47:57.601  2731  2731 D Launcher_UnlockAnimationStateMachine: onWindowFocus:IDLE
05-14 08:47:57.604  9064  9064 D BrcmNfcJni: RoutingManager::setTechRouting: exit
05-14 08:47:57.604  9064  9064 D BrcmNfcJni: RoutingManager::configureOffHostNfceeTechMask: enter
05-14 08:47:57.604  9064  9064 D BrcmNfcJni: SecureElement::getEeHandleList: 0 = 0x401
05-14 08:47:57.604  9064  9064 D BrcmNfcJni: SecureElement::getEeHandleList: 0 = 0x401
05-14 08:47:57.604  9064  9064 D BrcmNfcJni: 0x401: 0x1 0x1 0x0
05-14 08:47:57.604  9064  9064 D BrcmNfcJni: SecureElement::getEeHandleList: 1 = 0x4C0
05-14 08:47:57.604  9064  9064 D BrcmNfcJni: SecureElement::getEeHandleList: Handle 1 = 0xC0
05-14 08:47:57.604  9064  9064 D BrcmNfcJni: SecureElement::getGenericEseId: enter; ESE-Handle = 0xC0
05-14 08:47:57.604  9064  9064 D BrcmNfcJni: SecureElement::getGenericEseId: exit; ESE-Generic-ID = 0x01
05-14 08:47:57.604  9064  9064 D BrcmNfcJni: SecureElement::getEseHandleFromGenericId: enter; ESE-ID = 0x01
05-14 08:47:57.604  9064  9064 D BrcmNfcJni: SecureElement::getEseHandleFromGenericId: enter; ESE-Handle = 0x4C0
05-14 08:47:57.604  9064  9064 D BrcmNfcJni: RoutingManager::configureOffHostNfceeTechMask: ee_handleList[0] : 0xC0
05-14 08:47:57.604  9064  9064 D BrcmNfcJni: RoutingManager::configureOffHostNfceeTechMask: exit
05-14 08:47:57.604  9064  9064 D BrcmNfcJni: RoutingManager::setDefaultRoute: exit
05-14 08:47:57.604  9064  9064 D BrcmNfcJni: RoutingManager::commitRouting
05-14 08:47:57.604  9064  9064 D com.android.nf: SyncEventGuard: lock on 0x7e09f3ebf0
05-14 08:47:57.604  9064  9064 I BrcmNfcNfa: NFA_EeUpdateNow()
05-14 08:47:57.604  9064 10050 I BrcmNfcNfa: NFA got event 0x0209
05-14 08:47:57.604  9064 10050 I BrcmNfcNfa: nfa_ee_evt_hdlr (): Event API_UPDATE_NOW(0x209), State: INIT_DONE(1)
05-14 08:47:57.604  9064 10050 I BrcmNfcNfa: nfa_sys_ptim_stop_timer b3bb7a00
05-14 08:47:57.604  9064 10050 I BrcmNfcNfa: ptim timer stop
05-14 08:47:57.604  9064 10050 I BrcmNfcNfa: nfa_ee_rout_timeout()
05-14 08:47:57.604  9064 10050 I BrcmNfcNfa: nfa_ee_need_recfg() ee_cfged: 0x92 ee_cfg_sts: 0x10
05-14 08:47:57.604  9064 10050 I BrcmNfcNfa: 0: ecb_flags  : 0x04, mask: 0x10
05-14 08:47:57.604  9064 10050 I BrcmNfcNfa: nfa_ee_need_recfg:Routing table dirty, update required...
05-14 08:47:57.604  9064 10050 I BrcmNfcNfa: nfa_ee_update_rout ee_cfg_sts:0x10
05-14 08:47:57.605  9064 10050 I BrcmNfcNfa: nfa_ee_evt_hdlr (): Event CFG_TO_NFCC(0x21a), State: INIT_DONE(1)
05-14 08:47:57.605  9064 10050 I BrcmNfcNfa: max supported routing table size: 860
05-14 08:47:57.605  9064 10050 I BrcmNfcNfa: last_active: 0xc0
05-14 08:47:57.605  9064 10050 I BrcmNfcNfa: find_and_resolve_tech_conflict:Enter
05-14 08:47:57.605  9064 10050 I BrcmNfcNfa: find_and_resolve_tech_conflict:p_cb->nfcee_id=0x0,p_cb->tech_switch_on= 0x0,p_cb->tech_switch_off= 0x0,p_cb->tech_battery_off= 0x0
05-14 08:47:57.605  9064 10050 D NfcAdaptation: find found DEFAULT_OFFHOST_ROUTE=(0x2)
05-14 08:47:57.605  9064 10050 I BrcmNfcNfa: find_and_resolve_tech_conflict:NXP_DEFAULT_OFFHOST_ROUTE=0x02;
05-14 08:47:57.605  9064 10050 I BrcmNfcNfa: find_and_resolve_tech_conflict:techF_found=0x4,techF_ee= 0xc0;
05-14 08:47:57.605  9064 10050 I BrcmNfcNfa: find_and_resolve_tech_conflict:techA_found=0x0,techA_ee= 0x0;
05-14 08:47:57.605  9064 10050 I BrcmNfcNfa: nfa_ee_lmrt_to_nfcc --add the routing for NFCEEs!!
05-14 08:47:57.605  9064 10050 I BrcmNfcNfa: nfa_ee_route_add_one_ecb_by_route_order - max_len:860, cur_offset:0, more:1, num_tlv:0,rout_type:- 1
05-14 08:47:57.605  9064 10050 I BrcmNfcNfa: nfa_ee_add_aid_route_to_ecb - No AID entries available
05-14 08:47:57.605  9064 10050 I BrcmNfcNfa: nfa_ee_total_lmrt_size size:117
05-14 08:47:57.605  9064 10050 I BrcmNfcNfa: ee_cfg_sts:0x10 lmrt_size:117
05-14 08:47:57.605  9064 10050 I BrcmNfcNfa: nfa_ee_lmrt_to_nfcc --add the routing for NFCEEs!!
05-14 08:47:57.605  9064 10050 I BrcmNfcNfa: nfa_ee_route_add_one_ecb_by_route_order - max_len:860, cur_offset:0, more:1, num_tlv:0,rout_type:- 1
05-14 08:47:57.605  9064 10050 I BrcmNfcNfa: nfa_ee_add_aid_route_to_ecb - No AID entries available
05-14 08:47:57.605  9064 10050 I BrcmNfcNfa: nfa_ee_total_lmrt_size size:117
05-14 08:47:57.605  9064 10050 I BrcmNfcNfa: ee_cfg_sts:0x11 lmrt_size:117
05-14 08:47:57.605  9064 10050 I BrcmNfcNfa: nfa_ee_lmrt_to_nfcc --add the routing for DH!!
05-14 08:47:57.605  9064 10050 I BrcmNfcNfa: nfa_ee_route_add_one_ecb_by_route_order - max_len:860, cur_offset:0, more:1, num_tlv:0,rout_type:- 1
05-14 08:47:57.605  9064 10050 I BrcmNfcNfa: nfa_ee_add_aid_route_to_ecb -  p_cb->aid_info0
05-14 08:47:57.605  9064 10050 I chatty  : uid=1027(nfc) AsyncTask #1 identical 5 lines
05-14 08:47:57.605  9064 10050 I BrcmNfcNfa: nfa_ee_add_aid_route_to_ecb -  p_cb->aid_info0
05-14 08:47:57.605  9064 10050 I BrcmNfcNfa: nfa_ee_total_lmrt_size size:117
05-14 08:47:57.605  9064 10050 I BrcmNfcNfa: ee_cfg_sts:0x11 lmrt_size:117
05-14 08:47:57.605  9064 10050 I BrcmNfcNfa: nfa_ee_lmrt_to_nfcc --add the routing for NFCEEs!!
05-14 08:47:57.605  9064 10050 I BrcmNfcNfa: nfa_ee_route_add_one_ecb_by_route_order - max_len:860, cur_offset:97, more:1, num_tlv:7,rout_type:- 2
05-14 08:47:57.605  9064 10050 I BrcmNfcNfa: nfa_ee_total_lmrt_size size:117
05-14 08:47:57.605  9064 10050 I BrcmNfcNfa: ee_cfg_sts:0x11 lmrt_size:117
05-14 08:47:57.605  9064 10050 I BrcmNfcNfa: nfa_ee_lmrt_to_nfcc --add the routing for NFCEEs!!
05-14 08:47:57.605  9064 10050 I BrcmNfcNfa: nfa_ee_route_add_one_ecb_by_route_order - max_len:860, cur_offset:97, more:1, num_tlv:7,rout_type:- 2
05-14 08:47:57.605  9064 10050 I BrcmNfcNfa: nfa_ee_total_lmrt_size size:117
05-14 08:47:57.605  9064 10050 I BrcmNfcNfa: ee_cfg_sts:0x11 lmrt_size:117
05-14 08:47:57.605  9064 10050 I BrcmNfcNfa: nfa_ee_lmrt_to_nfcc --add the routing for DH!!
05-14 08:47:57.605  9064 10050 I BrcmNfcNfa: nfa_ee_route_add_one_ecb_by_route_order - max_len:860, cur_offset:97, more:1, num_tlv:7,rout_type:- 2
05-14 08:47:57.605  9064 10050 I BrcmNfcNfa: nfa_ee_total_lmrt_size size:117
05-14 08:47:57.605  9064 10050 I BrcmNfcNfa: ee_cfg_sts:0x11 lmrt_size:117
05-14 08:47:57.605  9064 10050 I BrcmNfcNfa: nfa_ee_lmrt_to_nfcc --add the routing for NFCEEs!!
05-14 08:47:57.605  9064 10050 I BrcmNfcNfa: nfa_ee_route_add_one_ecb_by_route_order - max_len:860, cur_offset:97, more:1, num_tlv:7,rout_type:- 3
05-14 08:47:57.605  9064 10050 I BrcmNfcNfa: nfa_ee_route_add_one_ecb_by_route_order -  Route type - NA:- 3
05-14 08:47:57.605  9064 10050 I BrcmNfcNfa: nfa_ee_total_lmrt_size size:117
05-14 08:47:57.605  9064 10050 I BrcmNfcNfa: ee_cfg_sts:0x11 lmrt_size:117
05-14 08:47:57.605  9064 10050 I BrcmNfcNfa: nfa_ee_lmrt_to_nfcc --add the routing for NFCEEs!!
05-14 08:47:57.605  9064 10050 I BrcmNfcNfa: nfa_ee_route_add_one_ecb_by_route_order - max_len:860, cur_offset:97, more:1, num_tlv:7,rout_type:- 3
05-14 08:47:57.605  9064 10050 I BrcmNfcNfa: nfa_ee_route_add_one_ecb_by_route_order -  Route type - NA:- 3
05-14 08:47:57.605  9064 10050 I BrcmNfcNfa: nfa_ee_total_lmrt_size size:117
05-14 08:47:57.605  9064 10050 I BrcmNfcNfa: ee_cfg_sts:0x11 lmrt_size:117
05-14 08:47:57.605  9064 10050 I BrcmNfcNfa: nfa_ee_lmrt_to_nfcc --add the routing for DH!!
05-14 08:47:57.605  9064 10050 I BrcmNfcNfa: nfa_ee_route_add_one_ecb_by_route_order - max_len:860, cur_offset:97, more:1, num_tlv:7,rout_type:- 3
05-14 08:47:57.605  9064 10050 I BrcmNfcNfa: nfa_ee_route_add_one_ecb_by_route_order -  Route type - NA:- 3
05-14 08:47:57.605  9064 10050 I BrcmNfcNfa: nfa_ee_total_lmrt_size size:117
05-14 08:47:57.605  9064 10050 I BrcmNfcNfa: ee_cfg_sts:0x11 lmrt_size:117
05-14 08:47:57.605  9064 10050 I BrcmNfcNfa: nfa_ee_lmrt_to_nfcc --add the routing for NFCEEs!!
05-14 08:47:57.605  9064 10050 I BrcmNfcNfa: nfa_ee_route_add_one_ecb_by_route_order - max_len:860, cur_offset:97, more:1, num_tlv:7,rout_type:- 4
05-14 08:47:57.605  9064 10050 I BrcmNfcNfa: nfa_ee_total_lmrt_size size:117
05-14 08:47:57.605  9064 10050 I BrcmNfcNfa: ee_cfg_sts:0x11 lmrt_size:117
05-14 08:47:57.605  9064 10050 I BrcmNfcNfa: nfa_ee_lmrt_to_nfcc --add the routing for NFCEEs!!
05-14 08:47:57.605  9064 10050 I BrcmNfcNfa: nfa_ee_route_add_one_ecb_by_route_order - max_len:860, cur_offset:97, more:1, num_tlv:7,rout_type:- 4
05-14 08:47:57.605  9064 10050 I BrcmNfcNfa: nfa_ee_total_lmrt_size size:117
05-14 08:47:57.605  9064 10050 I BrcmNfcNfa: ee_cfg_sts:0x11 lmrt_size:117
05-14 08:47:57.605  9064 10050 I BrcmNfcNfa: nfa_ee_lmrt_to_nfcc --add the routing for DH!!
05-14 08:47:57.605  9064 10050 I BrcmNfcNfa: nfa_ee_route_add_one_ecb_by_route_order - max_len:860, cur_offset:97, more:1, num_tlv:7,rout_type:- 4
05-14 08:47:57.605  9064 10050 I BrcmNfcNfa: nfa_ee_add_proto_route_to_ecb - NFC DEP added for DH!!!
05-14 08:47:57.605  9064 10050 I BrcmNfcNfa: nfa_ee_route_add_one_ecb_by_route_order -ROUTING SET new_size=20, new_num_tlv=4
05-14 08:47:57.605  9064 10050 I BrcmNfcNfa: nfa_ee_total_lmrt_size size:117
05-14 08:47:57.605  9064 10050 I BrcmNfcNfa: ee_cfg_sts:0x11 lmrt_size:117
05-14 08:47:57.605  9064 10050 I BrcmNfcNfa: nfa_ee_lmrt_to_nfcc --add the routing for NFCEEs!!
05-14 08:47:57.605  9064 10050 I BrcmNfcNfa: nfa_ee_route_add_one_ecb_by_route_order - max_len:860, cur_offset:117, more:1, num_tlv:11,rout_type:- 5
05-14 08:47:57.605  9064 10050 I BrcmNfcNfa: nfa_ee_total_lmrt_size size:117
05-14 08:47:57.605  9064 10050 I BrcmNfcNfa: ee_cfg_sts:0x11 lmrt_size:117
05-14 08:47:57.605  9064 10050 I BrcmNfcNfa: nfa_ee_lmrt_to_nfcc --add the routing for NFCEEs!!
05-14 08:47:57.605  9064 10050 I BrcmNfcNfa: nfa_ee_route_add_one_ecb_by_route_order - max_len:860, cur_offset:117, more:1, num_tlv:11,rout_type:- 5
05-14 08:47:57.605  9064 10050 I BrcmNfcNfa: nfa_ee_route_add_one_ecb_by_route_order -ROUTING SET new_size=5, new_num_tlv=1
05-14 08:47:57.605  9064 10050 I BrcmNfcNfa: nfa_ee_total_lmrt_size size:117
05-14 08:47:57.605  9064 10050 I BrcmNfcNfa: ee_cfg_sts:0x11 lmrt_size:117
05-14 08:47:57.605  9064 10050 I BrcmNfcNfa: nfa_ee_lmrt_to_nfcc --add the routing for DH!!
05-14 08:47:57.605  9064 10050 I BrcmNfcNfa: nfa_ee_route_add_one_ecb_by_route_order - max_len:860, cur_offset:122, more:0, num_tlv:12,rout_type:- 5
05-14 08:47:57.605  9064 10050 I BrcmNfcNfa: nfa_ee_total_lmrt_size size:117
05-14 08:47:57.605  9064 10050 I BrcmNfcNfa: ee_cfg_sts:0x11 lmrt_size:117
05-14 08:47:57.605  9064 10050 I BrcmNfcNfa: nfa_ee_route_add_one_ecb_by_route_order : set routing num_tlv:12 tlv_size:117
05-14 08:47:57.605  9064 10050 I BrcmNfcNfa: nfc_ncif_send_cmd()
05-14 08:47:57.605  9064 10050 I BrcmNfcNfa: nfc_ncif_check_cmd_queue : Writing to HAL...
05-14 08:47:57.605  9064 10050 I BrcmNfcNfa: nfc_ncif_check_cmd_queue : cmd_size:124
05-14 08:47:57.605  9064 10050 D NfcAdaptation: NfcAdaptation::HalWrite
05-14 08:47:57.606   858   900 D NxpExtns: find found MIFARE_READER_ENABLE=(0x1)
05-14 08:47:57.606   858 10132 D NxpTml  : PN54X - Write requested.....
05-14 08:47:57.606   858 10132 D NxpTml  : PN54X - Invoking I2C Write.....
05-14 08:47:57.609  8885  8885 I GoogleInputMethodService: GoogleInputMethodService.onFinishInput():2259 
05-14 08:47:57.610  8885  8885 I Module  : DeviceLockedStatusModuleProvider$Module.updateDeviceLockedStatus():103 repeatCheckTimes = 0, locked = false
05-14 08:47:57.610   858 10131 D NxpTml  : PN54X - I2C Read successful.....len = 4
05-14 08:47:57.611   858 10131 D NxpTml  : Delay Read if write thread is busy
05-14 08:47:57.611  8885  8885 I GoogleInputMethodService: GoogleInputMethodService.onStartInput():1446 onStartInput(EditorInfo{EditorInfo{packageName=com.miui.home, inputType=0, inputTypeString=NULL, enableLearning=false, autoCorrection=false, autoComplete=false, imeOptions=0, privateImeOptions=null, actionName=UNSPECIFIED, actionLabel=null, initialSelStart=-1, initialSelEnd=-1, initialCapsMode=0, label=null, fieldId=2131361961, fieldName=null, extras=null, hintText=null, hintLocales=[]}}, false)
05-14 08:47:57.611  8885  8885 I AndroidIME: LatinIMEBase.updateInputViewCoverNavigation():322 Update input view padding, isNavbarOverInputWindow=false, bottom inset=130
05-14 08:47:57.611   858 10132 D NxpNciX : len = 127 => 21017C000C02120041A00000047643276C1FDE7A39B9C05716020A0041A000000940BCB000020F0041A000000809434343444B467631020C00414F53452E5641532E3031020B0041A000000476D0000111020A0041A000000476B0000302070041F00000FE2C0103000103010300410401030041A001030001050003C0C302
05-14 08:47:57.611   858 10132 D NxpTml  : PN54X - I2C Write successful.....
05-14 08:47:57.611   858 10132 D NxpTml  : PN54X - Posting Fresh Write message.....
05-14 08:47:57.611   858 10132 D NxpTml  : PN54X - Tml Writer Thread Running................
05-14 08:47:57.611   858 10134 D NxpHal  : write successful status = 0x0
05-14 08:47:57.612  9064 10050 D BrcmNfcJni: RoutingManager::nfaEeCallback: NFA_EE_ROUT_ERR_EVT  status=3
05-14 08:47:57.612  9064 10050 I BrcmNfcNfa: nfa_ee_update_rout ee_cfg_sts:0x10 ee_cfged:0x12
05-14 08:47:57.612  8885  8885 I Module  : DeviceLockedStatusModuleProvider$Module.updateDeviceLockedStatus():103 repeatCheckTimes = 1, locked = false
05-14 08:47:57.613   858 10131 D NxpTml  : PN54X - Posting read message.....
05-14 08:47:57.613   858 10131 D NxpNciR : len =   4 <= 41010100
05-14 08:47:57.613   858 10134 D NxpHal  : read successful status = 0x0
05-14 08:47:57.613  9064 10050 I BrcmNfcNfa: NFC received rsp gid:1
05-14 08:47:57.613  9064 10050 I BrcmNfcNfa: nfa_dm_nfc_response_cback () NFC_SET_ROUTING_REVT(0x500a)
05-14 08:47:57.613  9064 10050 I BrcmNfcNfa: nfa_ee_proc_evt: event=0x500a int_event:0x217
05-14 08:47:57.613  9064 10050 I BrcmNfcNfa: nfa_ee_evt_hdlr (): Event NCI_WAIT_RSP(0x217), State: INIT_DONE(1)
05-14 08:47:57.613  9064 10050 I BrcmNfcNfa: nfa_ee_nci_wait_rsp() ee_wait_evt:0x30 wait_rsp:1
05-14 08:47:57.613  9064 10050 I BrcmNfcNfa: nfa_ee_report_update_evt ee_wait_evt:0x30 wait_rsp:0
05-14 08:47:57.613  9064 10050 D BrcmNfcJni: RoutingManager::nfaEeCallback: NFA_EE_UPDATED_EVT
05-14 08:47:57.613  9064 10050 D com.android.nf: SyncEventGuard: lock on 0x7e09f3ebf0
05-14 08:47:57.613  9064 10050 E com.android.nf: notifyOne: 0x7e09f3ebf0
05-14 08:47:57.614   858 10131 D NxpTml  : PN54X - Read requested.....
05-14 08:47:57.614   858 10131 D NxpTml  : PN54X - Invoking I2C Read.....
05-14 08:47:57.614  9064  9064 D BrcmNfcJni: startRfDiscovery: is start=1
05-14 08:47:57.614  9064  9064 D BrcmNfcJni: SyncEventGuard: lock on 0x7e09f3dd10
05-14 08:47:57.614  9064  9064 I BrcmNfcNfa: NFA_StartRfDiscovery ()
05-14 08:47:57.614  9064 10050 I BrcmNfcNfa: NFA got event 0x010F
05-14 08:47:57.614  9064 10050 I BrcmNfcNfa: nfa_dm_evt_hdlr event: NFA_DM_API_START_RF_DISCOVERY_EVT (0x0f)
05-14 08:47:57.614  9064 10050 I BrcmNfcNfa: nfa_dm_act_start_rf_discovery ()
05-14 08:47:57.614  9064 10050 I BrcmNfcNfa: nfa_dm_start_rf_discover (): enter
05-14 08:47:57.614  9064 10050 I BrcmNfcNfa: nfa_ee_get_tech_route(): power state : 1
05-14 08:47:57.614  9064 10050 I BrcmNfcNfa: TechA route: 0x0, TechB route: 0x0, TechF route: 0xc0, TechB' route: 0x0
05-14 08:47:57.614  9064 10050 I BrcmNfcNfa: requested_disc_mask = 0x140000, xx=0
05-14 08:47:57.614  9064 10050 I BrcmNfcNfa: poll_mask=0x0 listen_mask=0x0
05-14 08:47:57.614  9064 10050 I BrcmNfcNfa: listen_mask value after NFC-A = 0x40000
05-14 08:47:57.614  9064 10050 I BrcmNfcNfa: listen_mask value after NFC-B = 0x140000
05-14 08:47:57.614  9064 10050 I BrcmNfcNfa: listen_mask value after NFC-F = 0x140000
05-14 08:47:57.614  9064 10050 I BrcmNfcNfa: listen_mask value after NFC-B Prime = 0x140000
05-14 08:47:57.614  9064 10050 I BrcmNfcNfa: dm_disc_mask = 0x0
05-14 08:47:57.614  9064 10050 I BrcmNfcNfa: listen_mask value after T1T and T2T = 0x140000
05-14 08:47:57.614  9064 10050 I BrcmNfcNfa: listen_mask value after NFC-DEP = 0x140000
05-14 08:47:57.614  9064 10050 I BrcmNfcNfa: listen_mask value after setting from higher layer = 0xc140000
05-14 08:47:57.614  9064 10050 I BrcmNfcNfa: nfa_dm_cb.disc_cb.entry[0].selected_disc_mask = 0xc140000
05-14 08:47:57.614  9064 10050 I BrcmNfcNfa: selected dm_disc_mask 0xC140000 for entry[0]
05-14 08:47:57.614  9064 10050 I BrcmNfcNfa: requested_disc_mask = 0x7d7f, xx=1
05-14 08:47:57.614  9064 10050 I BrcmNfcNfa: poll_mask=0x7D7F listen_mask=0x0
05-14 08:47:57.614  9064 10050 I BrcmNfcNfa: listen_mask value after NFC-A = 0x0
05-14 08:47:57.614  9064 10050 I BrcmNfcNfa: listen_mask value after NFC-B = 0x0
05-14 08:47:57.614  9064 10050 I BrcmNfcNfa: listen_mask value after NFC-F = 0x0
05-14 08:47:57.614  9064 10050 I BrcmNfcNfa: listen_mask value after NFC-B Prime = 0x0
05-14 08:47:57.614  9064 10050 I BrcmNfcNfa: dm_disc_mask = 0xc140000
05-14 08:47:57.614  9064 10050 I BrcmNfcNfa: listen_mask value after T1T and T2T = 0x0
05-14 08:47:57.614  9064 10050 I BrcmNfcNfa: listen_mask value after NFC-DEP = 0x0
05-14 08:47:57.614  9064 10050 I BrcmNfcNfa: listen_mask value after setting from higher layer = 0xc140000
05-14 08:47:57.614  9064 10050 I BrcmNfcNfa: nfa_dm_cb.disc_cb.entry[1].selected_disc_mask = 0xc147d7f
05-14 08:47:57.614  9064 10050 I BrcmNfcNfa: selected dm_disc_mask 0xC147D7F for entry[1]
05-14 08:47:57.614  9064 10050 I BrcmNfcNfa: dm_disc_mask calculated finally for discovery: 0xC147D7F
05-14 08:47:57.614  9064 10050 D NfcAdaptation: find found NXP_FWD_FUNCTIONALITY_ENABLE=(0x1)
05-14 08:47:57.614  9064 10050 D NfcAdaptation: find found HOST_LISTEN_TECH_MASK=(0x7)
05-14 08:47:57.614  9064 10050 I BrcmNfcNfa: nfa_dm_start_rf_discover : override_hostListenMask = 0x2, HOST_LISTEN_TECH_MASK = 0x00;
05-14 08:47:57.614  9064 10050 D NfcAdaptation: find found UICC_LISTEN_TECH_MASK=(0x7)
05-14 08:47:57.614  9064 10050 I BrcmNfcNfa: nfa_dm_start_rf_discover:UICC_LISTEN_TECH_MASK = 0x07;
05-14 08:47:57.615  9064 10050 D NfcAdaptation: find found P2P_LISTEN_TECH_MASK=(0xC5)
05-14 08:47:57.615  9064 10050 I BrcmNfcNfa: nfa_dm_start_rf_discover:P2P_LISTEN_TECH_MASK = 0x0C5;
05-14 08:47:57.615  9064 10050 I BrcmNfcNfa: nfa_ee_find_ecb ()
05-14 08:47:57.615  9064 10050 I BrcmNfcNfa: supported tech list is 0x00 for given nfcee_id: 0x2 
05-14 08:47:57.615  9064 10050 I BrcmNfcNfa: nfa_p2p_set_config ()
05-14 08:47:57.615  9064 10050 I BrcmNfcNfa: LLCP_GetDiscoveryConfig ()
05-14 08:47:57.615  9064 10050 I BrcmNfcNfa: nfa_dm_check_set_config () tlv_len=22
05-14 08:47:57.615  9064 10050 I BrcmNfcNfa: nfa_dm_check_set_config () tlv_len=25
05-14 08:47:57.615  9064 10050 I BrcmNfcNfa: nfa_dm_check_set_config () tlv_len=3
05-14 08:47:57.615  9064 10050 I BrcmNfcNfa: dm_disc_mask before masking = 0xc147d7f
05-14 08:47:57.615  9064 10050 I BrcmNfcNfa: dm_disc_mask after masking = 0xc147d7f
05-14 08:47:57.615  9064 10050 I BrcmNfcNfa: nfa_dm_get_rf_discover_config : dm_disc_mask = 0x0C147D7F
05-14 08:47:57.615  9064 10050 I BrcmNfcNfa: nfa_dm_set_listen_mode_set_configs : tech_proto_mask = 0x0C147D7F
05-14 08:47:57.615  9064 10050 D NfcAdaptation: find found HOST_LISTEN_TECH_MASK=(0x7)
05-14 08:47:57.615  9064 10050 I BrcmNfcNfa: nfa_dm_set_listen_mode_set_configs : override_hostListenMask = 0x2, HOST_LISTEN_TECH_MASK = 0x00;
05-14 08:47:57.615  9064 10050 I BrcmNfcNfa: nfa_dm_set_listen_mode_set_configs : LA_SEL_INFO = 0x0;
05-14 08:47:57.615  9064 10050 I BrcmNfcNfa: nfa_dm_set_listen_mode_set_configs : LB_SENSB_INFO = 0x0;
05-14 08:47:57.615  9064 10050 I BrcmNfcNfa: nfa_dm_set_listen_mode_set_configs : LF_PROTOCOL_TYPE = 0x0;
05-14 08:47:57.615  9064 10050 I BrcmNfcNfa: nfa_dm_check_set_config () tlv_len=9
05-14 08:47:57.615  9064 10050 I BrcmNfcNfa: nfa_dm_set_total_duration ()
05-14 08:47:57.615  9064 10050 I BrcmNfcNfa: nfa_dm_check_set_config () tlv_len=4
05-14 08:47:57.615  9064 10050 I BrcmNfcNfa: NFC_DiscoveryStart
05-14 08:47:57.615  9064 10050 D NfcAdaptation: NfcAdaptation::HalPrediscover
05-14 08:47:57.615  9064 10050 I BrcmNfcNfa: nfc_ncif_send_cmd()
05-14 08:47:57.615  9064 10050 I BrcmNfcNfa: nfc_ncif_check_cmd_queue : Writing to HAL...
05-14 08:47:57.615  9064 10050 I BrcmNfcNfa: nfc_ncif_check_cmd_queue : cmd_size:23
05-14 08:47:57.615  9064 10050 D NfcAdaptation: NfcAdaptation::HalWrite
05-14 08:47:57.615   858   900 D NxpExtns: find found MIFARE_READER_ENABLE=(0x1)
05-14 08:47:57.615   858   900 D NxpHal  : > Polling Loop Started
05-14 08:47:57.615   858 10132 D NxpTml  : PN54X - Write requested.....
05-14 08:47:57.615   858 10132 D NxpTml  : PN54X - Invoking I2C Write.....
05-14 08:47:57.617   858 10132 D NxpNciX : len =  26 => 2103170B00010101020103010501800181018301850106017001
05-14 08:47:57.617   858 10132 D NxpTml  : PN54X - I2C Write successful.....
05-14 08:47:57.617   858 10132 D NxpTml  : PN54X - Posting Fresh Write message.....
05-14 08:47:57.617   858 10134 D NxpHal  : write successful status = 0x0
05-14 08:47:57.617   858 10132 D NxpTml  : PN54X - Tml Writer Thread Running................
05-14 08:47:57.617  9064 10050 I BrcmNfcNfa: NFC_DiscoveryStart status: 0xe3
05-14 08:47:57.619   858 10131 D NxpTml  : PN54X - I2C Read successful.....len = 4
05-14 08:47:57.619   858 10131 D NxpTml  : PN54X - Posting read message.....
05-14 08:47:57.619   858 10131 D NxpNciR : len =   4 <= 41030100
05-14 08:47:57.619   858 10134 D NxpHal  : read successful status = 0x0
05-14 08:47:57.619  9064 10050 I BrcmNfcNfa: NFC received rsp gid:1
05-14 08:47:57.619  9064 10050 I BrcmNfcNfa: returning true
05-14 08:47:57.619  9064 10050 I BrcmNfcNfa: nfa_dm_disc_discovery_cback (): event:0x4000
05-14 08:47:57.619  9064 10050 I BrcmNfcNfa: nfa_dm_disc_sm_execute (): state: IDLE (0), event: DISCOVER_RSP(1) disc_flags: 0x31
05-14 08:47:57.619   858 10131 D NxpTml  : PN54X - Read requested.....
05-14 08:47:57.619  9064 10050 I BrcmNfcNfa: nfa_dm_disc_new_state (): old_state: IDLE (0), new_state: DISCOVERY (1) disc_flags: 0x11
05-14 08:47:57.619   858 10131 D NxpTml  : PN54X - Invoking I2C Read.....
05-14 08:47:57.619  9064 10050 D BrcmNfcJni: nfaConnectionCallback: Connection Event = 30
05-14 08:47:57.619  9064 10050 D BrcmNfcJni: nfaConnectionCallback: NFA_RF_DISCOVERY_STARTED_EVT: status = 0x0
05-14 08:47:57.619  9064 10050 D BrcmNfcJni: SyncEventGuard: lock on 0x7e09f3dd10
05-14 08:47:57.619  9064 10050 E BrcmNfcJni: notifyOne: 0x7e09f3dd10
05-14 08:47:57.619  9064 10050 I BrcmNfcNfa: nfa_dm_disc_sm_execute (): new state: DISCOVERY (1), disc_flags: 0x1
05-14 08:47:57.619  9064  9064 D BrcmNfcJni: startRfDiscovery: is exit=1
05-14 08:47:57.619  9064  9064 D BrcmNfcJni: transactionEnd: Transaction ended : setDefaultRoute 
05-14 08:47:57.619  9064  9064 D BrcmNfcJni: nfcManager_setDefaultRoute : exit
05-14 08:47:57.619  9064  9064 D NfcService: Discovery configuration equal, not updating.
05-14 08:47:57.737  1551  1677 I Timeline: Timeline: Activity_windows_visible id: ActivityRecord{ab8e47f u0 com.miui.home/.launcher.Launcher t2} time:372040409
05-14 08:47:57.739  1551  1677 I Timeline: Timeline: App_transition_stopped time:372040411
05-14 08:47:57.742  2731  2731 E RotationHelper: setCurrentTransitionRequest: request=0
05-14 08:47:57.773  1551  2119 D MiuiNetworkPolicy: updateLimit mLimitEnabled=false,enabled=true,mNetworkPriorityMode=255
05-14 08:47:57.813  1551  1676 D EventSequenceValidator: IntentStarted during UNKNOWN. Intent { flg=0x10000000 cmp=com.yahorzabotsin.openvpnclientgate/.mobile.SplashActivity }
05-14 08:47:57.813  1551  1676 D EventSequenceValidator: java.lang.Throwable: EventSequenceValidator#getStackTrace
05-14 08:47:57.813  1551  1676 D EventSequenceValidator: 	at com.google.android.startop.iorap.EventSequenceValidator.logWarningWithStackTrace(EventSequenceValidator.java:260)
05-14 08:47:57.813  1551  1676 D EventSequenceValidator: 	at com.google.android.startop.iorap.EventSequenceValidator.onIntentStarted(EventSequenceValidator.java:106)
05-14 08:47:57.813  1551  1676 D EventSequenceValidator: 	at com.android.server.wm.LaunchObserverRegistryImpl.handleOnIntentStarted(LaunchObserverRegistryImpl.java:139)
05-14 08:47:57.813  1551  1676 D EventSequenceValidator: 	at com.android.server.wm.LaunchObserverRegistryImpl.lambda$veRn_GhgLZLlOHOJ0ZYT6KcfYqo(Unknown Source:0)
05-14 08:47:57.813  1551  1676 D EventSequenceValidator: 	at com.android.server.wm.-$$Lambda$LaunchObserverRegistryImpl$veRn_GhgLZLlOHOJ0ZYT6KcfYqo.accept(Unknown Source:10)
05-14 08:47:57.813  1551  1676 D EventSequenceValidator: 	at com.android.internal.util.function.pooled.PooledLambdaImpl.doInvoke(PooledLambdaImpl.java:292)
05-14 08:47:57.813  1551  1676 D EventSequenceValidator: 	at com.android.internal.util.function.pooled.PooledLambdaImpl.invoke(PooledLambdaImpl.java:201)
05-14 08:47:57.813  1551  1676 D EventSequenceValidator: 	at com.android.internal.util.function.pooled.OmniFunction.run(OmniFunction.java:97)
05-14 08:47:57.813  1551  1676 D EventSequenceValidator: 	at android.os.Handler.handleCallback(Handler.java:938)
05-14 08:47:57.813  1551  1676 D EventSequenceValidator: 	at android.os.Handler.dispatchMessage(Handler.java:99)
05-14 08:47:57.813  1551  1676 D EventSequenceValidator: 	at android.os.Looper.loop(Looper.java:236)
05-14 08:47:57.813  1551  1676 D EventSequenceValidator: 	at android.os.HandlerThread.run(HandlerThread.java:67)
05-14 08:47:57.813  1551  1676 D EventSequenceValidator: 	at com.android.server.ServiceThread.run(ServiceThread.java:45)
05-14 08:47:57.813  1551  1676 D EventSequenceValidator: inc AccIntentStartedEvents to 3
05-14 08:47:57.814  1551  2544 I ActivityTaskManager: START u0 {flg=0x10000000 cmp=com.yahorzabotsin.openvpnclientgate/.mobile.SplashActivity} from uid 2000
05-14 08:47:57.814  1551  2544 D MiuiMultiWindowAdapter: MiuiMultiWindowAdapter::getFreeformBlackList::sSmallWindowBlackList = [com.miui.securitycenter, com.miui.weather2, com.miui.miservice, com.android.calendar, com.xiaomi.calendar, com.android.contacts, com.miui.mishare.connectivity, com.android.settings, com.android.printspooler, com.miui.backup, com.miui.huanji, com.miui.calculator, com.android.deskclock, com.android.thememanager, com.mfashiongallery.emag, com.miui.virtualsim, com.miui.smarttravel, com.mi.health, com.android.camera, com.lbe.security.miui, com.miui.cleanmaster, com.miui.newhome, com.miui.voiceassist, com.android.phone, com.miui.yellowpage, com.android.updater, com.miui.tsmclient, com.miui.securitycore, com.xiaomi.account, com.xiaomi.shop, com.xiaomi.smarthome, com.mipay.wallet, com.xiaomi.youpin, com.xiaomi.hm.health, com.miui.bugreport, com.xiaomi.mibrain.speech, com.xiaomi.mimoji, com.xiaomi.scanner, com.duokan.phone.remotecontroller, com.miui.hybrid, com.android.incallui, com.miui.video, com.miui.videoplayer, com.miui.player, com.miui.fm, com.miui.packageinstaller, com.mi.android.globallauncher, com.mi.android.globallauncher-poco, com.google.android.dialer, com.google.android.apps.magazines, com.miui.compass, com.miui.greenguard, com.kiteguard, com.google.android.apps.prodcasts, com.google.ar.lens, com.xiangkan.android, com.android.bankabc, com.sohu.inputmethod.sogou, com.tencent.mtt, com.shyz.toutiao, com.netease.mc.mi, com.outfit7.talkingtomgoldrun.mi, com.doudz.mi, com.wepie.snake.new.mi, cn.jj, com.standddz002.mi, com.miHoYo.bh3.mi, com.qqgame.hlddz, com.happyelements.AndroidAnimal, com.minitech.miniworld.TMobile.mi, com.mfp.jelly.xiaomi, com.lilithgames.afk.mi, com.tencent.peng, com.teenpatti.hd.gold, blockpuzzle.jewelgames.jewelslegend, com.playgendary.tanks, com.chillingo.robberybobfree.android.row, com.episodeinteractive.android.catalog, com.playrix.township, com.ansangha.drdriving, com.google.android.youtube, com.gbits.atm.mi, com.tencent.tetris, com.sukhavati.gotoplaying.bubble.BubbleShooter.mint, com.block.puzzle.game.hippo.mi, com.youzu.bs.mi, com.appsomniacs.da2, com.miHoYo.Yuanshen, com.baidu.BaiduMap, com.google.android.googlequicksearchbox]
05-14 08:47:57.814  1551  2544 V ActivityTaskManager: Calling mServicetracker.OnActivityStateChange with flag falsestateINITIALIZING
05-14 08:47:57.815  1551  2544 V ActivityTaskManager: Calling mServicetracker.OnActivityStateChange with flag truestateINITIALIZING
05-14 08:47:57.815   874   904 I vendor.qti.hardware.servicetracker@1.2-service: Activity state is changed to : 0
05-14 08:47:57.817  1551  2544 V ActivityTaskManager: onConfigurationChanged overrideWindowingMode = 0 isMiuiMagicModeChanged = false prevWindowingMode = 0
05-14 08:47:57.815   874   904 I vendor.qti.hardware.servicetracker@1.2-service: Activity state is changed to : 0
05-14 08:47:57.819   864   909 E ANDR-PERF-OPTSHANDLER: Perflock resource /sys/class/devfreq/soc:qcom,llccbw/min_freq not supported
05-14 08:47:57.819   864   909 E ANDR-PERF-RESOURCEQS: Failed to apply optimization [12, 0]
05-14 08:47:57.819  1551  2544 V ActivityTaskManager: onConfigurationChanged overrideWindowingMode = 0 isMiuiMagicModeChanged = false prevWindowingMode = 1
05-14 08:47:57.822  1551  2544 V ActivityTaskManager: Starting new activity ActivityRecord{d36f0a0 u0 com.yahorzabotsin.openvpnclientgate/.mobile.SplashActivity t4252} in new task Task{9756459 #4252 visible=true type=standard mode=fullscreen translucent=true A=10632:com.yahorzabotsin.openvpnclientgate U=0 StackId=4252 sz=1}
05-14 08:47:57.825  1551  2544 D CompatibilityInfo: mCompatibilityFlags - 0
05-14 08:47:57.825  1551  2544 D CompatibilityInfo: applicationDensity - 480
05-14 08:47:57.825  1551  2544 D CompatibilityInfo: applicationScale - 1.0
05-14 08:47:57.827  1551  2544 V ActivityTaskManager: Calling mServicetracker.OnActivityStateChange with flag truestateRESUMED
05-14 08:47:57.827   874   904 I vendor.qti.hardware.servicetracker@1.2-service: Activity state is changed to : 2
05-14 08:47:57.829  1551  2544 V ActivityTaskManager: Calling mServicetracker.OnActivityStateChange with flag truestatePAUSING
05-14 08:47:57.829  1551  2544 D ActivityTrigger: ActivityTrigger activityPauseTrigger 
05-14 08:47:57.829  1551  2544 V ActivityTaskManager: Calling mServicetracker.OnActivityStateChange with flag falsestatePAUSING
05-14 08:47:57.829   874   904 I vendor.qti.hardware.servicetracker@1.2-service: Activity state is changed to : 3
05-14 08:47:57.830   874   904 I vendor.qti.hardware.servicetracker@1.2-service: Activity state is changed to : 3
05-14 08:47:57.831   694   702 E statsd  : Predicate 5980654721335871649 dropping data for dimension key (10)0x2010101->10632[I] (10)0x30000->*launch*[S] 
05-14 08:47:57.834  2731  2731 D Launcher.Lifecycle: onPause:UserHandle{0},8217634,true
05-14 08:47:57.834  2731  2731 D Launcher_UnlockAnimationStateMachine: setState:PAUSE_WAIT
05-14 08:47:57.835  1551  9798 V ActivityTaskManager: Calling mServicetracker.OnActivityStateChange with flag truestatePAUSED
05-14 08:47:57.835  1551  1676 D CompatibilityChangeReporter: Compat change id reported: 135634846; UID 10632; state: DISABLED
05-14 08:47:57.835  1551  9798 V ActivityTaskManager: Calling mServicetracker.OnActivityStateChange with flag falsestatePAUSED
05-14 08:47:57.836   874   904 I vendor.qti.hardware.servicetracker@1.2-service: Activity state is changed to : 4
05-14 08:47:57.836  1551  9798 V ActivityTaskManager: Calling mServicetracker.OnActivityStateChange with flag truestateRESUMED
05-14 08:47:57.836   874   904 I vendor.qti.hardware.servicetracker@1.2-service: Activity state is changed to : 4
05-14 08:47:57.836   874 24460 I vendor.qti.hardware.servicetracker@1.2-service: Activity state is changed to : 2
05-14 08:47:57.836  1551  1686 D CompatibilityChangeReporter: Compat change id reported: 143937733; UID 10632; state: ENABLED
05-14 08:47:57.843  2731  2843 D StatusBarController: handleMessage: flag 800000  disable false
05-14 08:47:57.847  1551  1676 D EventSequenceValidator: onActivityLaunched during UNKNOWN.
05-14 08:47:57.847  1551  1676 D EventSequenceValidator: java.lang.Throwable: EventSequenceValidator#getStackTrace
05-14 08:47:57.847  1551  1676 D EventSequenceValidator: 	at com.google.android.startop.iorap.EventSequenceValidator.logWarningWithStackTrace(EventSequenceValidator.java:260)
05-14 08:47:57.847  1551  1676 D EventSequenceValidator: 	at com.google.android.startop.iorap.EventSequenceValidator.onActivityLaunched(EventSequenceValidator.java:149)
05-14 08:47:57.847  1551  1676 D EventSequenceValidator: 	at com.android.server.wm.LaunchObserverRegistryImpl.handleOnActivityLaunched(LaunchObserverRegistryImpl.java:157)
05-14 08:47:57.847  1551  1676 D EventSequenceValidator: 	at com.android.server.wm.LaunchObserverRegistryImpl.lambda$UGY1OclnLIQLMEL9B55qjERFf4o(Unknown Source:0)
05-14 08:47:57.847  1551  1676 D EventSequenceValidator: 	at com.android.server.wm.-$$Lambda$LaunchObserverRegistryImpl$UGY1OclnLIQLMEL9B55qjERFf4o.accept(Unknown Source:10)
05-14 08:47:57.847  1551  1676 D EventSequenceValidator: 	at com.android.internal.util.function.pooled.PooledLambdaImpl.doInvoke(PooledLambdaImpl.java:292)
05-14 08:47:57.847  1551  1676 D EventSequenceValidator: 	at com.android.internal.util.function.pooled.PooledLambdaImpl.invoke(PooledLambdaImpl.java:201)
05-14 08:47:57.847  1551  1676 D EventSequenceValidator: 	at com.android.internal.util.function.pooled.OmniFunction.run(OmniFunction.java:97)
05-14 08:47:57.847  1551  1676 D EventSequenceValidator: 	at android.os.Handler.handleCallback(Handler.java:938)
05-14 08:47:57.847  1551  1676 D EventSequenceValidator: 	at android.os.Handler.dispatchMessage(Handler.java:99)
05-14 08:47:57.847  1551  1676 D EventSequenceValidator: 	at android.os.Looper.loop(Looper.java:236)
05-14 08:47:57.847  1551  1676 D EventSequenceValidator: 	at android.os.HandlerThread.run(HandlerThread.java:67)
05-14 08:47:57.847  1551  1676 D EventSequenceValidator: 	at com.android.server.ServiceThread.run(ServiceThread.java:45)
05-14 08:47:57.851  1551  2119 I MiuiNetworkPolicy: updateUidState uid = 10632, uidState = 19
05-14 08:47:57.838  1198  1198 W Binder:1198_5: type=1400 audit(0.0:628436): avc: denied { search } for name="820" dev="proc" ino=4117628 scontext=u:r:cameraserver:s0 tcontext=u:r:hal_camera_default:s0 tclass=dir permissive=0
05-14 08:47:57.858   696   696 D Zygote  : Forked child process 5064
05-14 08:47:57.860  1551  1686 D Boost   : hostingType=pre-top-activity, hostingName={com.yahorzabotsin.openvpnclientgate/com.yahorzabotsin.openvpnclientgate.mobile.SplashActivity}, callerPackage=com.android.shell, isSystem=true, isBoostNeeded=false.
05-14 08:47:57.860  1551  1686 I ActivityManager: Start proc 5064:com.yahorzabotsin.openvpnclientgate/u0a632 for pre-top-activity {com.yahorzabotsin.openvpnclientgate/com.yahorzabotsin.openvpnclientgate.mobile.SplashActivity} caller=com.android.shell
05-14 08:47:57.861  5064  5064 W Zygote  : Unable to open libbeluga.so: dlopen failed: library "libbeluga.so" not found.
05-14 08:47:57.864  1551  1677 V WindowManager: Orientation start waiting for draw, mDrawState=DRAW_PENDING in Window{c41d8f7 mode=0 rootTaskId=4252 u0 Splash Screen com.yahorzabotsin.openvpnclientgate}, surfaceController Surface(name=Splash Screen com.yahorzabotsin.openvpnclientgate)/@0xeb7c1d0
05-14 08:47:57.867  1551  1677 D WindowManager: Input focus has changed to null
05-14 08:47:57.870  1551  9205 D MIUIInput: [FoucsChange]: Display  0 FocusedWindow From Window{4a1df27 mode=0 rootTaskId=1 u0 com.miui.home/com.miui.home.launcher.Launcher}(1,1)  to null(0,0)
05-14 08:47:57.872  2731  2731 D Launcher.Lifecycle: onWindowFocusChanged:false,UserHandle{0},8217634,true
05-14 08:47:57.876  5064  5064 I envpnclientgat: Late-enabling -Xcheck:jni
05-14 08:47:57.900  5064  5064 I envpnclientgat: Unquickening 20 vdex files!
05-14 08:47:57.908 28700 28705 I adbd    : jdwp connection from 5064
05-14 08:47:57.920  1551  9205 D CompatibilityInfo: mCompatibilityFlags - 0
05-14 08:47:57.920  1551  9205 D CompatibilityInfo: applicationDensity - 480
05-14 08:47:57.920  1551  9205 D CompatibilityInfo: applicationScale - 1.0
05-14 08:47:57.922  1551  9205 D CompatibilityInfo: mCompatibilityFlags - 0
05-14 08:47:57.922  1551  9205 D CompatibilityInfo: applicationDensity - 480
05-14 08:47:57.922  1551  9205 D CompatibilityInfo: applicationScale - 1.0
05-14 08:47:57.923 11081 11098 D PerfEngineController: ForegroundInfo{mForegroundPackageName='com.yahorzabotsin.openvpnclientgate', mForegroundUid=10632, mForegroundPid=5064, mLastForegroundPackageName='com.miui.home', mLastForegroundUid=10111, mLastForegroundPid=2731, mMultiWindowForegroundPackageName='null', mMultiWindowForegroundUid=-1, mFlags=1}
05-14 08:47:57.923 10638 12188 I ProcessMonitor: onForegroundInfoChanged: ForegroundInfo{mForegroundPackageName='com.yahorzabotsin.openvpnclientgate', mForegroundUid=10632, mForegroundPid=5064, mLastForegroundPackageName='com.miui.home', mLastForegroundUid=10111, mLastForegroundPid=2731, mMultiWindowForegroundPackageName='null', mMultiWindowForegroundUid=-1, mFlags=1}
05-14 08:47:57.924 11275 11293 I GST     : forePkg: com.yahorzabotsin.openvpnclientgate, preForePkg: com.miui.home
05-14 08:47:57.927 10638 12188 I GameBoosterService: onForegroundInfoChanged: Cur=com.yahorzabotsin.openvpnclientgate	 last=com.miui.home
05-14 08:47:57.927 10638 12188 I FreeformWindowUtils: has app list!
05-14 08:47:57.928  1551  9205 V ActivityTaskManager: Calling mServicetracker.OnActivityStateChange with flag truestateRESUMED
05-14 08:47:57.928  1551  9205 V ActivityTaskManager: Calling mServicetracker.OnActivityStateChange with flag falsestateRESUMED
05-14 08:47:57.929   874 24460 I vendor.qti.hardware.servicetracker@1.2-service: Activity state is changed to : 2
05-14 08:47:57.929   874 24460 I vendor.qti.hardware.servicetracker@1.2-service: Activity state is changed to : 2
05-14 08:47:57.931 10638 12188 D GameBoosterService: onGameStatusChange foreground:ForegroundInfo{mForegroundPackageName='com.yahorzabotsin.openvpnclientgate', mForegroundUid=10632, mForegroundPid=5064, mLastForegroundPackageName='com.miui.home', mLastForegroundUid=10111, mLastForegroundPid=2731, mMultiWindowForegroundPackageName='null', mMultiWindowForegroundUid=-1, mFlags=1}
05-14 08:47:57.932 10638 12188 I VideoBoxUtils: isSupportVideoBox: false
05-14 08:47:57.932 10638 12188 I VideoToolBoxService: vtb is closed!!!
05-14 08:47:57.936  1551  1677 I Timeline: Timeline: App_transition_ready time:372040608
05-14 08:47:57.942  2288  2715 D MiuiPhoneStatusBarPolicy: updateManagedProfile: secondSpace = false
05-14 08:47:57.945 10196 17201 D PMonitor:  onForegroundActivitiesChanged:pid = 5064,activity-uid=10632,foregroundActivities=true
05-14 08:47:57.947  1551  2119 I MiuiNetworkPolicy: updateUidState uid = 10632, uidState = 2
05-14 08:47:57.949  2288  2288 D AppMiniWindowManager: topActivity updated in onTaskStackChanged
05-14 08:47:57.950 10638 10804 I SCTaskStackListener: onTaskStackChanged! inSplit = false
05-14 08:47:57.951 10638 12188 I SCTaskStackListener: onTaskStackChanged! inSplit = false
05-14 08:47:57.981 11275 11289 W m.xiaomi.joyos: Reducing the number of considered missed Gc histogram windows from 36582 to 100
05-14 08:47:58.134  2731  2731 D Launcher_UnlockAnimationStateMachine: mResetIdleStateRunnable
05-14 08:47:58.390  2288  9041 D CommandQueue: setStatus: setStatus: what = 0, action = upate_specail_mode, ext = Bundle[mParcelledData.dataSize=136][pkg = com.yahorzabotsin.openvpnclientgate[enable_config = false
05-14 08:47:58.440  5064  5064 I Perf    : Connecting to perf service.
05-14 08:47:58.450  5064  5064 D NetworkSecurityConfig: No Network Security Config specified, using platform default
05-14 08:47:58.451  5064  5064 D NetworkSecurityConfig: No Network Security Config specified, using platform default
05-14 08:47:58.468  2232  2755 I BtGatt.ScanManager: msg.what = 3
05-14 08:47:58.468  2232  2755 D BtGatt.ScanManager: configureRegularScanParams() - queue=4
05-14 08:47:58.468  2232  2755 D BtGatt.ScanManager: configureRegularScanParams() - ScanSetting LE 1M Scan mode=1ScanSetting LE Coded Scan mode=1 mLastConfiguredScanSettingLE1M=1 mLastConfiguredScanSettingLECoded=1scanPhy=255
05-14 08:47:58.475  5064  5064 D WM-WrkMgrInitializer: Initializing WorkManager with default configuration.
05-14 08:47:58.507  1551  1677 I Timeline: Timeline: App_transition_stopped time:372041178
05-14 08:47:58.526  5064  5064 I TetheringManager: registerTetheringEventCallback:com.yahorzabotsin.openvpnclientgate
05-14 08:47:58.533  5064  5064 D WM-PackageManagerHelper: Skipping component enablement for androidx.work.impl.background.systemjob.SystemJobService
05-14 08:47:58.533  5064  5064 D WM-Schedulers: Created SystemJobScheduler and enabled SystemJobService
05-14 08:47:58.580  5064  5087 D WM-ForceStopRunnable: The default process name was not specified.
05-14 08:47:58.580  5064  5087 D WM-ForceStopRunnable: Performing cleanup operations.
05-14 08:47:58.601  5064  5064 I ContentProviderMonitor: PerfMonitor installContentProviders : before publish content providers
05-14 08:47:58.611  5064  5087 D WM-SystemJobScheduler: Reconciling jobs
05-14 08:47:58.619  5064  5087 D WM-ForceStopRunnable: Application was force-stopped, rescheduling.
05-14 08:47:58.641  5064  5087 D WM-SystemJobScheduler: Scheduling work ID 4dbdee18-bee4-4130-a329-3d8935c65fa8Job ID 51
05-14 08:47:58.655  5064  5064 I OpenVPNGateApp:ServerRefreshScheduler: Preparing periodic server refresh schedule. ttl_ms=1200000, interval_min=20, clamped_to_min=false
05-14 08:47:58.678  3176  3290 D MiuiFastConnectService: stopBleScan: scanning: true
05-14 08:47:58.680  3176  3290 D BluetoothAdapter: isLeEnabled(): ON
05-14 08:47:58.680  2232  3345 D BtGatt.GattService: stopScan() - queue size =4
05-14 08:47:58.681  2232  2755 I BtGatt.ScanManager: msg.what = 1
05-14 08:47:58.681  2232  3345 D BtGatt.GattService: unregisterScanner() - scannerId=6
05-14 08:47:58.681  2232  3060 V bt_stack: [VERBOSE1:gatt_api.cc(1002)] GATT_Deregister gatt_if=6
05-14 08:47:58.681   818   818 D vendor.qti.bluetooth@1.0-ibs_handler: SerialClockVote: vote for UART CLK ON
05-14 08:47:58.681  2232  3060 V bt_stack: [VERBOSE1:connection_manager.cc(161)] on_app_deregistered : app_id 0x06
05-14 08:47:58.682  5064  5064 I OpenVPNGateApp:ServerRefreshScheduler: Periodic server refresh scheduled. work=server-list-periodic-refresh, policy=UPDATE, interval_min=20, backoff_min=30
05-14 08:47:58.682   818   818 D vendor.qti.bluetooth@1.0-wake_lock: Acquire wakelock is acquired 
05-14 08:47:58.682   818   818 I vendor.qti.bluetooth@1.0-ibs_handler: DeviceWakeUp: Writing IBS_WAKE_IND
05-14 08:47:58.684  5064  5064 I OpenVPNGateApp:CoreApp: Periodic server refresh scheduling ensured
05-14 08:47:58.685   818  3057 I vendor.qti.bluetooth@1.0-ibs_handler: ProcessIbsCmd: Received IBS_WAKE_ACK: 0xFC
05-14 08:47:58.686   818  3057 I vendor.qti.bluetooth@1.0-ibs_handler: ProcessIbsCmd: Received IBS_WAKE_IND: 0xFD
05-14 08:47:58.686   818  3057 I vendor.qti.bluetooth@1.0-ibs_handler: ProcessIbsCmd: Writing IBS_WAKE_ACK
05-14 08:47:58.687  5064  5064 D OpenVPNGateApp:CoreApp: Skipping OpenVpnService auto-start in Application
05-14 08:47:58.688  2232  2392 D BtGatt.GattService: onScanFilterParamsConfigured() - clientIf=6, status=0, action=1, availableSpace=7
05-14 08:47:58.688  2232  2392 D BtGatt.ScanManager: callback done for scannerId - 6 status - 0
05-14 08:47:58.689  2232  2392 D BtGatt.GattService: onScanFilterParamsConfigured() - clientIf=6, status=0, action=1, availableSpace=8
05-14 08:47:58.689  2232  2392 D BtGatt.ScanManager: callback done for scannerId - 6 status - 0
05-14 08:47:58.690  2232  2392 D BtGatt.GattService: onScanFilterParamsConfigured() - clientIf=6, status=0, action=1, availableSpace=9
05-14 08:47:58.690  2232  2392 D BtGatt.ScanManager: callback done for scannerId - 6 status - 0
05-14 08:47:58.693  2232  2392 D BtGatt.GattService: onScanFilterParamsConfigured() - clientIf=6, status=0, action=1, availableSpace=10
05-14 08:47:58.693  2232  2392 D BtGatt.ScanManager: callback done for scannerId - 6 status - 0
05-14 08:47:58.694  2232  2392 D BtGatt.GattService: onScanFilterParamsConfigured() - clientIf=6, status=0, action=1, availableSpace=11
05-14 08:47:58.694  2232  2392 D BtGatt.ScanManager: callback done for scannerId - 6 status - 0
05-14 08:47:58.694  2232  2755 D BtGatt.ScanManager: configureRegularScanParams() - queue=3
05-14 08:47:58.694  2232  2755 D BtGatt.ScanManager: configureRegularScanParams() - ScanSetting LE 1M Scan mode=1ScanSetting LE Coded Scan mode=1 mLastConfiguredScanSettingLE1M=1 mLastConfiguredScanSettingLECoded=1scanPhy=255
