--------- beginning of main
05-14 08:48:24.446   874   904 I vendor.qti.hardware.servicetracker@1.2-service: destroyService is called for service : com.google.android.gms/.chimera.PersistentIntentOperationService
--------- beginning of system
05-14 08:48:24.542  1551  3050 I ActivityManager: Force stopping com.yahorzabotsin.openvpnclientgate appid=10632 user=0: from process:5440
05-14 08:48:24.544  1551  3050 D AutoStartManagerService: prepare force stop p:5312 s: 19
05-14 08:48:24.544  1551  3050 I Process : Sending signal. PID: 5312 SIG: 19
05-14 08:48:24.544  1551  3050 D AutoStartManagerService: prepare force stop p:5398 s: 19
05-14 08:48:24.545  1551  3050 I Process : Sending signal. PID: 5398 SIG: 19
05-14 08:48:24.546  1551  3050 I ActivityManager: Killing 5312:com.yahorzabotsin.openvpnclientgate/u0a632 (adj 0): stop com.yahorzabotsin.openvpnclientgate due to from process:5440
05-14 08:48:24.550   874   904 I vendor.qti.hardware.servicetracker@1.2-service: killProcess is called for pid : 5312
05-14 08:48:24.550   874   904 I vendor.qti.hardware.servicetracker@1.2-service: process with pid 5312 is service
05-14 08:48:24.550   874   904 I vendor.qti.hardware.servicetracker@1.2-service: process with pid 5312 is client
05-14 08:48:24.550   874   904 I vendor.qti.hardware.servicetracker@1.2-service: size of service connections for service: com.yahorzabotsin.openvpnclientgate/de.blinkt.openvpn.core.OpenVPNStatusServiceafter removal is 0
05-14 08:48:24.550   874   904 I vendor.qti.hardware.servicetracker@1.2-service: removing client with pid 5312process namecom.yahorzabotsin.openvpnclientgate
05-14 08:48:24.552   874   904 I vendor.qti.hardware.servicetracker@1.2-service: destroyService is called for service : com.yahorzabotsin.openvpnclientgate/.vpn.OpenVpnService
05-14 08:48:24.552  1551  3050 W ActivityTaskManager: Force removing ActivityRecord{b6e05da u0 com.yahorzabotsin.openvpnclientgate/.mobile.MainActivity t4254 f}}: app died, no saved state
05-14 08:48:24.552  1551  3050 V ActivityTaskManager: Calling mServicetracker.OnActivityStateChange with flag truestateDESTROYED
05-14 08:48:24.553  1551  3050 V ActivityTaskManager: Calling mServicetracker.OnActivityStateChange with flag falsestateDESTROYED
05-14 08:48:24.553   874   904 I vendor.qti.hardware.servicetracker@1.2-service: Activity state is changed to : 9
05-14 08:48:24.553  1551  3050 V ActivityTaskManager: Calling mServicetracker.OnActivityStateChange with flag truestateDESTROYED
05-14 08:48:24.554  1551  3050 D WindowManager: Input focus has changed to null
05-14 08:48:24.553   874   904 I chatty  : uid=1000(system) HwBinder:874_1 identical 1 line
05-14 08:48:24.553   874   904 I vendor.qti.hardware.servicetracker@1.2-service: Activity state is changed to : 9
05-14 08:48:24.561  1551  9019 D MIUIInput: [FoucsChange]: Display  0 FocusedWindow From Window{4a14be7 mode=0 rootTaskId=4254 u0 com.yahorzabotsin.openvpnclientgate/com.yahorzabotsin.openvpnclientgate.mobile.MainActivity}(1,1)  to null(0,0)
05-14 08:48:24.571  1551  3050 V ActivityTaskManager: Calling mServicetracker.OnActivityStateChange with flag truestateRESUMED
05-14 08:48:24.571   874   904 I vendor.qti.hardware.servicetracker@1.2-service: Activity state is changed to : 2
05-14 08:48:24.573  1551  3050 V ActivityTaskManager: Calling mServicetracker.OnActivityStateChange with flag falsestateRESUMED
05-14 08:48:24.574   874   904 I vendor.qti.hardware.servicetracker@1.2-service: Activity state is changed to : 2
05-14 08:48:24.576 11275 11293 I GST     : forePkg: com.miui.home, preForePkg: com.yahorzabotsin.openvpnclientgate
05-14 08:48:24.577 11081 12198 D PerfEngineController: ForegroundInfo{mForegroundPackageName='com.miui.home', mForegroundUid=10111, mForegroundPid=2731, mLastForegroundPackageName='com.yahorzabotsin.openvpnclientgate', mLastForegroundUid=10632, mLastForegroundPid=5312, mMultiWindowForegroundPackageName='null', mMultiWindowForegroundUid=-1, mFlags=0}
05-14 08:48:24.576 10638 20264 I ProcessMonitor: onForegroundInfoChanged: ForegroundInfo{mForegroundPackageName='com.miui.home', mForegroundUid=10111, mForegroundPid=2731, mLastForegroundPackageName='com.yahorzabotsin.openvpnclientgate', mLastForegroundUid=10632, mLastForegroundPid=5312, mMultiWindowForegroundPackageName='null', mMultiWindowForegroundUid=-1, mFlags=0}
05-14 08:48:24.577  1551  3050 I Timeline: Timeline: App_transition_ready time:372067249
05-14 08:48:24.579 10638 20264 I GameBoosterService: onForegroundInfoChanged: Cur=com.miui.home	 last=com.yahorzabotsin.openvpnclientgate
05-14 08:48:24.581 10638 20264 I FreeformWindowUtils: has app list!
05-14 08:48:24.581 10638 20264 D GameBoosterService: onGameStatusChange foreground:ForegroundInfo{mForegroundPackageName='com.miui.home', mForegroundUid=10111, mForegroundPid=2731, mLastForegroundPackageName='com.yahorzabotsin.openvpnclientgate', mLastForegroundUid=10632, mLastForegroundPid=5312, mMultiWindowForegroundPackageName='null', mMultiWindowForegroundUid=-1, mFlags=0}
05-14 08:48:24.581 10638 20264 I VideoBoxUtils: isSupportVideoBox: false
05-14 08:48:24.581 10638 20264 I VideoToolBoxService: vtb is closed!!!
05-14 08:48:24.581  1551  3050 I ActivityManager: Killing 5398:com.yahorzabotsin.openvpnclientgate:openvpn/u0a632 (adj 0): stop com.yahorzabotsin.openvpnclientgate due to from process:5440
05-14 08:48:24.583   874   904 I vendor.qti.hardware.servicetracker@1.2-service: killProcess is called for pid : 5398
05-14 08:48:24.583   874   904 I vendor.qti.hardware.servicetracker@1.2-service: process with pid 5398 is service
05-14 08:48:24.583   874   904 I vendor.qti.hardware.servicetracker@1.2-service: destroyService is called for service : com.yahorzabotsin.openvpnclientgate/de.blinkt.openvpn.core.OpenVPNStatusService
05-14 08:48:24.588  1551  1677 I Timeline: Timeline: App_transition_ready time:372067260
05-14 08:48:24.568  1198  1198 W Binder:1198_5: type=1400 audit(0.0:628527): avc: denied { search } for name="820" dev="proc" ino=4117628 scontext=u:r:cameraserver:s0 tcontext=u:r:hal_camera_default:s0 tclass=dir permissive=0
05-14 08:48:24.568  1198  1198 W Binder:1198_5: type=1400 audit(0.0:628528): avc: denied { search } for name="820" dev="proc" ino=4117628 scontext=u:r:cameraserver:s0 tcontext=u:r:hal_camera_default:s0 tclass=dir permissive=0
05-14 08:48:24.588  1551  2119 I MiuiNetworkPolicy: removeUidState uid = 10632
05-14 08:48:24.588  1551  2119 I MiuiNetworkPolicy: updateUidState uid = 10152, uidState = 3
05-14 08:48:24.588  1551  2119 I MiuiNetworkPolicy: updateUidState uid = 10111, uidState = 2
05-14 08:48:24.589 10196 17201 I com.xiaomi.xms: oneway function results will be dropped but finished with status UNKNOWN_TRANSACTION and parcel size 0
05-14 08:48:24.589  1551 25888 E ANDR-PERF-JNI: UXEngine Trigger - Returning null
05-14 08:48:24.589 10196 17201 I com.xiaomi.xms: oneway function results will be dropped but finished with status UNKNOWN_TRANSACTION and parcel size 0
05-14 08:48:24.589 10196 15632 D PMonitor:  onForegroundActivitiesChanged:pid = 2731,activity-uid=10111,foregroundActivities=true
05-14 08:48:24.593  5440  5442 I cmd     : oneway function results will be dropped but finished with status OK and parcel size 4
05-14 08:48:24.598  1551  9019 I Timeline: Timeline: App_transition_ready time:372067270
05-14 08:48:24.606  1551  2776 I Timeline: Timeline: App_transition_ready time:372067278
05-14 08:48:24.608   696   696 I Zygote  : Process 5312 exited due to signal 9 (Killed)
05-14 08:48:24.610  2731  2731 D Launcher.Lifecycle: onStart:UserHandle{0},8217634,false
05-14 08:48:24.612  2731  3111 I RenderThread: RenderThread resumed
05-14 08:48:24.612  2731  3111 I RenderThread: All controllers paused.
05-14 08:48:24.612  2731  3111 I RenderThread: RenderThread paused, waiting for signal
05-14 08:48:24.613  9064  9064 D RegisteredServicesCache: Intent action: android.intent.action.PACKAGE_RESTARTED
05-14 08:48:24.613  1551  1687 I libprocessgroup: Successfully killed process cgroup uid 10632 pid 5312 in 64ms
05-14 08:48:24.613 15664 15664 D AggregateListener: notifyAction action:android.intent.action.PACKAGE_RESTARTED
05-14 08:48:24.613 15664 15664 D AggregateListener: onPackageRestarted packageName:com.yahorzabotsin.openvpnclientgate
05-14 08:48:24.614  1551  1676 W ActivityManager: setHasOverlayUi called on unknown pid: 5312
05-14 08:48:24.616  1551  1677 I Timeline: Timeline: App_transition_ready time:372067287
05-14 08:48:24.618  2697  2697 E PhoneInterfaceManager: [PhoneIntfMgr] getCarrierPackageNamesForIntentAndPhone: No UICC
05-14 08:48:24.618  2697  2697 D CarrierSvcBindHelper: No carrier app for: 0
05-14 08:48:24.620   696   696 I Zygote  : Process 5398 exited due to signal 9 (Killed)
05-14 08:48:24.621   874 27291 I vendor.qti.hardware.servicetracker@1.2-service: bindService is called for service : com.mi.android.globalminusscreen/com.google.mi.apps.gsa.nowoverlayservice.DrawerOverlayService and for client com.miui.home
05-14 08:48:24.621   874 27291 I vendor.qti.hardware.servicetracker@1.2-service: total connections for service : com.mi.android.globalminusscreen/com.google.mi.apps.gsa.nowoverlayservice.DrawerOverlayServiceare :1
05-14 08:48:24.621   874 27291 I vendor.qti.hardware.servicetracker@1.2-service: total connections for client : com.miui.homeare :1
05-14 08:48:24.624  2731  2731 D Launcher.Lifecycle: onResume:UserHandle{0},8217634,false
05-14 08:48:24.624  1551  1687 I libprocessgroup: Successfully killed process cgroup uid 10632 pid 5398 in 10ms
05-14 08:48:24.626  2288  2288 D NotifBadge: recevie broadbcast ACTION_APPLICATION_MESSAGE_QUERY, requestFirstTime=false
05-14 08:48:24.628  2731  3111 I RenderThread: RenderThread resumed
05-14 08:48:24.628  2731  3111 I RenderThread: All controllers paused.
05-14 08:48:24.628  2731  3111 I RenderThread: RenderThread paused, waiting for signal
05-14 08:48:24.630  2731  2843 D StatusBarController: handleMessage: flag 800000  disable false
05-14 08:48:24.630  2697  2697 D CarrierSvcBindHelper: No carrier app for: 1
05-14 08:48:24.631  1551  1677 I Timeline: Timeline: App_transition_ready time:372067303
05-14 08:48:24.633  1551 10160 V MiuiActivityTaskManagerServiceEx: dispatchActivityLifeState state = onResume
05-14 08:48:24.633  1551 10160 V MiuiActivityTaskManagerServiceEx: dispatchActivityLifeState r = ActivityRecord{ab8e47f u0 com.miui.home/.launcher.Launcher t2}
05-14 08:48:24.640   968  1183 D Layer   : ---setAlpha Launcher=1.000000
05-14 08:48:24.640  9064  9064 D RegisteredServicesCache: Adding service: ComponentInfo{com.google.android.gms/com.google.android.gms.tapandpay.hce.service.TpHceService} AIDs: [325041592E5359532E4444463031]
05-14 08:48:24.640  9064  9064 D RegisteredServicesCache: Adding service: ComponentInfo{com.google.android.gms/com.google.android.gms.nearby.mediums.nearfieldcommunication.NfcAdvertisingService} AIDs: [F00000FE2C]
05-14 08:48:24.640  9064  9064 D RegisteredServicesCache: Adding service: ComponentInfo{com.google.android.gms/com.google.android.gms.pay.hce.service.PayHceService} AIDs: []
05-14 08:48:24.640  9064  9064 D RegisteredServicesCache: Adding service: ComponentInfo{com.google.android.gms/com.google.android.gms.dck.service.DckNfcApduService} AIDs: [A000000809434343444B467631]
05-14 08:48:24.640  1551 10160 I Timeline: Timeline: App_transition_ready time:372067312
05-14 08:48:24.640  9064  9064 D RegisteredServicesCache: Adding service: ComponentInfo{com.google.android.gms/com.google.android.gms.fido.fido2.ui.hybrid.NfcEmulationService} AIDs: [A000000476B00003]
05-14 08:48:24.640  9064  9064 D RegisteredServicesCache:  Reading service state data always from file
05-14 08:48:24.642  9064  9064 D RegisteredServicesCache: ServiceStateFileVersion=1.0
05-14 08:48:24.642  9064  9064 E RegisteredServicesCache: Next Tag=services
05-14 08:48:24.642  9064  9064 D RegisteredServicesCache:  curr component com.google.android.gms/com.google.android.gms.nearby.mediums.nearfieldcommunication.NfcAdvertisingService
05-14 08:48:24.642  9064  9064 D RegisteredServicesCache:  curr uid 10186
05-14 08:48:24.642  9064  9064 D RegisteredServicesCache:  curr state 1
05-14 08:48:24.642  9064  9064 E RegisteredServicesCache: installedServices no uidString 
05-14 08:48:24.642  9064  9064 D RegisteredServicesCache:  curr component com.google.android.gms/com.google.android.gms.fido.fido2.ui.hybrid.NfcEmulationService
05-14 08:48:24.642  9064  9064 D RegisteredServicesCache:  curr uid 10186
05-14 08:48:24.642  9064  9064 D RegisteredServicesCache:  curr state 1
05-14 08:48:24.642  9064  9064 E RegisteredServicesCache: installedServices contains uidString : 10186
05-14 08:48:24.642  9064  9064 D RegisteredServicesCache:  curr component com.google.android.gms/com.google.android.gms.pay.hce.service.PayHceService
05-14 08:48:24.642  9064  9064 D RegisteredServicesCache:  curr uid 10186
05-14 08:48:24.642  9064  9064 D RegisteredServicesCache:  curr state 1
05-14 08:48:24.642  9064  9064 E RegisteredServicesCache: installedServices contains uidString : 10186
05-14 08:48:24.642  9064  9064 D RegisteredServicesCache:  curr component com.google.android.gms/com.google.android.gms.dck.service.DckNfcApduService
05-14 08:48:24.642  9064  9064 D RegisteredServicesCache:  curr uid 10186
05-14 08:48:24.642  9064  9064 D RegisteredServicesCache:  curr state 1
05-14 08:48:24.642  9064  9064 E RegisteredServicesCache: installedServices contains uidString : 10186
05-14 08:48:24.642  9064  9064 E RegisteredServicesCache: 1invalidateCache:WriteServiceStateToFile
05-14 08:48:24.642  9064  9064 E RegisteredServicesCache:  Writing service state Data Always
05-14 08:48:24.643  1551 10160 D WindowManager: Input focus has changed to Window{4a1df27 mode=0 rootTaskId=1 u0 com.miui.home/com.miui.home.launcher.Launcher}
05-14 08:48:24.643   968   968 D SurfaceFlinger: Launcher Changed hasLauncher=1
05-14 08:48:24.646  9064  9064 E RegisteredServicesCache: component namecom.google.android.gms/com.google.android.gms.nearby.mediums.nearfieldcommunication.NfcAdvertisingService
05-14 08:48:24.646  9064  9064 E RegisteredServicesCache: component namecom.google.android.gms/com.google.android.gms.fido.fido2.ui.hybrid.NfcEmulationService
05-14 08:48:24.646  9064  9064 E RegisteredServicesCache: component namecom.google.android.gms/com.google.android.gms.pay.hce.service.PayHceService
05-14 08:48:24.646  9064  9064 E RegisteredServicesCache: component namecom.google.android.gms/com.google.android.gms.dck.service.DckNfcApduService
05-14 08:48:24.647   968  1047 D Layer   : ---setAlpha Launcher=1.000000
05-14 08:48:24.650   968  1044 D Layer   : ---setAlpha Launcher=1.000000
05-14 08:48:24.650  1551  1677 I Timeline: Timeline: App_transition_ready time:372067322
05-14 08:48:24.653  9064  9064 D CardEmulationManager: Current default: ComponentInfo{com.google.android.gms/com.google.android.gms.tapandpay.hce.service.TpHceService}
05-14 08:48:24.653  9064  9064 D CardEmulationManager: Default payment service still ok.
05-14 08:48:24.653  9064  9064 D RegisteredAidCache: onServicesUpdated
05-14 08:48:24.654  9064  9064 D RegisteredAidCache: generateServiceMap component: ComponentInfo{com.google.android.gms/com.google.android.gms.tapandpay.hce.service.TpHceService}
05-14 08:48:24.654  9064  9064 D RegisteredAidCache: generateServiceMap component: ComponentInfo{com.google.android.gms/com.google.android.gms.nearby.mediums.nearfieldcommunication.NfcAdvertisingService}
05-14 08:48:24.654  9064  9064 D RegisteredAidCache: generateServiceMap component: ComponentInfo{com.google.android.gms/com.google.android.gms.pay.hce.service.PayHceService}
05-14 08:48:24.654  9064  9064 D RegisteredAidCache: generateServiceMap component: ComponentInfo{com.google.android.gms/com.google.android.gms.dck.service.DckNfcApduService}
05-14 08:48:24.654  9064  9064 D RegisteredAidCache: generateServiceMap component: ComponentInfo{com.google.android.gms/com.google.android.gms.fido.fido2.ui.hybrid.NfcEmulationService}
05-14 08:48:24.654  9064  9064 D RegisteredAidCache: generateAidCacheLocked: starting with aid 4F53452E5641532E3031
05-14 08:48:24.654  9064  9064 D RegisteredAidCache: Exact AID, resolving.
05-14 08:48:24.654  9064  9064 D RegisteredAidCache: resolveAidLocked: DECISION: making single handling service ComponentInfo{com.google.android.gms/com.google.android.gms.pay.hce.service.PayHceService} default.
05-14 08:48:24.654  9064  9064 D RegisteredAidCache: AIDs: [4F53452E5641532E3031] were resolved.
05-14 08:48:24.654  9064  9064 D RegisteredAidCache: generateAidCacheLocked: starting with aid A00000047643276C1FDE7A39B9C05716
05-14 08:48:24.654  9064  9064 D RegisteredAidCache: Exact AID, resolving.
05-14 08:48:24.654  9064  9064 D RegisteredAidCache: resolveAidLocked: DECISION: routing to payment default default ApduService: ComponentInfo{com.google.android.gms/com.google.android.gms.tapandpay.hce.service.TpHceService}, description: Google Pay, Static AID Groups: Category: payment, AIDs:325041592E5359532E4444463031, , Dynamic AID Groups: Category: payment, AIDs:A00000047643276C1FDE7A39B9C05716, A000000940BCB000, 
05-14 08:48:24.654  9064  9064 D RegisteredAidCache: AIDs: [A00000047643276C1FDE7A39B9C05716] were resolved.
05-14 08:48:24.654  9064  9064 D RegisteredAidCache: generateAidCacheLocked: starting with aid A000000476B00003
05-14 08:48:24.654  9064  9064 D RegisteredAidCache: Exact AID, resolving.
05-14 08:48:24.654  9064  9064 D RegisteredAidCache: resolveAidLocked: DECISION: making single handling service ComponentInfo{com.google.android.gms/com.google.android.gms.fido.fido2.ui.hybrid.NfcEmulationService} default.
05-14 08:48:24.654  9064  9064 D RegisteredAidCache: AIDs: [A000000476B00003] were resolved.
05-14 08:48:24.654  9064  9064 D RegisteredAidCache: generateAidCacheLocked: starting with aid A000000476D0000111
05-14 08:48:24.654  9064  9064 D RegisteredAidCache: Exact AID, resolving.
05-14 08:48:24.654  9064  9064 D RegisteredAidCache: resolveAidLocked: DECISION: making single handling service ComponentInfo{com.google.android.gms/com.google.android.gms.pay.hce.service.PayHceService} default.
05-14 08:48:24.654  9064  9064 D RegisteredAidCache: AIDs: [A000000476D0000111] were resolved.
05-14 08:48:24.654  9064  9064 D RegisteredAidCache: generateAidCacheLocked: starting with aid A000000809434343444B467631
05-14 08:48:24.654  9064  9064 D RegisteredAidCache: Exact AID, resolving.
05-14 08:48:24.654  9064  9064 D RegisteredAidCache: resolveAidLocked: DECISION: making single handling service ComponentInfo{com.google.android.gms/com.google.android.gms.dck.service.DckNfcApduService} default.
05-14 08:48:24.654  9064  9064 D RegisteredAidCache: AIDs: [A000000809434343444B467631] were resolved.
05-14 08:48:24.654  9064  9064 D RegisteredAidCache: generateAidCacheLocked: starting with aid A000000940BCB000
05-14 08:48:24.654  9064  9064 D RegisteredAidCache: Exact AID, resolving.
05-14 08:48:24.654  9064  9064 D RegisteredAidCache: resolveAidLocked: DECISION: routing to payment default default ApduService: ComponentInfo{com.google.android.gms/com.google.android.gms.tapandpay.hce.service.TpHceService}, description: Google Pay, Static AID Groups: Category: payment, AIDs:325041592E5359532E4444463031, , Dynamic AID Groups: Category: payment, AIDs:A00000047643276C1FDE7A39B9C05716, A000000940BCB000, 
05-14 08:48:24.654  9064  9064 D RegisteredAidCache: AIDs: [A000000940BCB000] were resolved.
05-14 08:48:24.654  9064  9064 D RegisteredAidCache: generateAidCacheLocked: starting with aid F00000FE2C
05-14 08:48:24.654  9064  9064 D RegisteredAidCache: Exact AID, resolving.
05-14 08:48:24.654  9064  9064 D RegisteredAidCache: resolveAidLocked: DECISION: making single handling service ComponentInfo{com.google.android.gms/com.google.android.gms.nearby.mediums.nearfieldcommunication.NfcAdvertisingService} default.
05-14 08:48:24.654  9064  9064 D RegisteredAidCache: AIDs: [F00000FE2C] were resolved.
05-14 08:48:24.654  9064  9064 D RegisteredAidCache: Exact or Prefix AID.F00000FE2C
05-14 08:48:24.654  9064  9064 D RegisteredAidCache: AIDs: [F00000FE2C] were resolved.
05-14 08:48:24.654  9064  9064 D RegisteredAidCache: Exact or Prefix AID.A000000940BCB000
05-14 08:48:24.654  9064  9064 D RegisteredAidCache: AIDs: [A000000940BCB000] were resolved.
05-14 08:48:24.654  9064  9064 D RegisteredAidCache: Exact or Prefix AID.A000000809434343444B467631
05-14 08:48:24.654  9064  9064 D RegisteredAidCache: AIDs: [A000000809434343444B467631] were resolved.
05-14 08:48:24.654  9064  9064 D RegisteredAidCache: Exact or Prefix AID.A000000476D0000111
05-14 08:48:24.654  9064  9064 D RegisteredAidCache: AIDs: [A000000476D0000111] were resolved.
05-14 08:48:24.654  9064  9064 D RegisteredAidCache: Exact or Prefix AID.A000000476B00003
05-14 08:48:24.654  9064  9064 D RegisteredAidCache: AIDs: [A000000476B00003] were resolved.
05-14 08:48:24.654  9064  9064 D RegisteredAidCache: Exact or Prefix AID.A00000047643276C1FDE7A39B9C05716
05-14 08:48:24.654  9064  9064 D RegisteredAidCache: AIDs: [A00000047643276C1FDE7A39B9C05716] were resolved.
05-14 08:48:24.654  9064  9064 D RegisteredAidCache: Exact or Prefix AID.4F53452E5641532E3031
05-14 08:48:24.654  9064  9064 D RegisteredAidCache: AIDs: [4F53452E5641532E3031] were resolved.
05-14 08:48:24.654  9064  9064 D RegisteredAidCache:  AID power state before adding screen state1
05-14 08:48:24.654  9064  9064 D RegisteredAidCache:  AID power state after17
05-14 08:48:24.654  9064  9064 D RegisteredAidCache:  AID power state17
05-14 08:48:24.654  9064  9064 D RegisteredAidCache:  AID power state before adding screen state1
05-14 08:48:24.654  9064  9064 D RegisteredAidCache:  AID power state after17
05-14 08:48:24.654  9064  9064 D RegisteredAidCache:  AID power state17
05-14 08:48:24.654  9064  9064 D RegisteredAidCache:  AID power state before adding screen state1
05-14 08:48:24.654  9064  9064 D RegisteredAidCache:  AID power state after17
05-14 08:48:24.655  9064  9064 D RegisteredAidCache:  AID power state17
05-14 08:48:24.655  9064  9064 D RegisteredAidCache:  AID power state before adding screen state1
05-14 08:48:24.655  9064  9064 D RegisteredAidCache:  AID power state after17
05-14 08:48:24.655  9064  9064 D RegisteredAidCache:  AID power state17
05-14 08:48:24.655  9064  9064 D RegisteredAidCache:  AID power state before adding screen state1
05-14 08:48:24.655  9064  9064 D RegisteredAidCache:  AID power state after17
05-14 08:48:24.655  9064  9064 D RegisteredAidCache:  AID power state17
05-14 08:48:24.655  9064  9064 D RegisteredAidCache:  AID power state before adding screen state1
05-14 08:48:24.655  9064  9064 D RegisteredAidCache:  AID power state after17
05-14 08:48:24.655  9064  9064 D RegisteredAidCache:  AID power state17
05-14 08:48:24.655  9064  9064 D RegisteredAidCache:  AID power state before adding screen state1
05-14 08:48:24.655  9064  9064 D RegisteredAidCache:  AID power state after17
05-14 08:48:24.655  9064  9064 D RegisteredAidCache:  AID power state17
05-14 08:48:24.655  9064  9064 D BrcmNfcJni: nfcManager_getDefaultAidRoute: DEFAULT_AID_ROUTE: 2
05-14 08:48:24.655  9064  9064 D NxpExtns: find found DEFAULT_AID_PWR_STATE=(0x19)
05-14 08:48:24.655  9064  9064 D NfcService: defaultAidRoute : 537
05-14 08:48:24.655  9064  9064 D NfcService: GetDefaultRouteLoc  :2
05-14 08:48:24.655  9064  9064 D AidRoutingManager: mAidMatchingPlatform=0x1
05-14 08:48:24.655  9064  9064 I BrcmNfcNfa: nfa_ee_api_get_max_aid_config_length
05-14 08:48:24.655  9064  9064 I BrcmNfcNfa: nfa_ee_api_get_max_aid_config_length: 800
05-14 08:48:24.655  9064  9064 D AidRoutingManager: mDefaultRoute=0x2
05-14 08:48:24.655  9064  9064 D BrcmNfcJni: nfcManager_getDefaultAidRoute: DEFAULT_AID_ROUTE: 2
05-14 08:48:24.655  9064  9064 D NxpExtns: find found DEFAULT_AID_PWR_STATE=(0x19)
05-14 08:48:24.655  9064  9064 D NfcService: defaultAidRoute : 537
05-14 08:48:24.655  9064  9064 D NfcService: GetDefaultRouteLoc  :2
05-14 08:48:24.655  9064  9064 D AidRoutingManager: #######Routing AID A000000809434343444B467631 to route 0 with power 17
05-14 08:48:24.655  9064  9064 D AidRoutingManager: #######Routing AID F00000FE2C to route 0 with power 17
05-14 08:48:24.655  9064  9064 D AidRoutingManager: #######Routing AID A00000047643276C1FDE7A39B9C05716 to route 0 with power 17
05-14 08:48:24.655  9064  9064 D AidRoutingManager: #######Routing AID 4F53452E5641532E3031 to route 0 with power 17
05-14 08:48:24.655  9064  9064 D AidRoutingManager: #######Routing AID A000000476D0000111 to route 0 with power 17
05-14 08:48:24.655  9064  9064 D AidRoutingManager: #######Routing AID A000000940BCB000 to route 0 with power 17
05-14 08:48:24.655  9064  9064 D AidRoutingManager: #######Routing AID A000000476B00003 to route 0 with power 17
05-14 08:48:24.655  9064  9064 D AidRoutingManager: Routing table unchanged, but commit the routing
05-14 08:48:24.656  9064  9064 D NQApduServiceInfo: updateServiceCommitStatus:Description:Nearby:InternalState:1:commitStatus:true
05-14 08:48:24.656  9064  9064 D NQApduServiceInfo: updateServiceCommitStatus:Description:Fido NFC Emulation Service:InternalState:1:commitStatus:true
05-14 08:48:24.656  9064  9064 D NQApduServiceInfo: updateServiceCommitStatus:Description:Google ╨Ъ╨╛╤И╨╡╨╗╨╡╨║:InternalState:1:commitStatus:true
05-14 08:48:24.656  9064  9064 D NQApduServiceInfo: updateServiceCommitStatus:Description:Android Digital Car Key (System Service):InternalState:1:commitStatus:true
05-14 08:48:24.656  9064  9064 E RegisteredServicesCache: 3updateStatusOfServices:WriteServiceStateToFile
05-14 08:48:24.656  9064  9064 E RegisteredServicesCache:  Writing service state Data Always
05-14 08:48:24.657  9064  9064 E RegisteredServicesCache: component namecom.google.android.gms/com.google.android.gms.nearby.mediums.nearfieldcommunication.NfcAdvertisingService
05-14 08:48:24.657  9064  9064 E RegisteredServicesCache: component namecom.google.android.gms/com.google.android.gms.fido.fido2.ui.hybrid.NfcEmulationService
05-14 08:48:24.657  9064  9064 E RegisteredServicesCache: component namecom.google.android.gms/com.google.android.gms.pay.hce.service.PayHceService
05-14 08:48:24.657  9064  9064 E RegisteredServicesCache: component namecom.google.android.gms/com.google.android.gms.dck.service.DckNfcApduService
05-14 08:48:24.664   968  1183 D Layer   : ---setAlpha Launcher=1.000000
05-14 08:48:24.665  9064  9064 D RegisteredServicesCache: ApduService: ComponentInfo{com.google.android.gms/com.google.android.gms.tapandpay.hce.service.TpHceService}, description: Google Pay, Static AID Groups: Category: payment, AIDs:325041592E5359532E4444463031, , Dynamic AID Groups: Category: payment, AIDs:A00000047643276C1FDE7A39B9C05716, A000000940BCB000, 
05-14 08:48:24.665  9064  9064 D RegisteredServicesCache: ApduService: ComponentInfo{com.google.android.gms/com.google.android.gms.nearby.mediums.nearfieldcommunication.NfcAdvertisingService}, description: Nearby, Static AID Groups: Category: other, AIDs:F00000FE2C, , Dynamic AID Groups: 
05-14 08:48:24.665  9064  9064 D RegisteredServicesCache: ApduService: ComponentInfo{com.google.android.gms/com.google.android.gms.pay.hce.service.PayHceService}, description: Google ╨Ъ╨╛╤И╨╡╨╗╨╡╨║, Static AID Groups: , Dynamic AID Groups: Category: other, AIDs:4F53452E5641532E3031, A000000476D0000111, 
05-14 08:48:24.665  9064  9064 D RegisteredServicesCache: ApduService: ComponentInfo{com.google.android.gms/com.google.android.gms.dck.service.DckNfcApduService}, description: Android Digital Car Key (System Service), Static AID Groups: Category: other, AIDs:A000000809434343444B467631, , Dynamic AID Groups: 
05-14 08:48:24.665  9064  9064 D RegisteredServicesCache: ApduService: ComponentInfo{com.google.android.gms/com.google.android.gms.fido.fido2.ui.hybrid.NfcEmulationService}, description: Fido NFC Emulation Service, Static AID Groups: Category: other, AIDs:A000000476B00003, , Dynamic AID Groups: 
05-14 08:48:24.666  9064  9064 D RegisteredNfcFServicesCache: Service unchanged, not updating
05-14 08:48:24.666  9064  9064 E NfcService: applyRouting -9
05-14 08:48:24.666  9064  9064 D NfcService: applyRouting - enter force = false mScreenState = 8
05-14 08:48:24.666  9064  9064 E NfcService: computeDiscoveryParameters: enter. screenState=8
05-14 08:48:24.666  9064  9064 D BrcmNfcJni: nfcManager_getDefaultDesfireRoute: enter; NAME_DEFAULT_DESFIRE_ROUTE = 02
05-14 08:48:24.666  9064  9064 D NxpExtns: find found DEFAULT_DESFIRE_PWR_STATE=(0x1b)
05-14 08:48:24.666  9064  9064 D NfcService: defaultMifareDesfireRoute : 539
05-14 08:48:24.666  9064  9064 D BrcmNfcJni: nfcManager_getDefaultAidRoute: DEFAULT_AID_ROUTE: 2
05-14 08:48:24.666  9064  9064 D NxpExtns: find found DEFAULT_AID_PWR_STATE=(0x19)
05-14 08:48:24.666  9064  9064 D NfcService: defaultAidRoute : 537
05-14 08:48:24.666  9064  9064 D NfcService: defaultroute = 537
05-14 08:48:24.666  9064  9064 D BrcmNfcJni: nfcManager_getDefaultMifareCLTRoute: DEFAULT_MIFARE_CLT_ROUTE: 2
05-14 08:48:24.666  9064  9064 D NxpExtns: find found DEFAULT_MIFARE_CLT_PWR_STATE=(0x1b)
05-14 08:48:24.666  9064  9064 D NfcService: defaultMifateCLTRoute : 2587
05-14 08:48:24.666  9064  9064 D NfcService: Set default Route Entry
05-14 08:48:24.666  9064  9064 D BrcmNfcJni: nfcManager_setDefaultRoute : enter
05-14 08:48:24.666  9064  9064 D BrcmNfcJni: transactionAttempt: Transaction attempted : setDefaultRoute when barrier is: 1
05-14 08:48:24.666  9064  9064 D BrcmNfcJni: transactionLiveLockable: Performing check for long duration transaction
05-14 08:48:24.666  9064  9064 D BrcmNfcJni: transactionAttempt: Transaction granted : setDefaultRoute 
05-14 08:48:24.666  9064  9064 D BrcmNfcJni: transactionAttempt: Transaction granted : setDefaultRoute and barrier is: 0
05-14 08:48:24.666  9064  9064 D BrcmNfcJni: startRfDiscovery: is start=0
05-14 08:48:24.666  9064  9064 D BrcmNfcJni: SyncEventGuard: lock on 0x7e09f3dd10
05-14 08:48:24.666  9064  9064 I BrcmNfcNfa: NFA_StopRfDiscovery ()
05-14 08:48:24.666  9064 10050 I BrcmNfcNfa: NFA got event 0x0110
05-14 08:48:24.666  9064 10050 I BrcmNfcNfa: nfa_dm_evt_hdlr event: NFA_DM_API_STOP_RF_DISCOVERY_EVT (0x10)
05-14 08:48:24.666  9064 10050 I BrcmNfcNfa: nfa_dm_act_stop_rf_discovery ()
05-14 08:48:24.667  9064 10050 I BrcmNfcNfa: nfa_dm_rf_deactivate () deactivate_type:0x0
05-14 08:48:24.667  9064 10050 I BrcmNfcNfa: nfa_dm_disc_sm_execute (): state: DISCOVERY (1), event: DEACTIVATE_CMD(6) disc_flags: 0x2
05-14 08:48:24.667  9064 10050 I BrcmNfcNfa: NFC_Deactivate 4 (IDLE) deactivate_type:0
05-14 08:48:24.667  9064 10050 I BrcmNfcNfa: nfc_ncif_send_cmd()
05-14 08:48:24.667  9064 10050 I BrcmNfcNfa: nfc_ncif_check_cmd_queue : Writing to HAL...
05-14 08:48:24.667  9064 10050 I BrcmNfcNfa: nfc_ncif_check_cmd_queue : cmd_size:1
05-14 08:48:24.667  9064 10050 D NfcAdaptation: NfcAdaptation::HalWrite
05-14 08:48:24.667   858   900 D NxpExtns: find found MIFARE_READER_ENABLE=(0x1)
05-14 08:48:24.667   858 10132 D NxpTml  : PN54X - Write requested.....
05-14 08:48:24.668   858 10132 D NxpTml  : PN54X - Invoking I2C Write.....
05-14 08:48:24.670  2731  2731 D RecentsImpl: mActivityStateObserver com.miui.home.launcher.Launcher
05-14 08:48:24.670  2731  2731 W RecentsImpl: onResumed className=com.miui.home.launcher.Launcher   mIsInAnotherPro=false
05-14 08:48:24.670 12989 13057 D KeyguardWallpaperRenderer: OFFSET  x: 0.0  y: 0.0
05-14 08:48:24.672   858 10132 E NxpTml  : _i2c_write() errno : 5
05-14 08:48:24.672   858 10132 E NxpTml  : PN54X - Error in I2C Write.....
05-14 08:48:24.672   858 10132 D NxpTml  : PN54X - Posting Fresh Write message.....
05-14 08:48:24.672   858 10132 D NxpTml  : PN54X - Tml Writer Thread Running................
05-14 08:48:24.672   858 10134 E NxpHal  : write error status = 0x1ff
05-14 08:48:24.672   858   900 E NxpHal  : write_unlocked failed - PN54X Maybe in Standby Mode - Retry
05-14 08:48:24.672   968  1047 D Layer   : ---setAlpha Launcher=1.000000
05-14 08:48:24.675  1551  1677 I Timeline: Timeline: App_transition_ready time:372067347
05-14 08:48:24.677   858 10132 D NxpTml  : PN54X - Write requested.....
05-14 08:48:24.677   858 10132 D NxpTml  : PN54X - Invoking I2C Write.....
05-14 08:48:24.677   968  1044 D Layer   : ---setAlpha Launcher=1.000000
05-14 08:48:24.679   858 10132 D NxpNciX : len =   4 => 21060100
05-14 08:48:24.679   858 10132 D NxpTml  : PN54X - I2C Write successful.....
05-14 08:48:24.679   858 10132 D NxpTml  : PN54X - Posting Fresh Write message.....
05-14 08:48:24.679   858 10132 D NxpTml  : PN54X - Tml Writer Thread Running................
05-14 08:48:24.679   858 10134 D NxpHal  : write successful status = 0x0
05-14 08:48:24.679  9064 10050 E power   : ISystemSuspend::getService() failed.
05-14 08:48:24.680  9064 10050 I BrcmNfcNfa: nfa_dm_disc_sm_execute (): new state: DISCOVERY (1), disc_flags: 0x22
05-14 08:48:24.680  9064 10050 I BrcmNfcNfa: nfa_sys_ptim_stop_timer b3bb8040
05-14 08:48:24.680  9064 10050 I BrcmNfcNfa: ptim timer stop
05-14 08:48:24.680  9064 10050 I BrcmNfcNfa: Stopped presence check timer (if started)
05-14 08:48:24.680   858 10131 D NxpTml  : PN54X - I2C Read successful.....len = 4
05-14 08:48:24.680   858 10131 D NxpTml  : PN54X - Posting read message.....
05-14 08:48:24.680   858 10131 D NxpNciR : len =   4 <= 41060100
05-14 08:48:24.680   858 10134 D NxpHal  : read successful status = 0x0
05-14 08:48:24.680  9064 10050 I BrcmNfcNfa: NFC received rsp gid:1
05-14 08:48:24.680  9064 10050 I BrcmNfcNfa: P2P_Prio_Logic
05-14 08:48:24.680  9064 10050 I BrcmNfcNfa: nfa_dm_p2p_prio_logic event_type = 0x1
05-14 08:48:24.680  9064 10050 I BrcmNfcNfa: returning true
05-14 08:48:24.680  9064 10050 I BrcmNfcNfa: nfc_set_state 4 (IDLE)->4 (IDLE)
05-14 08:48:24.680  9064 10050 I BrcmNfcNfa: nfa_dm_disc_data_cback ()
05-14 08:48:24.680  9064 10050 I BrcmNfcNfa: nfa_dm_disc_discovery_cback (): event:0x4005
05-14 08:48:24.680  9064 10050 I BrcmNfcNfa: nfa_dm_disc_sm_execute (): state: DISCOVERY (1), event: DEACTIVATE_RSP(7) disc_flags: 0x22
05-14 08:48:24.680  9064 10050 I BrcmNfcNfa: nfa_dm_disc_new_state (): old_state: DISCOVERY (1), new_state: IDLE (0) disc_flags: 0x2
05-14 08:48:24.680  9064 10050 D BrcmNfcJni: nfaConnectionCallback: Connection Event = 31
05-14 08:48:24.680  9064 10050 D BrcmNfcJni: nfaConnectionCallback: NFA_RF_DISCOVERY_STOPPED_EVT: status = 0x0
05-14 08:48:24.680  9064 10050 D BrcmNfcJni: notifyPollingEventwhileNfcOff: sDiscCmdwhleNfcOff=0
05-14 08:48:24.680  9064 10050 D BrcmNfcJni: getReconnectState = 0x0
05-14 08:48:24.680  9064 10050 D BrcmNfcJni: SyncEventGuard: lock on 0x7e09f3dd10
05-14 08:48:24.680  9064 10050 E BrcmNfcJni: notifyOne: 0x7e09f3dd10
05-14 08:48:24.680   858 10131 D NxpTml  : PN54X - Read requested.....
05-14 08:48:24.680   858 10131 D NxpTml  : PN54X - Invoking I2C Read.....
05-14 08:48:24.680  9064 10050 I BrcmNfcNfa: nfa_dm_start_rf_discover (): enter
05-14 08:48:24.680  9064 10050 I BrcmNfcNfa: nfa_dm_start_rf_discover (): return
05-14 08:48:24.680  9064 10050 I BrcmNfcNfa: nfa_dm_disc_sm_execute (): new state: IDLE (0), disc_flags: 0x0
05-14 08:48:24.680  9064  9064 D BrcmNfcJni: startRfDiscovery: is exit=0
05-14 08:48:24.680  9064  9064 D BrcmNfcJni: RoutingManager::setDefaultRoute: enter; defaultRoute:0x219 protoRoute:0x21B TechRoute:0xA1B HostListenMask:0x7
05-14 08:48:24.680  9064  9064 D BrcmNfcJni: RoutingManager::extractRouteLocationAndPowerStates:mDefaultIso7816SeID:0x200 mDefaultIsoDepSeID:0x200 mDefaultTechASeID 0x200
05-14 08:48:24.680  9064  9064 D BrcmNfcJni: getUiccRoute: Enter slot num = 1
05-14 08:48:24.680  9064  9064 D BrcmNfcJni: RoutingManager::extractRouteLocationAndPowerStates:mDefaultIso7816SeID:0x402 mDefaultIso7816Powerstate:0x19
05-14 08:48:24.680  9064  9064 D BrcmNfcJni: getUiccRoute: Enter slot num = 1
05-14 08:48:24.680  9064  9064 D BrcmNfcJni: RoutingManager::extractRouteLocationAndPowerStates:mDefaultIsoDepSeID:0x402 mDefaultIsoDepPowerstate:0x1B
05-14 08:48:24.680  9064  9064 D BrcmNfcJni: getUiccRoute: Enter slot num = 1
05-14 08:48:24.680  9064  9064 D BrcmNfcJni: RoutingManager::extractRouteLocationAndPowerStates:mDefaultTechASeID:0x402 mDefaultTechAPowerstate:0x1B
05-14 08:48:24.680  9064  9064 I BrcmNfcNfa: NFA_CeSetIsoDepListenTech (): 0x3
05-14 08:48:24.680  9064  9064 I BrcmNfcNfa: NFA_CeRegisterAidOnDH ()
05-14 08:48:24.681  9064  9064 D BrcmNfcJni: RoutingManager::checkProtoSeID: enter
05-14 08:48:24.681  9064  9064 D NxpExtns: find found NXP_CHECK_DEFAULT_PROTO_SE_ID=(0x1)
05-14 08:48:24.681  9064  9064 D BrcmNfcJni: RoutingManager::checkProtoSeID: CHECK_DEFAULT_PROTO_SE_ID - 0x 1 
05-14 08:48:24.681  9064  9064 D BrcmNfcJni: SecureElement::getEeHandleList: 0 = 0x401
05-14 08:48:24.681  9064  9064 D BrcmNfcJni: SecureElement::getEeHandleList: 0 = 0x401
05-14 08:48:24.681  9064  9064 D BrcmNfcJni: 0x401: 0x1 0x1 0x0
05-14 08:48:24.681  9064  9064 D BrcmNfcJni: SecureElement::getEeHandleList: 1 = 0x4C0
05-14 08:48:24.681  9064  9064 D BrcmNfcJni: SecureElement::getEeHandleList: Handle 1 = 0xC0
05-14 08:48:24.681  9064  9064 D BrcmNfcJni: RoutingManager::checkProtoSeID: count : 1
05-14 08:48:24.681  9064  9064 D BrcmNfcJni: SecureElement::getGenericEseId: enter; ESE-Handle = 0xC0
05-14 08:48:24.681  9064  9064 D BrcmNfcJni: SecureElement::getGenericEseId: exit; ESE-Generic-ID = 0x01
05-14 08:48:24.681  9064  9064 D BrcmNfcJni: RoutingManager::checkProtoSeID: seId : 1
05-14 08:48:24.681  9064  9064 D BrcmNfcJni: SecureElement::getEseHandleFromGenericId: enter; ESE-ID = 0x01
05-14 08:48:24.681  9064  9064 D BrcmNfcJni: SecureElement::getEseHandleFromGenericId: enter; ESE-Handle = 0x4C0
05-14 08:48:24.681  9064  9064 D BrcmNfcJni: RoutingManager::checkProtoSeID: ActDevHandle : 0x4C0
05-14 08:48:24.681  9064  9064 D BrcmNfcJni: RoutingManager::checkProtoSeID:isDefaultIsoDepSeIDPresent:0x0
05-14 08:48:24.681  9064  9064 D BrcmNfcJni: RoutingManager::checkProtoSeID: exit
05-14 08:48:24.681  9064  9064 D BrcmNfcJni: RoutingManager::initialiseTableEntries: enter
05-14 08:48:24.681  9064  9064 D BrcmNfcJni: SecureElement::getEeInfo: enter; mbNewEE=0, mActualNumEe=2
05-14 08:48:24.681  9064  9064 I BrcmNfcNfa: NFA_EeGetInfo em_state:1 cur_ee:3
05-14 08:48:24.681  9064  9064 I BrcmNfcNfa: xx:0 max_ret:4, num_ret:0 ee_status:0x0, nfcee_id:0x1
05-14 08:48:24.681  9064  9064 I BrcmNfcNfa: xx:1 max_ret:4, num_ret:1 ee_status:0x0, nfcee_id:0xc0
05-14 08:48:24.681  9064  9064 I BrcmNfcNfa: xx:2 max_ret:4, num_ret:2 ee_status:0x2, nfcee_id:0x2
05-14 08:48:24.681  9064  9064 I BrcmNfcNfa: num_ret:2
05-14 08:48:24.681  9064  9064 D BrcmNfcJni: SecureElement::getEeInfo: num EEs discovered: 2
05-14 08:48:24.681  9064  9064 D BrcmNfcJni: SecureElement::getEeInfo: EE[0] Handle: 0x0401  Status: Connected/Active  Num I/f: 1: (0x01, 0x00)  Num TLVs: 0, Tech : (LA:0x00, LB:0x00, LF:0x00, LBP:0x00)
05-14 08:48:24.681  9064  9064 D BrcmNfcJni: SecureElement::getEeInfo: EE[1] Handle: 0x04c0  Status: Connected/Active  Num I/f: 1: (0x80, 0x00)  Num TLVs: 0, Tech : (LA:0x04, LB:0x04, LF:0x03, LBP:0x00)
05-14 08:48:24.681  9064  9064 D BrcmNfcJni: SecureElement::getEeInfo: exit; mActualNumEe=2, mNumEePresent=1
05-14 08:48:24.681  9064  9064 D BrcmNfcJni: SecureElement::getEeInfo: enter; mbNewEE=0, mActualNumEe=2
05-14 08:48:24.681  9064  9064 I BrcmNfcNfa: NFA_EeGetInfo em_state:1 cur_ee:3
05-14 08:48:24.681  9064  9064 I BrcmNfcNfa: xx:0 max_ret:4, num_ret:0 ee_status:0x0, nfcee_id:0x1
05-14 08:48:24.681  9064  9064 I BrcmNfcNfa: xx:1 max_ret:4, num_ret:1 ee_status:0x0, nfcee_id:0xc0
05-14 08:48:24.681  9064  9064 I BrcmNfcNfa: xx:2 max_ret:4, num_ret:2 ee_status:0x2, nfcee_id:0x2
05-14 08:48:24.681  9064  9064 I BrcmNfcNfa: num_ret:2
05-14 08:48:24.681  9064  9064 D BrcmNfcJni: SecureElement::getEeInfo: num EEs discovered: 2
05-14 08:48:24.681  9064  9064 D BrcmNfcJni: SecureElement::getEeInfo: EE[0] Handle: 0x0401  Status: Connected/Active  Num I/f: 1: (0x01, 0x00)  Num TLVs: 0, Tech : (LA:0x00, LB:0x00, LF:0x00, LBP:0x00)
05-14 08:48:24.681  9064  9064 D BrcmNfcJni: SecureElement::getEeInfo: EE[1] Handle: 0x04c0  Status: Connected/Active  Num I/f: 1: (0x80, 0x00)  Num TLVs: 0, Tech : (LA:0x04, LB:0x04, LF:0x03, LBP:0x00)
05-14 08:48:24.681  9064  9064 D BrcmNfcJni: SecureElement::getEeInfo: exit; mActualNumEe=2, mNumEePresent=1
05-14 08:48:24.681  9064  9064 D BrcmNfcJni: SecureElement::getEeInfo: enter; mbNewEE=0, mActualNumEe=2
05-14 08:48:24.681  9064  9064 I BrcmNfcNfa: NFA_EeGetInfo em_state:1 cur_ee:3
05-14 08:48:24.681  9064  9064 I BrcmNfcNfa: xx:0 max_ret:4, num_ret:0 ee_status:0x0, nfcee_id:0x1
05-14 08:48:24.681  9064  9064 I BrcmNfcNfa: xx:1 max_ret:4, num_ret:1 ee_status:0x0, nfcee_id:0xc0
05-14 08:48:24.681  9064  9064 I BrcmNfcNfa: xx:2 max_ret:4, num_ret:2 ee_status:0x2, nfcee_id:0x2
05-14 08:48:24.681  9064  9064 I BrcmNfcNfa: num_ret:2
05-14 08:48:24.681  9064 10050 I BrcmNfcNfa: num_ret:2
05-14 08:48:24.681  9064 10050 I BrcmNfcNfa: nfa_ce_handle_event event: NFA_CE_API_CFG_ISODEP_TECH_EVT (0x603), flags: 00000000
05-14 08:48:24.681  9064 10050 I BrcmNfcNfa: NFA got event 0x0601
05-14 08:48:24.681  9064 10050 I BrcmNfcNfa: nfa_ce_handle_event event: NFA_CE_API_REG_LISTEN_EVT (0x601), flags: 00000000
05-14 08:48:24.681  9064 10050 I BrcmNfcNfa: nfa_ce_api_reg_listen ():Registering UICC/ESE/Felica/Type-4 tag listener. Type=1
05-14 08:48:24.681  9064 10050 I BrcmNfcNfa: nfa_ce_api_reg_listen ():found free entry listen_info_idx = 3
05-14 08:48:24.681  9064 10050 I BrcmNfcNfa: NFA_CE: adding listen_info entry 3
05-14 08:48:24.681  9064 10050 I BrcmNfcNfa: CE_T4tRegisterAID (): registering callback for wildcard AID 
05-14 08:48:24.681  9064 10050 E BrcmNfcNfa: CE_T4tRegisterAID (): only one wildcard AID can be registered at time.
05-14 08:48:24.681  9064 10050 E BrcmNfcNfa: Unable to register AID
05-14 08:48:24.681  9064 10050 D BrcmNfcJni: RoutingManager::stackCallback: event=0x15
05-14 08:48:24.681  9064 10050 D BrcmNfcJni: RoutingManager::stackCallback: NFA_CE_REGISTERED_EVT; status=0x3; h=0xFFFF
05-14 08:48:24.681  9064 10050 D com.android.nf: SyncEventGuard: lock on 0x7e09f3eafc
05-14 08:48:24.681  9064 10050 E com.android.nf: notifyOne: 0x7e09f3eafc
05-14 08:48:24.681  9064  9064 D BrcmNfcJni: SecureElement::getEeInfo: num EEs discovered: 2
05-14 08:48:24.681  9064  9064 D BrcmNfcJni: SecureElement::getEeInfo: EE[0] Handle: 0x0401  Status: Connected/Active  Num I/f: 1: (0x01, 0x00)  Num TLVs: 0, Tech : (LA:0x00, LB:0x00, LF:0x00, LBP:0x00)
05-14 08:48:24.681  9064  9064 D BrcmNfcJni: SecureElement::getEeInfo: EE[1] Handle: 0x04c0  Status: Connected/Active  Num I/f: 1: (0x80, 0x00)  Num TLVs: 0, Tech : (LA:0x04, LB:0x04, LF:0x03, LBP:0x00)
05-14 08:48:24.681  9064  9064 D BrcmNfcJni: SecureElement::getEeInfo: exit; mActualNumEe=2, mNumEePresent=1
05-14 08:48:24.681  9064  9064 D BrcmNfcJni: RoutingManager::initialiseTableEntries: exit; mTechSupportedByEse:0x7 mTechSupportedByUicc1:0x0 mTechSupportedByUicc2:0x0
05-14 08:48:24.681  9064  9064 D BrcmNfcJni: RoutingManager::compileProtoEntries: enter
05-14 08:48:24.681  9064  9064 D BrcmNfcJni: --------------------Proto Table Entries------------------
05-14 08:48:24.681  9064  9064 D BrcmNfcJni: |Index=0|RouteLoc=0x400|Proto=0x04|Power=0x01|Enable=0x1|
05-14 08:48:24.681  9064  9064 D BrcmNfcJni: |Index=1|RouteLoc=0x400|Proto=0x08|Power=0x09|Enable=0x1|
05-14 08:48:24.681  9064  9064 D BrcmNfcJni: |Index=2|RouteLoc=0x400|Proto=0x20|Power=0x09|Enable=0x1|
05-14 08:48:24.681  9064  9064 D BrcmNfcJni: ---------------------------------------------------------
05-14 08:48:24.681  9064  9064 D BrcmNfcJni: RoutingManager::compileProtoEntries: exit
05-14 08:48:24.681  9064  9064 D BrcmNfcJni: RoutingManager::consolidateProtoEntries: enter
05-14 08:48:24.681  9064  9064 D BrcmNfcJni: ----------------------------------------Lmrt Proto Entries------------------------------------
05-14 08:48:24.681  9064  9064 D BrcmNfcJni: |Index=0|nfceeID=0x400|SWTCH-ON=0x2C|SWTCH-OFF=0x00|BAT-OFF=0x00|SCRN-LOCK=0x28|SCRN-OFF=0x00|SCRN-OFF_LOCK=0x00
05-14 08:48:24.681  9064  9064 D BrcmNfcJni: |Index=1|nfceeID=0x4C0|SWTCH-ON=0x00|SWTCH-OFF=0x00|BAT-OFF=0x00|SCRN-LOCK=0x00|SCRN-OFF=0x00|SCRN-OFF_LOCK=0x00
05-14 08:48:24.681  9064  9064 D BrcmNfcJni: |Index=2|nfceeID=0x402|SWTCH-ON=0x00|SWTCH-OFF=0x00|BAT-OFF=0x00|SCRN-LOCK=0x00|SCRN-OFF=0x00|SCRN-OFF_LOCK=0x00
05-14 08:48:24.681  9064  9064 D BrcmNfcJni: ----------------------------------------------------------------------------------------------
05-14 08:48:24.681  9064  9064 D BrcmNfcJni: RoutingManager::consolidateProtoEntries: exit
05-14 08:48:24.681  9064  9064 D BrcmNfcJni: RoutingManager::setProtoRouting: enter
05-14 08:48:24.681  9064  9064 D com.android.nf: SyncEventGuard: lock on 0x7e09f3ed04
05-14 08:48:24.681  9064  9064 D BrcmNfcJni: RoutingManager::setProtoRouting: nfceeID:0x400
05-14 08:48:24.681  9064  9064 D BrcmNfcJni: RoutingManager::setProtoRouting: Clear Proto Routing Entries for nfceeID:0x400
05-14 08:48:24.681  9064  9064 I BrcmNfcNfa: NFA_EeSetDefaultProtoRouting(): handle:<0x400>protocol_mask:<0x0>/<0x0>/<0x0><0x0><0x0>
05-14 08:48:24.681  9064  9064 I BrcmNfcNfa: nfa_ee_find_ecb ()
05-14 08:48:24.681  9064 10050 I BrcmNfcNfa: NFA got event 0x0205
05-14 08:48:24.681  9064 10050 I BrcmNfcNfa: nfa_ee_evt_hdlr (): Event API_SET_PROTO_CFG(0x205), State: INIT_DONE(1)
05-14 08:48:24.681  9064 10050 I BrcmNfcNfa: nfa_ee_update_route_size nfcee_id:0x0 size_mask:0
05-14 08:48:24.681  9064 10050 I BrcmNfcNfa: nfa_ee_total_lmrt_size size:102
05-14 08:48:24.681  9064 10050 I BrcmNfcNfa: nfa_dm_is_active () flags:0x5
05-14 08:48:24.681  9064 10050 I BrcmNfcNfa: nfa_sys_ptim_start_timer b3bb7a00
05-14 08:48:24.681  9064 10050 I BrcmNfcNfa: ptim timer start
05-14 08:48:24.681  9064 10050 D BrcmNfcJni: RoutingManager::nfaEeCallback: NFA_EE_SET_PROTO_CFG_EVT; status=0x0
05-14 08:48:24.681  9064 10050 D com.android.nf: SyncEventGuard: lock on 0x7e09f3ed04
05-14 08:48:24.681  9064 10050 E com.android.nf: notifyOne: 0x7e09f3ed04
05-14 08:48:24.682  9064  9064 I BrcmNfcNfa: NFA_EeSetDefaultProtoRouting(): handle:<0x400>protocol_mask:<0x2c>/<0x0>/<0x0><0x28><0x0>
05-14 08:48:24.682  9064  9064 I BrcmNfcNfa: nfa_ee_find_ecb ()
05-14 08:48:24.682  9064 10050 I BrcmNfcNfa: NFA got event 0x0205
05-14 08:48:24.682  9064 10050 I BrcmNfcNfa: nfa_ee_evt_hdlr (): Event API_SET_PROTO_CFG(0x205), State: INIT_DONE(1)
05-14 08:48:24.682  9064 10050 I BrcmNfcNfa: nfa_ee_update_route_size nfcee_id:0x0 size_mask:15
05-14 08:48:24.682  9064 10050 I BrcmNfcNfa: nfa_ee_total_lmrt_size size:117
05-14 08:48:24.682  9064 10050 I BrcmNfcNfa: nfa_dm_is_active () flags:0x5
05-14 08:48:24.682  9064 10050 I BrcmNfcNfa: nfa_sys_ptim_start_timer b3bb7a00
05-14 08:48:24.682  9064 10050 D BrcmNfcJni: RoutingManager::nfaEeCallback: NFA_EE_SET_PROTO_CFG_EVT; status=0x0
05-14 08:48:24.682  9064 10050 D com.android.nf: SyncEventGuard: lock on 0x7e09f3ed04
05-14 08:48:24.682  9064 10050 E com.android.nf: notifyOne: 0x7e09f3ed04
05-14 08:48:24.682  9064  9064 D BrcmNfcJni: RoutingManager::setProtoRouting: nfceeID:0x4C0
05-14 08:48:24.682  9064  9064 D BrcmNfcJni: RoutingManager::setProtoRouting: nfceeID:0x402
05-14 08:48:24.682  9064  9064 D BrcmNfcJni: RoutingManager::setProtoRouting: nfceeID:0x481
05-14 08:48:24.682  9064  9064 D BrcmNfcJni: RoutingManager::setProtoRouting: exit
05-14 08:48:24.682  9064  9064 D BrcmNfcJni: RoutingManager::compileTechEntries: enter
05-14 08:48:24.682  9064  9064 D NxpExtns: find found DEFAULT_FELICA_CLT_ROUTE=(0x1)
05-14 08:48:24.682  9064  9064 D BrcmNfcJni: --------------------Tech Table Entries------------------
05-14 08:48:24.682  9064  9064 D BrcmNfcJni: |Index=0|RouteLoc=0x402|Tech=0x01|Power=0x1B|Enable=0x0|
05-14 08:48:24.682  9064  9064 D BrcmNfcJni: |Index=1|RouteLoc=0x402|Tech=0x02|Power=0x1B|Enable=0x0|
05-14 08:48:24.682  9064  9064 D BrcmNfcJni: |Index=2|RouteLoc=0x4C0|Tech=0x04|Power=0x1B|Enable=0x1|
05-14 08:48:24.682  9064  9064 D BrcmNfcJni: --------------------------------------------------------
05-14 08:48:24.682  9064  9064 D BrcmNfcJni: getUiccRoute: Enter slot num = 1
05-14 08:48:24.682  9064  9064 D BrcmNfcJni: RoutingManager::processTechEntriesForFwdfunctionality: enter
05-14 08:48:24.682  9064  9064 D BrcmNfcJni: --------------------Tech Table Entries------------------
05-14 08:48:24.682  9064  9064 D BrcmNfcJni: |Index=0|RouteLoc=0x402|Tech=0x01|Power=0x1B|Enable=0x0|
05-14 08:48:24.682  9064  9064 D BrcmNfcJni: |Index=1|RouteLoc=0x402|Tech=0x02|Power=0x1B|Enable=0x0|
05-14 08:48:24.682  9064  9064 D BrcmNfcJni: |Index=2|RouteLoc=0x4C0|Tech=0x04|Power=0x1B|Enable=0x1|
05-14 08:48:24.682  9064  9064 D BrcmNfcJni: --------------------------------------------------------
05-14 08:48:24.682  9064  9064 D BrcmNfcJni: RoutingManager::processTechEntriesForFwdfunctionality: exit
05-14 08:48:24.682  9064  9064 D BrcmNfcJni: RoutingManager::compileTechEntries: exit
05-14 08:48:24.682  9064  9064 D BrcmNfcJni: RoutingManager::consolidateTechEntries: enter
05-14 08:48:24.682  9064  9064 D BrcmNfcJni: -----------------------------------------Lmrt Tech Entries------------------------------------
05-14 08:48:24.682  9064  9064 D BrcmNfcJni: |Index=0|nfceeID=0x400|SWTCH-ON=0x00|SWTCH-OFF=0x00|BAT-OFF=0x00|SCRN-LOCK=0x00|SCRN-OFF=0x00|SCRN-OFF_LOCK=0x00
05-14 08:48:24.682  9064  9064 D BrcmNfcJni: |Index=1|nfceeID=0x4C0|SWTCH-ON=0x04|SWTCH-OFF=0x04|BAT-OFF=0x00|SCRN-LOCK=0x04|SCRN-OFF=0x04|SCRN-OFF_LOCK=0x00
05-14 08:48:24.682  9064  9064 D BrcmNfcJni: |Index=2|nfceeID=0x402|SWTCH-ON=0x00|SWTCH-OFF=0x00|BAT-OFF=0x00|SCRN-LOCK=0x00|SCRN-OFF=0x00|SCRN-OFF_LOCK=0x00
05-14 08:48:24.682  9064  9064 D BrcmNfcJni: ----------------------------------------------------------------------------------------------
05-14 08:48:24.682  9064  9064 D BrcmNfcJni: RoutingManager::consolidateTechEntries: exit
05-14 08:48:24.682  9064  9064 D BrcmNfcJni: RoutingManager::setTechRouting: enter
