05-14 08:47:58.699   968  1047 W DisplayIdentification: Invalid EDID: falling back to serial number due to missing display name.
05-14 08:47:58.699   968  1047 W DisplayIdentification: Invalid EDID: falling back to ASCII text due to missing serial number.
05-14 08:47:58.716  5064  5091 D WM-GreedyScheduler: Cancelling work ID 4dbdee18-bee4-4130-a329-3d8935c65fa8
05-14 08:47:58.729  3176  3290 D MiuiFastConnectService: handleMessage: MSG_START_BLE_SCAN
05-14 08:47:58.729  3176  3290 D BluetoothAdapter: isLeEnabled(): ON
05-14 08:47:58.730  5064  5091 D WM-SystemJobScheduler: Scheduling work ID 4dbdee18-bee4-4130-a329-3d8935c65fa8Job ID 52
05-14 08:47:58.732  2232  3345 D BtGatt.GattService: registerScanner() - UUID=ce130902-8636-4890-8853-0efc1ade4640
05-14 08:47:58.732  2232  3060 V bt_stack: [VERBOSE1:bta_gattc_act.cc(200)] bta_gattc_register: state:2
05-14 08:47:58.732  2232  3060 I bt_stack: [INFO:gatt_api.cc(959)] GATT_Register c317a5fd-214b-d1a4-d625-dd16f331f5e5
05-14 08:47:58.732  2232  3060 I bt_stack: [INFO:gatt_api.cc(979)] allocated gatt_if=6
05-14 08:47:58.732  2232  3060 V bt_stack: [VERBOSE1:gatt_api.cc(1089)] GATT_StartIf gatt_if=6
05-14 08:47:58.732  2232  2392 D BtGatt.GattService: onScannerRegistered() - UUID=ce130902-8636-4890-8853-0efc1ade4640, scannerId=6, status=0
05-14 08:47:58.732  2232  3060 V bt_stack: [VERBOSE1:gatt_utils.cc(254)] gatt_find_the_connected_bda start_idx=0
05-14 08:47:58.732  2232  3060 V bt_stack: [VERBOSE1:gatt_utils.cc(266)]  found=0 found_idx=7
05-14 08:47:58.732  3176 22821 D BluetoothLeScanner: onScannerRegistered() - status=0 scannerId=6 mScannerId=0
05-14 08:47:58.734   818  3057 I vendor.qti.bluetooth@1.0-ibs_handler: ProcessIbsCmd: Received IBS_SLEEP_IND: 0xFE
05-14 08:47:58.736  2232  3345 D BtGatt.GattService: start scan with filters. callingPackage: com.xiaomi.bluetooth
05-14 08:47:58.741  2232  3345 E BtGatt.GattService:  [Landroid.content.pm.ServiceInfo;@6257a40
05-14 08:47:58.745  1551  1680 D WatchdogInjector: checkOOMState heapAllocSize : 64MB; monitorSize : 500MB
05-14 08:47:58.747  2232  2755 I BtGatt.ScanManager: msg.what = 0
05-14 08:47:58.747  2232  2755 D BtGatt.ScanManager: handling starting scan
05-14 08:47:58.748  2232  2755 D BtGatt.ScanManager: isAptXLowLatencyModeEnabled: false
05-14 08:47:58.751   818  3057 I vendor.qti.bluetooth@1.0-ibs_handler: ProcessIbsCmd: Received IBS_WAKE_IND: 0xFD
05-14 08:47:58.751   818  3057 I vendor.qti.bluetooth@1.0-ibs_handler: ProcessIbsCmd: Writing IBS_WAKE_ACK
05-14 08:47:58.752  2232  2392 D BtGatt.GattService: onScanFilterEnableDisabled() - clientIf=6, status=0, action=1
05-14 08:47:58.752  2232  2392 D BtGatt.ScanManager: callback done for scannerId - 6 status - 0
05-14 08:47:58.753  2232  2755 D BtGatt.ScanManager: Available Filter size: 8
05-14 08:47:58.754  5064  5091 D WM-PackageManagerHelper: Skipping component enablement for androidx.work.impl.background.systemalarm.RescheduleReceiver
05-14 08:47:58.754  2232  2392 D BtGatt.GattService: onScanFilterConfig() - clientIf=6, action = 0 status = 0, filterType=0, availableSpace=0
05-14 08:47:58.754  2232  2392 D BtGatt.ScanManager: callback done for scannerId - 6 status - 0
05-14 08:47:58.754  5064  5064 D AppCompatDelegate: Checking for metadata for AppLocalesMetadataHolderService : Service not found
05-14 08:47:58.754  2232  2755 D BtGatt.ScanManager: configureFilterParamter 500 10000 1 0, deliveryMode=0
05-14 08:47:58.755  2232  2392 D BtGatt.GattService: onScanFilterParamsConfigured() - clientIf=6, status=0, action=0, availableSpace=10
05-14 08:47:58.755  2232  2392 D BtGatt.ScanManager: callback done for scannerId - 6 status - 0
05-14 08:47:58.756  2232  2392 D BtGatt.GattService: onScanFilterConfig() - clientIf=6, action = 0 status = 0, filterType=0, availableSpace=0
05-14 08:47:58.756  2232  2392 D BtGatt.ScanManager: callback done for scannerId - 6 status - 0
05-14 08:47:58.756  2232  2755 D BtGatt.ScanManager: configureFilterParamter 500 10000 1 0, deliveryMode=0
05-14 08:47:58.757  2232  2392 D BtGatt.GattService: onScanFilterParamsConfigured() - clientIf=6, status=0, action=0, availableSpace=9
05-14 08:47:58.757  2232  2392 D BtGatt.ScanManager: callback done for scannerId - 6 status - 0
05-14 08:47:58.757  2232  2392 D BtGatt.GattService: onScanFilterConfig() - clientIf=6, action = 0 status = 0, filterType=0, availableSpace=0
05-14 08:47:58.757  2232  2392 D BtGatt.ScanManager: callback done for scannerId - 6 status - 0
05-14 08:47:58.757  2232  2755 D BtGatt.ScanManager: configureFilterParamter 500 10000 1 0, deliveryMode=0
05-14 08:47:58.760  2232  2392 D BtGatt.GattService: onScanFilterParamsConfigured() - clientIf=6, status=0, action=0, availableSpace=8
05-14 08:47:58.760  2232  2392 D BtGatt.ScanManager: callback done for scannerId - 6 status - 0
05-14 08:47:58.760  2232  2392 D BtGatt.GattService: onScanFilterConfig() - clientIf=6, action = 0 status = 0, filterType=0, availableSpace=0
05-14 08:47:58.760  2232  2392 D BtGatt.ScanManager: callback done for scannerId - 6 status - 0
05-14 08:47:58.760  2232  2755 D BtGatt.ScanManager: configureFilterParamter 500 10000 1 0, deliveryMode=0
05-14 08:47:58.761  2232  2392 D BtGatt.GattService: onScanFilterParamsConfigured() - clientIf=6, status=0, action=0, availableSpace=7
05-14 08:47:58.761  2232  2392 D BtGatt.ScanManager: callback done for scannerId - 6 status - 0
05-14 08:47:58.761  2232  2392 D BtGatt.GattService: onScanFilterConfig() - clientIf=6, action = 0 status = 0, filterType=0, availableSpace=0
05-14 08:47:58.761  2232  2392 D BtGatt.ScanManager: callback done for scannerId - 6 status - 0
05-14 08:47:58.762  2232  2755 D BtGatt.ScanManager: configureFilterParamter 500 10000 1 0, deliveryMode=0
05-14 08:47:58.763  2232  2392 D BtGatt.GattService: onScanFilterParamsConfigured() - clientIf=6, status=0, action=0, availableSpace=6
05-14 08:47:58.763  2232  2392 D BtGatt.ScanManager: callback done for scannerId - 6 status - 0
05-14 08:47:58.763  2232  2755 D BtGatt.ScanManager: configureRegularScanParams() - queue=4
05-14 08:47:58.763  2232  2755 D BtGatt.ScanManager: configureRegularScanParams() - ScanSetting LE 1M Scan mode=1ScanSetting LE Coded Scan mode=1 mLastConfiguredScanSettingLE1M=1 mLastConfiguredScanSettingLECoded=1scanPhy=255
05-14 08:47:58.803   818  3057 I vendor.qti.bluetooth@1.0-ibs_handler: ProcessIbsCmd: Received IBS_SLEEP_IND: 0xFE
05-14 08:47:58.838  5064  5064 W envpnclientgat: Accessing hidden method Landroid/view/ViewGroup;->makeOptionalFitsSystemWindows()V (greylist, reflection, allowed)
05-14 08:47:58.871  5064  5064 I OpenVPNGateApp:SplashActivityCore: Starting server preload. vpn_connected=false, cache_only=false
05-14 08:47:58.879  5064  5064 W envpnclientgat: Accessing hidden method Ljava/lang/invoke/MethodHandles$Lookup;-><init>(Ljava/lang/Class;I)V (greylist, reflection, allowed)
05-14 08:47:58.942  5064  5064 D OpenVPNGateApp:ServersV2SyncCoordinator: syncCountries(forceRefresh=false, cacheOnly=false)
05-14 08:47:58.945  5064  5064 D OpenVPNGateApp:ServersV2Repository: getCountries[locale=en]: fetching from network
05-14 08:47:58.961 15490 15536 D CCodecBufferChannel: [c2.android.opus.encoder#2] DEBUG: elapsed: n=4 [in=0 pipeline=0 out=0 smoothness=4]
05-14 08:47:58.961 15490 15536 D PipelineWatcher: DEBUG: elapsed 0 / 4
05-14 08:47:58.998  1551  9798 V MiuiActivityTaskManagerServiceEx: dispatchActivityLifeState state = onResume
05-14 08:47:58.998  1551  9798 V MiuiActivityTaskManagerServiceEx: dispatchActivityLifeState r = ActivityRecord{d36f0a0 u0 com.yahorzabotsin.openvpnclientgate/.mobile.SplashActivity t4252}
05-14 08:47:58.998  2731  2731 D RecentsImpl: mActivityStateObserver com.yahorzabotsin.openvpnclientgate.mobile.SplashActivity
05-14 08:47:58.998  2731  2731 W RecentsImpl: onResumed className=com.yahorzabotsin.openvpnclientgate.mobile.SplashActivity   mIsInAnotherPro=false
05-14 08:47:58.998  5064  5064 W Looper  : PerfMonitor looperActivity : package=com.yahorzabotsin.openvpnclientgate/.mobile.SplashActivity time=306ms latency=746ms running=266ms  procState=2 ClientTransaction{ callbacks=[android.app.servertransaction.LaunchActivityItem] lifecycleRequest=android.app.servertransaction.ResumeActivityItem } historyMsgCount=1 (msgIndex=1 wall=756ms seq=3 running=704ms runnable=10ms late=1ms h=android.app.ActivityThread$H w=110)
05-14 08:47:58.999  5064  5064 W Looper  : PerfMonitor looperActivity : package=com.yahorzabotsin.openvpnclientgate/.mobile.SplashActivity time=1ms latency=1051ms running=0ms  procState=2 ClientTransaction{ callbacks=[android.app.servertransaction.TopResumedActivityChangeItem] } historyMsgCount=3 (msgIndex=1 wall=756ms seq=3 running=704ms runnable=10ms late=1ms h=android.app.ActivityThread$H w=110) (msgIndex=2 wall=306ms seq=4 running=266ms runnable=21ms late=746ms h=android.app.ActivityThread$H w=159)
05-14 08:47:58.999  5064  5064 I Choreographer: Skipped 30 frames!  The application may be doing too much work on its main thread.
05-14 08:47:59.005  5064  5064 V MiuiFrameworkFactory: get AllImpl object = android.common.MiuiFrameworkFactoryImpl@98b7d81
05-14 08:47:59.009  1551  9201 V WindowManager: Orientation start waiting for draw, mDrawState=DRAW_PENDING in Window{775d9e2 mode=0 rootTaskId=4252 u0 com.yahorzabotsin.openvpnclientgate/com.yahorzabotsin.openvpnclientgate.mobile.SplashActivity}, surfaceController Surface(name=com.yahorzabotsin.openvpnclientgate/com.yahorzabotsin.openvpnclientgate.mobile.SplashActivity)/@0xd486830
05-14 08:47:59.013  1551  9201 D WindowManager: Input focus has changed to Window{775d9e2 mode=0 rootTaskId=4252 u0 com.yahorzabotsin.openvpnclientgate/com.yahorzabotsin.openvpnclientgate.mobile.SplashActivity}
05-14 08:47:59.018  5064  5092 I AdrenoGLES-0: QUALCOMM build                   : 95db91f, Ifbc588260a
05-14 08:47:59.018  5064  5092 I AdrenoGLES-0: Build Date                       : 09/24/20
05-14 08:47:59.018  5064  5092 I AdrenoGLES-0: OpenGL ES Shader Compiler Version: EV031.32.02.01
05-14 08:47:59.018  5064  5092 I AdrenoGLES-0: Local Branch                     : mybrancheafe5b6d-fb5b-f1b0-b904-5cb90179c3e0
05-14 08:47:59.018  5064  5092 I AdrenoGLES-0: Remote Branch                    : quic/gfx-adreno.lnx.1.0.r114-rel
05-14 08:47:59.018  5064  5092 I AdrenoGLES-0: Remote Branch                    : NONE
05-14 08:47:59.018  5064  5092 I AdrenoGLES-0: Reconstruct Branch               : NOTHING
05-14 08:47:59.018  5064  5092 I AdrenoGLES-0: Build Config                     : S P 10.0.7 AArch64
05-14 08:47:59.018  5064  5092 I AdrenoGLES-0: Driver Path                      : /vendor/lib64/egl/libGLESv2_adreno.so
05-14 08:47:59.020  5064  5092 I AdrenoGLES-0: PFP: 0x016ee190, ME: 0x00000000
05-14 08:47:59.042   558   558 I hwservicemanager: getTransport: Cannot find entry android.hardware.graphics.mapper@4.0::IMapper/default in either framework or device manifest.
05-14 08:47:59.042  5064  5092 I Gralloc4: mapper 4.x is not supported
05-14 08:47:59.042   558   558 I hwservicemanager: getTransport: Cannot find entry android.hardware.graphics.mapper@3.0::IMapper/default in either framework or device manifest.
05-14 08:47:59.043  5064  5092 W Gralloc3: mapper 3.x is not supported
05-14 08:47:59.048  5064  5092 E LB      : fail to open file: No such file or directory
05-14 08:47:59.050  5064  5064 W Looper  : PerfMonitor doFrame : time=51ms vsyncFrame=9126118 latency=509ms procState=2 historyMsgCount=4 (msgIndex=1 wall=756ms seq=3 running=704ms runnable=10ms late=1ms h=android.app.ActivityThread$H w=110) (msgIndex=2 wall=306ms seq=4 running=266ms runnable=21ms late=746ms h=android.app.ActivityThread$H w=159)
05-14 08:47:59.056  1551  1684 D ArtManagerInternalImpl: /data/misc/iorapd/com.yahorzabotsin.openvpnclientgate/63/com.yahorzabotsin.openvpnclientgate.mobile.SplashActivity/compiled_traces/compiled_trace.pb doesn't exist
05-14 08:47:59.056  1551  1677 I Timeline: Timeline: Activity_windows_visible id: ActivityRecord{d36f0a0 u0 com.yahorzabotsin.openvpnclientgate/.mobile.SplashActivity t4252} time:372041728
05-14 08:47:59.056  1551  1684 I ActivityTaskManager: Displayed com.yahorzabotsin.openvpnclientgate/.mobile.SplashActivity: +1s242ms
05-14 08:47:59.059  5055  5055 W BpBinder: PerfMonitor binderTransact :  time=1249ms interface=android.app.IActivityManager code=1598246212
05-14 08:47:59.059  5055  5057 I cmd     : oneway function results will be dropped but finished with status OK and parcel size 4
05-14 08:47:59.060  1551  1676 D EventSequenceValidator: onActivityLaunchFinished during UNKNOWN.
05-14 08:47:59.060  1551  1676 D EventSequenceValidator: java.lang.Throwable: EventSequenceValidator#getStackTrace
05-14 08:47:59.060  1551  1676 D EventSequenceValidator: 	at com.google.android.startop.iorap.EventSequenceValidator.logWarningWithStackTrace(EventSequenceValidator.java:260)
05-14 08:47:59.060  1551  1676 D EventSequenceValidator: 	at com.google.android.startop.iorap.EventSequenceValidator.onActivityLaunchFinished(EventSequenceValidator.java:185)
05-14 08:47:59.060  1551  1676 D EventSequenceValidator: 	at com.android.server.wm.LaunchObserverRegistryImpl.handleOnActivityLaunchFinished(LaunchObserverRegistryImpl.java:175)
05-14 08:47:59.060  1551  1676 D EventSequenceValidator: 	at com.android.server.wm.LaunchObserverRegistryImpl.lambda$QcawcFcJtEX4EhYptq_Vb4j368Y(Unknown Source:0)
05-14 08:47:59.060  1551  1676 D EventSequenceValidator: 	at com.android.server.wm.-$$Lambda$LaunchObserverRegistryImpl$QcawcFcJtEX4EhYptq_Vb4j368Y.accept(Unknown Source:10)
05-14 08:47:59.060  1551  1676 D EventSequenceValidator: 	at com.android.internal.util.function.pooled.PooledLambdaImpl.doInvoke(PooledLambdaImpl.java:292)
05-14 08:47:59.060  1551  1676 D EventSequenceValidator: 	at com.android.internal.util.function.pooled.PooledLambdaImpl.invoke(PooledLambdaImpl.java:201)
05-14 08:47:59.060  1551  1676 D EventSequenceValidator: 	at com.android.internal.util.function.pooled.OmniFunction.run(OmniFunction.java:97)
05-14 08:47:59.060  1551  1676 D EventSequenceValidator: 	at android.os.Handler.handleCallback(Handler.java:938)
05-14 08:47:59.060  1551  1676 D EventSequenceValidator: 	at android.os.Handler.dispatchMessage(Handler.java:99)
05-14 08:47:59.060  1551  1676 D EventSequenceValidator: 	at android.os.Looper.loop(Looper.java:236)
05-14 08:47:59.060  1551  1676 D EventSequenceValidator: 	at android.os.HandlerThread.run(HandlerThread.java:67)
05-14 08:47:59.060  1551  1676 D EventSequenceValidator: 	at com.android.server.ServiceThread.run(ServiceThread.java:45)
05-14 08:47:59.060  1551  1676 D EventSequenceValidator: dec AccIntentStartedEvents to 2
05-14 08:47:59.069  1551  2544 D MIUIInput: [FoucsChange]: Display  0 FocusedWindow From null(0,0)  to Window{775d9e2 mode=0 rootTaskId=4252 u0 com.yahorzabotsin.openvpnclientgate/com.yahorzabotsin.openvpnclientgate.mobile.SplashActivity}(1,1)
05-14 08:47:59.100  1551  9798 V ActivityTaskManager: Calling mServicetracker.OnActivityStateChange with flag truestateSTOPPING
05-14 08:47:59.100  1551  9798 V ActivityTaskManager: Calling mServicetracker.OnActivityStateChange with flag falsestateSTOPPING
05-14 08:47:59.100   874 24460 I vendor.qti.hardware.servicetracker@1.2-service: Activity state is changed to : 5
05-14 08:47:59.101   694   702 E statsd  : Predicate 5980654721335871649 dropping data for dimension key (10)0x2010101->10632[I] (10)0x30000->*launch*[S] 
05-14 08:47:59.101   874 24460 I vendor.qti.hardware.servicetracker@1.2-service: Activity state is changed to : 5
05-14 08:47:59.104  8885  8885 I GoogleInputMethodService: GoogleInputMethodService.onFinishInput():2259 
05-14 08:47:59.105  8885  8885 I Module  : DeviceLockedStatusModuleProvider$Module.updateDeviceLockedStatus():103 repeatCheckTimes = 0, locked = false
05-14 08:47:59.105  8885  8885 I GoogleInputMethodService: GoogleInputMethodService.onStartInput():1446 onStartInput(EditorInfo{EditorInfo{packageName=com.yahorzabotsin.openvpnclientgate, inputType=0, inputTypeString=NULL, enableLearning=false, autoCorrection=false, autoComplete=false, imeOptions=0, privateImeOptions=null, actionName=UNSPECIFIED, actionLabel=null, initialSelStart=-1, initialSelEnd=-1, initialCapsMode=0, label=null, fieldId=-1, fieldName=null, extras=null, hintText=null, hintLocales=[]}}, false)
05-14 08:47:59.105  8885  8885 I AndroidIME: LatinIMEBase.updateInputViewCoverNavigation():322 Update input view padding, isNavbarOverInputWindow=false, bottom inset=130
05-14 08:47:59.106  8885  8885 I Module  : DeviceLockedStatusModuleProvider$Module.updateDeviceLockedStatus():103 repeatCheckTimes = 1, locked = false
05-14 08:47:59.108  1551  2119 I MiuiNetworkPolicy: updateUidState uid = 10152, uidState = 4
05-14 08:47:59.108  1551  2119 I MiuiNetworkPolicy: updateUidState uid = 10111, uidState = 5
05-14 08:47:59.110  2731  2731 D Launcher.Lifecycle: onStop:UserHandle{0},8217634,false
05-14 08:47:59.112   874 27291 I vendor.qti.hardware.servicetracker@1.2-service: unbindService is called for service : com.mi.android.globalminusscreen/com.google.mi.apps.gsa.nowoverlayservice.DrawerOverlayService and for client com.miui.home
05-14 08:47:59.136  1551  9798 V ActivityTaskManager: Calling mServicetracker.OnActivityStateChange with flag truestateSTOPPED
05-14 08:47:59.136  1551  9798 V ActivityTaskManager: Calling mServicetracker.OnActivityStateChange with flag falsestateSTOPPED
05-14 08:47:59.136   874 27291 I vendor.qti.hardware.servicetracker@1.2-service: Activity state is changed to : 6
05-14 08:47:59.136   874 27291 I vendor.qti.hardware.servicetracker@1.2-service: Activity state is changed to : 6
05-14 08:47:59.139 10196 17201 D PMonitor:  onForegroundActivitiesChanged:pid = 2731,activity-uid=10111,foregroundActivities=false
05-14 08:47:59.153   968   968 D SurfaceFlinger: Launcher Changed hasLauncher=0
05-14 08:47:59.412   558   558 I hwservicemanager: getTransport: Cannot find entry android.hardware.graphics.mapper@4.0::IMapper/default in either framework or device manifest.
05-14 08:47:59.412  5107  5107 I Gralloc4: mapper 4.x is not supported
05-14 08:47:59.412   558   558 I hwservicemanager: getTransport: Cannot find entry android.hardware.graphics.mapper@3.0::IMapper/default in either framework or device manifest.
05-14 08:47:59.412  5107  5107 W Gralloc3: mapper 3.x is not supported
05-14 08:47:59.469 15490 15533 D BufferPoolAccessor2.0: bufferpool2 0x713f973228 : 7(26880 size) total buffers - 4(15360 size) used buffers - 1572735/1572742 (recycle/alloc) - 654/3145475 (fetch/transfer)
05-14 08:47:59.495  2232  2755 I BtGatt.ScanManager: msg.what = 6
05-14 08:47:59.495  1551  2119 I MiuiNetworkPolicy: updateUidState uid = 10186, uidState = 3
05-14 08:47:59.497 26398 26711 I FontLog : (REDACTED) Received query %s, URI %s
05-14 08:47:59.497 26398 26711 I FontLog : (REDACTED) Query [%s] resolved to %s
05-14 08:47:59.499 26398 26711 I FontLog : (REDACTED) Fetch %s end status %s
05-14 08:47:59.508 26398 26711 I FontLog : (REDACTED) Pulling font file for id = %d, cache size = %d
05-14 08:47:59.513 26398 26711 I FontLog : (REDACTED) Pulling font file for id = %d, cache size = %d
05-14 08:47:59.762   818  3063 I vendor.qti.bluetooth@1.0-ibs_handler: DeviceSleep: TX Awake, Sending SLEEP_IND
05-14 08:47:59.762   818  3063 D vendor.qti.bluetooth@1.0-ibs_handler: SerialClockVote: vote for UART CLK OFF
05-14 08:47:59.913   818  2794 D vendor.qti.bluetooth@1.0-wake_lock: Release wakelock is released 
05-14 08:48:00.001  2288  2288 D KeyguardUpdateMonitor: received broadcast android.intent.action.TIME_TICK
05-14 08:48:00.003  2288  2288 D KeyguardUpdateMonitor: handleTimeUpdate
05-14 08:48:00.030  2288  2288 D KeyguardUpdateMonitor: received broadcast android.intent.action.TIME_TICK
05-14 08:48:00.052  2288  2288 D KeyguardUpdateMonitor: handleTimeUpdate
05-14 08:48:00.053  2288  2288 E QSAnimator: tileView is null mute
05-14 08:48:00.053  2288  2288 E QSAnimator: tileView is null screenshot
05-14 08:48:00.053  2288  2288 E QSAnimator: tileView is null airplane
05-14 08:48:00.053  2288  2288 E QSAnimator: tileView is null screenlock
05-14 08:48:00.053  2288  2288 E QSAnimator: tileView is null hotspot
05-14 08:48:00.053  2288  2288 E QSAnimator: tileView is null gps
05-14 08:48:00.053  2288  2288 E QSAnimator: tileView is null rotation
05-14 08:48:00.053  2288  2288 E QSAnimator: tileView is null scanner
05-14 08:48:00.053  2288  2288 E QSAnimator: tileView is null papermode
05-14 08:48:00.053  2288  2288 E QSAnimator: tileView is null night
05-14 08:48:00.053  2288  2288 E QSAnimator: tileView is null quietmode
05-14 08:48:00.053  2288  2288 E QSAnimator: tileView is null batterysaver
05-14 08:48:00.053  2288  2288 E QSAnimator: tileView is null custom(com.miui.securitycenter/com.miui.superpower.notification.SuperPowerTileService)
05-14 08:48:00.053  2288  2288 E QSAnimator: tileView is null custom(com.milink.service/com.milink.ui.service.MiLinkTileService)
05-14 08:48:00.053  2288  2288 E QSAnimator: tileView is null custom(com.miui.mishare.connectivity/.tile.MiShareTileService)
05-14 08:48:00.053  2288  2288 E QSAnimator: tileView is null freeformhang
05-14 08:48:00.053  2288  2288 E QSAnimator: tileView is null custom(com.miui.screenrecorder/.service.QuickService)
05-14 08:48:00.053  2288  2288 E QSAnimator: tileView is null vibrate
05-14 08:48:00.053  2288  2288 E QSAnimator: tileView is null nfc
05-14 08:48:00.053  2288  2288 E QSAnimator: tileView is null edit
05-14 08:48:00.069  5110  5110 D AndroidRuntime: >>>>>> START com.android.internal.os.RuntimeInit uid 2000 <<<<<<
05-14 08:48:00.058  5110  5110 W app_process: type=1400 audit(0.0:628437): avc: denied { read } for name="u:object_r:device_config_runtime_native_boot_prop:s0" dev="tmpfs" ino=22013 scontext=u:r:shell:s0 tcontext=u:object_r:device_config_runtime_native_boot_prop:s0 tclass=file permissive=0
05-14 08:48:00.058  5110  5110 W app_process: type=1400 audit(0.0:628438): avc: denied { read } for name="u:object_r:device_config_runtime_native_boot_prop:s0" dev="tmpfs" ino=22013 scontext=u:r:shell:s0 tcontext=u:object_r:device_config_runtime_native_boot_prop:s0 tclass=file permissive=0
05-14 08:48:00.074  5110  5110 E libc    : Access denied finding property "persist.device_config.runtime_native_boot.profilebootclasspath"
05-14 08:48:00.074  5110  5110 E libc    : Access denied finding property "persist.device_config.runtime_native_boot.enable_apex_image"
05-14 08:48:00.074  5110  5110 I AndroidRuntime: Using default boot image
05-14 08:48:00.074  5110  5110 E libc    : Access denied finding property "persist.device_config.runtime_native_boot.disable_lock_profiling"
05-14 08:48:00.074  5110  5110 I AndroidRuntime: Leaving lock profiling enabled
05-14 08:48:00.074  5110  5110 E libc    : Access denied finding property "persist.device_config.runtime_native_boot.enable_generational_cc"
05-14 08:48:00.058  5110  5110 W app_process: type=1400 audit(0.0:628439): avc: denied { read } for name="u:object_r:device_config_runtime_native_boot_prop:s0" dev="tmpfs" ino=22013 scontext=u:r:shell:s0 tcontext=u:object_r:device_config_runtime_native_boot_prop:s0 tclass=file permissive=0
05-14 08:48:00.058  5110  5110 W app_process: type=1400 audit(0.0:628440): avc: denied { read } for name="u:object_r:device_config_runtime_native_boot_prop:s0" dev="tmpfs" ino=22013 scontext=u:r:shell:s0 tcontext=u:object_r:device_config_runtime_native_boot_prop:s0 tclass=file permissive=0
05-14 08:48:00.103  2731  2731 D FancyDrawable: doPause:   [miui.maml.FancyDrawable@2dbe4c1]
05-14 08:48:00.103  2731  2731 D MultipleRenderable: setPause: true miui.maml.FancyDrawable@2dbe4c1
05-14 08:48:00.103  2731  2731 D RendererCore: self pause: miui.maml.RendererCore@cafc114
05-14 08:48:00.103  2731  2731 D ScreenElementRoot: pause
05-14 08:48:00.103  2731  2731 D LifecycleResourceManager: begin check cache... 
05-14 08:48:00.192  5110  5110 D app_process: Time zone APEX ICU file found: /apex/com.android.tzdata/etc/icu/icu_tzdata.dat
05-14 08:48:00.192  5110  5110 D app_process: I18n APEX ICU file found: /apex/com.android.i18n/etc/icu/icudt66l.dat
05-14 08:48:00.227  5110  5110 W app_process: JNI RegisterNativeMethods: attempt to register 0 native methods for android.media.AudioAttributes
05-14 08:48:00.235  5110  5110 D AndroidRuntime: Calling main entry com.android.commands.uiautomator.Launcher
05-14 08:48:00.267  1551  1551 D AS.AudioService: Accessibility volume enabled = false
05-14 08:48:00.269  2288  2288 D CCTileAdapter: onAccessibilityStateChanged:true
05-14 08:48:00.274  2288  2288 D CCTileAdapter: onAccessibilityStateChanged:true
05-14 08:48:00.524  1551  2119 I MiuiNetworkPolicy: updateUidState uid = 10186, uidState = 5
05-14 08:48:00.525  2232  2755 I BtGatt.ScanManager: msg.what = 6
05-14 08:48:00.984  2288  2288 E QSAnimator: tileView is null mute
05-14 08:48:00.984  2288  2288 E QSAnimator: tileView is null screenshot
05-14 08:48:00.984  2288  2288 E QSAnimator: tileView is null airplane
05-14 08:48:00.984  2288  2288 E QSAnimator: tileView is null screenlock
05-14 08:48:00.984  2288  2288 E QSAnimator: tileView is null hotspot
05-14 08:48:00.984  2288  2288 E QSAnimator: tileView is null gps
05-14 08:48:00.984  2288  2288 E QSAnimator: tileView is null rotation
05-14 08:48:00.984  2288  2288 E QSAnimator: tileView is null scanner
05-14 08:48:00.984  2288  2288 E QSAnimator: tileView is null papermode
05-14 08:48:00.984  2288  2288 E QSAnimator: tileView is null night
05-14 08:48:00.984  2288  2288 E QSAnimator: tileView is null quietmode
05-14 08:48:00.984  2288  2288 E QSAnimator: tileView is null batterysaver
05-14 08:48:00.984  2288  2288 E QSAnimator: tileView is null custom(com.miui.securitycenter/com.miui.superpower.notification.SuperPowerTileService)
05-14 08:48:00.984  2288  2288 E QSAnimator: tileView is null custom(com.milink.service/com.milink.ui.service.MiLinkTileService)
05-14 08:48:00.984  2288  2288 E QSAnimator: tileView is null custom(com.miui.mishare.connectivity/.tile.MiShareTileService)
05-14 08:48:00.984  2288  2288 E QSAnimator: tileView is null freeformhang
05-14 08:48:00.984  2288  2288 E QSAnimator: tileView is null custom(com.miui.screenrecorder/.service.QuickService)
05-14 08:48:00.984  2288  2288 E QSAnimator: tileView is null vibrate
05-14 08:48:00.984  2288  2288 E QSAnimator: tileView is null nfc
05-14 08:48:00.984  2288  2288 E QSAnimator: tileView is null edit
05-14 08:48:01.283  1348 15544 D BufferPoolAccessor2.0: bufferpool2 0x738f27ca28 : 3(72000 size) total buffers - 1(24000 size) used buffers - 1572826/1572829 (recycle/alloc) - 655/1572827 (fetch/transfer)
05-14 08:48:01.348 26573 26573 W ThreadPoolForeg: type=1400 audit(0.0:628441): avc: denied { write } for name="traced_producer" dev="tmpfs" ino=27834 scontext=u:r:gmscore_app:s0:c512,c768 tcontext=u:object_r:traced_producer_socket:s0 tclass=sock_file permissive=0 app=com.google.android.gms
05-14 08:48:02.078  5110  5110 D ThemeCompatibility: START loading theme compatibility config.
05-14 08:48:02.078  5110  5110 D ThemeCompatibility: getVersion(): /data/system/theme_config/theme_compatibility.xml  java.io.FileNotFoundException: /data/system/theme_config/theme_compatibility.xml: open failed: ENOENT (No such file or directory)
05-14 08:48:02.089  5110  5110 D ThemeCompatibility: getConfigDocumentTree(): 140 vs -1
05-14 08:48:02.089  5110  5110 D ThemeCompatibility:     parse file: /system/media/theme/theme_compatibility.xml
05-14 08:48:02.100  5110  5110 D ThemeCompatibility: END loading: version=140 size=48
05-14 08:48:02.101  5110  5110 E AssetManager: WTF--create system assets with illegal uid: 2000, gid:2000
05-14 08:48:02.101  5110  5110 E AssetManager: java.lang.RuntimeException
05-14 08:48:02.101  5110  5110 E AssetManager: 	at android.content.res.AssetManager.createSystemAssetsInZygoteLocked(AssetManager.java:254)
05-14 08:48:02.101  5110  5110 E AssetManager: 	at android.content.res.AssetManager.getSystem(AssetManager.java:291)
05-14 08:48:02.101  5110  5110 E AssetManager: 	at android.content.res.Resources.<init>(Resources.java:353)
05-14 08:48:02.101  5110  5110 E AssetManager: 	at android.content.res.MiuiResources.<init>(MiuiResources.java:49)
05-14 08:48:02.101  5110  5110 E AssetManager: 	at android.content.res.Resources.getSystem(Resources.java:233)
05-14 08:48:02.101  5110  5110 E AssetManager: 	at android.util.MiuiMultiWindowAdapter.<clinit>(MiuiMultiWindowAdapter.java:83)
05-14 08:48:02.101  5110  5110 E AssetManager: 	at android.view.Display.getSize(Display.java:725)
05-14 08:48:02.101  5110  5110 E AssetManager: 	at com.android.commands.uiautomator.DumpCommand.run(DumpCommand.java:110)
05-14 08:48:02.101  5110  5110 E AssetManager: 	at com.android.commands.uiautomator.Launcher.main(Launcher.java:83)
05-14 08:48:02.101  5110  5110 E AssetManager: 	at com.android.internal.os.RuntimeInit.nativeFinishInit(Native Method)
05-14 08:48:02.101  5110  5110 E AssetManager: 	at com.android.internal.os.RuntimeInit.main(RuntimeInit.java:463)
05-14 08:48:02.130  5110  5110 W app_process: unable to execute idmap2: Permission denied
05-14 08:48:02.130  5110  5110 W OverlayConfig: 'idmap2 create-multiple' failed: no mutable="false" overlays targeting "android" will be loaded
05-14 08:48:02.118  5110  5110 W uiautomator: type=1400 audit(0.0:628442): avc: denied { execute } for name="idmap2" dev="dm-0" ino=1510 scontext=u:r:shell:s0 tcontext=u:object_r:idmap_exec:s0 tclass=file permissive=0
05-14 08:48:02.131  5110  5110 W asset   : unable to execute idmap2: Permission denied
05-14 08:48:02.131  5110  5110 W AssetManagerInjector: 'idmap2 --scan' failed: no static="true" overlays targeting "miui" will be loaded
05-14 08:48:02.118  5110  5110 W uiautomator: type=1400 audit(0.0:628443): avc: denied { execute } for name="idmap2" dev="dm-0" ino=1510 scontext=u:r:shell:s0 tcontext=u:object_r:idmap_exec:s0 tclass=file permissive=0
05-14 08:48:02.135  5110  5110 E app_process: Invalid ID 0x00000000.
05-14 08:48:02.156  5110  5110 W AccessibilityNodeInfoDumper: Fetch time: 15ms
05-14 08:48:02.157  1551  1612 W WindowManager: removeWindowToken: Attempted to remove non-existing token: android.os.Binder@3503389
05-14 08:48:02.168  2288  2288 D CCTileAdapter: onAccessibilityStateChanged:false
05-14 08:48:02.171  2288  2288 D CCTileAdapter: onAccessibilityStateChanged:false
05-14 08:48:02.182  5110  5110 D AndroidRuntime: Shutting down VM
05-14 08:48:02.282 15490 15536 D CCodecBufferChannel: [c2.android.opus.encoder#2] DEBUG: elapsed: n=4 [in=0 pipeline=0 out=0 smoothness=4]
05-14 08:48:02.282 15490 15536 D PipelineWatcher: DEBUG: elapsed 0 / 4
05-14 08:48:02.323  2288  2288 E QSAnimator: tileView is null mute
05-14 08:48:02.323  2288  2288 E QSAnimator: tileView is null screenshot
05-14 08:48:02.323  2288  2288 E QSAnimator: tileView is null airplane
05-14 08:48:02.323  2288  2288 E QSAnimator: tileView is null screenlock
05-14 08:48:02.323  2288  2288 E QSAnimator: tileView is null hotspot
05-14 08:48:02.323  2288  2288 E QSAnimator: tileView is null gps
05-14 08:48:02.323  2288  2288 E QSAnimator: tileView is null rotation
05-14 08:48:02.323  2288  2288 E QSAnimator: tileView is null scanner
05-14 08:48:02.323  2288  2288 E QSAnimator: tileView is null papermode
05-14 08:48:02.323  2288  2288 E QSAnimator: tileView is null night
05-14 08:48:02.323  2288  2288 E QSAnimator: tileView is null quietmode
05-14 08:48:02.323  2288  2288 E QSAnimator: tileView is null batterysaver
05-14 08:48:02.324  2288  2288 E QSAnimator: tileView is null custom(com.miui.securitycenter/com.miui.superpower.notification.SuperPowerTileService)
05-14 08:48:02.324  2288  2288 E QSAnimator: tileView is null custom(com.milink.service/com.milink.ui.service.MiLinkTileService)
05-14 08:48:02.324  2288  2288 E QSAnimator: tileView is null custom(com.miui.mishare.connectivity/.tile.MiShareTileService)
05-14 08:48:02.324  2288  2288 E QSAnimator: tileView is null freeformhang
05-14 08:48:02.324  2288  2288 E QSAnimator: tileView is null custom(com.miui.screenrecorder/.service.QuickService)
05-14 08:48:02.324  2288  2288 E QSAnimator: tileView is null vibrate
05-14 08:48:02.324  2288  2288 E QSAnimator: tileView is null nfc
05-14 08:48:02.324  2288  2288 E QSAnimator: tileView is null edit
05-14 08:48:02.550 26398  4971 I NearbyMediums: No BLE Fast/GATT advertisements found in the latest cycle.
05-14 08:48:02.551 26398  4971 I NearbyMediums: Current Tracked Scanning Clients are : {NearbyConnections.EnvironmentMonitor, NearbySharing}
05-14 08:48:02.954 11392 11392 D QtiCarrierConfigHelper: WARNING, no carrier configs on phone Id: 0
05-14 08:48:02.954 10638 10638 E PowerUtils: getSurfaceTemprature error
05-14 08:48:02.954 10638 10638 E PowerUtils: java.io.FileNotFoundException: /sys/class/thermal/thermal_message/board_sensor_temp: open failed: ENOENT (No such file or directory)
05-14 08:48:02.954 10638 10638 E PowerUtils: 	at libcore.io.IoBridge.open(IoBridge.java:492)
05-14 08:48:02.954 10638 10638 E PowerUtils: 	at java.io.FileInputStream.<init>(FileInputStream.java:160)
05-14 08:48:02.954 10638 10638 E PowerUtils: 	at java.io.FileInputStream.<init>(FileInputStream.java:115)
05-14 08:48:02.954 10638 10638 E PowerUtils: 	at java.io.FileReader.<init>(FileReader.java:58)
05-14 08:48:02.954 10638 10638 E PowerUtils: 	at hd.w.A(Unknown Source:11)
05-14 08:48:02.954 10638 10638 E PowerUtils: 	at yc.o.u(Unknown Source:32)
05-14 08:48:02.954 10638 10638 E PowerUtils: 	at yc.o$b.onReceive(Unknown Source:14)
05-14 08:48:02.954 10638 10638 E PowerUtils: 	at android.app.LoadedApk$ReceiverDispatcher$Args.lambda$getRunnable$0$LoadedApk$ReceiverDispatcher$Args(LoadedApk.java:1564)
05-14 08:48:02.954 10638 10638 E PowerUtils: 	at android.app.-$$Lambda$LoadedApk$ReceiverDispatcher$Args$_BumDX2UKsnxLVrE6UJsJZkotuA.run(Unknown Source:2)
05-14 08:48:02.954 10638 10638 E PowerUtils: 	at android.os.Handler.handleCallback(Handler.java:938)
05-14 08:48:02.954 10638 10638 E PowerUtils: 	at android.os.Handler.dispatchMessage(Handler.java:99)
05-14 08:48:02.954 10638 10638 E PowerUtils: 	at android.os.Looper.loop(Looper.java:236)
05-14 08:48:02.954 10638 10638 E PowerUtils: 	at android.app.ActivityThread.main(ActivityThread.java:8061)
05-14 08:48:02.954 10638 10638 E PowerUtils: 	at java.lang.reflect.Method.invoke(Native Method)
05-14 08:48:02.954 10638 10638 E PowerUtils: 	at com.android.internal.os.RuntimeInit$MethodAndArgsCaller.run(RuntimeInit.java:656)
05-14 08:48:02.954 10638 10638 E PowerUtils: 	at com.android.internal.os.ZygoteInit.main(ZygoteInit.java:967)
05-14 08:48:02.954 10638 10638 E PowerUtils: Caused by: android.system.ErrnoException: open failed: ENOENT (No such file or directory)
05-14 08:48:02.954 10638 10638 E PowerUtils: 	at libcore.io.Linux.open(Native Method)
05-14 08:48:02.954 10638 10638 E PowerUtils: 	at libcore.io.ForwardingOs.open(ForwardingOs.java:166)
05-14 08:48:02.954 10638 10638 E PowerUtils: 	at libcore.io.BlockGuardOs.open(BlockGuardOs.java:254)
05-14 08:48:02.954 10638 10638 E PowerUtils: 	at libcore.io.ForwardingOs.open(ForwardingOs.java:166)
05-14 08:48:02.954 10638 10638 E PowerUtils: 	at android.app.ActivityThread$AndroidOs.open(ActivityThread.java:7934)
05-14 08:48:02.954 10638 10638 E PowerUtils: 	at libcore.io.IoBridge.open(IoBridge.java:478)
05-14 08:48:02.954 10638 10638 E PowerUtils: 	... 15 more
05-14 08:48:02.955 10638 10638 I PowerSaveService: onReceive: android.intent.action.BATTERY_CHANGED
05-14 08:48:02.955  9064  9064 D NfcService: Received android.intent.action.BATTERY_CHANGED
05-14 08:48:02.956 10638 10638 I PowerNoticeUI: handleBatteryChanged oldPlugType 2 mPlugType 2 oldBatteryLevel 100 mBatteryLevel 100 temperature 330
05-14 08:48:02.956 11081 11386 D PowerCheckerService: onBatteryChanged, mBatteryLevel = 100, status = 5, level = 100, plug = 2, scale = 100
05-14 08:48:02.956 10638 10638 I ChargerBatteryIntelligenceReceiver: onBatteryChanged temperatureя╝Ъ33,plugType:2
05-14 08:48:02.957  2288  2288 D KeyguardUpdateMonitor: received broadcast android.intent.action.BATTERY_CHANGED
05-14 08:48:02.957  2288  2288 D BatteryController: onReceive: Intent = Intent { act=android.intent.action.BATTERY_CHANGED flg=0x60000010 (has extras) } action = android.intent.action.BATTERY_CHANGED
