05-14 08:48:14.934  9064 10050 D BrcmNfcJni: RoutingManager::nfaEeCallback: NFA_EE_SET_TECH_CFG_EVT; status=0x0
05-14 08:48:14.934  9064 10050 D com.android.nf: SyncEventGuard: lock on 0x7e09f3ed04
05-14 08:48:14.934  9064 10050 E com.android.nf: notifyOne: 0x7e09f3ed04
05-14 08:48:14.934  9064  9064 I BrcmNfcNfa: NFA_EeSetDefaultTechRouting(): handle:<0x4c0>technology_mask:<0x4>/<0x4>/<0x0><0x4><0x4>
05-14 08:48:14.934  9064  9064 I BrcmNfcNfa: nfa_ee_find_ecb ()
05-14 08:48:14.934  9064 10050 I BrcmNfcNfa: NFA got event 0x0204
05-14 08:48:14.934  9064 10050 I BrcmNfcNfa: nfa_ee_evt_hdlr (): Event API_SET_TECH_CFG(0x204), State: INIT_DONE(1)
05-14 08:48:14.934  9064 10050 I BrcmNfcNfa: nfa_ee_update_route_size nfcee_id:0xc0 size_mask:5
05-14 08:48:14.934  9064 10050 I BrcmNfcNfa: nfa_ee_total_lmrt_size size:117
05-14 08:48:14.934  9064 10050 I BrcmNfcNfa: nfa_dm_is_active () flags:0x5
05-14 08:48:14.934  9064 10050 I BrcmNfcNfa: nfa_sys_ptim_start_timer b3bb7a00
05-14 08:48:14.935  9064 10050 D BrcmNfcJni: RoutingManager::nfaEeCallback: NFA_EE_SET_TECH_CFG_EVT; status=0x0
05-14 08:48:14.935  9064 10050 D com.android.nf: SyncEventGuard: lock on 0x7e09f3ed04
05-14 08:48:14.935  9064 10050 E com.android.nf: notifyOne: 0x7e09f3ed04
05-14 08:48:14.935  9064  9064 D BrcmNfcJni: RoutingManager::setTechRouting: exit
05-14 08:48:14.935  9064  9064 D BrcmNfcJni: RoutingManager::configureOffHostNfceeTechMask: enter
05-14 08:48:14.935  9064  9064 D BrcmNfcJni: SecureElement::getEeHandleList: 0 = 0x401
05-14 08:48:14.935  9064  9064 D BrcmNfcJni: SecureElement::getEeHandleList: 0 = 0x401
05-14 08:48:14.935  9064  9064 D BrcmNfcJni: 0x401: 0x1 0x1 0x0
05-14 08:48:14.935  9064  9064 D BrcmNfcJni: SecureElement::getEeHandleList: 1 = 0x4C0
05-14 08:48:14.935  9064  9064 D BrcmNfcJni: SecureElement::getEeHandleList: Handle 1 = 0xC0
05-14 08:48:14.935  9064  9064 D BrcmNfcJni: SecureElement::getGenericEseId: enter; ESE-Handle = 0xC0
05-14 08:48:14.935  9064  9064 D BrcmNfcJni: SecureElement::getGenericEseId: exit; ESE-Generic-ID = 0x01
05-14 08:48:14.935  9064  9064 D BrcmNfcJni: SecureElement::getEseHandleFromGenericId: enter; ESE-ID = 0x01
05-14 08:48:14.935  9064  9064 D BrcmNfcJni: SecureElement::getEseHandleFromGenericId: enter; ESE-Handle = 0x4C0
05-14 08:48:14.935  9064  9064 D BrcmNfcJni: RoutingManager::configureOffHostNfceeTechMask: ee_handleList[0] : 0xC0
05-14 08:48:14.935  9064  9064 D BrcmNfcJni: RoutingManager::configureOffHostNfceeTechMask: exit
05-14 08:48:14.935  9064  9064 D BrcmNfcJni: RoutingManager::setDefaultRoute: exit
05-14 08:48:14.935  9064  9064 D BrcmNfcJni: RoutingManager::commitRouting
05-14 08:48:14.935  9064  9064 D com.android.nf: SyncEventGuard: lock on 0x7e09f3ebf0
05-14 08:48:14.935  9064  9064 I BrcmNfcNfa: NFA_EeUpdateNow()
05-14 08:48:14.935  9064 10050 I BrcmNfcNfa: NFA got event 0x0209
05-14 08:48:14.935  9064 10050 I BrcmNfcNfa: nfa_ee_evt_hdlr (): Event API_UPDATE_NOW(0x209), State: INIT_DONE(1)
05-14 08:48:14.935  9064 10050 I BrcmNfcNfa: nfa_sys_ptim_stop_timer b3bb7a00
05-14 08:48:14.935  9064 10050 I BrcmNfcNfa: ptim timer stop
05-14 08:48:14.935  9064 10050 I BrcmNfcNfa: nfa_ee_rout_timeout()
05-14 08:48:14.935  9064 10050 I BrcmNfcNfa: nfa_ee_need_recfg() ee_cfged: 0x92 ee_cfg_sts: 0x10
05-14 08:48:14.935  9064 10050 I BrcmNfcNfa: 0: ecb_flags  : 0x04, mask: 0x10
05-14 08:48:14.935  9064 10050 I BrcmNfcNfa: nfa_ee_need_recfg:Routing table dirty, update required...
05-14 08:48:14.935  9064 10050 I BrcmNfcNfa: nfa_ee_update_rout ee_cfg_sts:0x10
05-14 08:48:14.935  9064 10050 I BrcmNfcNfa: nfa_ee_evt_hdlr (): Event CFG_TO_NFCC(0x21a), State: INIT_DONE(1)
05-14 08:48:14.935  9064 10050 I BrcmNfcNfa: max supported routing table size: 860
05-14 08:48:14.935  9064 10050 I BrcmNfcNfa: last_active: 0xc0
05-14 08:48:14.935  9064 10050 I BrcmNfcNfa: find_and_resolve_tech_conflict:Enter
05-14 08:48:14.935  9064 10050 I BrcmNfcNfa: find_and_resolve_tech_conflict:p_cb->nfcee_id=0x0,p_cb->tech_switch_on= 0x0,p_cb->tech_switch_off= 0x0,p_cb->tech_battery_off= 0x0
05-14 08:48:14.935  9064 10050 D NfcAdaptation: find found DEFAULT_OFFHOST_ROUTE=(0x2)
05-14 08:48:14.935  9064 10050 I BrcmNfcNfa: find_and_resolve_tech_conflict:NXP_DEFAULT_OFFHOST_ROUTE=0x02;
05-14 08:48:14.935  9064 10050 I BrcmNfcNfa: find_and_resolve_tech_conflict:techF_found=0x4,techF_ee= 0xc0;
05-14 08:48:14.935  9064 10050 I BrcmNfcNfa: find_and_resolve_tech_conflict:techA_found=0x0,techA_ee= 0x0;
05-14 08:48:14.935  9064 10050 I BrcmNfcNfa: nfa_ee_lmrt_to_nfcc --add the routing for NFCEEs!!
05-14 08:48:14.935  9064 10050 I BrcmNfcNfa: nfa_ee_route_add_one_ecb_by_route_order - max_len:860, cur_offset:0, more:1, num_tlv:0,rout_type:- 1
05-14 08:48:14.935  9064 10050 I BrcmNfcNfa: nfa_ee_add_aid_route_to_ecb - No AID entries available
05-14 08:48:14.935  9064 10050 I BrcmNfcNfa: nfa_ee_total_lmrt_size size:117
05-14 08:48:14.935  9064 10050 I BrcmNfcNfa: ee_cfg_sts:0x10 lmrt_size:117
05-14 08:48:14.935  9064 10050 I BrcmNfcNfa: nfa_ee_lmrt_to_nfcc --add the routing for NFCEEs!!
05-14 08:48:14.935  9064 10050 I BrcmNfcNfa: nfa_ee_route_add_one_ecb_by_route_order - max_len:860, cur_offset:0, more:1, num_tlv:0,rout_type:- 1
05-14 08:48:14.935  9064 10050 I BrcmNfcNfa: nfa_ee_add_aid_route_to_ecb - No AID entries available
05-14 08:48:14.935  9064 10050 I BrcmNfcNfa: nfa_ee_total_lmrt_size size:117
05-14 08:48:14.935  9064 10050 I BrcmNfcNfa: ee_cfg_sts:0x11 lmrt_size:117
05-14 08:48:14.935  9064 10050 I BrcmNfcNfa: nfa_ee_lmrt_to_nfcc --add the routing for DH!!
05-14 08:48:14.935  9064 10050 I BrcmNfcNfa: nfa_ee_route_add_one_ecb_by_route_order - max_len:860, cur_offset:0, more:1, num_tlv:0,rout_type:- 1
05-14 08:48:14.935  9064 10050 I BrcmNfcNfa: nfa_ee_add_aid_route_to_ecb -  p_cb->aid_info0
05-14 08:48:14.935  9064 10050 I chatty  : uid=1027(nfc) AsyncTask #1 identical 5 lines
05-14 08:48:14.935  9064 10050 I BrcmNfcNfa: nfa_ee_add_aid_route_to_ecb -  p_cb->aid_info0
05-14 08:48:14.935  9064 10050 I BrcmNfcNfa: nfa_ee_total_lmrt_size size:117
05-14 08:48:14.935  9064 10050 I BrcmNfcNfa: ee_cfg_sts:0x11 lmrt_size:117
05-14 08:48:14.935  9064 10050 I BrcmNfcNfa: nfa_ee_lmrt_to_nfcc --add the routing for NFCEEs!!
05-14 08:48:14.935  9064 10050 I BrcmNfcNfa: nfa_ee_route_add_one_ecb_by_route_order - max_len:860, cur_offset:97, more:1, num_tlv:7,rout_type:- 2
05-14 08:48:14.935  9064 10050 I BrcmNfcNfa: nfa_ee_total_lmrt_size size:117
05-14 08:48:14.935  9064 10050 I BrcmNfcNfa: ee_cfg_sts:0x11 lmrt_size:117
05-14 08:48:14.935  9064 10050 I BrcmNfcNfa: nfa_ee_lmrt_to_nfcc --add the routing for NFCEEs!!
05-14 08:48:14.935  9064 10050 I BrcmNfcNfa: nfa_ee_route_add_one_ecb_by_route_order - max_len:860, cur_offset:97, more:1, num_tlv:7,rout_type:- 2
05-14 08:48:14.935  9064 10050 I BrcmNfcNfa: nfa_ee_total_lmrt_size size:117
05-14 08:48:14.935  9064 10050 I BrcmNfcNfa: ee_cfg_sts:0x11 lmrt_size:117
05-14 08:48:14.935  9064 10050 I BrcmNfcNfa: nfa_ee_lmrt_to_nfcc --add the routing for DH!!
05-14 08:48:14.935  9064 10050 I BrcmNfcNfa: nfa_ee_route_add_one_ecb_by_route_order - max_len:860, cur_offset:97, more:1, num_tlv:7,rout_type:- 2
05-14 08:48:14.935  9064 10050 I BrcmNfcNfa: nfa_ee_total_lmrt_size size:117
05-14 08:48:14.935  9064 10050 I BrcmNfcNfa: ee_cfg_sts:0x11 lmrt_size:117
05-14 08:48:14.935  9064 10050 I BrcmNfcNfa: nfa_ee_lmrt_to_nfcc --add the routing for NFCEEs!!
05-14 08:48:14.935  9064 10050 I BrcmNfcNfa: nfa_ee_route_add_one_ecb_by_route_order - max_len:860, cur_offset:97, more:1, num_tlv:7,rout_type:- 3
05-14 08:48:14.935  9064 10050 I BrcmNfcNfa: nfa_ee_route_add_one_ecb_by_route_order -  Route type - NA:- 3
05-14 08:48:14.935  9064 10050 I BrcmNfcNfa: nfa_ee_total_lmrt_size size:117
05-14 08:48:14.935  9064 10050 I BrcmNfcNfa: ee_cfg_sts:0x11 lmrt_size:117
05-14 08:48:14.935  9064 10050 I BrcmNfcNfa: nfa_ee_lmrt_to_nfcc --add the routing for NFCEEs!!
05-14 08:48:14.935  9064 10050 I BrcmNfcNfa: nfa_ee_route_add_one_ecb_by_route_order - max_len:860, cur_offset:97, more:1, num_tlv:7,rout_type:- 3
05-14 08:48:14.935  9064 10050 I BrcmNfcNfa: nfa_ee_route_add_one_ecb_by_route_order -  Route type - NA:- 3
05-14 08:48:14.935  9064 10050 I BrcmNfcNfa: nfa_ee_total_lmrt_size size:117
05-14 08:48:14.935  9064 10050 I BrcmNfcNfa: ee_cfg_sts:0x11 lmrt_size:117
05-14 08:48:14.935  9064 10050 I BrcmNfcNfa: nfa_ee_lmrt_to_nfcc --add the routing for DH!!
05-14 08:48:14.935  9064 10050 I BrcmNfcNfa: nfa_ee_route_add_one_ecb_by_route_order - max_len:860, cur_offset:97, more:1, num_tlv:7,rout_type:- 3
05-14 08:48:14.935  9064 10050 I BrcmNfcNfa: nfa_ee_route_add_one_ecb_by_route_order -  Route type - NA:- 3
05-14 08:48:14.935  9064 10050 I BrcmNfcNfa: nfa_ee_total_lmrt_size size:117
05-14 08:48:14.935  9064 10050 I BrcmNfcNfa: ee_cfg_sts:0x11 lmrt_size:117
05-14 08:48:14.935  9064 10050 I BrcmNfcNfa: nfa_ee_lmrt_to_nfcc --add the routing for NFCEEs!!
05-14 08:48:14.935  9064 10050 I BrcmNfcNfa: nfa_ee_route_add_one_ecb_by_route_order - max_len:860, cur_offset:97, more:1, num_tlv:7,rout_type:- 4
05-14 08:48:14.935  9064 10050 I BrcmNfcNfa: nfa_ee_total_lmrt_size size:117
05-14 08:48:14.935  9064 10050 I BrcmNfcNfa: ee_cfg_sts:0x11 lmrt_size:117
05-14 08:48:14.935  9064 10050 I BrcmNfcNfa: nfa_ee_lmrt_to_nfcc --add the routing for NFCEEs!!
05-14 08:48:14.935  9064 10050 I BrcmNfcNfa: nfa_ee_route_add_one_ecb_by_route_order - max_len:860, cur_offset:97, more:1, num_tlv:7,rout_type:- 4
05-14 08:48:14.935  9064 10050 I BrcmNfcNfa: nfa_ee_total_lmrt_size size:117
05-14 08:48:14.935  9064 10050 I BrcmNfcNfa: ee_cfg_sts:0x11 lmrt_size:117
05-14 08:48:14.935  9064 10050 I BrcmNfcNfa: nfa_ee_lmrt_to_nfcc --add the routing for DH!!
05-14 08:48:14.935  9064 10050 I BrcmNfcNfa: nfa_ee_route_add_one_ecb_by_route_order - max_len:860, cur_offset:97, more:1, num_tlv:7,rout_type:- 4
05-14 08:48:14.935  9064 10050 I BrcmNfcNfa: nfa_ee_add_proto_route_to_ecb - NFC DEP added for DH!!!
05-14 08:48:14.935  9064 10050 I BrcmNfcNfa: nfa_ee_route_add_one_ecb_by_route_order -ROUTING SET new_size=20, new_num_tlv=4
05-14 08:48:14.935  9064 10050 I BrcmNfcNfa: nfa_ee_total_lmrt_size size:117
05-14 08:48:14.935  9064 10050 I BrcmNfcNfa: ee_cfg_sts:0x11 lmrt_size:117
05-14 08:48:14.935  9064 10050 I BrcmNfcNfa: nfa_ee_lmrt_to_nfcc --add the routing for NFCEEs!!
05-14 08:48:14.935  9064 10050 I BrcmNfcNfa: nfa_ee_route_add_one_ecb_by_route_order - max_len:860, cur_offset:117, more:1, num_tlv:11,rout_type:- 5
05-14 08:48:14.935  9064 10050 I BrcmNfcNfa: nfa_ee_total_lmrt_size size:117
05-14 08:48:14.935  9064 10050 I BrcmNfcNfa: ee_cfg_sts:0x11 lmrt_size:117
05-14 08:48:14.935  9064 10050 I BrcmNfcNfa: nfa_ee_lmrt_to_nfcc --add the routing for NFCEEs!!
05-14 08:48:14.935  9064 10050 I BrcmNfcNfa: nfa_ee_route_add_one_ecb_by_route_order - max_len:860, cur_offset:117, more:1, num_tlv:11,rout_type:- 5
05-14 08:48:14.935  9064 10050 I BrcmNfcNfa: nfa_ee_route_add_one_ecb_by_route_order -ROUTING SET new_size=5, new_num_tlv=1
05-14 08:48:14.935  9064 10050 I BrcmNfcNfa: nfa_ee_total_lmrt_size size:117
05-14 08:48:14.935  9064 10050 I BrcmNfcNfa: ee_cfg_sts:0x11 lmrt_size:117
05-14 08:48:14.935  9064 10050 I BrcmNfcNfa: nfa_ee_lmrt_to_nfcc --add the routing for DH!!
05-14 08:48:14.935  9064 10050 I BrcmNfcNfa: nfa_ee_route_add_one_ecb_by_route_order - max_len:860, cur_offset:122, more:0, num_tlv:12,rout_type:- 5
05-14 08:48:14.935  9064 10050 I BrcmNfcNfa: nfa_ee_total_lmrt_size size:117
05-14 08:48:14.935  9064 10050 I BrcmNfcNfa: ee_cfg_sts:0x11 lmrt_size:117
05-14 08:48:14.935  9064 10050 I BrcmNfcNfa: nfa_ee_route_add_one_ecb_by_route_order : set routing num_tlv:12 tlv_size:117
05-14 08:48:14.935  9064 10050 I BrcmNfcNfa: nfc_ncif_send_cmd()
05-14 08:48:14.935  9064 10050 I BrcmNfcNfa: nfc_ncif_check_cmd_queue : Writing to HAL...
05-14 08:48:14.935  9064 10050 I BrcmNfcNfa: nfc_ncif_check_cmd_queue : cmd_size:124
05-14 08:48:14.935  9064 10050 D NfcAdaptation: NfcAdaptation::HalWrite
05-14 08:48:14.935   858   900 D NxpExtns: find found MIFARE_READER_ENABLE=(0x1)
05-14 08:48:14.936   858 10132 D NxpTml  : PN54X - Write requested.....
05-14 08:48:14.936   858 10132 D NxpTml  : PN54X - Invoking I2C Write.....
05-14 08:48:14.940  2731  2731 D RecentsImpl: mActivityStateObserver com.miui.home.launcher.Launcher
05-14 08:48:14.940  2731  2731 W RecentsImpl: onResumed className=com.miui.home.launcher.Launcher   mIsInAnotherPro=false
05-14 08:48:14.941   858 10132 D NxpNciX : len = 127 => 21017C000C02120041A00000047643276C1FDE7A39B9C05716020A0041A000000940BCB000020F0041A000000809434343444B467631020C00414F53452E5641532E3031020B0041A000000476D0000111020A0041A000000476B0000302070041F00000FE2C0103000103010300410401030041A001030001050003C0C302
05-14 08:48:14.941   858 10132 D NxpTml  : PN54X - I2C Write successful.....
05-14 08:48:14.941   858 10132 D NxpTml  : PN54X - Posting Fresh Write message.....
05-14 08:48:14.941   858 10132 D NxpTml  : PN54X - Tml Writer Thread Running................
05-14 08:48:14.941   858 10134 D NxpHal  : write successful status = 0x0
05-14 08:48:14.942   968  2769 D Layer   : ---setAlpha Launcher=1.000000
05-14 08:48:14.942   858 10131 D NxpTml  : PN54X - I2C Read successful.....len = 4
05-14 08:48:14.942   858 10131 D NxpTml  : PN54X - Posting read message.....
05-14 08:48:14.942   858 10131 D NxpNciR : len =   4 <= 41010100
05-14 08:48:14.942   858 10134 D NxpHal  : read successful status = 0x0
05-14 08:48:14.942  9064 10050 D BrcmNfcJni: RoutingManager::nfaEeCallback: NFA_EE_ROUT_ERR_EVT  status=3
05-14 08:48:14.942  9064 10050 I BrcmNfcNfa: nfa_ee_update_rout ee_cfg_sts:0x10 ee_cfged:0x12
05-14 08:48:14.942  9064 10050 I BrcmNfcNfa: NFC received rsp gid:1
05-14 08:48:14.942  9064 10050 I BrcmNfcNfa: nfa_dm_nfc_response_cback () NFC_SET_ROUTING_REVT(0x500a)
05-14 08:48:14.942   858 10131 D NxpTml  : PN54X - Read requested.....
05-14 08:48:14.942 12989 13030 D HomeWallpaperRenderer: OFFSET  x: 0.5  y: 0.0
05-14 08:48:14.942   858 10131 D NxpTml  : PN54X - Invoking I2C Read.....
05-14 08:48:14.942  9064 10050 I BrcmNfcNfa: nfa_ee_proc_evt: event=0x500a int_event:0x217
05-14 08:48:14.942  9064 10050 I BrcmNfcNfa: nfa_ee_evt_hdlr (): Event NCI_WAIT_RSP(0x217), State: INIT_DONE(1)
05-14 08:48:14.942  9064 10050 I BrcmNfcNfa: nfa_ee_nci_wait_rsp() ee_wait_evt:0x30 wait_rsp:1
05-14 08:48:14.942  9064 10050 I BrcmNfcNfa: nfa_ee_report_update_evt ee_wait_evt:0x30 wait_rsp:0
05-14 08:48:14.942  9064 10050 D BrcmNfcJni: RoutingManager::nfaEeCallback: NFA_EE_UPDATED_EVT
05-14 08:48:14.942  9064 10050 D com.android.nf: SyncEventGuard: lock on 0x7e09f3ebf0
05-14 08:48:14.942  9064 10050 E com.android.nf: notifyOne: 0x7e09f3ebf0
05-14 08:48:14.943  9064  9064 D BrcmNfcJni: startRfDiscovery: is start=1
05-14 08:48:14.943  9064  9064 D BrcmNfcJni: SyncEventGuard: lock on 0x7e09f3dd10
05-14 08:48:14.943  9064  9064 I BrcmNfcNfa: NFA_StartRfDiscovery ()
05-14 08:48:14.943  9064 10050 I BrcmNfcNfa: NFA got event 0x010F
05-14 08:48:14.943  9064 10050 I BrcmNfcNfa: nfa_dm_evt_hdlr event: NFA_DM_API_START_RF_DISCOVERY_EVT (0x0f)
05-14 08:48:14.943  9064 10050 I BrcmNfcNfa: nfa_dm_act_start_rf_discovery ()
05-14 08:48:14.943  9064 10050 I BrcmNfcNfa: nfa_dm_start_rf_discover (): enter
05-14 08:48:14.943  9064 10050 I BrcmNfcNfa: nfa_ee_get_tech_route(): power state : 1
05-14 08:48:14.943  9064 10050 I BrcmNfcNfa: TechA route: 0x0, TechB route: 0x0, TechF route: 0xc0, TechB' route: 0x0
05-14 08:48:14.943  9064 10050 I BrcmNfcNfa: requested_disc_mask = 0x140000, xx=0
05-14 08:48:14.943  9064 10050 I BrcmNfcNfa: poll_mask=0x0 listen_mask=0x0
05-14 08:48:14.943  9064 10050 I BrcmNfcNfa: listen_mask value after NFC-A = 0x40000
05-14 08:48:14.943  9064 10050 I BrcmNfcNfa: listen_mask value after NFC-B = 0x140000
05-14 08:48:14.943  9064 10050 I BrcmNfcNfa: listen_mask value after NFC-F = 0x140000
05-14 08:48:14.943  9064 10050 I BrcmNfcNfa: listen_mask value after NFC-B Prime = 0x140000
05-14 08:48:14.943  9064 10050 I BrcmNfcNfa: dm_disc_mask = 0x0
05-14 08:48:14.943  9064 10050 I BrcmNfcNfa: listen_mask value after T1T and T2T = 0x140000
05-14 08:48:14.943  9064 10050 I BrcmNfcNfa: listen_mask value after NFC-DEP = 0x140000
05-14 08:48:14.943  9064 10050 I BrcmNfcNfa: listen_mask value after setting from higher layer = 0xc140000
05-14 08:48:14.943  9064 10050 I BrcmNfcNfa: nfa_dm_cb.disc_cb.entry[0].selected_disc_mask = 0xc140000
05-14 08:48:14.943  9064 10050 I BrcmNfcNfa: selected dm_disc_mask 0xC140000 for entry[0]
05-14 08:48:14.943  9064 10050 I BrcmNfcNfa: requested_disc_mask = 0x7d7f, xx=1
05-14 08:48:14.943  9064 10050 I BrcmNfcNfa: poll_mask=0x7D7F listen_mask=0x0
05-14 08:48:14.943  9064 10050 I BrcmNfcNfa: listen_mask value after NFC-A = 0x0
05-14 08:48:14.943  9064 10050 I BrcmNfcNfa: listen_mask value after NFC-B = 0x0
05-14 08:48:14.943  9064 10050 I BrcmNfcNfa: listen_mask value after NFC-F = 0x0
05-14 08:48:14.943  9064 10050 I BrcmNfcNfa: listen_mask value after NFC-B Prime = 0x0
05-14 08:48:14.943  9064 10050 I BrcmNfcNfa: dm_disc_mask = 0xc140000
05-14 08:48:14.943  9064 10050 I BrcmNfcNfa: listen_mask value after T1T and T2T = 0x0
05-14 08:48:14.943  9064 10050 I BrcmNfcNfa: listen_mask value after NFC-DEP = 0x0
05-14 08:48:14.943  9064 10050 I BrcmNfcNfa: listen_mask value after setting from higher layer = 0xc140000
05-14 08:48:14.943  9064 10050 I BrcmNfcNfa: nfa_dm_cb.disc_cb.entry[1].selected_disc_mask = 0xc147d7f
05-14 08:48:14.943  9064 10050 I BrcmNfcNfa: selected dm_disc_mask 0xC147D7F for entry[1]
05-14 08:48:14.943  9064 10050 I BrcmNfcNfa: dm_disc_mask calculated finally for discovery: 0xC147D7F
05-14 08:48:14.943  9064 10050 D NfcAdaptation: find found NXP_FWD_FUNCTIONALITY_ENABLE=(0x1)
05-14 08:48:14.943  9064 10050 D NfcAdaptation: find found HOST_LISTEN_TECH_MASK=(0x7)
05-14 08:48:14.943  9064 10050 I BrcmNfcNfa: nfa_dm_start_rf_discover : override_hostListenMask = 0x2, HOST_LISTEN_TECH_MASK = 0x00;
05-14 08:48:14.943  9064 10050 D NfcAdaptation: find found UICC_LISTEN_TECH_MASK=(0x7)
05-14 08:48:14.943  9064 10050 I BrcmNfcNfa: nfa_dm_start_rf_discover:UICC_LISTEN_TECH_MASK = 0x07;
05-14 08:48:14.943  9064 10050 D NfcAdaptation: find found P2P_LISTEN_TECH_MASK=(0xC5)
05-14 08:48:14.943  9064 10050 I BrcmNfcNfa: nfa_dm_start_rf_discover:P2P_LISTEN_TECH_MASK = 0x0C5;
05-14 08:48:14.943  9064 10050 I BrcmNfcNfa: nfa_ee_find_ecb ()
05-14 08:48:14.943  9064 10050 I BrcmNfcNfa: supported tech list is 0x00 for given nfcee_id: 0x2 
05-14 08:48:14.943  9064 10050 I BrcmNfcNfa: nfa_p2p_set_config ()
05-14 08:48:14.943  9064 10050 I BrcmNfcNfa: LLCP_GetDiscoveryConfig ()
05-14 08:48:14.943  9064 10050 I BrcmNfcNfa: nfa_dm_check_set_config () tlv_len=22
05-14 08:48:14.943  9064 10050 I BrcmNfcNfa: nfa_dm_check_set_config () tlv_len=25
05-14 08:48:14.943  9064 10050 I BrcmNfcNfa: nfa_dm_check_set_config () tlv_len=3
05-14 08:48:14.943  9064 10050 I BrcmNfcNfa: dm_disc_mask before masking = 0xc147d7f
05-14 08:48:14.943  9064 10050 I BrcmNfcNfa: dm_disc_mask after masking = 0xc147d7f
05-14 08:48:14.943  9064 10050 I BrcmNfcNfa: nfa_dm_get_rf_discover_config : dm_disc_mask = 0x0C147D7F
05-14 08:48:14.943  9064 10050 I BrcmNfcNfa: nfa_dm_set_listen_mode_set_configs : tech_proto_mask = 0x0C147D7F
05-14 08:48:14.943  9064 10050 D NfcAdaptation: find found HOST_LISTEN_TECH_MASK=(0x7)
05-14 08:48:14.943  9064 10050 I BrcmNfcNfa: nfa_dm_set_listen_mode_set_configs : override_hostListenMask = 0x2, HOST_LISTEN_TECH_MASK = 0x00;
05-14 08:48:14.943  9064 10050 I BrcmNfcNfa: nfa_dm_set_listen_mode_set_configs : LA_SEL_INFO = 0x0;
05-14 08:48:14.943  9064 10050 I BrcmNfcNfa: nfa_dm_set_listen_mode_set_configs : LB_SENSB_INFO = 0x0;
05-14 08:48:14.943  9064 10050 I BrcmNfcNfa: nfa_dm_set_listen_mode_set_configs : LF_PROTOCOL_TYPE = 0x0;
05-14 08:48:14.943  9064 10050 I BrcmNfcNfa: nfa_dm_check_set_config () tlv_len=9
05-14 08:48:14.943  9064 10050 I BrcmNfcNfa: nfa_dm_set_total_duration ()
05-14 08:48:14.943  9064 10050 I BrcmNfcNfa: nfa_dm_check_set_config () tlv_len=4
05-14 08:48:14.943  9064 10050 I BrcmNfcNfa: NFC_DiscoveryStart
05-14 08:48:14.943  9064 10050 D NfcAdaptation: NfcAdaptation::HalPrediscover
05-14 08:48:14.943  9064 10050 I BrcmNfcNfa: nfc_ncif_send_cmd()
05-14 08:48:14.943  9064 10050 I BrcmNfcNfa: nfc_ncif_check_cmd_queue : Writing to HAL...
05-14 08:48:14.943  9064 10050 I BrcmNfcNfa: nfc_ncif_check_cmd_queue : cmd_size:23
05-14 08:48:14.943  9064 10050 D NfcAdaptation: NfcAdaptation::HalWrite
05-14 08:48:14.943   858   900 D NxpExtns: find found MIFARE_READER_ENABLE=(0x1)
05-14 08:48:14.943   858   900 D NxpHal  : > Polling Loop Started
05-14 08:48:14.943   858 10132 D NxpTml  : PN54X - Write requested.....
05-14 08:48:14.943   858 10132 D NxpTml  : PN54X - Invoking I2C Write.....
05-14 08:48:14.945  1551  1677 I Timeline: Timeline: App_transition_ready time:372057617
05-14 08:48:14.945   858 10132 D NxpNciX : len =  26 => 2103170B00010101020103010501800181018301850106017001
05-14 08:48:14.945   858 10132 D NxpTml  : PN54X - I2C Write successful.....
05-14 08:48:14.945   858 10132 D NxpTml  : PN54X - Posting Fresh Write message.....
05-14 08:48:14.945   858 10132 D NxpTml  : PN54X - Tml Writer Thread Running................
05-14 08:48:14.945   858 10134 D NxpHal  : write successful status = 0x0
05-14 08:48:14.945  9064 10050 I BrcmNfcNfa: NFC_DiscoveryStart status: 0xe3
05-14 08:48:14.946   968  2769 D Layer   : ---setAlpha Launcher=1.000000
05-14 08:48:14.948  2288  8459 D CommandQueue: setStatus: setStatus: what = 0, action = upate_specail_mode, ext = Bundle[mParcelledData.dataSize=92][pkg = com.miui.home[enable_config = true
05-14 08:48:14.948   858 10131 D NxpTml  : PN54X - I2C Read successful.....len = 4
05-14 08:48:14.948   858 10131 D NxpTml  : PN54X - Posting read message.....
05-14 08:48:14.948   858 10131 D NxpNciR : len =   4 <= 41030100
05-14 08:48:14.949   858 10134 D NxpHal  : read successful status = 0x0
05-14 08:48:14.949   858 10131 D NxpTml  : PN54X - Read requested.....
05-14 08:48:14.949   858 10131 D NxpTml  : PN54X - Invoking I2C Read.....
05-14 08:48:14.949 12989 13057 D KeyguardWallpaperRenderer: OFFSET  x: 0.0  y: 0.0
05-14 08:48:14.950  9064 10050 I BrcmNfcNfa: NFC received rsp gid:1
05-14 08:48:14.950  9064 10050 I BrcmNfcNfa: returning true
05-14 08:48:14.950  9064 10050 I BrcmNfcNfa: nfa_dm_disc_discovery_cback (): event:0x4000
05-14 08:48:14.950  9064 10050 I BrcmNfcNfa: nfa_dm_disc_sm_execute (): state: IDLE (0), event: DISCOVER_RSP(1) disc_flags: 0x31
05-14 08:48:14.951  9064 10050 I BrcmNfcNfa: nfa_dm_disc_new_state (): old_state: IDLE (0), new_state: DISCOVERY (1) disc_flags: 0x11
05-14 08:48:14.951  9064 10050 D BrcmNfcJni: nfaConnectionCallback: Connection Event = 30
05-14 08:48:14.951  9064 10050 D BrcmNfcJni: nfaConnectionCallback: NFA_RF_DISCOVERY_STARTED_EVT: status = 0x0
05-14 08:48:14.951  9064 10050 D BrcmNfcJni: SyncEventGuard: lock on 0x7e09f3dd10
05-14 08:48:14.951  9064 10050 E BrcmNfcJni: notifyOne: 0x7e09f3dd10
05-14 08:48:14.951  9064 10050 I BrcmNfcNfa: nfa_dm_disc_sm_execute (): new state: DISCOVERY (1), disc_flags: 0x1
05-14 08:48:14.951  9064  9064 D BrcmNfcJni: startRfDiscovery: is exit=1
05-14 08:48:14.951  9064  9064 D BrcmNfcJni: transactionEnd: Transaction ended : setDefaultRoute 
05-14 08:48:14.951  9064  9064 D BrcmNfcJni: nfcManager_setDefaultRoute : exit
05-14 08:48:14.951  9064  9064 D NfcService: Discovery configuration equal, not updating.
05-14 08:48:14.953  1551  9205 D MIUIInput: [FoucsChange]: Display  0 FocusedWindow From null(0,0)  to Window{4a1df27 mode=0 rootTaskId=1 u0 com.miui.home/com.miui.home.launcher.Launcher}(1,1)
05-14 08:48:14.962  2731  2731 D Launcher.Lifecycle: onWindowFocusChanged:true,UserHandle{0},8217634,false
05-14 08:48:14.962  2731  2731 D Launcher_UnlockAnimationStateMachine: onWindowFocus:IDLE
05-14 08:48:14.971  8885  8885 I GoogleInputMethodService: GoogleInputMethodService.onFinishInput():2259 
05-14 08:48:14.972  2288  2715 D MiuiPhoneStatusBarPolicy: updateManagedProfile: secondSpace = false
05-14 08:48:14.973  8885  8885 I Module  : DeviceLockedStatusModuleProvider$Module.updateDeviceLockedStatus():103 repeatCheckTimes = 0, locked = false
05-14 08:48:14.973  8885  8885 I GoogleInputMethodService: GoogleInputMethodService.onStartInput():1446 onStartInput(EditorInfo{EditorInfo{packageName=com.miui.home, inputType=0, inputTypeString=NULL, enableLearning=false, autoCorrection=false, autoComplete=false, imeOptions=0, privateImeOptions=null, actionName=UNSPECIFIED, actionLabel=null, initialSelStart=-1, initialSelEnd=-1, initialCapsMode=0, label=null, fieldId=2131361961, fieldName=null, extras=null, hintText=null, hintLocales=[]}}, false)
05-14 08:48:14.973  8885  8885 I AndroidIME: LatinIMEBase.updateInputViewCoverNavigation():322 Update input view padding, isNavbarOverInputWindow=false, bottom inset=130
05-14 08:48:14.974  8885  8885 I Module  : DeviceLockedStatusModuleProvider$Module.updateDeviceLockedStatus():103 repeatCheckTimes = 1, locked = false
05-14 08:48:15.071  1551  1676 D EventSequenceValidator: IntentStarted during UNKNOWN. Intent { flg=0x10000000 cmp=com.yahorzabotsin.openvpnclientgate/.mobile.SplashActivity }
05-14 08:48:15.071  1551  1676 D EventSequenceValidator: java.lang.Throwable: EventSequenceValidator#getStackTrace
05-14 08:48:15.071  1551  1676 D EventSequenceValidator: 	at com.google.android.startop.iorap.EventSequenceValidator.logWarningWithStackTrace(EventSequenceValidator.java:260)
05-14 08:48:15.071  1551  1676 D EventSequenceValidator: 	at com.google.android.startop.iorap.EventSequenceValidator.onIntentStarted(EventSequenceValidator.java:106)
05-14 08:48:15.071  1551  1676 D EventSequenceValidator: 	at com.android.server.wm.LaunchObserverRegistryImpl.handleOnIntentStarted(LaunchObserverRegistryImpl.java:139)
05-14 08:48:15.071  1551  1676 D EventSequenceValidator: 	at com.android.server.wm.LaunchObserverRegistryImpl.lambda$veRn_GhgLZLlOHOJ0ZYT6KcfYqo(Unknown Source:0)
05-14 08:48:15.071  1551  1676 D EventSequenceValidator: 	at com.android.server.wm.-$$Lambda$LaunchObserverRegistryImpl$veRn_GhgLZLlOHOJ0ZYT6KcfYqo.accept(Unknown Source:10)
05-14 08:48:15.071  1551  1676 D EventSequenceValidator: 	at com.android.internal.util.function.pooled.PooledLambdaImpl.doInvoke(PooledLambdaImpl.java:292)
05-14 08:48:15.071  1551  1676 D EventSequenceValidator: 	at com.android.internal.util.function.pooled.PooledLambdaImpl.invoke(PooledLambdaImpl.java:201)
05-14 08:48:15.071  1551  1676 D EventSequenceValidator: 	at com.android.internal.util.function.pooled.OmniFunction.run(OmniFunction.java:97)
05-14 08:48:15.071  1551  1676 D EventSequenceValidator: 	at android.os.Handler.handleCallback(Handler.java:938)
05-14 08:48:15.071  1551  1676 D EventSequenceValidator: 	at android.os.Handler.dispatchMessage(Handler.java:99)
05-14 08:48:15.071  1551  1676 D EventSequenceValidator: 	at android.os.Looper.loop(Looper.java:236)
05-14 08:48:15.071  1551  1676 D EventSequenceValidator: 	at android.os.HandlerThread.run(HandlerThread.java:67)
05-14 08:48:15.071  1551  1676 D EventSequenceValidator: 	at com.android.server.ServiceThread.run(ServiceThread.java:45)
05-14 08:48:15.071  1551  1676 D EventSequenceValidator: inc AccIntentStartedEvents to 3
05-14 08:48:15.072  1551  9205 I ActivityTaskManager: START u0 {flg=0x10000000 cmp=com.yahorzabotsin.openvpnclientgate/.mobile.SplashActivity} from uid 2000
05-14 08:48:15.072  1551  9205 D MiuiMultiWindowAdapter: MiuiMultiWindowAdapter::getFreeformBlackList::sSmallWindowBlackList = [com.miui.securitycenter, com.miui.weather2, com.miui.miservice, com.android.calendar, com.xiaomi.calendar, com.android.contacts, com.miui.mishare.connectivity, com.android.settings, com.android.printspooler, com.miui.backup, com.miui.huanji, com.miui.calculator, com.android.deskclock, com.android.thememanager, com.mfashiongallery.emag, com.miui.virtualsim, com.miui.smarttravel, com.mi.health, com.android.camera, com.lbe.security.miui, com.miui.cleanmaster, com.miui.newhome, com.miui.voiceassist, com.android.phone, com.miui.yellowpage, com.android.updater, com.miui.tsmclient, com.miui.securitycore, com.xiaomi.account, com.xiaomi.shop, com.xiaomi.smarthome, com.mipay.wallet, com.xiaomi.youpin, com.xiaomi.hm.health, com.miui.bugreport, com.xiaomi.mibrain.speech, com.xiaomi.mimoji, com.xiaomi.scanner, com.duokan.phone.remotecontroller, com.miui.hybrid, com.android.incallui, com.miui.video, com.miui.videoplayer, com.miui.player, com.miui.fm, com.miui.packageinstaller, com.mi.android.globallauncher, com.mi.android.globallauncher-poco, com.google.android.dialer, com.google.android.apps.magazines, com.miui.compass, com.miui.greenguard, com.kiteguard, com.google.android.apps.prodcasts, com.google.ar.lens, com.xiangkan.android, com.android.bankabc, com.sohu.inputmethod.sogou, com.tencent.mtt, com.shyz.toutiao, com.netease.mc.mi, com.outfit7.talkingtomgoldrun.mi, com.doudz.mi, com.wepie.snake.new.mi, cn.jj, com.standddz002.mi, com.miHoYo.bh3.mi, com.qqgame.hlddz, com.happyelements.AndroidAnimal, com.minitech.miniworld.TMobile.mi, com.mfp.jelly.xiaomi, com.lilithgames.afk.mi, com.tencent.peng, com.teenpatti.hd.gold, blockpuzzle.jewelgames.jewelslegend, com.playgendary.tanks, com.chillingo.robberybobfree.android.row, com.episodeinteractive.android.catalog, com.playrix.township, com.ansangha.drdriving, com.google.android.youtube, com.gbits.atm.mi, com.tencent.tetris, com.sukhavati.gotoplaying.bubble.BubbleShooter.mint, com.block.puzzle.game.hippo.mi, com.youzu.bs.mi, com.appsomniacs.da2, com.miHoYo.Yuanshen, com.baidu.BaiduMap, com.google.android.googlequicksearchbox]
05-14 08:48:15.073  1551  9205 V ActivityTaskManager: Calling mServicetracker.OnActivityStateChange with flag falsestateINITIALIZING
05-14 08:48:15.073  1551  9205 V ActivityTaskManager: Calling mServicetracker.OnActivityStateChange with flag truestateINITIALIZING
05-14 08:48:15.073   874   904 I vendor.qti.hardware.servicetracker@1.2-service: Activity state is changed to : 0
05-14 08:48:15.075  1551  9205 V ActivityTaskManager: onConfigurationChanged overrideWindowingMode = 0 isMiuiMagicModeChanged = false prevWindowingMode = 0
05-14 08:48:15.077  1551  9205 V ActivityTaskManager: onConfigurationChanged overrideWindowingMode = 0 isMiuiMagicModeChanged = false prevWindowingMode = 1
05-14 08:48:15.073   874   904 I vendor.qti.hardware.servicetracker@1.2-service: Activity state is changed to : 0
05-14 08:48:15.079   864   909 E ANDR-PERF-OPTSHANDLER: Perflock resource /sys/class/devfreq/soc:qcom,llccbw/min_freq not supported
05-14 08:48:15.079   864   909 E ANDR-PERF-RESOURCEQS: Failed to apply optimization [12, 0]
05-14 08:48:15.081  1551  9205 V ActivityTaskManager: Starting new activity ActivityRecord{aea333e u0 com.yahorzabotsin.openvpnclientgate/.mobile.SplashActivity t4254} in new task Task{148e59f #4254 visible=true type=standard mode=fullscreen translucent=true A=10632:com.yahorzabotsin.openvpnclientgate U=0 StackId=4254 sz=1}
05-14 08:48:15.084  1551  9205 D CompatibilityInfo: mCompatibilityFlags - 0
05-14 08:48:15.084  1551  9205 D CompatibilityInfo: applicationDensity - 480
05-14 08:48:15.084  1551  9205 D CompatibilityInfo: applicationScale - 1.0
05-14 08:48:15.085  1551  9205 V ActivityTaskManager: Calling mServicetracker.OnActivityStateChange with flag truestateRESUMED
05-14 08:48:15.086  1551  9205 V ActivityTaskManager: Calling mServicetracker.OnActivityStateChange with flag truestatePAUSING
05-14 08:48:15.086  1551  9205 D ActivityTrigger: ActivityTrigger activityPauseTrigger 
05-14 08:48:15.086  1551  9205 V ActivityTaskManager: Calling mServicetracker.OnActivityStateChange with flag falsestatePAUSING
05-14 08:48:15.086   874   874 I vendor.qti.hardware.servicetracker@1.2-service: Activity state is changed to : 2
05-14 08:48:15.086   874   874 I vendor.qti.hardware.servicetracker@1.2-service: Activity state is changed to : 3
05-14 08:48:15.086   874   874 I vendor.qti.hardware.servicetracker@1.2-service: Activity state is changed to : 3
05-14 08:48:15.087   694   702 E statsd  : Predicate 5980654721335871649 dropping data for dimension key (10)0x2010101->10632[I] (10)0x30000->*launch*[S] 
05-14 08:48:15.093  2731  2731 D Launcher.Lifecycle: onPause:UserHandle{0},8217634,true
05-14 08:48:15.093  2731  2731 D Launcher_UnlockAnimationStateMachine: setState:PAUSE_WAIT
05-14 08:48:15.094  1551  9017 V ActivityTaskManager: Calling mServicetracker.OnActivityStateChange with flag truestatePAUSED
05-14 08:48:15.094  1551  9017 V ActivityTaskManager: Calling mServicetracker.OnActivityStateChange with flag falsestatePAUSED
05-14 08:48:15.094   874   904 I vendor.qti.hardware.servicetracker@1.2-service: Activity state is changed to : 4
05-14 08:48:15.095  1551  9017 V ActivityTaskManager: Calling mServicetracker.OnActivityStateChange with flag truestateRESUMED
05-14 08:48:15.095   874   904 I vendor.qti.hardware.servicetracker@1.2-service: Activity state is changed to : 4
05-14 08:48:15.095   874 27291 I vendor.qti.hardware.servicetracker@1.2-service: Activity state is changed to : 2
05-14 08:48:15.100  2731  2843 D StatusBarController: handleMessage: flag 800000  disable false
05-14 08:48:15.104  1551  1676 D CompatibilityChangeReporter: Compat change id reported: 135634846; UID 10632; state: DISABLED
05-14 08:48:15.104  1551  1686 D CompatibilityChangeReporter: Compat change id reported: 143937733; UID 10632; state: ENABLED
05-14 08:48:15.107  1551  1676 D EventSequenceValidator: onActivityLaunched during UNKNOWN.
05-14 08:48:15.107  1551  1676 D EventSequenceValidator: java.lang.Throwable: EventSequenceValidator#getStackTrace
05-14 08:48:15.107  1551  1676 D EventSequenceValidator: 	at com.google.android.startop.iorap.EventSequenceValidator.logWarningWithStackTrace(EventSequenceValidator.java:260)
05-14 08:48:15.107  1551  1676 D EventSequenceValidator: 	at com.google.android.startop.iorap.EventSequenceValidator.onActivityLaunched(EventSequenceValidator.java:149)
05-14 08:48:15.107  1551  1676 D EventSequenceValidator: 	at com.android.server.wm.LaunchObserverRegistryImpl.handleOnActivityLaunched(LaunchObserverRegistryImpl.java:157)
05-14 08:48:15.107  1551  1676 D EventSequenceValidator: 	at com.android.server.wm.LaunchObserverRegistryImpl.lambda$UGY1OclnLIQLMEL9B55qjERFf4o(Unknown Source:0)
05-14 08:48:15.107  1551  1676 D EventSequenceValidator: 	at com.android.server.wm.-$$Lambda$LaunchObserverRegistryImpl$UGY1OclnLIQLMEL9B55qjERFf4o.accept(Unknown Source:10)
05-14 08:48:15.107  1551  1676 D EventSequenceValidator: 	at com.android.internal.util.function.pooled.PooledLambdaImpl.doInvoke(PooledLambdaImpl.java:292)
05-14 08:48:15.107  1551  1676 D EventSequenceValidator: 	at com.android.internal.util.function.pooled.PooledLambdaImpl.invoke(PooledLambdaImpl.java:201)
05-14 08:48:15.107  1551  1676 D EventSequenceValidator: 	at com.android.internal.util.function.pooled.OmniFunction.run(OmniFunction.java:97)
05-14 08:48:15.107  1551  1676 D EventSequenceValidator: 	at android.os.Handler.handleCallback(Handler.java:938)
05-14 08:48:15.107  1551  1676 D EventSequenceValidator: 	at android.os.Handler.dispatchMessage(Handler.java:99)
05-14 08:48:15.107  1551  1676 D EventSequenceValidator: 	at android.os.Looper.loop(Looper.java:236)
05-14 08:48:15.107  1551  1676 D EventSequenceValidator: 	at android.os.HandlerThread.run(HandlerThread.java:67)
05-14 08:48:15.107  1551  1676 D EventSequenceValidator: 	at com.android.server.ServiceThread.run(ServiceThread.java:45)
05-14 08:48:15.098  1198  1198 W Binder:1198_5: type=1400 audit(0.0:628477): avc: denied { search } for name="820" dev="proc" ino=4117628 scontext=u:r:cameraserver:s0 tcontext=u:r:hal_camera_default:s0 tclass=dir permissive=0
05-14 08:48:15.113  1551  2119 I MiuiNetworkPolicy: updateUidState uid = 10632, uidState = 19
05-14 08:48:15.120  1551  1677 V WindowManager: Orientation start waiting for draw, mDrawState=DRAW_PENDING in Window{391bb6d mode=0 rootTaskId=4254 u0 Splash Screen com.yahorzabotsin.openvpnclientgate}, surfaceController Surface(name=Splash Screen com.yahorzabotsin.openvpnclientgate)/@0x99ba169
05-14 08:48:15.120  1551  2776 D MIUIInput: [FoucsChange]: Display  0 FocusedWindow From Window{4a1df27 mode=0 rootTaskId=1 u0 com.miui.home/com.miui.home.launcher.Launcher}(1,1)  to null(0,0)
05-14 08:48:15.125  1551  1677 D WindowManager: Input focus has changed to null
05-14 08:48:15.126  2731  2731 D Launcher.Lifecycle: onWindowFocusChanged:false,UserHandle{0},8217634,true
05-14 08:48:15.131   696   696 D Zygote  : Forked child process 5312
05-14 08:48:15.134  5312  5312 W Zygote  : Unable to open libbeluga.so: dlopen failed: library "libbeluga.so" not found.
05-14 08:48:15.137  1551  1686 D Boost   : hostingType=pre-top-activity, hostingName={com.yahorzabotsin.openvpnclientgate/com.yahorzabotsin.openvpnclientgate.mobile.SplashActivity}, callerPackage=com.android.shell, isSystem=true, isBoostNeeded=false.
05-14 08:48:15.137  1551  1686 I ActivityManager: Start proc 5312:com.yahorzabotsin.openvpnclientgate/u0a632 for pre-top-activity {com.yahorzabotsin.openvpnclientgate/com.yahorzabotsin.openvpnclientgate.mobile.SplashActivity} caller=com.android.shell
05-14 08:48:15.147  5312  5312 I envpnclientgat: Late-enabling -Xcheck:jni
05-14 08:48:15.173  5312  5312 I envpnclientgat: Unquickening 20 vdex files!
05-14 08:48:15.179 28700 28705 I adbd    : jdwp connection from 5312
05-14 08:48:15.196  1551  9017 D CompatibilityInfo: mCompatibilityFlags - 0
05-14 08:48:15.196  1551  9017 D CompatibilityInfo: applicationDensity - 480
05-14 08:48:15.196  1551  9017 D CompatibilityInfo: applicationScale - 1.0
05-14 08:48:15.199  1551  9017 D CompatibilityInfo: mCompatibilityFlags - 0
05-14 08:48:15.199  1551  9017 D CompatibilityInfo: applicationDensity - 480
05-14 08:48:15.199  1551  9017 D CompatibilityInfo: applicationScale - 1.0
05-14 08:48:15.199  1551  2170 D ActivityTaskManagerServiceInjector: Begin to report package foreground events...
05-14 08:48:15.200 11275 11293 I GST     : forePkg: com.yahorzabotsin.openvpnclientgate, preForePkg: com.miui.home
05-14 08:48:15.200  1551  9017 V ActivityTaskManager: Calling mServicetracker.OnActivityStateChange with flag truestateRESUMED
05-14 08:48:15.200  1551  9017 V ActivityTaskManager: Calling mServicetracker.OnActivityStateChange with flag falsestateRESUMED
05-14 08:48:15.200   874 27291 I vendor.qti.hardware.servicetracker@1.2-service: Activity state is changed to : 2
05-14 08:48:15.200 10638 20264 I ProcessMonitor: onForegroundInfoChanged: ForegroundInfo{mForegroundPackageName='com.yahorzabotsin.openvpnclientgate', mForegroundUid=10632, mForegroundPid=5312, mLastForegroundPackageName='com.miui.home', mLastForegroundUid=10111, mLastForegroundPid=2731, mMultiWindowForegroundPackageName='null', mMultiWindowForegroundUid=-1, mFlags=1}
05-14 08:48:15.200 11081 11098 D PerfEngineController: ForegroundInfo{mForegroundPackageName='com.yahorzabotsin.openvpnclientgate', mForegroundUid=10632, mForegroundPid=5312, mLastForegroundPackageName='com.miui.home', mLastForegroundUid=10111, mLastForegroundPid=2731, mMultiWindowForegroundPackageName='null', mMultiWindowForegroundUid=-1, mFlags=1}
05-14 08:48:15.200   874 27291 I vendor.qti.hardware.servicetracker@1.2-service: Activity state is changed to : 2
05-14 08:48:15.205 10638 20264 I GameBoosterService: onForegroundInfoChanged: Cur=com.yahorzabotsin.openvpnclientgate	 last=com.miui.home
05-14 08:48:15.206 10638 20264 I FreeformWindowUtils: has app list!
05-14 08:48:15.211  1551  1677 I Timeline: Timeline: App_transition_ready time:372057883
05-14 08:48:15.219 10638 20368 I SCTaskStackListener: onTaskStackChanged! inSplit = false
05-14 08:48:15.221 10638 10804 I SCTaskStackListener: onTaskStackChanged! inSplit = false
05-14 08:48:15.221  2288  2288 D AppMiniWindowManager: topActivity updated in onTaskStackChanged
05-14 08:48:15.221 10638 20264 D GameBoosterService: onGameStatusChange foreground:ForegroundInfo{mForegroundPackageName='com.yahorzabotsin.openvpnclientgate', mForegroundUid=10632, mForegroundPid=5312, mLastForegroundPackageName='com.miui.home', mLastForegroundUid=10111, mLastForegroundPid=2731, mMultiWindowForegroundPackageName='null', mMultiWindowForegroundUid=-1, mFlags=1}
05-14 08:48:15.221 10638 20264 I VideoBoxUtils: isSupportVideoBox: false
05-14 08:48:15.221 10638 20264 I VideoToolBoxService: vtb is closed!!!
05-14 08:48:15.222 10196 17201 D PMonitor:  onForegroundActivitiesChanged:pid = 5312,activity-uid=10632,foregroundActivities=true
05-14 08:48:15.224  1551  2119 I MiuiNetworkPolicy: updateUidState uid = 10632, uidState = 2
05-14 08:48:15.226  2288  2715 D MiuiPhoneStatusBarPolicy: updateManagedProfile: secondSpace = false
05-14 08:48:15.394  2731  2731 D Launcher_UnlockAnimationStateMachine: mResetIdleStateRunnable
05-14 08:48:15.509 15490 15536 D CCodecBufferChannel: [c2.android.opus.encoder#2] DEBUG: elapsed: n=4 [in=0 pipeline=0 out=0 smoothness=4]
05-14 08:48:15.509 15490 15536 D PipelineWatcher: DEBUG: elapsed 0 / 4
05-14 08:48:15.656  2288  8788 D CommandQueue: setStatus: setStatus: what = 0, action = upate_specail_mode, ext = Bundle[mParcelledData.dataSize=136][pkg = com.yahorzabotsin.openvpnclientgate[enable_config = false
05-14 08:48:15.712  5312  5312 I Perf    : Connecting to perf service.
05-14 08:48:15.723  5312  5312 D NetworkSecurityConfig: No Network Security Config specified, using platform default
05-14 08:48:15.724  5312  5312 D NetworkSecurityConfig: No Network Security Config specified, using platform default
05-14 08:48:15.747  5312  5312 D WM-WrkMgrInitializer: Initializing WorkManager with default configuration.
05-14 08:48:15.772  1551  1677 I Timeline: Timeline: App_transition_stopped time:372058444
05-14 08:48:15.806  5312  5312 I TetheringManager: registerTetheringEventCallback:com.yahorzabotsin.openvpnclientgate
05-14 08:48:15.812  5312  5312 D WM-PackageManagerHelper: Skipping component enablement for androidx.work.impl.background.systemjob.SystemJobService
05-14 08:48:15.812  5312  5312 D WM-Schedulers: Created SystemJobScheduler and enabled SystemJobService
05-14 08:48:15.857  5312  5334 D WM-ForceStopRunnable: The default process name was not specified.
05-14 08:48:15.857  5312  5334 D WM-ForceStopRunnable: Performing cleanup operations.
05-14 08:48:15.878  5312  5312 I ContentProviderMonitor: PerfMonitor installContentProviders : before publish content providers
05-14 08:48:15.888  5312  5334 D WM-SystemJobScheduler: Reconciling jobs
05-14 08:48:15.897  5312  5334 D WM-ForceStopRunnable: Application was force-stopped, rescheduling.
05-14 08:48:15.916  5312  5334 D WM-SystemJobScheduler: Scheduling work ID 4dbdee18-bee4-4130-a329-3d8935c65fa8Job ID 53
05-14 08:48:15.932  5312  5312 I OpenVPNGateApp:ServerRefreshScheduler: Preparing periodic server refresh schedule. ttl_ms=1200000, interval_min=20, clamped_to_min=false
05-14 08:48:15.956  5312  5312 I OpenVPNGateApp:ServerRefreshScheduler: Periodic server refresh scheduled. work=server-list-periodic-refresh, policy=UPDATE, interval_min=20, backoff_min=30
05-14 08:48:15.958  5312  5312 I OpenVPNGateApp:CoreApp: Periodic server refresh scheduling ensured
05-14 08:48:15.960  5312  5312 D OpenVPNGateApp:CoreApp: Skipping OpenVpnService auto-start in Application
05-14 08:48:15.974   968  1044 W DisplayIdentification: Invalid EDID: falling back to serial number due to missing display name.
05-14 08:48:15.975   968  1044 W DisplayIdentification: Invalid EDID: falling back to ASCII text due to missing serial number.
05-14 08:48:15.991  5312  5338 D WM-GreedyScheduler: Cancelling work ID 4dbdee18-bee4-4130-a329-3d8935c65fa8
05-14 08:48:16.005  5312  5338 D WM-SystemJobScheduler: Scheduling work ID 4dbdee18-bee4-4130-a329-3d8935c65fa8Job ID 54
05-14 08:48:16.018  5312  5338 D WM-PackageManagerHelper: Skipping component enablement for androidx.work.impl.background.systemalarm.RescheduleReceiver
05-14 08:48:16.035  5312  5312 D AppCompatDelegate: Checking for metadata for AppLocalesMetadataHolderService : Service not found
05-14 08:48:16.111  5312  5312 W envpnclientgat: Accessing hidden method Landroid/view/ViewGroup;->makeOptionalFitsSystemWindows()V (greylist, reflection, allowed)
05-14 08:48:16.141  5312  5312 I OpenVPNGateApp:SplashActivityCore: Starting server preload. vpn_connected=false, cache_only=false
05-14 08:48:16.149  5312  5312 W envpnclientgat: Accessing hidden method Ljava/lang/invoke/MethodHandles$Lookup;-><init>(Ljava/lang/Class;I)V (greylist, reflection, allowed)
05-14 08:48:16.227  5312  5342 I OpenVPNGateApp:ServerRepository: Cache miss/stale. Fetching servers. Source=LEGACY, urls_count=2, ttl_ms=1200000, force=false
05-14 08:48:16.229  5312  5342 D OpenVPNGateApp:ServerRepository: Requesting servers from PRIMARY
05-14 08:48:16.260  1551  2776 V MiuiActivityTaskManagerServiceEx: dispatchActivityLifeState state = onResume
05-14 08:48:16.260  1551  2776 V MiuiActivityTaskManagerServiceEx: dispatchActivityLifeState r = ActivityRecord{aea333e u0 com.yahorzabotsin.openvpnclientgate/.mobile.SplashActivity t4254}
05-14 08:48:16.260  2731  2731 D RecentsImpl: mActivityStateObserver com.yahorzabotsin.openvpnclientgate.mobile.SplashActivity
05-14 08:48:16.260  2731  2731 W RecentsImpl: onResumed className=com.yahorzabotsin.openvpnclientgate.mobile.SplashActivity   mIsInAnotherPro=false
05-14 08:48:16.260  5312  5312 W Looper  : PerfMonitor looperActivity : package=com.yahorzabotsin.openvpnclientgate/.mobile.SplashActivity time=297ms latency=753ms running=263ms  procState=2 ClientTransaction{ callbacks=[android.app.servertransaction.LaunchActivityItem] lifecycleRequest=android.app.servertransaction.ResumeActivityItem } historyMsgCount=1 (msgIndex=1 wall=754ms seq=3 running=699ms runnable=13ms late=4ms h=android.app.ActivityThread$H w=110)
05-14 08:48:16.261  5312  5312 W Looper  : PerfMonitor looperActivity : package=com.yahorzabotsin.openvpnclientgate/.mobile.SplashActivity time=1ms latency=1050ms running=0ms  procState=2 ClientTransaction{ callbacks=[android.app.servertransaction.TopResumedActivityChangeItem] } historyMsgCount=3 (msgIndex=1 wall=754ms seq=3 running=699ms runnable=13ms late=4ms h=android.app.ActivityThread$H w=110) (msgIndex=2 wall=297ms seq=4 running=263ms runnable=14ms late=753ms h=android.app.ActivityThread$H w=159)
05-14 08:48:16.266  5312  5312 V MiuiFrameworkFactory: get AllImpl object = android.common.MiuiFrameworkFactoryImpl@ebbbb76
05-14 08:48:16.270  1551  2776 V WindowManager: Orientation start waiting for draw, mDrawState=DRAW_PENDING in Window{8120849 mode=0 rootTaskId=4254 u0 com.yahorzabotsin.openvpnclientgate/com.yahorzabotsin.openvpnclientgate.mobile.SplashActivity}, surfaceController Surface(name=com.yahorzabotsin.openvpnclientgate/com.yahorzabotsin.openvpnclientgate.mobile.SplashActivity)/@0xc6f666f
05-14 08:48:16.276  1551  2776 D WindowManager: Input focus has changed to Window{8120849 mode=0 rootTaskId=4254 u0 com.yahorzabotsin.openvpnclientgate/com.yahorzabotsin.openvpnclientgate.mobile.SplashActivity}
05-14 08:48:16.282  5312  5339 I AdrenoGLES-0: QUALCOMM build                   : 95db91f, Ifbc588260a
05-14 08:48:16.282  5312  5339 I AdrenoGLES-0: Build Date                       : 09/24/20
05-14 08:48:16.282  5312  5339 I AdrenoGLES-0: OpenGL ES Shader Compiler Version: EV031.32.02.01
05-14 08:48:16.282  5312  5339 I AdrenoGLES-0: Local Branch                     : mybrancheafe5b6d-fb5b-f1b0-b904-5cb90179c3e0
05-14 08:48:16.282  5312  5339 I AdrenoGLES-0: Remote Branch                    : quic/gfx-adreno.lnx.1.0.r114-rel
05-14 08:48:16.282  5312  5339 I AdrenoGLES-0: Remote Branch                    : NONE
05-14 08:48:16.282  5312  5339 I AdrenoGLES-0: Reconstruct Branch               : NOTHING
05-14 08:48:16.282  5312  5339 I AdrenoGLES-0: Build Config                     : S P 10.0.7 AArch64
05-14 08:48:16.282  5312  5339 I AdrenoGLES-0: Driver Path                      : /vendor/lib64/egl/libGLESv2_adreno.so
05-14 08:48:16.287  5312  5339 I AdrenoGLES-0: PFP: 0x016ee190, ME: 0x00000000
05-14 08:48:16.306   558   558 I hwservicemanager: getTransport: Cannot find entry android.hardware.graphics.mapper@4.0::IMapper/default in either framework or device manifest.
05-14 08:48:16.306  5312  5339 I Gralloc4: mapper 4.x is not supported
05-14 08:48:16.307   558   558 I hwservicemanager: getTransport: Cannot find entry android.hardware.graphics.mapper@3.0::IMapper/default in either framework or device manifest.
05-14 08:48:16.307  5312  5339 W Gralloc3: mapper 3.x is not supported
05-14 08:48:16.313  5312  5339 E LB      : fail to open file: No such file or directory
05-14 08:48:16.315  5312  5312 W Looper  : PerfMonitor doFrame : time=53ms vsyncFrame=9126428 latency=498ms procState=2 historyMsgCount=4 (msgIndex=1 wall=754ms seq=3 running=699ms runnable=13ms late=4ms h=android.app.ActivityThread$H w=110) (msgIndex=2 wall=297ms seq=4 running=263ms runnable=14ms late=753ms h=android.app.ActivityThread$H w=159)
05-14 08:48:16.320  1551  1677 I Timeline: Timeline: Activity_windows_visible id: ActivityRecord{aea333e u0 com.yahorzabotsin.openvpnclientgate/.mobile.SplashActivity t4254} time:372058992
05-14 08:48:16.320  1551  1684 D ArtManagerInternalImpl: /data/misc/iorapd/com.yahorzabotsin.openvpnclientgate/63/com.yahorzabotsin.openvpnclientgate.mobile.SplashActivity/compiled_traces/compiled_trace.pb doesn't exist
05-14 08:48:16.321  1551  1684 I ActivityTaskManager: Displayed com.yahorzabotsin.openvpnclientgate/.mobile.SplashActivity: +1s248ms
05-14 08:48:16.323  5302  5302 W BpBinder: PerfMonitor binderTransact :  time=1255ms interface=android.app.IActivityManager code=1598246212
05-14 08:48:16.323  5302  5305 I cmd     : oneway function results will be dropped but finished with status OK and parcel size 4
05-14 08:48:16.324  1551  1676 D EventSequenceValidator: onActivityLaunchFinished during UNKNOWN.
05-14 08:48:16.324  1551  1676 D EventSequenceValidator: java.lang.Throwable: EventSequenceValidator#getStackTrace
