05-14 08:48:05.302  1551  2464 V ActivityTaskManager: Calling mServicetracker.OnActivityStateChange with flag falsestateRESUMED
05-14 08:48:05.302 10638 20264 I ProcessMonitor: onForegroundInfoChanged: ForegroundInfo{mForegroundPackageName='com.yahorzabotsin.openvpnclientgate', mForegroundUid=10632, mForegroundPid=5171, mLastForegroundPackageName='com.miui.home', mLastForegroundUid=10111, mLastForegroundPid=2731, mMultiWindowForegroundPackageName='null', mMultiWindowForegroundUid=-1, mFlags=1}
05-14 08:48:05.302   874 24460 I vendor.qti.hardware.servicetracker@1.2-service: Activity state is changed to : 2
05-14 08:48:05.303   874 24460 I vendor.qti.hardware.servicetracker@1.2-service: Activity state is changed to : 2
05-14 08:48:05.304 10638 20264 I GameBoosterService: onForegroundInfoChanged: Cur=com.yahorzabotsin.openvpnclientgate	 last=com.miui.home
05-14 08:48:05.306 10638 20264 I FreeformWindowUtils: has app list!
05-14 08:48:05.307  2288  2288 E QSAnimator: tileView is null mute
05-14 08:48:05.308  2288  2288 E QSAnimator: tileView is null screenshot
05-14 08:48:05.308  2288  2288 E QSAnimator: tileView is null airplane
05-14 08:48:05.308  2288  2288 E QSAnimator: tileView is null screenlock
05-14 08:48:05.308  2288  2288 E QSAnimator: tileView is null hotspot
05-14 08:48:05.308  2288  2288 E QSAnimator: tileView is null gps
05-14 08:48:05.308  2288  2288 E QSAnimator: tileView is null rotation
05-14 08:48:05.308  2288  2288 E QSAnimator: tileView is null scanner
05-14 08:48:05.308  2288  2288 E QSAnimator: tileView is null papermode
05-14 08:48:05.308  2288  2288 E QSAnimator: tileView is null night
05-14 08:48:05.308  2288  2288 E QSAnimator: tileView is null quietmode
05-14 08:48:05.308  2288  2288 E QSAnimator: tileView is null batterysaver
05-14 08:48:05.308  2288  2288 E QSAnimator: tileView is null custom(com.miui.securitycenter/com.miui.superpower.notification.SuperPowerTileService)
05-14 08:48:05.308  2288  2288 E QSAnimator: tileView is null custom(com.milink.service/com.milink.ui.service.MiLinkTileService)
05-14 08:48:05.308  2288  2288 E QSAnimator: tileView is null custom(com.miui.mishare.connectivity/.tile.MiShareTileService)
05-14 08:48:05.308  2288  2288 E QSAnimator: tileView is null freeformhang
05-14 08:48:05.308  2288  2288 E QSAnimator: tileView is null custom(com.miui.screenrecorder/.service.QuickService)
05-14 08:48:05.308  2288  2288 E QSAnimator: tileView is null vibrate
05-14 08:48:05.308  2288  2288 E QSAnimator: tileView is null nfc
05-14 08:48:05.308  2288  2288 E QSAnimator: tileView is null edit
05-14 08:48:05.313  1551  1677 I Timeline: Timeline: App_transition_ready time:372047984
05-14 08:48:05.321 10638 10804 I SCTaskStackListener: onTaskStackChanged! inSplit = false
05-14 08:48:05.323 10638 12188 I SCTaskStackListener: onTaskStackChanged! inSplit = false
05-14 08:48:05.323  2288  2288 D AppMiniWindowManager: topActivity updated in onTaskStackChanged
05-14 08:48:05.324  1551  2119 I MiuiNetworkPolicy: updateUidState uid = 10632, uidState = 2
05-14 08:48:05.324  2288  2715 D MiuiPhoneStatusBarPolicy: updateManagedProfile: secondSpace = false
05-14 08:48:05.324 10196 15632 D PMonitor:  onForegroundActivitiesChanged:pid = 5171,activity-uid=10632,foregroundActivities=true
05-14 08:48:05.326 10638 20264 D GameBoosterService: onGameStatusChange foreground:ForegroundInfo{mForegroundPackageName='com.yahorzabotsin.openvpnclientgate', mForegroundUid=10632, mForegroundPid=5171, mLastForegroundPackageName='com.miui.home', mLastForegroundUid=10111, mLastForegroundPid=2731, mMultiWindowForegroundPackageName='null', mMultiWindowForegroundUid=-1, mFlags=1}
05-14 08:48:05.326 10638 20264 I VideoBoxUtils: isSupportVideoBox: false
05-14 08:48:05.326 10638 20264 I VideoToolBoxService: vtb is closed!!!
05-14 08:48:05.432  2288  2318 D CommandQueue: setStatus: setStatus: what = 0, action = upate_specail_mode, ext = Bundle[mParcelledData.dataSize=136][pkg = com.yahorzabotsin.openvpnclientgate[enable_config = false
05-14 08:48:05.440  1551  1676 W ActivityManager: setHasOverlayUi called on unknown pid: 5064
05-14 08:48:05.468  3692  3692 W ThreadPoolForeg: type=1400 audit(0.0:628447): avc: denied { write } for name="traced_producer" dev="tmpfs" ino=27834 scontext=u:r:gmscore_app:s0:c512,c768 tcontext=u:object_r:traced_producer_socket:s0 tclass=sock_file permissive=0 app=com.google.android.gms
05-14 08:48:05.496  2731  2731 D Launcher_UnlockAnimationStateMachine: mResetIdleStateRunnable
05-14 08:48:05.593 15490 15536 D CCodecBufferChannel: [c2.android.opus.encoder#2] DEBUG: elapsed: n=4 [in=0 pipeline=0 out=0 smoothness=4]
05-14 08:48:05.593 15490 15536 D PipelineWatcher: DEBUG: elapsed 1 / 4
05-14 08:48:05.819  5171  5171 I Perf    : Connecting to perf service.
05-14 08:48:05.829  5171  5171 D NetworkSecurityConfig: No Network Security Config specified, using platform default
05-14 08:48:05.830  5171  5171 D NetworkSecurityConfig: No Network Security Config specified, using platform default
05-14 08:48:05.855  5171  5171 D WM-WrkMgrInitializer: Initializing WorkManager with default configuration.
05-14 08:48:05.881  1551  1677 I Timeline: Timeline: App_transition_stopped time:372048553
05-14 08:48:05.911  5171  5171 I TetheringManager: registerTetheringEventCallback:com.yahorzabotsin.openvpnclientgate
05-14 08:48:05.918  5171  5171 D WM-PackageManagerHelper: Skipping component enablement for androidx.work.impl.background.systemjob.SystemJobService
05-14 08:48:05.918  5171  5171 D WM-Schedulers: Created SystemJobScheduler and enabled SystemJobService
05-14 08:48:05.962  5171  5194 D WM-ForceStopRunnable: The default process name was not specified.
05-14 08:48:05.964  5171  5194 D WM-ForceStopRunnable: Performing cleanup operations.
05-14 08:48:05.987  5171  5171 I ContentProviderMonitor: PerfMonitor installContentProviders : before publish content providers
05-14 08:48:05.989  5171  5194 D WM-SystemJobScheduler: Reconciling jobs
05-14 08:48:05.996  5171  5194 D WM-ForceStopRunnable: Application was force-stopped, rescheduling.
05-14 08:48:06.013  5171  5194 D WM-SystemJobScheduler: Scheduling work ID 4dbdee18-bee4-4130-a329-3d8935c65fa8Job ID 52
05-14 08:48:06.052  5171  5171 I OpenVPNGateApp:ServerRefreshScheduler: Preparing periodic server refresh schedule. ttl_ms=1200000, interval_min=20, clamped_to_min=false
05-14 08:48:06.067  5171  5196 D WM-PackageManagerHelper: Skipping component enablement for androidx.work.impl.background.systemalarm.RescheduleReceiver
05-14 08:48:06.081  5171  5171 I OpenVPNGateApp:ServerRefreshScheduler: Periodic server refresh scheduled. work=server-list-periodic-refresh, policy=UPDATE, interval_min=20, backoff_min=30
05-14 08:48:06.083  5171  5171 I OpenVPNGateApp:CoreApp: Periodic server refresh scheduling ensured
05-14 08:48:06.085  5171  5171 D OpenVPNGateApp:CoreApp: Skipping OpenVpnService auto-start in Application
05-14 08:48:06.095  5171  5194 D WM-GreedyScheduler: Cancelling work ID 4dbdee18-bee4-4130-a329-3d8935c65fa8
05-14 08:48:06.095   968  2909 W DisplayIdentification: Invalid EDID: falling back to serial number due to missing display name.
05-14 08:48:06.095   968  2909 W DisplayIdentification: Invalid EDID: falling back to ASCII text due to missing serial number.
05-14 08:48:06.110  5171  5194 D WM-SystemJobScheduler: Scheduling work ID 4dbdee18-bee4-4130-a329-3d8935c65fa8Job ID 53
05-14 08:48:06.152  5171  5171 D AppCompatDelegate: Checking for metadata for AppLocalesMetadataHolderService : Service not found
05-14 08:48:06.236  5171  5171 W envpnclientgat: Accessing hidden method Landroid/view/ViewGroup;->makeOptionalFitsSystemWindows()V (greylist, reflection, allowed)
05-14 08:48:06.266  5171  5171 I OpenVPNGateApp:SplashActivityCore: Starting server preload. vpn_connected=false, cache_only=false
05-14 08:48:06.273  5171  5171 W envpnclientgat: Accessing hidden method Ljava/lang/invoke/MethodHandles$Lookup;-><init>(Ljava/lang/Class;I)V (greylist, reflection, allowed)
05-14 08:48:06.336  5171  5171 D OpenVPNGateApp:ServersV2SyncCoordinator: syncCountries(forceRefresh=false, cacheOnly=false)
05-14 08:48:06.340  5171  5171 D OpenVPNGateApp:ServersV2Repository: getCountries[locale=ru]: fetching from network
05-14 08:48:06.389  1551  2464 V MiuiActivityTaskManagerServiceEx: dispatchActivityLifeState state = onResume
05-14 08:48:06.389  1551  2464 V MiuiActivityTaskManagerServiceEx: dispatchActivityLifeState r = ActivityRecord{339e276 u0 com.yahorzabotsin.openvpnclientgate/.mobile.SplashActivity t4253}
05-14 08:48:06.389  2731  2731 D RecentsImpl: mActivityStateObserver com.yahorzabotsin.openvpnclientgate.mobile.SplashActivity
05-14 08:48:06.390  2731  2731 W RecentsImpl: onResumed className=com.yahorzabotsin.openvpnclientgate.mobile.SplashActivity   mIsInAnotherPro=false
05-14 08:48:06.390  5171  5171 W Looper  : PerfMonitor looperActivity : package=com.yahorzabotsin.openvpnclientgate/.mobile.SplashActivity time=301ms latency=768ms running=267ms  procState=2 ClientTransaction{ callbacks=[android.app.servertransaction.LaunchActivityItem] lifecycleRequest=android.app.servertransaction.ResumeActivityItem } historyMsgCount=1 (msgIndex=1 wall=778ms seq=3 running=712ms runnable=22ms late=1ms h=android.app.ActivityThread$H w=110)
05-14 08:48:06.390  5171  5171 W Looper  : PerfMonitor looperActivity : package=com.yahorzabotsin.openvpnclientgate/.mobile.SplashActivity time=0ms latency=1069ms running=0ms  procState=2 ClientTransaction{ callbacks=[android.app.servertransaction.TopResumedActivityChangeItem] } historyMsgCount=3 (msgIndex=1 wall=778ms seq=3 running=712ms runnable=22ms late=1ms h=android.app.ActivityThread$H w=110) (msgIndex=2 wall=301ms seq=4 running=267ms runnable=12ms late=768ms h=android.app.ActivityThread$H w=159)
05-14 08:48:06.390  5171  5171 I Choreographer: Skipped 31 frames!  The application may be doing too much work on its main thread.
05-14 08:48:06.396  5171  5171 V MiuiFrameworkFactory: get AllImpl object = android.common.MiuiFrameworkFactoryImpl@367ee26
05-14 08:48:06.400  1551  2464 V WindowManager: Orientation start waiting for draw, mDrawState=DRAW_PENDING in Window{8aa5d12 mode=0 rootTaskId=4253 u0 com.yahorzabotsin.openvpnclientgate/com.yahorzabotsin.openvpnclientgate.mobile.SplashActivity}, surfaceController Surface(name=com.yahorzabotsin.openvpnclientgate/com.yahorzabotsin.openvpnclientgate.mobile.SplashActivity)/@0x71d16e0
05-14 08:48:06.403  1348 15544 D BufferPoolAccessor2.0: bufferpool2 0x738f27ca28 : 3(72000 size) total buffers - 1(24000 size) used buffers - 1573082/1573085 (recycle/alloc) - 655/1573083 (fetch/transfer)
05-14 08:48:06.406  1551  2464 D WindowManager: Input focus has changed to Window{8aa5d12 mode=0 rootTaskId=4253 u0 com.yahorzabotsin.openvpnclientgate/com.yahorzabotsin.openvpnclientgate.mobile.SplashActivity}
05-14 08:48:06.413  5171  5199 I AdrenoGLES-0: QUALCOMM build                   : 95db91f, Ifbc588260a
05-14 08:48:06.413  5171  5199 I AdrenoGLES-0: Build Date                       : 09/24/20
05-14 08:48:06.413  5171  5199 I AdrenoGLES-0: OpenGL ES Shader Compiler Version: EV031.32.02.01
05-14 08:48:06.413  5171  5199 I AdrenoGLES-0: Local Branch                     : mybrancheafe5b6d-fb5b-f1b0-b904-5cb90179c3e0
05-14 08:48:06.413  5171  5199 I AdrenoGLES-0: Remote Branch                    : quic/gfx-adreno.lnx.1.0.r114-rel
05-14 08:48:06.413  5171  5199 I AdrenoGLES-0: Remote Branch                    : NONE
05-14 08:48:06.413  5171  5199 I AdrenoGLES-0: Reconstruct Branch               : NOTHING
05-14 08:48:06.413  5171  5199 I AdrenoGLES-0: Build Config                     : S P 10.0.7 AArch64
05-14 08:48:06.413  5171  5199 I AdrenoGLES-0: Driver Path                      : /vendor/lib64/egl/libGLESv2_adreno.so
05-14 08:48:06.416  5171  5199 I AdrenoGLES-0: PFP: 0x016ee190, ME: 0x00000000
05-14 08:48:06.434   558   558 I hwservicemanager: getTransport: Cannot find entry android.hardware.graphics.mapper@4.0::IMapper/default in either framework or device manifest.
05-14 08:48:06.435  5171  5199 I Gralloc4: mapper 4.x is not supported
05-14 08:48:06.435   558   558 I hwservicemanager: getTransport: Cannot find entry android.hardware.graphics.mapper@3.0::IMapper/default in either framework or device manifest.
05-14 08:48:06.435  5171  5199 W Gralloc3: mapper 3.x is not supported
05-14 08:48:06.441  5171  5199 E LB      : fail to open file: No such file or directory
05-14 08:48:06.443  5171  5171 W Looper  : PerfMonitor doFrame : time=52ms vsyncFrame=9126267 latency=518ms procState=2 historyMsgCount=4 (msgIndex=1 wall=778ms seq=3 running=712ms runnable=22ms late=1ms h=android.app.ActivityThread$H w=110) (msgIndex=2 wall=301ms seq=4 running=267ms runnable=12ms late=768ms h=android.app.ActivityThread$H w=159)
05-14 08:48:06.450  1551  1684 D ArtManagerInternalImpl: /data/misc/iorapd/com.yahorzabotsin.openvpnclientgate/63/com.yahorzabotsin.openvpnclientgate.mobile.SplashActivity/compiled_traces/compiled_trace.pb doesn't exist
05-14 08:48:06.438  1017  1017 W /system/vendor/bin/ipacm: type=1400 audit(0.0:628448): avc: denied { write } for comm=6E65746C696E6B20736F636B6574 name="ipacm_log_file" dev="tmpfs" ino=27249 scontext=u:r:ipacm:s0 tcontext=u:object_r:ipacm_socket:s0 tclass=sock_file permissive=0
05-14 08:48:06.438  1017  1017 I chatty  : uid=1001(radio) /system/vendor/bin/ipacm identical 1 line
05-14 08:48:06.438  1017  1017 W /system/vendor/bin/ipacm: type=1400 audit(0.0:628450): avc: denied { write } for comm=6E65746C696E6B20736F636B6574 name="ipacm_log_file" dev="tmpfs" ino=27249 scontext=u:r:ipacm:s0 tcontext=u:object_r:ipacm_socket:s0 tclass=sock_file permissive=0
05-14 08:48:06.450  1551  1684 I ActivityTaskManager: Displayed com.yahorzabotsin.openvpnclientgate/.mobile.SplashActivity: +1s275ms
05-14 08:48:06.451  1551  1677 I Timeline: Timeline: Activity_windows_visible id: ActivityRecord{339e276 u0 com.yahorzabotsin.openvpnclientgate/.mobile.SplashActivity t4253} time:372049122
05-14 08:48:06.438  1017  1017 W ipacm   : type=1400 audit(0.0:628451): avc: denied { write } for name="ipacm_log_file" dev="tmpfs" ino=27249 scontext=u:r:ipacm:s0 tcontext=u:object_r:ipacm_socket:s0 tclass=sock_file permissive=0
05-14 08:48:06.438  1017  1017 I chatty  : uid=1001(radio) /system/vendor/bin/ipacm identical 1 line
05-14 08:48:06.438  1017  1017 W ipacm   : type=1400 audit(0.0:628453): avc: denied { write } for name="ipacm_log_file" dev="tmpfs" ino=27249 scontext=u:r:ipacm:s0 tcontext=u:object_r:ipacm_socket:s0 tclass=sock_file permissive=0
05-14 08:48:06.453  5162  5164 I cmd     : oneway function results will be dropped but finished with status OK and parcel size 4
05-14 08:48:06.453  1551  1676 D EventSequenceValidator: onActivityLaunchFinished during UNKNOWN.
05-14 08:48:06.453  1551  1676 D EventSequenceValidator: java.lang.Throwable: EventSequenceValidator#getStackTrace
05-14 08:48:06.453  1551  1676 D EventSequenceValidator: 	at com.google.android.startop.iorap.EventSequenceValidator.logWarningWithStackTrace(EventSequenceValidator.java:260)
05-14 08:48:06.453  1551  1676 D EventSequenceValidator: 	at com.google.android.startop.iorap.EventSequenceValidator.onActivityLaunchFinished(EventSequenceValidator.java:185)
05-14 08:48:06.453  1551  1676 D EventSequenceValidator: 	at com.android.server.wm.LaunchObserverRegistryImpl.handleOnActivityLaunchFinished(LaunchObserverRegistryImpl.java:175)
05-14 08:48:06.453  1551  1676 D EventSequenceValidator: 	at com.android.server.wm.LaunchObserverRegistryImpl.lambda$QcawcFcJtEX4EhYptq_Vb4j368Y(Unknown Source:0)
05-14 08:48:06.453  1551  1676 D EventSequenceValidator: 	at com.android.server.wm.-$$Lambda$LaunchObserverRegistryImpl$QcawcFcJtEX4EhYptq_Vb4j368Y.accept(Unknown Source:10)
05-14 08:48:06.453  1551  1676 D EventSequenceValidator: 	at com.android.internal.util.function.pooled.PooledLambdaImpl.doInvoke(PooledLambdaImpl.java:292)
05-14 08:48:06.453  1551  1676 D EventSequenceValidator: 	at com.android.internal.util.function.pooled.PooledLambdaImpl.invoke(PooledLambdaImpl.java:201)
05-14 08:48:06.453  1551  1676 D EventSequenceValidator: 	at com.android.internal.util.function.pooled.OmniFunction.run(OmniFunction.java:97)
05-14 08:48:06.453  1551  1676 D EventSequenceValidator: 	at android.os.Handler.handleCallback(Handler.java:938)
05-14 08:48:06.453  1551  1676 D EventSequenceValidator: 	at android.os.Handler.dispatchMessage(Handler.java:99)
05-14 08:48:06.453  1551  1676 D EventSequenceValidator: 	at android.os.Looper.loop(Looper.java:236)
05-14 08:48:06.453  1551  1676 D EventSequenceValidator: 	at android.os.HandlerThread.run(HandlerThread.java:67)
05-14 08:48:06.453  1551  1676 D EventSequenceValidator: 	at com.android.server.ServiceThread.run(ServiceThread.java:45)
05-14 08:48:06.453  1551  1676 D EventSequenceValidator: dec AccIntentStartedEvents to 2
05-14 08:48:06.454  5162  5162 W BpBinder: PerfMonitor binderTransact :  time=1281ms interface=android.app.IActivityManager code=1598246212
05-14 08:48:06.462  1551  9205 D MIUIInput: [FoucsChange]: Display  0 FocusedWindow From null(0,0)  to Window{8aa5d12 mode=0 rootTaskId=4253 u0 com.yahorzabotsin.openvpnclientgate/com.yahorzabotsin.openvpnclientgate.mobile.SplashActivity}(1,1)
05-14 08:48:06.525  1551  2464 V ActivityTaskManager: Calling mServicetracker.OnActivityStateChange with flag truestateSTOPPING
05-14 08:48:06.526  1551  2464 V ActivityTaskManager: Calling mServicetracker.OnActivityStateChange with flag falsestateSTOPPING
05-14 08:48:06.526   694   702 E statsd  : Predicate 5980654721335871649 dropping data for dimension key (10)0x2010101->10632[I] (10)0x30000->*launch*[S] 
05-14 08:48:06.526   874 27291 I vendor.qti.hardware.servicetracker@1.2-service: Activity state is changed to : 5
05-14 08:48:06.527   874 27291 I vendor.qti.hardware.servicetracker@1.2-service: Activity state is changed to : 5
05-14 08:48:06.531  8885  8885 I GoogleInputMethodService: GoogleInputMethodService.onFinishInput():2259 
05-14 08:48:06.532  8885  8885 I Module  : DeviceLockedStatusModuleProvider$Module.updateDeviceLockedStatus():103 repeatCheckTimes = 0, locked = false
05-14 08:48:06.533  8885  8885 I GoogleInputMethodService: GoogleInputMethodService.onStartInput():1446 onStartInput(EditorInfo{EditorInfo{packageName=com.yahorzabotsin.openvpnclientgate, inputType=0, inputTypeString=NULL, enableLearning=false, autoCorrection=false, autoComplete=false, imeOptions=0, privateImeOptions=null, actionName=UNSPECIFIED, actionLabel=null, initialSelStart=-1, initialSelEnd=-1, initialCapsMode=0, label=null, fieldId=-1, fieldName=null, extras=null, hintText=null, hintLocales=[]}}, false)
05-14 08:48:06.533  8885  8885 I AndroidIME: LatinIMEBase.updateInputViewCoverNavigation():322 Update input view padding, isNavbarOverInputWindow=false, bottom inset=130
05-14 08:48:06.534  8885  8885 I Module  : DeviceLockedStatusModuleProvider$Module.updateDeviceLockedStatus():103 repeatCheckTimes = 1, locked = false
05-14 08:48:06.536  1551  2119 I MiuiNetworkPolicy: updateUidState uid = 10152, uidState = 4
05-14 08:48:06.536  1551  2119 I MiuiNetworkPolicy: updateUidState uid = 10111, uidState = 5
05-14 08:48:06.538  2731  2731 D Launcher.Lifecycle: onStop:UserHandle{0},8217634,false
05-14 08:48:06.540   874 27291 I vendor.qti.hardware.servicetracker@1.2-service: unbindService is called for service : com.mi.android.globalminusscreen/com.google.mi.apps.gsa.nowoverlayservice.DrawerOverlayService and for client com.miui.home
05-14 08:48:06.544  1551  1588 W System  : A resource failed to call release. 
05-14 08:48:06.564  1551  2464 V ActivityTaskManager: Calling mServicetracker.OnActivityStateChange with flag truestateSTOPPED
05-14 08:48:06.565  1551  2464 V ActivityTaskManager: Calling mServicetracker.OnActivityStateChange with flag falsestateSTOPPED
05-14 08:48:06.549  1551  1588 I chatty  : uid=1000(system) FinalizerDaemon identical 26 lines
05-14 08:48:06.549  1551  1588 W System  : A resource failed to call release. 
05-14 08:48:06.565   874 27291 I vendor.qti.hardware.servicetracker@1.2-service: Activity state is changed to : 6
05-14 08:48:06.565   874 27291 I vendor.qti.hardware.servicetracker@1.2-service: Activity state is changed to : 6
05-14 08:48:06.570 10196 15632 D PMonitor:  onForegroundActivitiesChanged:pid = 2731,activity-uid=10111,foregroundActivities=false
05-14 08:48:06.580   968   968 D SurfaceFlinger: Launcher Changed hasLauncher=0
05-14 08:48:06.771   558   558 I hwservicemanager: getTransport: Cannot find entry android.hardware.graphics.mapper@4.0::IMapper/default in either framework or device manifest.
05-14 08:48:06.772  5214  5214 I Gralloc4: mapper 4.x is not supported
05-14 08:48:06.772   558   558 I hwservicemanager: getTransport: Cannot find entry android.hardware.graphics.mapper@3.0::IMapper/default in either framework or device manifest.
05-14 08:48:06.772  5214  5214 W Gralloc3: mapper 3.x is not supported
05-14 08:48:06.890  1551  2119 I MiuiNetworkPolicy: updateUidState uid = 10186, uidState = 3
05-14 08:48:06.890  2232  2755 I BtGatt.ScanManager: msg.what = 6
05-14 08:48:06.892 26398 26454 I FontLog : (REDACTED) Received query %s, URI %s
05-14 08:48:06.892 26398 26454 I FontLog : (REDACTED) Query [%s] resolved to %s
05-14 08:48:06.893 26398 26454 I FontLog : (REDACTED) Fetch %s end status %s
05-14 08:48:06.902 26398 26454 I FontLog : (REDACTED) Pulling font file for id = %d, cache size = %d
05-14 08:48:06.907 26398 26454 I FontLog : (REDACTED) Pulling font file for id = %d, cache size = %d
05-14 08:48:07.436  5217  5217 D AndroidRuntime: >>>>>> START com.android.internal.os.RuntimeInit uid 2000 <<<<<<
05-14 08:48:07.442  5217  5217 E libc    : Access denied finding property "persist.device_config.runtime_native_boot.profilebootclasspath"
05-14 08:48:07.442  5217  5217 E libc    : Access denied finding property "persist.device_config.runtime_native_boot.enable_apex_image"
05-14 08:48:07.442  5217  5217 I AndroidRuntime: Using default boot image
05-14 08:48:07.442  5217  5217 E libc    : Access denied finding property "persist.device_config.runtime_native_boot.disable_lock_profiling"
05-14 08:48:07.442  5217  5217 I AndroidRuntime: Leaving lock profiling enabled
05-14 08:48:07.442  5217  5217 E libc    : Access denied finding property "persist.device_config.runtime_native_boot.enable_generational_cc"
05-14 08:48:07.541  5217  5217 D app_process: Time zone APEX ICU file found: /apex/com.android.tzdata/etc/icu/icu_tzdata.dat
05-14 08:48:07.541  5217  5217 D app_process: I18n APEX ICU file found: /apex/com.android.i18n/etc/icu/icudt66l.dat
05-14 08:48:07.578  5217  5217 W app_process: JNI RegisterNativeMethods: attempt to register 0 native methods for android.media.AudioAttributes
05-14 08:48:07.587  5217  5217 D AndroidRuntime: Calling main entry com.android.commands.uiautomator.Launcher
05-14 08:48:07.618  2288  2288 D CCTileAdapter: onAccessibilityStateChanged:true
05-14 08:48:07.623  1551  1551 D AS.AudioService: Accessibility volume enabled = false
05-14 08:48:07.637  2288  2288 D CCTileAdapter: onAccessibilityStateChanged:true
05-14 08:48:07.918  1551  2119 I MiuiNetworkPolicy: updateUidState uid = 10186, uidState = 5
05-14 08:48:07.918  2232  2755 I BtGatt.ScanManager: msg.what = 6
05-14 08:48:08.667  5217  5217 D ThemeCompatibility: START loading theme compatibility config.
05-14 08:48:08.667  5217  5217 D ThemeCompatibility: getVersion(): /data/system/theme_config/theme_compatibility.xml  java.io.FileNotFoundException: /data/system/theme_config/theme_compatibility.xml: open failed: ENOENT (No such file or directory)
05-14 08:48:08.676  5217  5217 D ThemeCompatibility: getConfigDocumentTree(): 140 vs -1
05-14 08:48:08.676  5217  5217 D ThemeCompatibility:     parse file: /system/media/theme/theme_compatibility.xml
05-14 08:48:08.689  5217  5217 D ThemeCompatibility: END loading: version=140 size=48
05-14 08:48:08.690  5217  5217 E AssetManager: WTF--create system assets with illegal uid: 2000, gid:2000
05-14 08:48:08.690  5217  5217 E AssetManager: java.lang.RuntimeException
05-14 08:48:08.690  5217  5217 E AssetManager: 	at android.content.res.AssetManager.createSystemAssetsInZygoteLocked(AssetManager.java:254)
05-14 08:48:08.690  5217  5217 E AssetManager: 	at android.content.res.AssetManager.getSystem(AssetManager.java:291)
05-14 08:48:08.690  5217  5217 E AssetManager: 	at android.content.res.Resources.<init>(Resources.java:353)
05-14 08:48:08.690  5217  5217 E AssetManager: 	at android.content.res.MiuiResources.<init>(MiuiResources.java:49)
05-14 08:48:08.690  5217  5217 E AssetManager: 	at android.content.res.Resources.getSystem(Resources.java:233)
05-14 08:48:08.690  5217  5217 E AssetManager: 	at android.util.MiuiMultiWindowAdapter.<clinit>(MiuiMultiWindowAdapter.java:83)
05-14 08:48:08.690  5217  5217 E AssetManager: 	at android.view.Display.getSize(Display.java:725)
05-14 08:48:08.690  5217  5217 E AssetManager: 	at com.android.commands.uiautomator.DumpCommand.run(DumpCommand.java:110)
05-14 08:48:08.690  5217  5217 E AssetManager: 	at com.android.commands.uiautomator.Launcher.main(Launcher.java:83)
05-14 08:48:08.690  5217  5217 E AssetManager: 	at com.android.internal.os.RuntimeInit.nativeFinishInit(Native Method)
05-14 08:48:08.690  5217  5217 E AssetManager: 	at com.android.internal.os.RuntimeInit.main(RuntimeInit.java:463)
05-14 08:48:08.708  5217  5217 W uiautomator: type=1400 audit(0.0:628472): avc: denied { execute } for name="idmap2" dev="dm-0" ino=1510 scontext=u:r:shell:s0 tcontext=u:object_r:idmap_exec:s0 tclass=file permissive=0
05-14 08:48:08.726  5217  5217 W app_process: unable to execute idmap2: Permission denied
05-14 08:48:08.726  5217  5217 W OverlayConfig: 'idmap2 create-multiple' failed: no mutable="false" overlays targeting "android" will be loaded
05-14 08:48:08.718  5217  5217 W uiautomator: type=1400 audit(0.0:628473): avc: denied { execute } for name="idmap2" dev="dm-0" ino=1510 scontext=u:r:shell:s0 tcontext=u:object_r:idmap_exec:s0 tclass=file permissive=0
05-14 08:48:08.729  5217  5217 W asset   : unable to execute idmap2: Permission denied
05-14 08:48:08.729  5217  5217 W AssetManagerInjector: 'idmap2 --scan' failed: no static="true" overlays targeting "miui" will be loaded
05-14 08:48:08.732  5217  5217 E app_process: Invalid ID 0x00000000.
05-14 08:48:08.747  5217  5217 W AccessibilityNodeInfoDumper: Fetch time: 10ms
05-14 08:48:08.749  1551  2464 W WindowManager: removeWindowToken: Attempted to remove non-existing token: android.os.Binder@5b23fd4
05-14 08:48:08.764  2288  2288 D CCTileAdapter: onAccessibilityStateChanged:false
05-14 08:48:08.766  2288  2288 D CCTileAdapter: onAccessibilityStateChanged:false
05-14 08:48:08.776  5217  5217 D AndroidRuntime: Shutting down VM
05-14 08:48:08.895 15490 15536 D CCodecBufferChannel: [c2.android.opus.encoder#2] DEBUG: elapsed: n=4 [in=0 pipeline=0 out=0 smoothness=4]
05-14 08:48:08.895 15490 15536 D PipelineWatcher: DEBUG: elapsed 0 / 4
05-14 08:48:09.018  2288  2288 E QSAnimator: tileView is null mute
05-14 08:48:09.018  2288  2288 E QSAnimator: tileView is null screenshot
05-14 08:48:09.018  2288  2288 E QSAnimator: tileView is null airplane
05-14 08:48:09.018  2288  2288 E QSAnimator: tileView is null screenlock
05-14 08:48:09.018  2288  2288 E QSAnimator: tileView is null hotspot
05-14 08:48:09.018  2288  2288 E QSAnimator: tileView is null gps
05-14 08:48:09.018  2288  2288 E QSAnimator: tileView is null rotation
05-14 08:48:09.018  2288  2288 E QSAnimator: tileView is null scanner
05-14 08:48:09.018  2288  2288 E QSAnimator: tileView is null papermode
05-14 08:48:09.018  2288  2288 E QSAnimator: tileView is null night
05-14 08:48:09.018  2288  2288 E QSAnimator: tileView is null quietmode
05-14 08:48:09.018  2288  2288 E QSAnimator: tileView is null batterysaver
05-14 08:48:09.018  2288  2288 E QSAnimator: tileView is null custom(com.miui.securitycenter/com.miui.superpower.notification.SuperPowerTileService)
05-14 08:48:09.018  2288  2288 E QSAnimator: tileView is null custom(com.milink.service/com.milink.ui.service.MiLinkTileService)
05-14 08:48:09.018  2288  2288 E QSAnimator: tileView is null custom(com.miui.mishare.connectivity/.tile.MiShareTileService)
05-14 08:48:09.018  2288  2288 E QSAnimator: tileView is null freeformhang
05-14 08:48:09.018  2288  2288 E QSAnimator: tileView is null custom(com.miui.screenrecorder/.service.QuickService)
05-14 08:48:09.018  2288  2288 E QSAnimator: tileView is null vibrate
05-14 08:48:09.018  2288  2288 E QSAnimator: tileView is null nfc
05-14 08:48:09.018  2288  2288 E QSAnimator: tileView is null edit
05-14 08:48:09.689 15490 15533 D BufferPoolAccessor2.0: bufferpool2 0x713f973228 : 7(26880 size) total buffers - 4(15360 size) used buffers - 1573246/1573253 (recycle/alloc) - 654/3146497 (fetch/transfer)
05-14 08:48:10.100  3996  4034 I com.milink.runtime:new_milink:DataContentProvider: Call content://provider.milink.mi.com/messenger#poll from com.milink.service, content://provider.milink.mi.com/messenger#poll
05-14 08:48:10.102  3943  4061 I com.milink.service:new_milink:MessengerClient: empty packet, skip it.
05-14 08:48:10.170   818  3057 I vendor.qti.bluetooth@1.0-ibs_handler: ProcessIbsCmd: Received IBS_WAKE_IND: 0xFD
05-14 08:48:10.170   818  3057 D vendor.qti.bluetooth@1.0-ibs_handler: SerialClockVote: vote for UART CLK ON
05-14 08:48:10.171   818  3057 D vendor.qti.bluetooth@1.0-wake_lock: Acquire wakelock is acquired 
05-14 08:48:10.171   818  3057 I vendor.qti.bluetooth@1.0-ibs_handler: ProcessIbsCmd: Writing IBS_WAKE_ACK
05-14 08:48:10.174  2232  3060 V bt_stack: [VERBOSE1:btm_ble_gap.cc(1924)] btm_ble_process_ext_adv_pkt: bda=cc:6d:5d:8b:1d:95
05-14 08:48:10.174  2232  3060 V bt_stack: [VERBOSE1:btm_ble_gap.cc(1848)] btm_ble_process_adv_addr: bda=cc:6d:5d:8b:1d:95
05-14 08:48:10.175  2232  3060 V bt_stack: [VERBOSE1:btm_ble_gap.cc(2058)]  Waiting for scan response cc:6d:5d:8b:1d:95
05-14 08:48:10.179  2232  3060 V bt_stack: [VERBOSE1:btm_ble_gap.cc(1924)] btm_ble_process_ext_adv_pkt: bda=cc:6d:5d:8b:1d:95
05-14 08:48:10.179  2232  3060 V bt_stack: [VERBOSE1:btm_ble_gap.cc(1848)] btm_ble_process_adv_addr: bda=cc:6d:5d:8b:1d:95
05-14 08:48:10.179  2232  3060 V bt_stack: [VERBOSE1:btm_inq.cc(1019)] BTM_InqDbRead: bd addr cc:6d:5d:8b:1d:95
05-14 08:48:10.185  3176  3290 E MiuiMiHomeConnectController: error 
05-14 08:48:10.186  3176  3290 D MiuiMiHomeConnectController: cloud time is not ok
05-14 08:48:10.214   818  3057 I vendor.qti.bluetooth@1.0-ibs_handler: ProcessIbsCmd: Received IBS_SLEEP_IND: 0xFE
05-14 08:48:10.214   818  3057 D vendor.qti.bluetooth@1.0-ibs_handler: SerialClockVote: vote for UART CLK OFF
05-14 08:48:10.365   818  2794 D vendor.qti.bluetooth@1.0-wake_lock: Release wakelock is released 
05-14 08:48:11.359  2288  2288 E QSAnimator: tileView is null mute
05-14 08:48:11.359  2288  2288 E QSAnimator: tileView is null screenshot
05-14 08:48:11.359  2288  2288 E QSAnimator: tileView is null airplane
05-14 08:48:11.359  2288  2288 E QSAnimator: tileView is null screenlock
05-14 08:48:11.359  2288  2288 E QSAnimator: tileView is null hotspot
05-14 08:48:11.359  2288  2288 E QSAnimator: tileView is null gps
05-14 08:48:11.359  2288  2288 E QSAnimator: tileView is null rotation
05-14 08:48:11.359  2288  2288 E QSAnimator: tileView is null scanner
05-14 08:48:11.359  2288  2288 E QSAnimator: tileView is null papermode
05-14 08:48:11.359  2288  2288 E QSAnimator: tileView is null night
05-14 08:48:11.359  2288  2288 E QSAnimator: tileView is null quietmode
05-14 08:48:11.360  2288  2288 E QSAnimator: tileView is null batterysaver
05-14 08:48:11.360  2288  2288 E QSAnimator: tileView is null custom(com.miui.securitycenter/com.miui.superpower.notification.SuperPowerTileService)
05-14 08:48:11.360  2288  2288 E QSAnimator: tileView is null custom(com.milink.service/com.milink.ui.service.MiLinkTileService)
05-14 08:48:11.360  2288  2288 E QSAnimator: tileView is null custom(com.miui.mishare.connectivity/.tile.MiShareTileService)
05-14 08:48:11.360  2288  2288 E QSAnimator: tileView is null freeformhang
05-14 08:48:11.360  2288  2288 E QSAnimator: tileView is null custom(com.miui.screenrecorder/.service.QuickService)
05-14 08:48:11.360  2288  2288 E QSAnimator: tileView is null vibrate
05-14 08:48:11.360  2288  2288 E QSAnimator: tileView is null nfc
05-14 08:48:11.360  2288  2288 E QSAnimator: tileView is null edit
05-14 08:48:11.503  1348 15544 D BufferPoolAccessor2.0: bufferpool2 0x738f27ca28 : 3(72000 size) total buffers - 1(24000 size) used buffers - 1573337/1573340 (recycle/alloc) - 655/1573338 (fetch/transfer)
05-14 08:48:11.684  5171  5171 I Timeline: Timeline: Activity_launch_request time:372054356
05-14 08:48:11.688  1551  1676 D EventSequenceValidator: IntentStarted during UNKNOWN. Intent { flg=0x24000000 cmp=com.yahorzabotsin.openvpnclientgate/.mobile.MainActivity }
05-14 08:48:11.688  1551  1676 D EventSequenceValidator: java.lang.Throwable: EventSequenceValidator#getStackTrace
05-14 08:48:11.688  1551  1676 D EventSequenceValidator: 	at com.google.android.startop.iorap.EventSequenceValidator.logWarningWithStackTrace(EventSequenceValidator.java:260)
05-14 08:48:11.688  1551  1676 D EventSequenceValidator: 	at com.google.android.startop.iorap.EventSequenceValidator.onIntentStarted(EventSequenceValidator.java:106)
05-14 08:48:11.688  1551  1676 D EventSequenceValidator: 	at com.android.server.wm.LaunchObserverRegistryImpl.handleOnIntentStarted(LaunchObserverRegistryImpl.java:139)
05-14 08:48:11.688  1551  1676 D EventSequenceValidator: 	at com.android.server.wm.LaunchObserverRegistryImpl.lambda$veRn_GhgLZLlOHOJ0ZYT6KcfYqo(Unknown Source:0)
05-14 08:48:11.688  1551  1676 D EventSequenceValidator: 	at com.android.server.wm.-$$Lambda$LaunchObserverRegistryImpl$veRn_GhgLZLlOHOJ0ZYT6KcfYqo.accept(Unknown Source:10)
05-14 08:48:11.688  1551  1676 D EventSequenceValidator: 	at com.android.internal.util.function.pooled.PooledLambdaImpl.doInvoke(PooledLambdaImpl.java:292)
05-14 08:48:11.688  1551  1676 D EventSequenceValidator: 	at com.android.internal.util.function.pooled.PooledLambdaImpl.invoke(PooledLambdaImpl.java:201)
05-14 08:48:11.688  1551  1676 D EventSequenceValidator: 	at com.android.internal.util.function.pooled.OmniFunction.run(OmniFunction.java:97)
05-14 08:48:11.688  1551  1676 D EventSequenceValidator: 	at android.os.Handler.handleCallback(Handler.java:938)
05-14 08:48:11.688  1551  1676 D EventSequenceValidator: 	at android.os.Handler.dispatchMessage(Handler.java:99)
05-14 08:48:11.688  1551  1676 D EventSequenceValidator: 	at android.os.Looper.loop(Looper.java:236)
05-14 08:48:11.688  1551  1676 D EventSequenceValidator: 	at android.os.HandlerThread.run(HandlerThread.java:67)
05-14 08:48:11.688  1551  1676 D EventSequenceValidator: 	at com.android.server.ServiceThread.run(ServiceThread.java:45)
05-14 08:48:11.688  1551  1612 I ActivityTaskManager: START u0 {flg=0x24000000 cmp=com.yahorzabotsin.openvpnclientgate/.mobile.MainActivity} from uid 10632
05-14 08:48:11.688  1551  1676 D EventSequenceValidator: inc AccIntentStartedEvents to 3
05-14 08:48:11.688  1551  1612 D MiuiMultiWindowAdapter: MiuiMultiWindowAdapter::getFreeformBlackList::sSmallWindowBlackList = [com.miui.securitycenter, com.miui.weather2, com.miui.miservice, com.android.calendar, com.xiaomi.calendar, com.android.contacts, com.miui.mishare.connectivity, com.android.settings, com.android.printspooler, com.miui.backup, com.miui.huanji, com.miui.calculator, com.android.deskclock, com.android.thememanager, com.mfashiongallery.emag, com.miui.virtualsim, com.miui.smarttravel, com.mi.health, com.android.camera, com.lbe.security.miui, com.miui.cleanmaster, com.miui.newhome, com.miui.voiceassist, com.android.phone, com.miui.yellowpage, com.android.updater, com.miui.tsmclient, com.miui.securitycore, com.xiaomi.account, com.xiaomi.shop, com.xiaomi.smarthome, com.mipay.wallet, com.xiaomi.youpin, com.xiaomi.hm.health, com.miui.bugreport, com.xiaomi.mibrain.speech, com.xiaomi.mimoji, com.xiaomi.scanner, com.duokan.phone.remotecontroller, com.miui.hybrid, com.android.incallui, com.miui.video, com.miui.videoplayer, com.miui.player, com.miui.fm, com.miui.packageinstaller, com.mi.android.globallauncher, com.mi.android.globallauncher-poco, com.google.android.dialer, com.google.android.apps.magazines, com.miui.compass, com.miui.greenguard, com.kiteguard, com.google.android.apps.prodcasts, com.google.ar.lens, com.xiangkan.android, com.android.bankabc, com.sohu.inputmethod.sogou, com.tencent.mtt, com.shyz.toutiao, com.netease.mc.mi, com.outfit7.talkingtomgoldrun.mi, com.doudz.mi, com.wepie.snake.new.mi, cn.jj, com.standddz002.mi, com.miHoYo.bh3.mi, com.qqgame.hlddz, com.happyelements.AndroidAnimal, com.minitech.miniworld.TMobile.mi, com.mfp.jelly.xiaomi, com.lilithgames.afk.mi, com.tencent.peng, com.teenpatti.hd.gold, blockpuzzle.jewelgames.jewelslegend, com.playgendary.tanks, com.chillingo.robberybobfree.android.row, com.episodeinteractive.android.catalog, com.playrix.township, com.ansangha.drdriving, com.google.android.youtube, com.gbits.atm.mi, com.tencent.tetris, com.sukhavati.gotoplaying.bubble.BubbleShooter.mint, com.block.puzzle.game.hippo.mi, com.youzu.bs.mi, com.appsomniacs.da2, com.miHoYo.Yuanshen, com.baidu.BaiduMap, com.google.android.googlequicksearchbox]
05-14 08:48:11.689  1551  1612 V ActivityTaskManager: Calling mServicetracker.OnActivityStateChange with flag falsestateINITIALIZING
05-14 08:48:11.690  1551  1612 V ActivityTaskManager: Calling mServicetracker.OnActivityStateChange with flag truestateINITIALIZING
05-14 08:48:11.690   874 27291 I vendor.qti.hardware.servicetracker@1.2-service: Activity state is changed to : 0
05-14 08:48:11.690   874 27291 I vendor.qti.hardware.servicetracker@1.2-service: Activity state is changed to : 0
05-14 08:48:11.700  1551  1612 D CompatibilityInfo: mCompatibilityFlags - 0
05-14 08:48:11.700  1551  1612 D CompatibilityInfo: applicationDensity - 480
05-14 08:48:11.700  1551  1612 D CompatibilityInfo: applicationScale - 1.0
05-14 08:48:11.701  1551  1612 V ActivityTaskManager: Calling mServicetracker.OnActivityStateChange with flag truestateRESUMED
05-14 08:48:11.701   874 24460 I vendor.qti.hardware.servicetracker@1.2-service: Activity state is changed to : 2
05-14 08:48:11.701  1551  1612 V ActivityTaskManager: Calling mServicetracker.OnActivityStateChange with flag truestatePAUSING
05-14 08:48:11.702  1551  1612 D ActivityTrigger: ActivityTrigger activityPauseTrigger 
05-14 08:48:11.702   874 24460 I vendor.qti.hardware.servicetracker@1.2-service: Activity state is changed to : 3
05-14 08:48:11.702  1551  1612 V ActivityTaskManager: Calling mServicetracker.OnActivityStateChange with flag falsestatePAUSING
05-14 08:48:11.702   874 24460 I vendor.qti.hardware.servicetracker@1.2-service: Activity state is changed to : 3
05-14 08:48:11.703   694   702 E statsd  : Predicate 5980654721335871649 dropping data for dimension key (10)0x2010101->10632[I] (10)0x30000->*launch*[S] 
05-14 08:48:11.706  2731  3014 D LauncherFsGestureCompat: componentName is com.yahorzabotsin.openvpnclientgate/.mobile.SplashActivity
05-14 08:48:11.708  1551  1676 D EventSequenceValidator: onIntentFailed during UNKNOWN.
05-14 08:48:11.708  1551  1676 D EventSequenceValidator: java.lang.Throwable: EventSequenceValidator#getStackTrace
05-14 08:48:11.708  1551  1676 D EventSequenceValidator: 	at com.google.android.startop.iorap.EventSequenceValidator.logWarningWithStackTrace(EventSequenceValidator.java:260)
05-14 08:48:11.708  1551  1676 D EventSequenceValidator: 	at com.google.android.startop.iorap.EventSequenceValidator.onIntentFailed(EventSequenceValidator.java:130)
05-14 08:48:11.708  1551  1676 D EventSequenceValidator: 	at com.android.server.wm.LaunchObserverRegistryImpl.handleOnIntentFailed(LaunchObserverRegistryImpl.java:147)
05-14 08:48:11.708  1551  1676 D EventSequenceValidator: 	at com.android.server.wm.LaunchObserverRegistryImpl.lambda$KukKmVpn5W_1xSV6Dnp8wW2H2Ks(Unknown Source:0)
05-14 08:48:11.708  1551  1676 D EventSequenceValidator: 	at com.android.server.wm.-$$Lambda$LaunchObserverRegistryImpl$KukKmVpn5W_1xSV6Dnp8wW2H2Ks.accept(Unknown Source:2)
05-14 08:48:11.708  1551  1676 D EventSequenceValidator: 	at com.android.internal.util.function.pooled.PooledLambdaImpl.doInvoke(PooledLambdaImpl.java:264)
05-14 08:48:11.708  1551  1676 D EventSequenceValidator: 	at com.android.internal.util.function.pooled.PooledLambdaImpl.invoke(PooledLambdaImpl.java:201)
05-14 08:48:11.708  1551  1676 D EventSequenceValidator: 	at com.android.internal.util.function.pooled.OmniFunction.run(OmniFunction.java:97)
05-14 08:48:11.708  1551  1676 D EventSequenceValidator: 	at android.os.Handler.handleCallback(Handler.java:938)
05-14 08:48:11.708  1551  1676 D EventSequenceValidator: 	at android.os.Handler.dispatchMessage(Handler.java:99)
05-14 08:48:11.708  1551  1676 D EventSequenceValidator: 	at android.os.Looper.loop(Looper.java:236)
05-14 08:48:11.708  1551  1676 D EventSequenceValidator: 	at android.os.HandlerThread.run(HandlerThread.java:67)
05-14 08:48:11.708  1551  1676 D EventSequenceValidator: 	at com.android.server.ServiceThread.run(ServiceThread.java:45)
05-14 08:48:11.708  1551  1676 D EventSequenceValidator: dec AccIntentStartedEvents to 2
05-14 08:48:11.714  1551  2464 V ActivityTaskManager: Calling mServicetracker.OnActivityStateChange with flag truestatePAUSED
05-14 08:48:11.715  1551  2464 V ActivityTaskManager: Calling mServicetracker.OnActivityStateChange with flag falsestatePAUSED
05-14 08:48:11.715  5171  5236 D ProfileInstaller: Installing profile for com.yahorzabotsin.openvpnclientgate
05-14 08:48:11.715  1551  2464 V ActivityTaskManager: Calling mServicetracker.OnActivityStateChange with flag truestateSTOPPING
05-14 08:48:11.715  1551  2464 V ActivityTaskManager: Calling mServicetracker.OnActivityStateChange with flag falsestateSTOPPING
05-14 08:48:11.715   874 24460 I vendor.qti.hardware.servicetracker@1.2-service: Activity state is changed to : 4
05-14 08:48:11.715   874 24460 I vendor.qti.hardware.servicetracker@1.2-service: Activity state is changed to : 4
05-14 08:48:11.715   874 24460 I vendor.qti.hardware.servicetracker@1.2-service: Activity state is changed to : 5
05-14 08:48:11.716  1551  2464 V ActivityTaskManager: Calling mServicetracker.OnActivityStateChange with flag truestateRESUMED
05-14 08:48:11.715   874 24460 I vendor.qti.hardware.servicetracker@1.2-service: Activity state is changed to : 5
05-14 08:48:11.716   874   874 I vendor.qti.hardware.servicetracker@1.2-service: Activity state is changed to : 2
05-14 08:48:11.717  1551  2464 I ActivityTaskManager: The Process com.yahorzabotsin.openvpnclientgate Already Exists in BG. So sending its PID: 5171
05-14 08:48:11.717  1551  2464 W ActivityTaskManager: Tried to set launchTime (0) < mLastActivityLaunchTime (372047972)
05-14 08:48:11.718  1551  2464 D CompatibilityInfo: mCompatibilityFlags - 0
05-14 08:48:11.718  1551  2464 D CompatibilityInfo: applicationDensity - 480
05-14 08:48:11.718  1551  2464 D CompatibilityInfo: applicationScale - 1.0
05-14 08:48:11.718  1551  2464 V ActivityTaskManager: Calling mServicetracker.OnActivityStateChange with flag truestateRESUMED
05-14 08:48:11.719  1551  2464 V ActivityTaskManager: Calling mServicetracker.OnActivityStateChange with flag falsestateRESUMED
05-14 08:48:11.719   874   874 I vendor.qti.hardware.servicetracker@1.2-service: Activity state is changed to : 2
05-14 08:48:11.719  1551  2464 D WindowManager: Input focus has changed to null
05-14 08:48:11.722  1551  2464 I Timeline: Timeline: App_transition_ready time:372054394
05-14 08:48:11.719   874   874 I vendor.qti.hardware.servicetracker@1.2-service: Activity state is changed to : 2
05-14 08:48:11.708 26398 26398 W ThreadPoolForeg: type=1400 audit(0.0:628474): avc: denied { write } for name="traced_producer" dev="tmpfs" ino=27834 scontext=u:r:gmscore_app:s0:c512,c768 tcontext=u:object_r:traced_producer_socket:s0 tclass=sock_file permissive=0 app=com.google.android.gms
05-14 08:48:11.740  1551  1612 D MIUIInput: [FoucsChange]: Display  0 FocusedWindow From Window{8aa5d12 mode=0 rootTaskId=4253 u0 com.yahorzabotsin.openvpnclientgate/com.yahorzabotsin.openvpnclientgate.mobile.SplashActivity}(1,1)  to null(0,0)
05-14 08:48:11.760  5171  5171 D OpenVPNGateApp:MainActivityCore: onCreate called.
05-14 08:48:11.823  2288  2288 D AppMiniWindowManager: topActivity updated in onTaskStackChanged
05-14 08:48:11.823 10638 12188 I SCTaskStackListener: onTaskStackChanged! inSplit = false
05-14 08:48:11.823 10638 20368 I SCTaskStackListener: onTaskStackChanged! inSplit = false
05-14 08:48:12.024  5171  5171 I OpenVPNGateApp:MainViewModel: Initial selection load mode resolved. vpn_connected=false, cache_only=false
05-14 08:48:12.026  5171  5171 D OpenVPNGateApp:ServersV2SyncCoordinator: syncCountries(forceRefresh=false, cacheOnly=false)
05-14 08:48:12.028  5171  5171 D OpenVPNGateApp:ServersV2Repository: getCountries[locale=ru]: cache hit
05-14 08:48:12.036  5171  5203 I OpenVPNGateApp:VersionReleaseRepository: Using cached release notes for 1.0.4-beta.1(63) locale=ru matchedLocale=ru fallback=false
05-14 08:48:12.038  5171  5205 I OpenVPNGateApp:UpdateCheckRepository: Checking updates: https://openvpngateclient.azurewebsites.net
05-14 08:48:12.040  5171  5171 I OpenVPNGateApp:ScreenFlow: enter MainActivity
05-14 08:48:12.043  5171  5171 D OpenVPNGateApp:VpnManager: syncStatus
05-14 08:48:12.046  1551  9201 D CompatibilityInfo: mCompatibilityFlags - 0
05-14 08:48:12.046  1551  9201 D CompatibilityInfo: applicationDensity - 480
05-14 08:48:12.047  1551  9201 D CompatibilityInfo: applicationScale - 1.0
05-14 08:48:12.048   874   904 I vendor.qti.hardware.servicetracker@1.2-service: startService() is called for servicecom.yahorzabotsin.openvpnclientgate/.vpn.OpenVpnService
05-14 08:48:12.052  5171  5205 I OpenVPNGateApp:UpdateCheckRepository: Checking updates: https://openvpngateclient.azurewebsites.net
05-14 08:48:12.075  5171  5171 D OpenVPNGateApp:SelectedCountryStore: getLastStartedConfig: country=Australia hasConfig=true
05-14 08:48:12.087  5171  5171 D OpenVPNGateApp:SelectedCountryStore: getLastStartedConfig: country=Australia hasConfig=true
05-14 08:48:12.110  5171  5205 I OpenVPNGateApp:UpdateCheckRepository: Update check result: hasUpdate=true, currentBuild=63, latestBuild=83, assetPlatform=mobile, hasAsset=true
05-14 08:48:12.110  1551  9201 V MiuiActivityTaskManagerServiceEx: dispatchActivityLifeState state = onResume
05-14 08:48:12.110  1551  9201 V MiuiActivityTaskManagerServiceEx: dispatchActivityLifeState r = ActivityRecord{498146 u0 com.yahorzabotsin.openvpnclientgate/.mobile.MainActivity t4253}
05-14 08:48:12.111  2731  2731 D RecentsImpl: mActivityStateObserver com.yahorzabotsin.openvpnclientgate.mobile.MainActivity
05-14 08:48:12.111  2731  2731 W RecentsImpl: onResumed className=com.yahorzabotsin.openvpnclientgate.mobile.MainActivity   mIsInAnotherPro=false
05-14 08:48:12.112  5171  5171 W Looper  : PerfMonitor looperActivity : package=com.yahorzabotsin.openvpnclientgate/.mobile.MainActivity time=1ms latency=391ms running=0ms  procState=2 ClientTransaction{ callbacks=[android.app.servertransaction.TopResumedActivityChangeItem] } historyMsgCount=3 (msgIndex=3 wall=380ms seq=199 running=330ms runnable=7ms late=11ms h=android.app.ActivityThread$H w=159)
05-14 08:48:12.114  5171  5171 D OpenVPNGateApp:ServersV2Repository: getCountries[locale=ru]: cache hit
05-14 08:48:12.139  5171  5171 I OpenVPNGateApp:MainViewModel: What's new loaded: 1.0.4-beta.1, title=╨С╨╡╤В╨░-╤А╨╡╨╗╨╕╨╖ v1.0.4-beta.1-auto(63)
05-14 08:48:12.153  5171  5171 I OpenVPNGateApp:OpenVpnService: Service created
05-14 08:48:12.160  5171  5171 D openvpn : Loading openvpn native library $id$ compiled on May 12 2026 17:35:10
05-14 08:48:12.165  5171  5171 I OpenVPNGateApp:OpenVpnService: Status source -> VPN_STATUS (VpnStatus update)
05-14 08:48:12.166  5171  5171 D OpenVPNGateApp:OpenVpnService: Engine state (VPN_STATUS): level=LEVEL_NOTCONNECTED state=NOPROCESS
05-14 08:48:12.170  1551  9201 D CompatibilityChangeReporter: Compat change id reported: 135634846; UID 10632; state: DISABLED
05-14 08:48:12.170  1551  1686 D CompatibilityChangeReporter: Compat change id reported: 143937733; UID 10632; state: ENABLED
05-14 08:48:12.172   874   904 I vendor.qti.hardware.servicetracker@1.2-service: bindService is called for service : com.yahorzabotsin.openvpnclientgate/de.blinkt.openvpn.core.OpenVPNStatusService and for client com.yahorzabotsin.openvpnclientgate
05-14 08:48:12.173  5171  5171 D OpenVPNGateApp:OpenVpnService: Binding status service: true
05-14 08:48:12.173   874   904 I vendor.qti.hardware.servicetracker@1.2-service: total connections for service : com.yahorzabotsin.openvpnclientgate/de.blinkt.openvpn.core.OpenVPNStatusServiceare :1
05-14 08:48:12.173   874   904 I vendor.qti.hardware.servicetracker@1.2-service: total connections for client : com.yahorzabotsin.openvpnclientgateare :1
05-14 08:48:12.176  5171  5171 D OpenVPNGateApp:OpenVpnService: ACTION_SYNC_STATUS
05-14 08:48:12.189   696   696 D Zygote  : Forked child process 5248
05-14 08:48:12.191  1551  1686 D Boost   : hostingType=service, hostingName={com.yahorzabotsin.openvpnclientgate/de.blinkt.openvpn.core.OpenVPNStatusService}, callerPackage=com.yahorzabotsin.openvpnclientgate, isSystem=false, isBoostNeeded=false.
05-14 08:48:12.191  1551  1686 I ActivityManager: Start proc 5248:com.yahorzabotsin.openvpnclientgate:openvpn/u0a632 for service {com.yahorzabotsin.openvpnclientgate/de.blinkt.openvpn.core.OpenVPNStatusService} caller=com.yahorzabotsin.openvpnclientgate
05-14 08:48:12.192  5248  5248 W Zygote  : Unable to open libbeluga.so: dlopen failed: library "libbeluga.so" not found.
05-14 08:48:12.203  5248  5248 I entgate:openvp: Late-enabling -Xcheck:jni
