05-14 08:47:42.271  1551  1612 D CompatibilityChangeReporter: Compat change id reported: 135634846; UID 10632; state: DISABLED
05-14 08:47:42.273  1551  1686 D CompatibilityChangeReporter: Compat change id reported: 143937733; UID 10632; state: ENABLED
05-14 08:47:42.273   874 24460 I vendor.qti.hardware.servicetracker@1.2-service: bindService is called for service : com.yahorzabotsin.openvpnclientgate/de.blinkt.openvpn.core.OpenVPNStatusService and for client com.yahorzabotsin.openvpnclientgate
05-14 08:47:42.273   874 24460 I vendor.qti.hardware.servicetracker@1.2-service: total connections for service : com.yahorzabotsin.openvpnclientgate/de.blinkt.openvpn.core.OpenVPNStatusServiceare :1
05-14 08:47:42.273   874 24460 I vendor.qti.hardware.servicetracker@1.2-service: total connections for client : com.yahorzabotsin.openvpnclientgateare :1
05-14 08:47:42.273  4775  4775 D OpenVPNGateApp:OpenVpnService: Binding status service: true
05-14 08:47:42.276  4775  4775 D OpenVPNGateApp:OpenVpnService: ACTION_SYNC_STATUS
05-14 08:47:42.296   696   696 D Zygote  : Forked child process 4855
05-14 08:47:42.298  1551  1686 D Boost   : hostingType=service, hostingName={com.yahorzabotsin.openvpnclientgate/de.blinkt.openvpn.core.OpenVPNStatusService}, callerPackage=com.yahorzabotsin.openvpnclientgate, isSystem=false, isBoostNeeded=false.
05-14 08:47:42.298  1551  1686 I ActivityManager: Start proc 4855:com.yahorzabotsin.openvpnclientgate:openvpn/u0a632 for service {com.yahorzabotsin.openvpnclientgate/de.blinkt.openvpn.core.OpenVPNStatusService} caller=com.yahorzabotsin.openvpnclientgate
05-14 08:47:42.299  4855  4855 W Zygote  : Unable to open libbeluga.so: dlopen failed: library "libbeluga.so" not found.
05-14 08:47:42.309  4855  4855 I entgate:openvp: Late-enabling -Xcheck:jni
05-14 08:47:42.331  1551  1612 V WindowManager: Orientation start waiting for draw, mDrawState=DRAW_PENDING in Window{a19e82c mode=0 rootTaskId=4250 u0 com.yahorzabotsin.openvpnclientgate/com.yahorzabotsin.openvpnclientgate.mobile.MainActivity}, surfaceController Surface(name=com.yahorzabotsin.openvpnclientgate/com.yahorzabotsin.openvpnclientgate.mobile.MainActivity)/@0xd08e356
05-14 08:47:42.332  1551  1612 I Timeline: Timeline: App_transition_ready time:372025004
05-14 08:47:42.336  4855  4855 I entgate:openvp: Unquickening 20 vdex files!
05-14 08:47:42.339  1551  1612 I Timeline: Timeline: App_transition_ready time:372025011
05-14 08:47:42.343  1551  1612 D WindowManager: Input focus has changed to Window{a19e82c mode=0 rootTaskId=4250 u0 com.yahorzabotsin.openvpnclientgate/com.yahorzabotsin.openvpnclientgate.mobile.MainActivity}
05-14 08:47:42.346 28700 28705 I adbd    : jdwp connection from 4855
05-14 08:47:42.365  1551  1612 D CompatibilityInfo: mCompatibilityFlags - 0
05-14 08:47:42.365  1551  1612 D CompatibilityInfo: applicationDensity - 480
05-14 08:47:42.365  1551  1612 D CompatibilityInfo: applicationScale - 1.0
05-14 08:47:42.366  1551  1612 D CompatibilityChangeReporter: Compat change id reported: 136274596; UID 10632; state: ENABLED
05-14 08:47:42.367  1551  1612 D CompatibilityInfo: mCompatibilityFlags - 0
05-14 08:47:42.367  1551  1612 D CompatibilityInfo: applicationDensity - 480
05-14 08:47:42.367  1551  1612 D CompatibilityInfo: applicationScale - 1.0
05-14 08:47:42.367   874 24460 I vendor.qti.hardware.servicetracker@1.2-service: startService() is called for servicecom.yahorzabotsin.openvpnclientgate/de.blinkt.openvpn.core.OpenVPNStatusService
05-14 08:47:42.413  4775  4808 I OpenVPNGateApp:UpdateCheckRepository: Update check result: hasUpdate=true, currentBuild=63, latestBuild=83, assetPlatform=mobile, hasAsset=true
05-14 08:47:42.414  4775  4809 I OpenVPNGateApp:VersionReleaseRepository: Loaded release notes for 1.0.4-beta.1(63) from https://openvpngateclient.azurewebsites.net/api/v1/versions/number/1.0.4-beta.1/build/63?locale=pl; requestedLocale=pl, resolvedLocale=pl
05-14 08:47:42.426 15490 15536 D CCodecBufferChannel: [c2.android.opus.encoder#2] DEBUG: elapsed: n=4 [in=0 pipeline=0 out=0 smoothness=4]
05-14 08:47:42.426 15490 15536 D PipelineWatcher: DEBUG: elapsed 1 / 4
05-14 08:47:42.455  4775  4775 D OpenVPNGateApp:SelectedCountryStore: getLastStartedConfig: country=Australia hasConfig=true
05-14 08:47:42.459  1551  1677 I Timeline: Timeline: App_transition_ready time:372025131
05-14 08:47:42.461  1551  1684 I ActivityTaskManager: Displayed com.yahorzabotsin.openvpnclientgate/.mobile.MainActivity: +639ms
05-14 08:47:42.463  4775  4775 D OpenVPNGateApp:SelectedCountryStore: getLastStartedConfig: country=Australia hasConfig=true
05-14 08:47:42.466  2288  2715 D MiuiPhoneStatusBarPolicy: updateManagedProfile: secondSpace = false
05-14 08:47:42.470  1551  1612 D MIUIInput: [FoucsChange]: Display  0 FocusedWindow From null(0,0)  to Window{a19e82c mode=0 rootTaskId=4250 u0 com.yahorzabotsin.openvpnclientgate/com.yahorzabotsin.openvpnclientgate.mobile.MainActivity}(1,1)
05-14 08:47:42.473  4775  4775 D OpenVPNGateApp:ServersV2Repository: getServersForCountry[AU]: serverCount=2 locale=pl
05-14 08:47:42.475  4775  4775 D OpenVPNGateApp:ServersV2Repository: getServersForCountry[AU][pl]: fetching from network
05-14 08:47:42.478  4775  4775 I OpenVPNGateApp:MainViewModel: Update loaded: 1.1.1-beta.2, latestBuild=83
05-14 08:47:42.483  4775  4775 I OpenVPNGateApp:MainActivityCore: Prompt update requested: oneTimeOnly=true, shouldShow=false
05-14 08:47:42.539 26398  2530 I NearbyMediums: No BLE Fast/GATT advertisements found in the latest cycle.
05-14 08:47:42.539 26398  2530 I NearbyMediums: Current Tracked Scanning Clients are : {NearbyConnections.EnvironmentMonitor, NearbySharing}
05-14 08:47:42.544  4775  4809 D OpenVPNGateApp:ServersV2Repository: fetchAllPages[AU]: fetched 2 servers (raw=2)
05-14 08:47:42.581  4775  4775 I OpenVPNGateApp:MainViewModel: Update loaded: 1.1.1-beta.2, latestBuild=83
05-14 08:47:42.584  4775  4879 D ProfileInstaller: Installing profile for com.yahorzabotsin.openvpnclientgate
05-14 08:47:42.612  4775  4775 I OpenVPNGateApp:MainViewModel: What's new loaded: 1.0.4-beta.1, title=Beta wersja v1.0.4-beta.1-auto(63)
05-14 08:47:42.622  8885  8885 I GoogleInputMethodService: GoogleInputMethodService.onFinishInput():2259 
05-14 08:47:42.623  8885  8885 I Module  : DeviceLockedStatusModuleProvider$Module.updateDeviceLockedStatus():103 repeatCheckTimes = 0, locked = false
05-14 08:47:42.624  8885  8885 I GoogleInputMethodService: GoogleInputMethodService.onStartInput():1446 onStartInput(EditorInfo{EditorInfo{packageName=com.yahorzabotsin.openvpnclientgate, inputType=0, inputTypeString=NULL, enableLearning=false, autoCorrection=false, autoComplete=false, imeOptions=0, privateImeOptions=null, actionName=UNSPECIFIED, actionLabel=null, initialSelStart=-1, initialSelEnd=-1, initialCapsMode=0, label=null, fieldId=2131296841, fieldName=null, extras=null, hintText=null, hintLocales=[]}}, false)
05-14 08:47:42.624  8885  8885 I AndroidIME: LatinIMEBase.updateInputViewCoverNavigation():322 Update input view padding, isNavbarOverInputWindow=false, bottom inset=130
05-14 08:47:42.625  8885  8885 I Module  : DeviceLockedStatusModuleProvider$Module.updateDeviceLockedStatus():103 repeatCheckTimes = 1, locked = false
05-14 08:47:42.684   694   702 E statsd  : Predicate 5980654721335871649 dropping data for dimension key (10)0x2010101->10632[I] (10)0x30000->*launch*[S] 
05-14 08:47:42.688  1551  2119 I MiuiNetworkPolicy: updateUidState uid = 10115, uidState = 19
05-14 08:47:42.691  4775  4775 I OpenVPNGateApp:SelectedCountryStore: saveSelectionPreservingIndex: country=Australia, count=2->2, current_restored=true
05-14 08:47:42.694  4775  4775 I OpenVPNGateApp:MainViewModel: Store version changed, reloading selection from cache
05-14 08:47:42.697  4775  4775 D OpenVPNGateApp:ConnectionControlsView: Server set: Australia, ip=203.45.204.129
05-14 08:47:42.707  4775  4775 D OpenVPNGateApp:SelectedCountryStore: getLastStartedConfig: country=Australia hasConfig=true
05-14 08:47:42.711  4775  4775 D OpenVPNGateApp:SelectedCountryStore: getLastStartedConfig: country=Australia hasConfig=true
05-14 08:47:42.713  4775  4775 D OpenVPNGateApp:ConnectionControlsView: VPN config set
05-14 08:47:42.718  4775  4775 D OpenVPNGateApp:SelectedCountryStore: getLastStartedConfig: country=Australia hasConfig=true
05-14 08:47:42.722  4775  4775 I chatty  : uid=10632(com.yahorzabotsin.openvpnclientgate) identical 1 line
05-14 08:47:42.725  4775  4775 D OpenVPNGateApp:SelectedCountryStore: getLastStartedConfig: country=Australia hasConfig=true
05-14 08:47:42.728  4775  4775 I OpenVPNGateApp:ServersV2SyncCoordinator: syncSelectedCountryServers: synced country=Australia servers=2
05-14 08:47:42.730  4775  4775 I OpenVPNGateApp:MainViewModel: Initial selection loaded: Australia, , ip=203.45.204.129
05-14 08:47:42.732  4775  4775 D OpenVPNGateApp:ConnectionControlsView: Server set: Australia, ip=203.45.204.129
05-14 08:47:42.736  4775  4775 D OpenVPNGateApp:SelectedCountryStore: getLastStartedConfig: country=Australia hasConfig=true
05-14 08:47:42.739  4775  4775 D OpenVPNGateApp:SelectedCountryStore: getLastStartedConfig: country=Australia hasConfig=true
05-14 08:47:42.742  4775  4775 D OpenVPNGateApp:ConnectionControlsView: VPN config set
05-14 08:47:42.747  4775  4775 D OpenVPNGateApp:SelectedCountryStore: getLastStartedConfig: country=Australia hasConfig=true
05-14 08:47:42.886  4855  4855 I Perf    : Connecting to perf service.
05-14 08:47:42.897  4855  4855 D NetworkSecurityConfig: No Network Security Config specified, using platform default
05-14 08:47:42.971  1551  1677 I Timeline: Timeline: Activity_windows_visible id: ActivityRecord{b5f593d u0 com.yahorzabotsin.openvpnclientgate/.mobile.MainActivity t4250} time:372025643
05-14 08:47:42.979  1551  1677 I Timeline: Timeline: App_transition_stopped time:372025651
05-14 08:47:42.987  1551  1676 V ActivityTaskManager: Calling mServicetracker.OnActivityStateChange with flag truestateFINISHING
05-14 08:47:42.988  1551  1676 V ActivityTaskManager: Calling mServicetracker.OnActivityStateChange with flag falsestateFINISHING
05-14 08:47:42.897  4855  4855 D NetworkSecurityConfig: No Network Security Config specified, using platform default
05-14 08:47:42.988   874 24460 I vendor.qti.hardware.servicetracker@1.2-service: Activity state is changed to : 7
05-14 08:47:42.988  1551  1676 V ActivityTaskManager: Calling mServicetracker.OnActivityStateChange with flag truestateDESTROYING
05-14 08:47:42.989  1551  1676 V ActivityTaskManager: Calling mServicetracker.OnActivityStateChange with flag falsestateDESTROYING
05-14 08:47:42.988   874 24460 I vendor.qti.hardware.servicetracker@1.2-service: Activity state is changed to : 7
05-14 08:47:42.989   874 24460 I vendor.qti.hardware.servicetracker@1.2-service: Activity state is changed to : 8
05-14 08:47:42.989   874 24460 I vendor.qti.hardware.servicetracker@1.2-service: Activity state is changed to : 8
05-14 08:47:42.996  4855  4855 D openvpn : Loading openvpn native library $id$ compiled on May 12 2026 17:35:10
05-14 08:47:43.012  1551  9188 V ActivityTaskManager: Calling mServicetracker.OnActivityStateChange with flag truestateDESTROYED
05-14 08:47:43.012  1551  9188 V ActivityTaskManager: Calling mServicetracker.OnActivityStateChange with flag falsestateDESTROYED
05-14 08:47:43.012   874 24460 I vendor.qti.hardware.servicetracker@1.2-service: Activity state is changed to : 9
05-14 08:47:43.012  4775  4775 I OpenVPNGateApp:OpenVpnService: Status source -> AIDL (status service connected)
05-14 08:47:43.012   874 24460 I vendor.qti.hardware.servicetracker@1.2-service: Activity state is changed to : 9
05-14 08:47:43.014  4775  4775 I OpenVPNGateApp:OpenVpnService: Status service connected
05-14 08:47:43.019  4775  4775 D OpenVPNGateApp:OpenVpnService: Engine state (AIDL): level=LEVEL_NOTCONNECTED state=NOPROCESS
05-14 08:47:43.020  4775  4793 I OpenVPNGateApp:OpenVpnService: Engine level=LEVEL_NOTCONNECTED detail=NOPROCESS source=AIDL
05-14 08:47:43.020  4775  4775 I OpenVPNGateApp:OpenVpnService: Engine level=LEVEL_NOTCONNECTED detail=NOPROCESS source=AIDL
05-14 08:47:43.021  4775  4793 D OpenVPNGateApp:ServerAutoSwitcher: Engine level received: level=LEVEL_NOTCONNECTED source=AIDL
05-14 08:47:43.022  4775  4775 D OpenVPNGateApp:OpenVpnService: One-shot initial state synced from AIDL snapshot
05-14 08:47:44.026  4775  4775 D OpenVPNGateApp:OpenVpnService: One-shot status sync complete; stopping controller service
05-14 08:47:44.030  4775  4797 I envpnclientgat: ProcessProfilingInfo new_methods=0 is saved saved_to_disk=0 resolve_classes_delay=8000
05-14 08:47:44.036   874 24460 I vendor.qti.hardware.servicetracker@1.2-service: destroyService is called for service : com.yahorzabotsin.openvpnclientgate/.vpn.OpenVpnService
05-14 08:47:44.041   874 24460 I vendor.qti.hardware.servicetracker@1.2-service: unbindService is called for service : com.yahorzabotsin.openvpnclientgate/de.blinkt.openvpn.core.OpenVPNStatusService and for client com.yahorzabotsin.openvpnclientgate
05-14 08:47:44.042   874 24460 I vendor.qti.hardware.servicetracker@1.2-service: size of service connections for service: com.yahorzabotsin.openvpnclientgate/de.blinkt.openvpn.core.OpenVPNStatusServiceafter removal is 0
05-14 08:47:44.042   874 24460 I vendor.qti.hardware.servicetracker@1.2-service: size of client connections for client: com.yahorzabotsin.openvpnclientgateafter removal is 0
05-14 08:47:44.046  4775  4775 D OpenVPNGateApp:OpenVpnService: Service destroyed and listener removed
05-14 08:47:44.111 15490 15533 D BufferPoolAccessor2.0: bufferpool2 0x713f973228 : 7(26880 size) total buffers - 4(15360 size) used buffers - 1571967/1571974 (recycle/alloc) - 654/3143939 (fetch/transfer)
05-14 08:47:44.189  2288  2288 E QSAnimator: tileView is null mute
05-14 08:47:44.190  2288  2288 E QSAnimator: tileView is null screenshot
05-14 08:47:44.190  2288  2288 E QSAnimator: tileView is null airplane
05-14 08:47:44.190  2288  2288 E QSAnimator: tileView is null screenlock
05-14 08:47:44.190  2288  2288 E QSAnimator: tileView is null hotspot
05-14 08:47:44.190  2288  2288 E QSAnimator: tileView is null gps
05-14 08:47:44.190  2288  2288 E QSAnimator: tileView is null rotation
05-14 08:47:44.190  2288  2288 E QSAnimator: tileView is null scanner
05-14 08:47:44.190  2288  2288 E QSAnimator: tileView is null papermode
05-14 08:47:44.190  2288  2288 E QSAnimator: tileView is null night
05-14 08:47:44.190  2288  2288 E QSAnimator: tileView is null quietmode
05-14 08:47:44.190  2288  2288 E QSAnimator: tileView is null batterysaver
05-14 08:47:44.190  2288  2288 E QSAnimator: tileView is null custom(com.miui.securitycenter/com.miui.superpower.notification.SuperPowerTileService)
05-14 08:47:44.190  2288  2288 E QSAnimator: tileView is null custom(com.milink.service/com.milink.ui.service.MiLinkTileService)
05-14 08:47:44.190  2288  2288 E QSAnimator: tileView is null custom(com.miui.mishare.connectivity/.tile.MiShareTileService)
05-14 08:47:44.190  2288  2288 E QSAnimator: tileView is null freeformhang
05-14 08:47:44.190  2288  2288 E QSAnimator: tileView is null custom(com.miui.screenrecorder/.service.QuickService)
05-14 08:47:44.190  2288  2288 E QSAnimator: tileView is null vibrate
05-14 08:47:44.190  2288  2288 E QSAnimator: tileView is null nfc
05-14 08:47:44.190  2288  2288 E QSAnimator: tileView is null edit
05-14 08:47:44.978  2288  2288 E QSAnimator: tileView is null mute
05-14 08:47:44.978  2288  2288 E QSAnimator: tileView is null screenshot
05-14 08:47:44.978  2288  2288 E QSAnimator: tileView is null airplane
05-14 08:47:44.978  2288  2288 E QSAnimator: tileView is null screenlock
05-14 08:47:44.978  2288  2288 E QSAnimator: tileView is null hotspot
05-14 08:47:44.978  2288  2288 E QSAnimator: tileView is null gps
05-14 08:47:44.978  2288  2288 E QSAnimator: tileView is null rotation
05-14 08:47:44.978  2288  2288 E QSAnimator: tileView is null scanner
05-14 08:47:44.978  2288  2288 E QSAnimator: tileView is null papermode
05-14 08:47:44.978  2288  2288 E QSAnimator: tileView is null night
05-14 08:47:44.978  2288  2288 E QSAnimator: tileView is null quietmode
05-14 08:47:44.978  2288  2288 E QSAnimator: tileView is null batterysaver
05-14 08:47:44.978  2288  2288 E QSAnimator: tileView is null custom(com.miui.securitycenter/com.miui.superpower.notification.SuperPowerTileService)
05-14 08:47:44.978  2288  2288 E QSAnimator: tileView is null custom(com.milink.service/com.milink.ui.service.MiLinkTileService)
05-14 08:47:44.978  2288  2288 E QSAnimator: tileView is null custom(com.miui.mishare.connectivity/.tile.MiShareTileService)
05-14 08:47:44.978  2288  2288 E QSAnimator: tileView is null freeformhang
05-14 08:47:44.978  2288  2288 E QSAnimator: tileView is null custom(com.miui.screenrecorder/.service.QuickService)
05-14 08:47:44.978  2288  2288 E QSAnimator: tileView is null vibrate
05-14 08:47:44.978  2288  2288 E QSAnimator: tileView is null nfc
05-14 08:47:44.979  2288  2288 E QSAnimator: tileView is null edit
05-14 08:47:45.726 15490 15536 D CCodecBufferChannel: [c2.android.opus.encoder#2] DEBUG: elapsed: n=4 [in=0 pipeline=0 out=0 smoothness=4]
05-14 08:47:45.727 15490 15536 D PipelineWatcher: DEBUG: elapsed 0 / 4
