05-14 08:48:26.106  5457  5486 I AdrenoGLES-0: Local Branch                     : mybrancheafe5b6d-fb5b-f1b0-b904-5cb90179c3e0
05-14 08:48:26.106  5457  5486 I AdrenoGLES-0: Remote Branch                    : quic/gfx-adreno.lnx.1.0.r114-rel
05-14 08:48:26.106  5457  5486 I AdrenoGLES-0: Remote Branch                    : NONE
05-14 08:48:26.106  5457  5486 I AdrenoGLES-0: Reconstruct Branch               : NOTHING
05-14 08:48:26.106  5457  5486 I AdrenoGLES-0: Build Config                     : S P 10.0.7 AArch64
05-14 08:48:26.106  5457  5486 I AdrenoGLES-0: Driver Path                      : /vendor/lib64/egl/libGLESv2_adreno.so
05-14 08:48:26.110  5457  5486 I AdrenoGLES-0: PFP: 0x016ee190, ME: 0x00000000
05-14 08:48:26.134   558   558 I hwservicemanager: getTransport: Cannot find entry android.hardware.graphics.mapper@4.0::IMapper/default in either framework or device manifest.
05-14 08:48:26.135  5457  5486 I Gralloc4: mapper 4.x is not supported
05-14 08:48:26.135   558   558 I hwservicemanager: getTransport: Cannot find entry android.hardware.graphics.mapper@3.0::IMapper/default in either framework or device manifest.
05-14 08:48:26.135  5457  5486 W Gralloc3: mapper 3.x is not supported
05-14 08:48:26.141  5457  5486 E LB      : fail to open file: No such file or directory
05-14 08:48:26.143  5457  5457 W Looper  : PerfMonitor doFrame : time=58ms vsyncFrame=9126623 latency=532ms procState=2 historyMsgCount=4 (msgIndex=1 wall=766ms seq=3 running=710ms runnable=14ms late=2ms h=android.app.ActivityThread$H w=110) (msgIndex=2 wall=320ms seq=4 running=261ms runnable=39ms late=758ms h=android.app.ActivityThread$H w=159)
05-14 08:48:26.148  1551  1677 I Timeline: Timeline: Activity_windows_visible id: ActivityRecord{10a1c9a u0 com.yahorzabotsin.openvpnclientgate/.mobile.SplashActivity t4255} time:372068819
05-14 08:48:26.148  1551  1684 D ArtManagerInternalImpl: /data/misc/iorapd/com.yahorzabotsin.openvpnclientgate/63/com.yahorzabotsin.openvpnclientgate.mobile.SplashActivity/compiled_traces/compiled_trace.pb doesn't exist
05-14 08:48:26.149  1551  1684 I ActivityTaskManager: Displayed com.yahorzabotsin.openvpnclientgate/.mobile.SplashActivity: +1s273ms
05-14 08:48:26.151  1551  1676 D EventSequenceValidator: onActivityLaunchFinished during UNKNOWN.
05-14 08:48:26.151  1551  1676 D EventSequenceValidator: java.lang.Throwable: EventSequenceValidator#getStackTrace
05-14 08:48:26.151  1551  1676 D EventSequenceValidator: 	at com.google.android.startop.iorap.EventSequenceValidator.logWarningWithStackTrace(EventSequenceValidator.java:260)
05-14 08:48:26.151  1551  1676 D EventSequenceValidator: 	at com.google.android.startop.iorap.EventSequenceValidator.onActivityLaunchFinished(EventSequenceValidator.java:185)
05-14 08:48:26.151  1551  1676 D EventSequenceValidator: 	at com.android.server.wm.LaunchObserverRegistryImpl.handleOnActivityLaunchFinished(LaunchObserverRegistryImpl.java:175)
05-14 08:48:26.151  1551  1676 D EventSequenceValidator: 	at com.android.server.wm.LaunchObserverRegistryImpl.lambda$QcawcFcJtEX4EhYptq_Vb4j368Y(Unknown Source:0)
05-14 08:48:26.151  1551  1676 D EventSequenceValidator: 	at com.android.server.wm.-$$Lambda$LaunchObserverRegistryImpl$QcawcFcJtEX4EhYptq_Vb4j368Y.accept(Unknown Source:10)
05-14 08:48:26.151  1551  1676 D EventSequenceValidator: 	at com.android.internal.util.function.pooled.PooledLambdaImpl.doInvoke(PooledLambdaImpl.java:292)
05-14 08:48:26.151  1551  1676 D EventSequenceValidator: 	at com.android.internal.util.function.pooled.PooledLambdaImpl.invoke(PooledLambdaImpl.java:201)
05-14 08:48:26.151  1551  1676 D EventSequenceValidator: 	at com.android.internal.util.function.pooled.OmniFunction.run(OmniFunction.java:97)
05-14 08:48:26.151  1551  1676 D EventSequenceValidator: 	at android.os.Handler.handleCallback(Handler.java:938)
05-14 08:48:26.151  1551  1676 D EventSequenceValidator: 	at android.os.Handler.dispatchMessage(Handler.java:99)
05-14 08:48:26.151  1551  1676 D EventSequenceValidator: 	at android.os.Looper.loop(Looper.java:236)
05-14 08:48:26.151  1551  1676 D EventSequenceValidator: 	at android.os.HandlerThread.run(HandlerThread.java:67)
05-14 08:48:26.151  1551  1676 D EventSequenceValidator: 	at com.android.server.ServiceThread.run(ServiceThread.java:45)
05-14 08:48:26.150  5448  5448 W BpBinder: PerfMonitor binderTransact :  time=1278ms interface=android.app.IActivityManager code=1598246212
05-14 08:48:26.150  5448  5450 I cmd     : oneway function results will be dropped but finished with status OK and parcel size 4
05-14 08:48:26.151  1551  1676 D EventSequenceValidator: dec AccIntentStartedEvents to 2
05-14 08:48:26.159  1551  2776 D MIUIInput: [FoucsChange]: Display  0 FocusedWindow From null(0,0)  to Window{ec48e95 mode=0 rootTaskId=4255 u0 com.yahorzabotsin.openvpnclientgate/com.yahorzabotsin.openvpnclientgate.mobile.SplashActivity}(1,1)
05-14 08:48:26.190   694   702 E statsd  : Predicate 5980654721335871649 dropping data for dimension key (10)0x2010101->10632[I] (10)0x30000->*launch*[S] 
05-14 08:48:26.190  1551  9205 V ActivityTaskManager: Calling mServicetracker.OnActivityStateChange with flag truestateSTOPPING
05-14 08:48:26.190  1551  9205 V ActivityTaskManager: Calling mServicetracker.OnActivityStateChange with flag falsestateSTOPPING
05-14 08:48:26.190   874 27291 I vendor.qti.hardware.servicetracker@1.2-service: Activity state is changed to : 5
05-14 08:48:26.190   874 27291 I vendor.qti.hardware.servicetracker@1.2-service: Activity state is changed to : 5
05-14 08:48:26.194  8885  8885 I GoogleInputMethodService: GoogleInputMethodService.onFinishInput():2259 
05-14 08:48:26.195  8885  8885 I Module  : DeviceLockedStatusModuleProvider$Module.updateDeviceLockedStatus():103 repeatCheckTimes = 0, locked = false
05-14 08:48:26.196  2731  2731 D Launcher.Lifecycle: onStop:UserHandle{0},8217634,false
05-14 08:48:26.196  8885  8885 I GoogleInputMethodService: GoogleInputMethodService.onStartInput():1446 onStartInput(EditorInfo{EditorInfo{packageName=com.yahorzabotsin.openvpnclientgate, inputType=0, inputTypeString=NULL, enableLearning=false, autoCorrection=false, autoComplete=false, imeOptions=0, privateImeOptions=null, actionName=UNSPECIFIED, actionLabel=null, initialSelStart=-1, initialSelEnd=-1, initialCapsMode=0, label=null, fieldId=-1, fieldName=null, extras=null, hintText=null, hintLocales=[]}}, false)
05-14 08:48:26.197  8885  8885 I AndroidIME: LatinIMEBase.updateInputViewCoverNavigation():322 Update input view padding, isNavbarOverInputWindow=false, bottom inset=130
05-14 08:48:26.199  8885  8885 I Module  : DeviceLockedStatusModuleProvider$Module.updateDeviceLockedStatus():103 repeatCheckTimes = 1, locked = false
05-14 08:48:26.201   874   904 I vendor.qti.hardware.servicetracker@1.2-service: unbindService is called for service : com.mi.android.globalminusscreen/com.google.mi.apps.gsa.nowoverlayservice.DrawerOverlayService and for client com.miui.home
05-14 08:48:26.204  1551  2119 I MiuiNetworkPolicy: updateUidState uid = 10152, uidState = 4
05-14 08:48:26.204  1551  2119 I MiuiNetworkPolicy: updateUidState uid = 10111, uidState = 5
05-14 08:48:26.209  9009  7388 I com.miui.daemo: oneway function results will be dropped but finished with status OK and parcel size 4
05-14 08:48:26.223  1551  9206 V ActivityTaskManager: Calling mServicetracker.OnActivityStateChange with flag truestateSTOPPED
05-14 08:48:26.223  1551  9206 V ActivityTaskManager: Calling mServicetracker.OnActivityStateChange with flag falsestateSTOPPED
05-14 08:48:26.210  9009  7388 I com.miui.daemo: oneway function results will be dropped but finished with status OK and parcel size 4
05-14 08:48:26.223   874   904 I vendor.qti.hardware.servicetracker@1.2-service: Activity state is changed to : 6
05-14 08:48:26.223   874   904 I vendor.qti.hardware.servicetracker@1.2-service: Activity state is changed to : 6
05-14 08:48:26.225   968   968 D SurfaceFlinger: Launcher Changed hasLauncher=0
05-14 08:48:26.227 10196 15632 D PMonitor:  onForegroundActivitiesChanged:pid = 2731,activity-uid=10111,foregroundActivities=false
05-14 08:48:26.511   558   558 I hwservicemanager: getTransport: Cannot find entry android.hardware.graphics.mapper@4.0::IMapper/default in either framework or device manifest.
05-14 08:48:26.511  5498  5498 I Gralloc4: mapper 4.x is not supported
05-14 08:48:26.511   558   558 I hwservicemanager: getTransport: Cannot find entry android.hardware.graphics.mapper@3.0::IMapper/default in either framework or device manifest.
05-14 08:48:26.511  5498  5498 W Gralloc3: mapper 3.x is not supported
05-14 08:48:26.589  1551  2119 I MiuiNetworkPolicy: updateUidState uid = 10186, uidState = 3
05-14 08:48:26.589  2232  2755 I BtGatt.ScanManager: msg.what = 6
05-14 08:48:26.590 26398 27028 I FontLog : (REDACTED) Received query %s, URI %s
05-14 08:48:26.590 26398 27028 I FontLog : (REDACTED) Query [%s] resolved to %s
05-14 08:48:26.591 26398 27028 I FontLog : (REDACTED) Fetch %s end status %s
05-14 08:48:26.598 26398 27028 I FontLog : (REDACTED) Pulling font file for id = %d, cache size = %d
05-14 08:48:26.603 26398 27028 I FontLog : (REDACTED) Pulling font file for id = %d, cache size = %d
05-14 08:48:26.841  1348 15544 D BufferPoolAccessor2.0: bufferpool2 0x738f27ca28 : 3(72000 size) total buffers - 1(24000 size) used buffers - 1574104/1574107 (recycle/alloc) - 655/1574105 (fetch/transfer)
05-14 08:48:27.107  5501  5501 D AndroidRuntime: >>>>>> START com.android.internal.os.RuntimeInit uid 2000 <<<<<<
05-14 08:48:27.112  5501  5501 E libc    : Access denied finding property "persist.device_config.runtime_native_boot.profilebootclasspath"
05-14 08:48:27.112  5501  5501 E libc    : Access denied finding property "persist.device_config.runtime_native_boot.enable_apex_image"
05-14 08:48:27.112  5501  5501 I AndroidRuntime: Using default boot image
05-14 08:48:27.112  5501  5501 E libc    : Access denied finding property "persist.device_config.runtime_native_boot.disable_lock_profiling"
05-14 08:48:27.098  5501  5501 W app_process: type=1400 audit(0.0:628530): avc: denied { read } for name="u:object_r:device_config_runtime_native_boot_prop:s0" dev="tmpfs" ino=22013 scontext=u:r:shell:s0 tcontext=u:object_r:device_config_runtime_native_boot_prop:s0 tclass=file permissive=0
05-14 08:48:27.112  5501  5501 I AndroidRuntime: Leaving lock profiling enabled
05-14 08:48:27.098  5501  5501 W app_process: type=1400 audit(0.0:628531): avc: denied { read } for name="u:object_r:device_config_runtime_native_boot_prop:s0" dev="tmpfs" ino=22013 scontext=u:r:shell:s0 tcontext=u:object_r:device_config_runtime_native_boot_prop:s0 tclass=file permissive=0
05-14 08:48:27.112  5501  5501 E libc    : Access denied finding property "persist.device_config.runtime_native_boot.enable_generational_cc"
05-14 08:48:27.098  5501  5501 W app_process: type=1400 audit(0.0:628532): avc: denied { read } for name="u:object_r:device_config_runtime_native_boot_prop:s0" dev="tmpfs" ino=22013 scontext=u:r:shell:s0 tcontext=u:object_r:device_config_runtime_native_boot_prop:s0 tclass=file permissive=0
05-14 08:48:27.098  5501  5501 W app_process: type=1400 audit(0.0:628533): avc: denied { read } for name="u:object_r:device_config_runtime_native_boot_prop:s0" dev="tmpfs" ino=22013 scontext=u:r:shell:s0 tcontext=u:object_r:device_config_runtime_native_boot_prop:s0 tclass=file permissive=0
05-14 08:48:27.237  5501  5501 D app_process: Time zone APEX ICU file found: /apex/com.android.tzdata/etc/icu/icu_tzdata.dat
05-14 08:48:27.237  5501  5501 D app_process: I18n APEX ICU file found: /apex/com.android.i18n/etc/icu/icudt66l.dat
05-14 08:48:27.269  5501  5501 W app_process: JNI RegisterNativeMethods: attempt to register 0 native methods for android.media.AudioAttributes
05-14 08:48:27.276  5501  5501 D AndroidRuntime: Calling main entry com.android.commands.uiautomator.Launcher
05-14 08:48:27.301  1551  1551 D AS.AudioService: Accessibility volume enabled = false
05-14 08:48:27.309  2288  2288 D CCTileAdapter: onAccessibilityStateChanged:true
05-14 08:48:27.316  2288  2288 D CCTileAdapter: onAccessibilityStateChanged:true
05-14 08:48:27.612  1551  2119 I MiuiNetworkPolicy: updateUidState uid = 10186, uidState = 5
05-14 08:48:27.613  2232  2755 I BtGatt.ScanManager: msg.what = 6
05-14 08:48:27.777  1551  2119 D MiuiNetworkPolicy: updateLimit mLimitEnabled=false,enabled=true,mNetworkPriorityMode=255
05-14 08:48:28.350  5501  5501 D ThemeCompatibility: START loading theme compatibility config.
05-14 08:48:28.350  5501  5501 D ThemeCompatibility: getVersion(): /data/system/theme_config/theme_compatibility.xml  java.io.FileNotFoundException: /data/system/theme_config/theme_compatibility.xml: open failed: ENOENT (No such file or directory)
05-14 08:48:28.359  5501  5501 D ThemeCompatibility: getConfigDocumentTree(): 140 vs -1
05-14 08:48:28.359  5501  5501 D ThemeCompatibility:     parse file: /system/media/theme/theme_compatibility.xml
05-14 08:48:28.370  5501  5501 D ThemeCompatibility: END loading: version=140 size=48
05-14 08:48:28.371  5501  5501 E AssetManager: WTF--create system assets with illegal uid: 2000, gid:2000
05-14 08:48:28.371  5501  5501 E AssetManager: java.lang.RuntimeException
05-14 08:48:28.371  5501  5501 E AssetManager: 	at android.content.res.AssetManager.createSystemAssetsInZygoteLocked(AssetManager.java:254)
05-14 08:48:28.371  5501  5501 E AssetManager: 	at android.content.res.AssetManager.getSystem(AssetManager.java:291)
05-14 08:48:28.371  5501  5501 E AssetManager: 	at android.content.res.Resources.<init>(Resources.java:353)
05-14 08:48:28.371  5501  5501 E AssetManager: 	at android.content.res.MiuiResources.<init>(MiuiResources.java:49)
05-14 08:48:28.371  5501  5501 E AssetManager: 	at android.content.res.Resources.getSystem(Resources.java:233)
05-14 08:48:28.371  5501  5501 E AssetManager: 	at android.util.MiuiMultiWindowAdapter.<clinit>(MiuiMultiWindowAdapter.java:83)
05-14 08:48:28.371  5501  5501 E AssetManager: 	at android.view.Display.getSize(Display.java:725)
05-14 08:48:28.371  5501  5501 E AssetManager: 	at com.android.commands.uiautomator.DumpCommand.run(DumpCommand.java:110)
05-14 08:48:28.371  5501  5501 E AssetManager: 	at com.android.commands.uiautomator.Launcher.main(Launcher.java:83)
05-14 08:48:28.371  5501  5501 E AssetManager: 	at com.android.internal.os.RuntimeInit.nativeFinishInit(Native Method)
05-14 08:48:28.371  5501  5501 E AssetManager: 	at com.android.internal.os.RuntimeInit.main(RuntimeInit.java:463)
05-14 08:48:28.388  5501  5501 W uiautomator: type=1400 audit(0.0:628534): avc: denied { execute } for name="idmap2" dev="dm-0" ino=1510 scontext=u:r:shell:s0 tcontext=u:object_r:idmap_exec:s0 tclass=file permissive=0
05-14 08:48:28.406  5501  5501 W app_process: unable to execute idmap2: Permission denied
05-14 08:48:28.406  5501  5501 W OverlayConfig: 'idmap2 create-multiple' failed: no mutable="false" overlays targeting "android" will be loaded
05-14 08:48:28.408  5501  5501 W asset   : unable to execute idmap2: Permission denied
05-14 08:48:28.408  5501  5501 W AssetManagerInjector: 'idmap2 --scan' failed: no static="true" overlays targeting "miui" will be loaded
05-14 08:48:28.398  5501  5501 W uiautomator: type=1400 audit(0.0:628535): avc: denied { execute } for name="idmap2" dev="dm-0" ino=1510 scontext=u:r:shell:s0 tcontext=u:object_r:idmap_exec:s0 tclass=file permissive=0
05-14 08:48:28.411  5501  5501 E app_process: Invalid ID 0x00000000.
05-14 08:48:28.439  5501  5501 W AccessibilityNodeInfoDumper: Fetch time: 23ms
05-14 08:48:28.441  1551  9182 W WindowManager: removeWindowToken: Attempted to remove non-existing token: android.os.Binder@1ddd85f
05-14 08:48:28.454  2288  2288 D CCTileAdapter: onAccessibilityStateChanged:false
05-14 08:48:28.462  2288  2288 D CCTileAdapter: onAccessibilityStateChanged:false
05-14 08:48:28.471  5501  5501 D AndroidRuntime: Shutting down VM
05-14 08:48:28.735 15490 15536 D CCodecBufferChannel: [c2.android.opus.encoder#2] DEBUG: elapsed: n=4 [in=0 pipeline=0 out=0 smoothness=4]
05-14 08:48:28.735 15490 15536 D PipelineWatcher: DEBUG: elapsed 0 / 4
05-14 08:48:28.747  1551  1680 D WatchdogInjector: checkOOMState heapAllocSize : 62MB; monitorSize : 500MB
05-14 08:48:29.057  2288  2288 E QSAnimator: tileView is null mute
05-14 08:48:29.058  2288  2288 E QSAnimator: tileView is null screenshot
05-14 08:48:29.058  2288  2288 E QSAnimator: tileView is null airplane
05-14 08:48:29.058  2288  2288 E QSAnimator: tileView is null screenlock
05-14 08:48:29.058  2288  2288 E QSAnimator: tileView is null hotspot
05-14 08:48:29.058  2288  2288 E QSAnimator: tileView is null gps
05-14 08:48:29.058  2288  2288 E QSAnimator: tileView is null rotation
05-14 08:48:29.058  2288  2288 E QSAnimator: tileView is null scanner
05-14 08:48:29.058  2288  2288 E QSAnimator: tileView is null papermode
05-14 08:48:29.058  2288  2288 E QSAnimator: tileView is null night
05-14 08:48:29.058  2288  2288 E QSAnimator: tileView is null quietmode
05-14 08:48:29.058  2288  2288 E QSAnimator: tileView is null batterysaver
05-14 08:48:29.058  2288  2288 E QSAnimator: tileView is null custom(com.miui.securitycenter/com.miui.superpower.notification.SuperPowerTileService)
05-14 08:48:29.058  2288  2288 E QSAnimator: tileView is null custom(com.milink.service/com.milink.ui.service.MiLinkTileService)
05-14 08:48:29.058  2288  2288 E QSAnimator: tileView is null custom(com.miui.mishare.connectivity/.tile.MiShareTileService)
05-14 08:48:29.058  2288  2288 E QSAnimator: tileView is null freeformhang
05-14 08:48:29.058  2288  2288 E QSAnimator: tileView is null custom(com.miui.screenrecorder/.service.QuickService)
05-14 08:48:29.058  2288  2288 E QSAnimator: tileView is null vibrate
05-14 08:48:29.058  2288  2288 E QSAnimator: tileView is null nfc
05-14 08:48:29.058  2288  2288 E QSAnimator: tileView is null edit
