05-14 08:47:28.557  4634  4634 D AppCompatDelegate: Checking for metadata for AppLocalesMetadataHolderService : Service not found
05-14 08:47:28.644  4634  4634 W envpnclientgat: Accessing hidden method Landroid/view/ViewGroup;->makeOptionalFitsSystemWindows()V (greylist, reflection, allowed)
05-14 08:47:28.675  4634  4634 I OpenVPNGateApp:SplashActivityCore: Starting server preload. vpn_connected=false, cache_only=false
05-14 08:47:28.682  4634  4634 W envpnclientgat: Accessing hidden method Ljava/lang/invoke/MethodHandles$Lookup;-><init>(Ljava/lang/Class;I)V (greylist, reflection, allowed)
05-14 08:47:28.745  1551  1680 D WatchdogInjector: checkOOMState heapAllocSize : 52MB; monitorSize : 500MB
05-14 08:47:28.746  4634  4634 D OpenVPNGateApp:ServersV2SyncCoordinator: syncCountries(forceRefresh=false, cacheOnly=false)
05-14 08:47:28.749 15490 15533 D BufferPoolAccessor2.0: bufferpool2 0x713f973228 : 7(26880 size) total buffers - 4(15360 size) used buffers - 1571199/1571206 (recycle/alloc) - 653/3142403 (fetch/transfer)
05-14 08:47:28.751  4634  4634 D OpenVPNGateApp:ServersV2Repository: getCountries[locale=ru]: fetching from network
05-14 08:47:28.806  1551  9195 V MiuiActivityTaskManagerServiceEx: dispatchActivityLifeState state = onResume
05-14 08:47:28.806  1551  9195 V MiuiActivityTaskManagerServiceEx: dispatchActivityLifeState r = ActivityRecord{fbb5ece u0 com.yahorzabotsin.openvpnclientgate/.mobile.SplashActivity t4249}
05-14 08:47:28.807  2731  2731 D RecentsImpl: mActivityStateObserver com.yahorzabotsin.openvpnclientgate.mobile.SplashActivity
05-14 08:47:28.807  2731  2731 W RecentsImpl: onResumed className=com.yahorzabotsin.openvpnclientgate.mobile.SplashActivity   mIsInAnotherPro=false
05-14 08:47:28.807  4634  4634 W Looper  : PerfMonitor looperActivity : package=com.yahorzabotsin.openvpnclientgate/.mobile.SplashActivity time=312ms latency=763ms running=268ms  procState=2 ClientTransaction{ callbacks=[android.app.servertransaction.LaunchActivityItem] lifecycleRequest=android.app.servertransaction.ResumeActivityItem } historyMsgCount=1 (msgIndex=1 wall=764ms seq=3 running=705ms runnable=15ms late=3ms h=android.app.ActivityThread$H w=110)
05-14 08:47:28.808  4634  4634 W Looper  : PerfMonitor looperActivity : package=com.yahorzabotsin.openvpnclientgate/.mobile.SplashActivity time=0ms latency=1075ms running=0ms  procState=2 ClientTransaction{ callbacks=[android.app.servertransaction.TopResumedActivityChangeItem] } historyMsgCount=3 (msgIndex=1 wall=764ms seq=3 running=705ms runnable=15ms late=3ms h=android.app.ActivityThread$H w=110) (msgIndex=2 wall=312ms seq=4 running=268ms runnable=18ms late=763ms h=android.app.ActivityThread$H w=159)
05-14 08:47:28.808  4634  4634 I Choreographer: Skipped 31 frames!  The application may be doing too much work on its main thread.
05-14 08:47:28.814  4634  4634 V MiuiFrameworkFactory: get AllImpl object = android.common.MiuiFrameworkFactoryImpl@5342a67
05-14 08:47:28.817  1551  9195 V WindowManager: Orientation start waiting for draw, mDrawState=DRAW_PENDING in Window{dcf05af mode=0 rootTaskId=4249 u0 com.yahorzabotsin.openvpnclientgate/com.yahorzabotsin.openvpnclientgate.mobile.SplashActivity}, surfaceController Surface(name=com.yahorzabotsin.openvpnclientgate/com.yahorzabotsin.openvpnclientgate.mobile.SplashActivity)/@0xdeeb145
05-14 08:47:28.822  1551  9195 D WindowManager: Input focus has changed to Window{dcf05af mode=0 rootTaskId=4249 u0 com.yahorzabotsin.openvpnclientgate/com.yahorzabotsin.openvpnclientgate.mobile.SplashActivity}
05-14 08:47:28.828  4634  4662 I AdrenoGLES-0: QUALCOMM build                   : 95db91f, Ifbc588260a
05-14 08:47:28.828  4634  4662 I AdrenoGLES-0: Build Date                       : 09/24/20
05-14 08:47:28.828  4634  4662 I AdrenoGLES-0: OpenGL ES Shader Compiler Version: EV031.32.02.01
05-14 08:47:28.828  4634  4662 I AdrenoGLES-0: Local Branch                     : mybrancheafe5b6d-fb5b-f1b0-b904-5cb90179c3e0
05-14 08:47:28.828  4634  4662 I AdrenoGLES-0: Remote Branch                    : quic/gfx-adreno.lnx.1.0.r114-rel
05-14 08:47:28.828  4634  4662 I AdrenoGLES-0: Remote Branch                    : NONE
05-14 08:47:28.828  4634  4662 I AdrenoGLES-0: Reconstruct Branch               : NOTHING
05-14 08:47:28.828  4634  4662 I AdrenoGLES-0: Build Config                     : S P 10.0.7 AArch64
05-14 08:47:28.828  4634  4662 I AdrenoGLES-0: Driver Path                      : /vendor/lib64/egl/libGLESv2_adreno.so
05-14 08:47:28.833  4634  4662 I AdrenoGLES-0: PFP: 0x016ee190, ME: 0x00000000
05-14 08:47:28.857   558   558 I hwservicemanager: getTransport: Cannot find entry android.hardware.graphics.mapper@4.0::IMapper/default in either framework or device manifest.
05-14 08:47:28.857  4634  4662 I Gralloc4: mapper 4.x is not supported
05-14 08:47:28.857   558   558 I hwservicemanager: getTransport: Cannot find entry android.hardware.graphics.mapper@3.0::IMapper/default in either framework or device manifest.
05-14 08:47:28.857  4634  4662 W Gralloc3: mapper 3.x is not supported
05-14 08:47:28.866  4634  4662 E LB      : fail to open file: No such file or directory
05-14 08:47:28.869  4634  4634 W Looper  : PerfMonitor doFrame : time=60ms vsyncFrame=9125630 latency=526ms procState=2 historyMsgCount=4 (msgIndex=1 wall=764ms seq=3 running=705ms runnable=15ms late=3ms h=android.app.ActivityThread$H w=110) (msgIndex=2 wall=312ms seq=4 running=268ms runnable=18ms late=763ms h=android.app.ActivityThread$H w=159)
05-14 08:47:28.875  1551  1677 I Timeline: Timeline: Activity_windows_visible id: ActivityRecord{fbb5ece u0 com.yahorzabotsin.openvpnclientgate/.mobile.SplashActivity t4249} time:372011547
05-14 08:47:28.875  1551  1684 D ArtManagerInternalImpl: /data/misc/iorapd/com.yahorzabotsin.openvpnclientgate/63/com.yahorzabotsin.openvpnclientgate.mobile.SplashActivity/compiled_traces/compiled_trace.pb doesn't exist
05-14 08:47:28.876  1551  1684 I ActivityTaskManager: Displayed com.yahorzabotsin.openvpnclientgate/.mobile.SplashActivity: +1s269ms
05-14 08:47:28.877  1551  1676 D EventSequenceValidator: onActivityLaunchFinished during UNKNOWN.
05-14 08:47:28.877  1551  1676 D EventSequenceValidator: java.lang.Throwable: EventSequenceValidator#getStackTrace
05-14 08:47:28.877  1551  1676 D EventSequenceValidator: 	at com.google.android.startop.iorap.EventSequenceValidator.logWarningWithStackTrace(EventSequenceValidator.java:260)
05-14 08:47:28.877  1551  1676 D EventSequenceValidator: 	at com.google.android.startop.iorap.EventSequenceValidator.onActivityLaunchFinished(EventSequenceValidator.java:185)
05-14 08:47:28.877  1551  1676 D EventSequenceValidator: 	at com.android.server.wm.LaunchObserverRegistryImpl.handleOnActivityLaunchFinished(LaunchObserverRegistryImpl.java:175)
05-14 08:47:28.877  1551  1676 D EventSequenceValidator: 	at com.android.server.wm.LaunchObserverRegistryImpl.lambda$QcawcFcJtEX4EhYptq_Vb4j368Y(Unknown Source:0)
05-14 08:47:28.877  1551  1676 D EventSequenceValidator: 	at com.android.server.wm.-$$Lambda$LaunchObserverRegistryImpl$QcawcFcJtEX4EhYptq_Vb4j368Y.accept(Unknown Source:10)
05-14 08:47:28.877  1551  1676 D EventSequenceValidator: 	at com.android.internal.util.function.pooled.PooledLambdaImpl.doInvoke(PooledLambdaImpl.java:292)
05-14 08:47:28.877  1551  1676 D EventSequenceValidator: 	at com.android.internal.util.function.pooled.PooledLambdaImpl.invoke(PooledLambdaImpl.java:201)
05-14 08:47:28.877  1551  1676 D EventSequenceValidator: 	at com.android.internal.util.function.pooled.OmniFunction.run(OmniFunction.java:97)
05-14 08:47:28.877  1551  1676 D EventSequenceValidator: 	at android.os.Handler.handleCallback(Handler.java:938)
05-14 08:47:28.877  1551  1676 D EventSequenceValidator: 	at android.os.Handler.dispatchMessage(Handler.java:99)
05-14 08:47:28.877  1551  1676 D EventSequenceValidator: 	at android.os.Looper.loop(Looper.java:236)
05-14 08:47:28.877  1551  1676 D EventSequenceValidator: 	at android.os.HandlerThread.run(HandlerThread.java:67)
05-14 08:47:28.877  1551  1676 D EventSequenceValidator: 	at com.android.server.ServiceThread.run(ServiceThread.java:45)
05-14 08:47:28.877  1551  1676 D EventSequenceValidator: dec AccIntentStartedEvents to 2
05-14 08:47:28.878  4625  4625 W BpBinder: PerfMonitor binderTransact :  time=1275ms interface=android.app.IActivityManager code=1598246212
05-14 08:47:28.878  4625  4627 I cmd     : oneway function results will be dropped but finished with status OK and parcel size 4
05-14 08:47:28.883  1551 10160 D MIUIInput: [FoucsChange]: Display  0 FocusedWindow From null(0,0)  to Window{dcf05af mode=0 rootTaskId=4249 u0 com.yahorzabotsin.openvpnclientgate/com.yahorzabotsin.openvpnclientgate.mobile.SplashActivity}(1,1)
05-14 08:47:28.902  2288  2288 E QSAnimator: tileView is null mute
05-14 08:47:28.902  2288  2288 E QSAnimator: tileView is null screenshot
05-14 08:47:28.902  2288  2288 E QSAnimator: tileView is null airplane
05-14 08:47:28.902  2288  2288 E QSAnimator: tileView is null screenlock
05-14 08:47:28.902  2288  2288 E QSAnimator: tileView is null hotspot
05-14 08:47:28.902  2288  2288 E QSAnimator: tileView is null gps
05-14 08:47:28.902  2288  2288 E QSAnimator: tileView is null rotation
05-14 08:47:28.902  2288  2288 E QSAnimator: tileView is null scanner
05-14 08:47:28.902  2288  2288 E QSAnimator: tileView is null papermode
05-14 08:47:28.902  2288  2288 E QSAnimator: tileView is null night
05-14 08:47:28.902  2288  2288 E QSAnimator: tileView is null quietmode
05-14 08:47:28.902  2288  2288 E QSAnimator: tileView is null batterysaver
05-14 08:47:28.902  2288  2288 E QSAnimator: tileView is null custom(com.miui.securitycenter/com.miui.superpower.notification.SuperPowerTileService)
05-14 08:47:28.902  2288  2288 E QSAnimator: tileView is null custom(com.milink.service/com.milink.ui.service.MiLinkTileService)
05-14 08:47:28.902  2288  2288 E QSAnimator: tileView is null custom(com.miui.mishare.connectivity/.tile.MiShareTileService)
05-14 08:47:28.902  2288  2288 E QSAnimator: tileView is null freeformhang
05-14 08:47:28.902  2288  2288 E QSAnimator: tileView is null custom(com.miui.screenrecorder/.service.QuickService)
05-14 08:47:28.902  2288  2288 E QSAnimator: tileView is null vibrate
05-14 08:47:28.902  2288  2288 E QSAnimator: tileView is null nfc
05-14 08:47:28.902  2288  2288 E QSAnimator: tileView is null edit
05-14 08:47:28.917  1551 10160 V ActivityTaskManager: Calling mServicetracker.OnActivityStateChange with flag truestateSTOPPING
05-14 08:47:28.917  1551 10160 V ActivityTaskManager: Calling mServicetracker.OnActivityStateChange with flag falsestateSTOPPING
05-14 08:47:28.917   874 27291 I vendor.qti.hardware.servicetracker@1.2-service: Activity state is changed to : 5
05-14 08:47:28.918   874 27291 I vendor.qti.hardware.servicetracker@1.2-service: Activity state is changed to : 5
05-14 08:47:28.918   694   702 E statsd  : Predicate 5980654721335871649 dropping data for dimension key (10)0x2010101->10632[I] (10)0x30000->*launch*[S] 
05-14 08:47:28.923  1551  2119 I MiuiNetworkPolicy: updateUidState uid = 10152, uidState = 4
05-14 08:47:28.924  1551  2119 I MiuiNetworkPolicy: updateUidState uid = 10111, uidState = 5
05-14 08:47:28.924  8885  8885 I GoogleInputMethodService: GoogleInputMethodService.onFinishInput():2259 
05-14 08:47:28.924  2731  2731 D Launcher.Lifecycle: onStop:UserHandle{0},8217634,false
05-14 08:47:28.925  8885  8885 I Module  : DeviceLockedStatusModuleProvider$Module.updateDeviceLockedStatus():103 repeatCheckTimes = 0, locked = false
05-14 08:47:28.925  8885  8885 I GoogleInputMethodService: GoogleInputMethodService.onStartInput():1446 onStartInput(EditorInfo{EditorInfo{packageName=com.yahorzabotsin.openvpnclientgate, inputType=0, inputTypeString=NULL, enableLearning=false, autoCorrection=false, autoComplete=false, imeOptions=0, privateImeOptions=null, actionName=UNSPECIFIED, actionLabel=null, initialSelStart=-1, initialSelEnd=-1, initialCapsMode=0, label=null, fieldId=-1, fieldName=null, extras=null, hintText=null, hintLocales=[]}}, false)
05-14 08:47:28.925  8885  8885 I AndroidIME: LatinIMEBase.updateInputViewCoverNavigation():322 Update input view padding, isNavbarOverInputWindow=false, bottom inset=130
05-14 08:47:28.927  8885  8885 I Module  : DeviceLockedStatusModuleProvider$Module.updateDeviceLockedStatus():103 repeatCheckTimes = 1, locked = false
05-14 08:47:28.928   874 24460 I vendor.qti.hardware.servicetracker@1.2-service: unbindService is called for service : com.mi.android.globalminusscreen/com.google.mi.apps.gsa.nowoverlayservice.DrawerOverlayService and for client com.miui.home
05-14 08:47:28.952  1551 10160 V ActivityTaskManager: Calling mServicetracker.OnActivityStateChange with flag truestateSTOPPED
05-14 08:47:28.952  1551 10160 V ActivityTaskManager: Calling mServicetracker.OnActivityStateChange with flag falsestateSTOPPED
05-14 08:47:28.952   874 24460 I vendor.qti.hardware.servicetracker@1.2-service: Activity state is changed to : 6
05-14 08:47:28.952   874 24460 I vendor.qti.hardware.servicetracker@1.2-service: Activity state is changed to : 6
05-14 08:47:28.955 10196 17201 D PMonitor:  onForegroundActivitiesChanged:pid = 2731,activity-uid=10111,foregroundActivities=false
05-14 08:47:28.967   968   968 D SurfaceFlinger: Launcher Changed hasLauncher=0
05-14 08:47:29.192 15490 15536 D CCodecBufferChannel: [c2.android.opus.encoder#2] DEBUG: elapsed: n=4 [in=0 pipeline=0 out=0 smoothness=4]
05-14 08:47:29.192 15490 15536 D PipelineWatcher: DEBUG: elapsed 0 / 4
05-14 08:47:29.239   558   558 I hwservicemanager: getTransport: Cannot find entry android.hardware.graphics.mapper@4.0::IMapper/default in either framework or device manifest.
05-14 08:47:29.239  4677  4677 I Gralloc4: mapper 4.x is not supported
05-14 08:47:29.239   558   558 I hwservicemanager: getTransport: Cannot find entry android.hardware.graphics.mapper@3.0::IMapper/default in either framework or device manifest.
05-14 08:47:29.239  4677  4677 W Gralloc3: mapper 3.x is not supported
05-14 08:47:29.305  1551  2119 I MiuiNetworkPolicy: updateUidState uid = 10186, uidState = 3
05-14 08:47:29.306  2232  2755 I BtGatt.ScanManager: msg.what = 6
05-14 08:47:29.308 26398 27028 I FontLog : (REDACTED) Received query %s, URI %s
05-14 08:47:29.308 26398 27028 I FontLog : (REDACTED) Query [%s] resolved to %s
05-14 08:47:29.309 26398 27028 I FontLog : (REDACTED) Fetch %s end status %s
05-14 08:47:29.316 26398 27028 I FontLog : (REDACTED) Pulling font file for id = %d, cache size = %d
05-14 08:47:29.321 26398 27028 I FontLog : (REDACTED) Pulling font file for id = %d, cache size = %d
05-14 08:47:29.850  4680  4680 D AndroidRuntime: >>>>>> START com.android.internal.os.RuntimeInit uid 2000 <<<<<<
05-14 08:47:29.856  4680  4680 E libc    : Access denied finding property "persist.device_config.runtime_native_boot.profilebootclasspath"
05-14 08:47:29.856  4680  4680 E libc    : Access denied finding property "persist.device_config.runtime_native_boot.enable_apex_image"
05-14 08:47:29.856  4680  4680 I AndroidRuntime: Using default boot image
05-14 08:47:29.856  4680  4680 E libc    : Access denied finding property "persist.device_config.runtime_native_boot.disable_lock_profiling"
05-14 08:47:29.856  4680  4680 I AndroidRuntime: Leaving lock profiling enabled
05-14 08:47:29.856  4680  4680 E libc    : Access denied finding property "persist.device_config.runtime_native_boot.enable_generational_cc"
05-14 08:47:29.838  4680  4680 W app_process: type=1400 audit(0.0:628346): avc: denied { read } for name="u:object_r:device_config_runtime_native_boot_prop:s0" dev="tmpfs" ino=22013 scontext=u:r:shell:s0 tcontext=u:object_r:device_config_runtime_native_boot_prop:s0 tclass=file permissive=0
05-14 08:47:29.838  4680  4680 I chatty  : uid=2000(shell) app_process identical 2 lines
05-14 08:47:29.838  4680  4680 W app_process: type=1400 audit(0.0:628349): avc: denied { read } for name="u:object_r:device_config_runtime_native_boot_prop:s0" dev="tmpfs" ino=22013 scontext=u:r:shell:s0 tcontext=u:object_r:device_config_runtime_native_boot_prop:s0 tclass=file permissive=0
05-14 08:47:29.961  4680  4680 D app_process: Time zone APEX ICU file found: /apex/com.android.tzdata/etc/icu/icu_tzdata.dat
05-14 08:47:29.961  4680  4680 D app_process: I18n APEX ICU file found: /apex/com.android.i18n/etc/icu/icudt66l.dat
05-14 08:47:29.996  4680  4680 W app_process: JNI RegisterNativeMethods: attempt to register 0 native methods for android.media.AudioAttributes
05-14 08:47:30.003  4680  4680 D AndroidRuntime: Calling main entry com.android.commands.uiautomator.Launcher
05-14 08:47:30.026  1551  1551 D AS.AudioService: Accessibility volume enabled = false
05-14 08:47:30.037  2288  2288 D CCTileAdapter: onAccessibilityStateChanged:true
05-14 08:47:30.043  2288  2288 D CCTileAdapter: onAccessibilityStateChanged:true
05-14 08:47:30.335  2232  2755 I BtGatt.ScanManager: msg.what = 6
05-14 08:47:30.335  1551  2119 I MiuiNetworkPolicy: updateUidState uid = 10186, uidState = 5
05-14 08:47:30.608  1348 15544 D BufferPoolAccessor2.0: bufferpool2 0x738f27ca28 : 3(72000 size) total buffers - 1(24000 size) used buffers - 1571292/1571295 (recycle/alloc) - 654/1571293 (fetch/transfer)
05-14 08:47:31.072  4680  4680 D ThemeCompatibility: START loading theme compatibility config.
05-14 08:47:31.072  4680  4680 D ThemeCompatibility: getVersion(): /data/system/theme_config/theme_compatibility.xml  java.io.FileNotFoundException: /data/system/theme_config/theme_compatibility.xml: open failed: ENOENT (No such file or directory)
05-14 08:47:31.081  4680  4680 D ThemeCompatibility: getConfigDocumentTree(): 140 vs -1
05-14 08:47:31.081  4680  4680 D ThemeCompatibility:     parse file: /system/media/theme/theme_compatibility.xml
05-14 08:47:31.091  4680  4680 D ThemeCompatibility: END loading: version=140 size=48
05-14 08:47:31.092  4680  4680 E AssetManager: WTF--create system assets with illegal uid: 2000, gid:2000
05-14 08:47:31.092  4680  4680 E AssetManager: java.lang.RuntimeException
05-14 08:47:31.092  4680  4680 E AssetManager: 	at android.content.res.AssetManager.createSystemAssetsInZygoteLocked(AssetManager.java:254)
05-14 08:47:31.092  4680  4680 E AssetManager: 	at android.content.res.AssetManager.getSystem(AssetManager.java:291)
05-14 08:47:31.092  4680  4680 E AssetManager: 	at android.content.res.Resources.<init>(Resources.java:353)
05-14 08:47:31.092  4680  4680 E AssetManager: 	at android.content.res.MiuiResources.<init>(MiuiResources.java:49)
05-14 08:47:31.092  4680  4680 E AssetManager: 	at android.content.res.Resources.getSystem(Resources.java:233)
05-14 08:47:31.092  4680  4680 E AssetManager: 	at android.util.MiuiMultiWindowAdapter.<clinit>(MiuiMultiWindowAdapter.java:83)
05-14 08:47:31.092  4680  4680 E AssetManager: 	at android.view.Display.getSize(Display.java:725)
05-14 08:47:31.092  4680  4680 E AssetManager: 	at com.android.commands.uiautomator.DumpCommand.run(DumpCommand.java:110)
05-14 08:47:31.092  4680  4680 E AssetManager: 	at com.android.commands.uiautomator.Launcher.main(Launcher.java:83)
05-14 08:47:31.092  4680  4680 E AssetManager: 	at com.android.internal.os.RuntimeInit.nativeFinishInit(Native Method)
05-14 08:47:31.092  4680  4680 E AssetManager: 	at com.android.internal.os.RuntimeInit.main(RuntimeInit.java:463)
05-14 08:47:31.108  4680  4680 W uiautomator: type=1400 audit(0.0:628350): avc: denied { execute } for name="idmap2" dev="dm-0" ino=1510 scontext=u:r:shell:s0 tcontext=u:object_r:idmap_exec:s0 tclass=file permissive=0
05-14 08:47:31.121  4680  4680 W app_process: unable to execute idmap2: Permission denied
05-14 08:47:31.121  4680  4680 W OverlayConfig: 'idmap2 create-multiple' failed: no mutable="false" overlays targeting "android" will be loaded
05-14 08:47:31.123  4680  4680 W asset   : unable to execute idmap2: Permission denied
05-14 08:47:31.123  4680  4680 W AssetManagerInjector: 'idmap2 --scan' failed: no static="true" overlays targeting "miui" will be loaded
05-14 08:47:31.108  4680  4680 W uiautomator: type=1400 audit(0.0:628351): avc: denied { execute } for name="idmap2" dev="dm-0" ino=1510 scontext=u:r:shell:s0 tcontext=u:object_r:idmap_exec:s0 tclass=file permissive=0
05-14 08:47:31.126  4680  4680 E app_process: Invalid ID 0x00000000.
05-14 08:47:31.144  4680  4680 W AccessibilityNodeInfoDumper: Fetch time: 13ms
05-14 08:47:31.145  1551 10160 W WindowManager: removeWindowToken: Attempted to remove non-existing token: android.os.Binder@c2b3c69
05-14 08:47:31.153  2288  2288 D CCTileAdapter: onAccessibilityStateChanged:false
05-14 08:47:31.156  2288  2288 D CCTileAdapter: onAccessibilityStateChanged:false
05-14 08:47:31.173  4680  4680 D AndroidRuntime: Shutting down VM
05-14 08:47:31.308 26573 26573 W ThreadPoolForeg: type=1400 audit(0.0:628352): avc: denied { write } for name="traced_producer" dev="tmpfs" ino=27834 scontext=u:r:gmscore_app:s0:c512,c768 tcontext=u:object_r:traced_producer_socket:s0 tclass=sock_file permissive=0 app=com.google.android.gms
