05-14 08:48:16.324  1551  1676 D EventSequenceValidator: 	at com.google.android.startop.iorap.EventSequenceValidator.logWarningWithStackTrace(EventSequenceValidator.java:260)
05-14 08:48:16.324  1551  1676 D EventSequenceValidator: 	at com.google.android.startop.iorap.EventSequenceValidator.onActivityLaunchFinished(EventSequenceValidator.java:185)
05-14 08:48:16.324  1551  1676 D EventSequenceValidator: 	at com.android.server.wm.LaunchObserverRegistryImpl.handleOnActivityLaunchFinished(LaunchObserverRegistryImpl.java:175)
05-14 08:48:16.324  1551  1676 D EventSequenceValidator: 	at com.android.server.wm.LaunchObserverRegistryImpl.lambda$QcawcFcJtEX4EhYptq_Vb4j368Y(Unknown Source:0)
05-14 08:48:16.324  1551  1676 D EventSequenceValidator: 	at com.android.server.wm.-$$Lambda$LaunchObserverRegistryImpl$QcawcFcJtEX4EhYptq_Vb4j368Y.accept(Unknown Source:10)
05-14 08:48:16.324  1551  1676 D EventSequenceValidator: 	at com.android.internal.util.function.pooled.PooledLambdaImpl.doInvoke(PooledLambdaImpl.java:292)
05-14 08:48:16.324  1551  1676 D EventSequenceValidator: 	at com.android.internal.util.function.pooled.PooledLambdaImpl.invoke(PooledLambdaImpl.java:201)
05-14 08:48:16.324  1551  1676 D EventSequenceValidator: 	at com.android.internal.util.function.pooled.OmniFunction.run(OmniFunction.java:97)
05-14 08:48:16.324  1551  1676 D EventSequenceValidator: 	at android.os.Handler.handleCallback(Handler.java:938)
05-14 08:48:16.324  1551  1676 D EventSequenceValidator: 	at android.os.Handler.dispatchMessage(Handler.java:99)
05-14 08:48:16.324  1551  1676 D EventSequenceValidator: 	at android.os.Looper.loop(Looper.java:236)
05-14 08:48:16.324  1551  1676 D EventSequenceValidator: 	at android.os.HandlerThread.run(HandlerThread.java:67)
05-14 08:48:16.324  1551  1676 D EventSequenceValidator: 	at com.android.server.ServiceThread.run(ServiceThread.java:45)
05-14 08:48:16.324  1551  1676 D EventSequenceValidator: dec AccIntentStartedEvents to 2
05-14 08:48:16.336  1551  2776 D MIUIInput: [FoucsChange]: Display  0 FocusedWindow From null(0,0)  to Window{8120849 mode=0 rootTaskId=4254 u0 com.yahorzabotsin.openvpnclientgate/com.yahorzabotsin.openvpnclientgate.mobile.SplashActivity}(1,1)
05-14 08:48:16.366  1551  2776 V ActivityTaskManager: Calling mServicetracker.OnActivityStateChange with flag truestateSTOPPING
05-14 08:48:16.367  1551  2776 V ActivityTaskManager: Calling mServicetracker.OnActivityStateChange with flag falsestateSTOPPING
05-14 08:48:16.367   874   904 I vendor.qti.hardware.servicetracker@1.2-service: Activity state is changed to : 5
05-14 08:48:16.367   694   702 E statsd  : Predicate 5980654721335871649 dropping data for dimension key (10)0x2010101->10632[I] (10)0x30000->*launch*[S] 
05-14 08:48:16.368   874   904 I vendor.qti.hardware.servicetracker@1.2-service: Activity state is changed to : 5
05-14 08:48:16.373  1551  2119 I MiuiNetworkPolicy: updateUidState uid = 10152, uidState = 4
05-14 08:48:16.373  2731  2731 D Launcher.Lifecycle: onStop:UserHandle{0},8217634,false
05-14 08:48:16.373  1551  2119 I MiuiNetworkPolicy: updateUidState uid = 10111, uidState = 5
05-14 08:48:16.373  8885  8885 I GoogleInputMethodService: GoogleInputMethodService.onFinishInput():2259 
05-14 08:48:16.374  8885  8885 I Module  : DeviceLockedStatusModuleProvider$Module.updateDeviceLockedStatus():103 repeatCheckTimes = 0, locked = false
05-14 08:48:16.374  8885  8885 I GoogleInputMethodService: GoogleInputMethodService.onStartInput():1446 onStartInput(EditorInfo{EditorInfo{packageName=com.yahorzabotsin.openvpnclientgate, inputType=0, inputTypeString=NULL, enableLearning=false, autoCorrection=false, autoComplete=false, imeOptions=0, privateImeOptions=null, actionName=UNSPECIFIED, actionLabel=null, initialSelStart=-1, initialSelEnd=-1, initialCapsMode=0, label=null, fieldId=-1, fieldName=null, extras=null, hintText=null, hintLocales=[]}}, false)
05-14 08:48:16.374  8885  8885 I AndroidIME: LatinIMEBase.updateInputViewCoverNavigation():322 Update input view padding, isNavbarOverInputWindow=false, bottom inset=130
05-14 08:48:16.375  8885  8885 I Module  : DeviceLockedStatusModuleProvider$Module.updateDeviceLockedStatus():103 repeatCheckTimes = 1, locked = false
05-14 08:48:16.377   874   904 I vendor.qti.hardware.servicetracker@1.2-service: unbindService is called for service : com.mi.android.globalminusscreen/com.google.mi.apps.gsa.nowoverlayservice.DrawerOverlayService and for client com.miui.home
05-14 08:48:16.401  1551  9205 V ActivityTaskManager: Calling mServicetracker.OnActivityStateChange with flag truestateSTOPPED
05-14 08:48:16.401  1551  9205 V ActivityTaskManager: Calling mServicetracker.OnActivityStateChange with flag falsestateSTOPPED
05-14 08:48:16.401   874   904 I vendor.qti.hardware.servicetracker@1.2-service: Activity state is changed to : 6
05-14 08:48:16.401   874   904 I vendor.qti.hardware.servicetracker@1.2-service: Activity state is changed to : 6
05-14 08:48:16.405 10196 17201 D PMonitor:  onForegroundActivitiesChanged:pid = 2731,activity-uid=10111,foregroundActivities=false
05-14 08:48:16.419   968   968 D SurfaceFlinger: Launcher Changed hasLauncher=0
05-14 08:48:16.622  1348 15544 D BufferPoolAccessor2.0: bufferpool2 0x738f27ca28 : 3(72000 size) total buffers - 1(24000 size) used buffers - 1573593/1573596 (recycle/alloc) - 655/1573594 (fetch/transfer)
05-14 08:48:16.652   558   558 I hwservicemanager: getTransport: Cannot find entry android.hardware.graphics.mapper@4.0::IMapper/default in either framework or device manifest.
05-14 08:48:16.652  5353  5353 I Gralloc4: mapper 4.x is not supported
05-14 08:48:16.652   558   558 I hwservicemanager: getTransport: Cannot find entry android.hardware.graphics.mapper@3.0::IMapper/default in either framework or device manifest.
05-14 08:48:16.652  5353  5353 W Gralloc3: mapper 3.x is not supported
05-14 08:48:16.772  2232  2755 I BtGatt.ScanManager: msg.what = 6
05-14 08:48:16.772  1551  2119 I MiuiNetworkPolicy: updateUidState uid = 10186, uidState = 3
05-14 08:48:16.774 26398 27028 I FontLog : (REDACTED) Received query %s, URI %s
05-14 08:48:16.774 26398 27028 I FontLog : (REDACTED) Query [%s] resolved to %s
05-14 08:48:16.776 26398 27028 I FontLog : (REDACTED) Fetch %s end status %s
05-14 08:48:16.783 26398 27028 I FontLog : (REDACTED) Pulling font file for id = %d, cache size = %d
05-14 08:48:16.792 26398 27028 I FontLog : (REDACTED) Pulling font file for id = %d, cache size = %d
05-14 08:48:17.029  2288  2288 E QSAnimator: tileView is null mute
05-14 08:48:17.029  2288  2288 E QSAnimator: tileView is null screenshot
05-14 08:48:17.029  2288  2288 E QSAnimator: tileView is null airplane
05-14 08:48:17.029  2288  2288 E QSAnimator: tileView is null screenlock
05-14 08:48:17.029  2288  2288 E QSAnimator: tileView is null hotspot
05-14 08:48:17.029  2288  2288 E QSAnimator: tileView is null gps
05-14 08:48:17.029  2288  2288 E QSAnimator: tileView is null rotation
05-14 08:48:17.029  2288  2288 E QSAnimator: tileView is null scanner
05-14 08:48:17.029  2288  2288 E QSAnimator: tileView is null papermode
05-14 08:48:17.029  2288  2288 E QSAnimator: tileView is null night
05-14 08:48:17.029  2288  2288 E QSAnimator: tileView is null quietmode
05-14 08:48:17.029  2288  2288 E QSAnimator: tileView is null batterysaver
05-14 08:48:17.029  2288  2288 E QSAnimator: tileView is null custom(com.miui.securitycenter/com.miui.superpower.notification.SuperPowerTileService)
05-14 08:48:17.029  2288  2288 E QSAnimator: tileView is null custom(com.milink.service/com.milink.ui.service.MiLinkTileService)
05-14 08:48:17.029  2288  2288 E QSAnimator: tileView is null custom(com.miui.mishare.connectivity/.tile.MiShareTileService)
05-14 08:48:17.029  2288  2288 E QSAnimator: tileView is null freeformhang
05-14 08:48:17.029  2288  2288 E QSAnimator: tileView is null custom(com.miui.screenrecorder/.service.QuickService)
05-14 08:48:17.029  2288  2288 E QSAnimator: tileView is null vibrate
05-14 08:48:17.029  2288  2288 E QSAnimator: tileView is null nfc
05-14 08:48:17.029  2288  2288 E QSAnimator: tileView is null edit
05-14 08:48:17.355  5356  5356 D AndroidRuntime: >>>>>> START com.android.internal.os.RuntimeInit uid 2000 <<<<<<
05-14 08:48:17.360  5356  5356 E libc    : Access denied finding property "persist.device_config.runtime_native_boot.profilebootclasspath"
05-14 08:48:17.361  5356  5356 E libc    : Access denied finding property "persist.device_config.runtime_native_boot.enable_apex_image"
05-14 08:48:17.361  5356  5356 I AndroidRuntime: Using default boot image
05-14 08:48:17.361  5356  5356 E libc    : Access denied finding property "persist.device_config.runtime_native_boot.disable_lock_profiling"
05-14 08:48:17.361  5356  5356 I AndroidRuntime: Leaving lock profiling enabled
05-14 08:48:17.361  5356  5356 E libc    : Access denied finding property "persist.device_config.runtime_native_boot.enable_generational_cc"
05-14 08:48:17.348  5356  5356 W app_process: type=1400 audit(0.0:628478): avc: denied { read } for name="u:object_r:device_config_runtime_native_boot_prop:s0" dev="tmpfs" ino=22013 scontext=u:r:shell:s0 tcontext=u:object_r:device_config_runtime_native_boot_prop:s0 tclass=file permissive=0
05-14 08:48:17.348  5356  5356 I chatty  : uid=2000(shell) app_process identical 2 lines
05-14 08:48:17.348  5356  5356 W app_process: type=1400 audit(0.0:628481): avc: denied { read } for name="u:object_r:device_config_runtime_native_boot_prop:s0" dev="tmpfs" ino=22013 scontext=u:r:shell:s0 tcontext=u:object_r:device_config_runtime_native_boot_prop:s0 tclass=file permissive=0
05-14 08:48:17.413 11081 11081 I PowerKeeperBackgroundService: onStartCommand()
05-14 08:48:17.413 11081 11081 I PowerKeeperService: onAlarm
05-14 08:48:17.417 10638 11122 W BatteryHistoryManager: checkReset
05-14 08:48:17.417 10638 11163 W BatteryHistoryManager: check reset inner : 2026.5.14  8:48
05-14 08:48:17.419  1551  1685 D CompatibilityInfo: mCompatibilityFlags - 0
05-14 08:48:17.419  1551  1685 D CompatibilityInfo: applicationDensity - 480
05-14 08:48:17.419  1551  1685 D CompatibilityInfo: applicationScale - 1.0
05-14 08:48:17.423  1551  9019 D CompatibilityInfo: mCompatibilityFlags - 0
05-14 08:48:17.423  1551  9019 D CompatibilityInfo: applicationDensity - 480
05-14 08:48:17.423  1551  9019 D CompatibilityInfo: applicationScale - 1.0
05-14 08:48:17.424   874 27291 I vendor.qti.hardware.servicetracker@1.2-service: startService() is called for servicecom.google.android.gms/.chimera.PersistentIntentOperationService
05-14 08:48:17.440 26398 26833 I NetworkScheduler: (REDACTED) Error inserting %s
05-14 08:48:17.445   818   818 D vendor.qti.bluetooth@1.0-ibs_handler: SerialClockVote: vote for UART CLK ON
05-14 08:48:17.447   818   818 D vendor.qti.bluetooth@1.0-wake_lock: Acquire wakelock is acquired 
05-14 08:48:17.447   818   818 I vendor.qti.bluetooth@1.0-ibs_handler: DeviceWakeUp: Writing IBS_WAKE_IND
05-14 08:48:17.448   818  3057 I vendor.qti.bluetooth@1.0-ibs_handler: ProcessIbsCmd: Received IBS_WAKE_ACK: 0xFC
05-14 08:48:17.449   818  3057 I vendor.qti.bluetooth@1.0-ibs_handler: ProcessIbsCmd: Received IBS_WAKE_IND: 0xFD
05-14 08:48:17.449   818  3057 I vendor.qti.bluetooth@1.0-ibs_handler: ProcessIbsCmd: Writing IBS_WAKE_ACK
05-14 08:48:17.465  5356  5356 D app_process: Time zone APEX ICU file found: /apex/com.android.tzdata/etc/icu/icu_tzdata.dat
05-14 08:48:17.466  5356  5356 D app_process: I18n APEX ICU file found: /apex/com.android.i18n/etc/icu/icudt66l.dat
05-14 08:48:17.490   818  3057 I vendor.qti.bluetooth@1.0-ibs_handler: ProcessIbsCmd: Received IBS_SLEEP_IND: 0xFE
05-14 08:48:17.498  5356  5356 W app_process: JNI RegisterNativeMethods: attempt to register 0 native methods for android.media.AudioAttributes
05-14 08:48:17.503   874 27291 I vendor.qti.hardware.servicetracker@1.2-service: bindService is called for service : com.google.android.gms/.tapandpay.gcmtask.TapAndPayGcmTaskService and for client com.google.android.gms.persistent
05-14 08:48:17.503   874 27291 I vendor.qti.hardware.servicetracker@1.2-service: total connections for service : com.google.android.gms/.tapandpay.gcmtask.TapAndPayGcmTaskServiceare :1
05-14 08:48:17.503   874 27291 I vendor.qti.hardware.servicetracker@1.2-service: total connections for client : com.google.android.gms.persistentare :8
05-14 08:48:17.503  1551  9205 D CompatibilityInfo: mCompatibilityFlags - 0
05-14 08:48:17.503  1551  9205 D CompatibilityInfo: applicationDensity - 480
05-14 08:48:17.503  1551  9205 D CompatibilityInfo: applicationScale - 1.0
05-14 08:48:17.504   874 27291 I vendor.qti.hardware.servicetracker@1.2-service: startService() is called for servicecom.google.android.gms/.tapandpay.gcmtask.TapAndPayGcmTaskService
05-14 08:48:17.506  5356  5356 D AndroidRuntime: Calling main entry com.android.commands.uiautomator.Launcher
05-14 08:48:17.508 26398  4392 I NetworkScheduler.Stats: (REDACTED) Task %s/%s started execution. cause:%s exec_start_elapsed_seconds: %s
05-14 08:48:17.520 10638 11163 I BatteryDataUtils: getFirstHistoryData baseTime =-34383827
05-14 08:48:17.520 10638 11163 I BatteryDataUtils: getFirstHistoryData time =603358961
05-14 08:48:17.520 10638 11163 I PowerRankHelperHolder: refreshStats begin
05-14 08:48:17.520 10638 11163 I PowerRankHelperHolder: mDesktopPkgSet =[]
05-14 08:48:17.528   874 27291 I vendor.qti.hardware.servicetracker@1.2-service: unbindService is called for service : com.google.android.gms/.tapandpay.gcmtask.TapAndPayGcmTaskService and for client com.google.android.gms.persistent
05-14 08:48:17.528   874 27291 I vendor.qti.hardware.servicetracker@1.2-service: size of service connections for service: com.google.android.gms/.tapandpay.gcmtask.TapAndPayGcmTaskServiceafter removal is 0
05-14 08:48:17.528   874 27291 I vendor.qti.hardware.servicetracker@1.2-service: size of client connections for client: com.google.android.gms.persistentafter removal is 7
05-14 08:48:17.530 26398  4392 I NetworkScheduler.Stats: (REDACTED) Task %s/%s finished executing. cause:%s result: %s elapsed_millis: %s uptime_millis: %s exec_start_elapsed_seconds: %s
05-14 08:48:17.532   874 27291 I vendor.qti.hardware.servicetracker@1.2-service: destroyService is called for service : com.google.android.gms/.tapandpay.gcmtask.TapAndPayGcmTaskService
05-14 08:48:17.537  2288  2288 D CCTileAdapter: onAccessibilityStateChanged:true
05-14 08:48:17.541  1551  1551 D AS.AudioService: Accessibility volume enabled = false
05-14 08:48:17.545  2288  2288 D CCTileAdapter: onAccessibilityStateChanged:true
05-14 08:48:17.548   818  3057 I vendor.qti.bluetooth@1.0-ibs_handler: ProcessIbsCmd: Received IBS_WAKE_IND: 0xFD
05-14 08:48:17.548   818  3057 I vendor.qti.bluetooth@1.0-ibs_handler: ProcessIbsCmd: Writing IBS_WAKE_ACK
05-14 08:48:17.578   874 27291 I vendor.qti.hardware.servicetracker@1.2-service: bindService is called for service : com.google.android.gms/.auth.account.be.accountstate.GcmTaskService and for client com.google.android.gms.persistent
05-14 08:48:17.578   874 27291 I vendor.qti.hardware.servicetracker@1.2-service: total connections for service : com.google.android.gms/.auth.account.be.accountstate.GcmTaskServiceare :1
05-14 08:48:17.578   874 27291 I vendor.qti.hardware.servicetracker@1.2-service: total connections for client : com.google.android.gms.persistentare :8
05-14 08:48:17.579  1551  3050 D CompatibilityInfo: mCompatibilityFlags - 0
05-14 08:48:17.579  1551  3050 D CompatibilityInfo: applicationDensity - 480
05-14 08:48:17.579  1551  3050 D CompatibilityInfo: applicationScale - 1.0
05-14 08:48:17.579   874 27291 I vendor.qti.hardware.servicetracker@1.2-service: startService() is called for servicecom.google.android.gms/.auth.account.be.accountstate.GcmTaskService
05-14 08:48:17.584 26398  5373 I NetworkScheduler.Stats: (REDACTED) Task %s/%s started execution. cause:%s exec_start_elapsed_seconds: %s
05-14 08:48:17.589   818  3057 I vendor.qti.bluetooth@1.0-ibs_handler: ProcessIbsCmd: Received IBS_SLEEP_IND: 0xFE
05-14 08:48:17.599   874 27291 I vendor.qti.hardware.servicetracker@1.2-service: bindService is called for service : com.google.android.gms/.clearcut.uploader.QosUploaderService and for client com.google.android.gms.persistent
05-14 08:48:17.599   874 27291 I vendor.qti.hardware.servicetracker@1.2-service: total connections for service : com.google.android.gms/.clearcut.uploader.QosUploaderServiceare :1
05-14 08:48:17.599   874 27291 I vendor.qti.hardware.servicetracker@1.2-service: total connections for client : com.google.android.gms.persistentare :9
05-14 08:48:17.600  1551  9017 D CompatibilityInfo: mCompatibilityFlags - 0
05-14 08:48:17.600  1551  9017 D CompatibilityInfo: applicationDensity - 480
05-14 08:48:17.600  1551  9017 D CompatibilityInfo: applicationScale - 1.0
05-14 08:48:17.600   874 27291 I vendor.qti.hardware.servicetracker@1.2-service: startService() is called for servicecom.google.android.gms/.clearcut.uploader.QosUploaderService
05-14 08:48:17.604   874 27291 I vendor.qti.hardware.servicetracker@1.2-service: unbindService is called for service : com.google.android.gms/.auth.account.be.accountstate.GcmTaskService and for client com.google.android.gms.persistent
05-14 08:48:17.604   874 27291 I vendor.qti.hardware.servicetracker@1.2-service: size of service connections for service: com.google.android.gms/.auth.account.be.accountstate.GcmTaskServiceafter removal is 0
05-14 08:48:17.604   874 27291 I vendor.qti.hardware.servicetracker@1.2-service: size of client connections for client: com.google.android.gms.persistentafter removal is 8
05-14 08:48:17.604   874 27291 I vendor.qti.hardware.servicetracker@1.2-service: destroyService is called for service : com.google.android.gms/.auth.account.be.accountstate.GcmTaskService
05-14 08:48:17.604 26398  4392 I NetworkScheduler.Stats: (REDACTED) Task %s/%s finished executing. cause:%s result: %s elapsed_millis: %s uptime_millis: %s exec_start_elapsed_seconds: %s
05-14 08:48:17.608 10638 11163 D UidAppMobileRadioPowerCalculator: mobile not active power: 0.0
05-14 08:48:17.608 10638 11163 I chatty  : uid=1000(system) BatteryHistoryM identical 9 lines
05-14 08:48:17.608 10638 11163 D UidAppMobileRadioPowerCalculator: mobile not active power: 0.0
05-14 08:48:17.611 26398  4392 I NetworkScheduler.Stats: (REDACTED) Task %s/%s started execution. cause:%s exec_start_elapsed_seconds: %s
05-14 08:48:17.633   874 27291 I vendor.qti.hardware.servicetracker@1.2-service: unbindService is called for service : com.google.android.gms/.clearcut.uploader.QosUploaderService and for client com.google.android.gms.persistent
05-14 08:48:17.633   874 27291 I vendor.qti.hardware.servicetracker@1.2-service: size of service connections for service: com.google.android.gms/.clearcut.uploader.QosUploaderServiceafter removal is 0
05-14 08:48:17.633   874 27291 I vendor.qti.hardware.servicetracker@1.2-service: size of client connections for client: com.google.android.gms.persistentafter removal is 7
05-14 08:48:17.633   874 27291 I vendor.qti.hardware.servicetracker@1.2-service: destroyService is called for service : com.google.android.gms/.clearcut.uploader.QosUploaderService
05-14 08:48:17.635 26398  4392 I NetworkScheduler.Stats: (REDACTED) Task %s/%s finished executing. cause:%s result: %s elapsed_millis: %s uptime_millis: %s exec_start_elapsed_seconds: %s
05-14 08:48:17.644 10638 10655 W tycenter.remot: Reducing the number of considered missed Gc histogram windows from 104 to 100
05-14 08:48:17.652 10638 11163 I PowerRankHelperHolder: mMiscUsageList size = 5
05-14 08:48:17.652 10638 11163 I PowerRankHelperHolder: refreshStats end
05-14 08:48:17.807  2232  2755 I BtGatt.ScanManager: msg.what = 6
05-14 08:48:17.809  1551  2119 I MiuiNetworkPolicy: updateUidState uid = 10186, uidState = 5
05-14 08:48:18.448   874 27291 I vendor.qti.hardware.servicetracker@1.2-service: bindService is called for service : com.google.android.gms/.chimera.PersistentDirectBootAwareApiService and for client com.google.android.gms.persistent
05-14 08:48:18.449   874 27291 I vendor.qti.hardware.servicetracker@1.2-service: total connections for service : com.google.android.gms/.chimera.PersistentDirectBootAwareApiServiceare :5
05-14 08:48:18.449   874 27291 I vendor.qti.hardware.servicetracker@1.2-service: total connections for client : com.google.android.gms.persistentare :7
05-14 08:48:18.453 26398 26398 D BoundBrokerSvc: onRebind: Intent { act=com.google.android.gms.libs.gmscorelogger.service.START dat=chimera-action: cmp=com.google.android.gms/.chimera.PersistentDirectBootAwareApiService }
05-14 08:48:18.548   818  3063 I vendor.qti.bluetooth@1.0-ibs_handler: DeviceSleep: TX Awake, Sending SLEEP_IND
05-14 08:48:18.548   818  3063 D vendor.qti.bluetooth@1.0-ibs_handler: SerialClockVote: vote for UART CLK OFF
05-14 08:48:18.557  5356  5356 D ThemeCompatibility: START loading theme compatibility config.
05-14 08:48:18.558  5356  5356 D ThemeCompatibility: getVersion(): /data/system/theme_config/theme_compatibility.xml  java.io.FileNotFoundException: /data/system/theme_config/theme_compatibility.xml: open failed: ENOENT (No such file or directory)
05-14 08:48:18.569  5356  5356 D ThemeCompatibility: getConfigDocumentTree(): 140 vs -1
05-14 08:48:18.569  5356  5356 D ThemeCompatibility:     parse file: /system/media/theme/theme_compatibility.xml
05-14 08:48:18.579  5356  5356 D ThemeCompatibility: END loading: version=140 size=48
05-14 08:48:18.580  5356  5356 E AssetManager: WTF--create system assets with illegal uid: 2000, gid:2000
05-14 08:48:18.580  5356  5356 E AssetManager: java.lang.RuntimeException
05-14 08:48:18.580  5356  5356 E AssetManager: 	at android.content.res.AssetManager.createSystemAssetsInZygoteLocked(AssetManager.java:254)
05-14 08:48:18.580  5356  5356 E AssetManager: 	at android.content.res.AssetManager.getSystem(AssetManager.java:291)
05-14 08:48:18.580  5356  5356 E AssetManager: 	at android.content.res.Resources.<init>(Resources.java:353)
05-14 08:48:18.580  5356  5356 E AssetManager: 	at android.content.res.MiuiResources.<init>(MiuiResources.java:49)
05-14 08:48:18.580  5356  5356 E AssetManager: 	at android.content.res.Resources.getSystem(Resources.java:233)
05-14 08:48:18.580  5356  5356 E AssetManager: 	at android.util.MiuiMultiWindowAdapter.<clinit>(MiuiMultiWindowAdapter.java:83)
05-14 08:48:18.580  5356  5356 E AssetManager: 	at android.view.Display.getSize(Display.java:725)
05-14 08:48:18.580  5356  5356 E AssetManager: 	at com.android.commands.uiautomator.DumpCommand.run(DumpCommand.java:110)
05-14 08:48:18.580  5356  5356 E AssetManager: 	at com.android.commands.uiautomator.Launcher.main(Launcher.java:83)
05-14 08:48:18.580  5356  5356 E AssetManager: 	at com.android.internal.os.RuntimeInit.nativeFinishInit(Native Method)
05-14 08:48:18.580  5356  5356 E AssetManager: 	at com.android.internal.os.RuntimeInit.main(RuntimeInit.java:463)
05-14 08:48:18.614  5356  5356 W app_process: unable to execute idmap2: Permission denied
05-14 08:48:18.614  5356  5356 W OverlayConfig: 'idmap2 create-multiple' failed: no mutable="false" overlays targeting "android" will be loaded
05-14 08:48:18.598  5356  5356 W uiautomator: type=1400 audit(0.0:628482): avc: denied { execute } for name="idmap2" dev="dm-0" ino=1510 scontext=u:r:shell:s0 tcontext=u:object_r:idmap_exec:s0 tclass=file permissive=0
05-14 08:48:18.615  5356  5356 W asset   : unable to execute idmap2: Permission denied
05-14 08:48:18.615  5356  5356 W AssetManagerInjector: 'idmap2 --scan' failed: no static="true" overlays targeting "miui" will be loaded
05-14 08:48:18.598  5356  5356 W uiautomator: type=1400 audit(0.0:628483): avc: denied { execute } for name="idmap2" dev="dm-0" ino=1510 scontext=u:r:shell:s0 tcontext=u:object_r:idmap_exec:s0 tclass=file permissive=0
05-14 08:48:18.618  5356  5356 E app_process: Invalid ID 0x00000000.
05-14 08:48:18.643  5356  5356 W AccessibilityNodeInfoDumper: Fetch time: 19ms
05-14 08:48:18.645  1551  3050 W WindowManager: removeWindowToken: Attempted to remove non-existing token: android.os.Binder@90a633f
05-14 08:48:18.657  2288  2288 D CCTileAdapter: onAccessibilityStateChanged:false
05-14 08:48:18.660  2288  2288 D CCTileAdapter: onAccessibilityStateChanged:false
05-14 08:48:18.661  9517  9530 W FuseDaemon: Reducing the number of considered missed Gc histogram windows from 2973 to 100
05-14 08:48:18.675  5356  5356 D AndroidRuntime: Shutting down VM
05-14 08:48:18.698   818  2794 D vendor.qti.bluetooth@1.0-wake_lock: Release wakelock is released 
05-14 08:48:18.815 15490 15536 D CCodecBufferChannel: [c2.android.opus.encoder#2] DEBUG: elapsed: n=4 [in=0 pipeline=0 out=0 smoothness=4]
05-14 08:48:18.815 15490 15536 D PipelineWatcher: DEBUG: elapsed 0 / 4
05-14 08:48:19.328  1198  1198 W Binder:1198_5: type=1400 audit(0.0:628484): avc: denied { search } for name="820" dev="proc" ino=4117628 scontext=u:r:cameraserver:s0 tcontext=u:r:hal_camera_default:s0 tclass=dir permissive=0
05-14 08:48:19.345  1551  2119 I MiuiNetworkPolicy: updateUidState uid = 99157, uidState = 13
05-14 08:48:19.428  2288  2473 D NetworkController.MobileSignalController(1): notifyListeners mConfig.alwaysShowNetworkTypeIcon=false  getNetworkType:0/UNKNOWN voiceNetType=0/UNKNOWN showDataIcon=false mConfig.alwaysShowDataRatIcon=false icons.mDataType=0 mConfig.showVolteIcon=false isVolteSwitchOn=false volteIcon=0 mConfig.showVowifiIcon=false
05-14 08:48:19.434  2288  2473 I chatty  : uid=1000(system) SysUiBg identical 3 lines
05-14 08:48:19.434  2288  2473 D NetworkController.MobileSignalController(1): notifyListeners mConfig.alwaysShowNetworkTypeIcon=false  getNetworkType:0/UNKNOWN voiceNetType=0/UNKNOWN showDataIcon=false mConfig.alwaysShowDataRatIcon=false icons.mDataType=0 mConfig.showVolteIcon=false isVolteSwitchOn=false volteIcon=0 mConfig.showVowifiIcon=false
05-14 08:48:19.434  2288  2288 D MiuiPhoneStatusBarPolicy: updateBluetooth: action = null
05-14 08:48:19.435  2288  2288 D MiuiPhoneStatusBarPolicy: updateBluetooth: BluetoothFlowState = 0
05-14 08:48:19.907 15490 15533 D BufferPoolAccessor2.0: bufferpool2 0x713f973228 : 7(26880 size) total buffers - 4(15360 size) used buffers - 1573756/1573763 (recycle/alloc) - 654/3147517 (fetch/transfer)
05-14 08:48:20.111  1551  2119 I MiuiNetworkPolicy: updateUidState uid = 10115, uidState = 19
05-14 08:48:20.098  1198  1198 W Binder:1198_6: type=1400 audit(0.0:628485): avc: denied { search } for name="820" dev="proc" ino=4117628 scontext=u:r:cameraserver:s0 tcontext=u:r:hal_camera_default:s0 tclass=dir permissive=0
05-14 08:48:20.381  1551  2134 D SlaveWifiManager: getWifiSlaveConnectionInfo
05-14 08:48:20.382  1551  2134 D SlaveWifiManager: getWifiSlaveConnectionInfo
05-14 08:48:20.386  2288  2473 D NetworkController: onReceive: intent=Intent { act=android.net.wifi.RSSI_CHANGED flg=0x4000010 (has extras) }
05-14 08:48:20.386 12058 12102 D QCNEJ/WlanStaInfoRelay: Received action: android.net.wifi.RSSI_CHANGED
05-14 08:48:20.420  2288  2288 E QSAnimator: tileView is null mute
05-14 08:48:20.420  2288  2288 E QSAnimator: tileView is null screenshot
05-14 08:48:20.420  2288  2288 E QSAnimator: tileView is null airplane
05-14 08:48:20.420  2288  2288 E QSAnimator: tileView is null screenlock
05-14 08:48:20.420  2288  2288 E QSAnimator: tileView is null hotspot
05-14 08:48:20.420  2288  2288 E QSAnimator: tileView is null gps
05-14 08:48:20.420  2288  2288 E QSAnimator: tileView is null rotation
05-14 08:48:20.420  2288  2288 E QSAnimator: tileView is null scanner
05-14 08:48:20.420  2288  2288 E QSAnimator: tileView is null papermode
05-14 08:48:20.420  2288  2288 E QSAnimator: tileView is null night
05-14 08:48:20.420  2288  2288 E QSAnimator: tileView is null quietmode
05-14 08:48:20.420  2288  2288 E QSAnimator: tileView is null batterysaver
05-14 08:48:20.420  2288  2288 E QSAnimator: tileView is null custom(com.miui.securitycenter/com.miui.superpower.notification.SuperPowerTileService)
05-14 08:48:20.420  2288  2288 E QSAnimator: tileView is null custom(com.milink.service/com.milink.ui.service.MiLinkTileService)
05-14 08:48:20.420  2288  2288 E QSAnimator: tileView is null custom(com.miui.mishare.connectivity/.tile.MiShareTileService)
05-14 08:48:20.420  2288  2288 E QSAnimator: tileView is null freeformhang
05-14 08:48:20.420  2288  2288 E QSAnimator: tileView is null custom(com.miui.screenrecorder/.service.QuickService)
05-14 08:48:20.420  2288  2288 E QSAnimator: tileView is null vibrate
05-14 08:48:20.420  2288  2288 E QSAnimator: tileView is null nfc
05-14 08:48:20.420  2288  2288 E QSAnimator: tileView is null edit
05-14 08:48:20.904 26398  4971 I NearbySharing: Network state changed: NetworkState(isRestricted=false, isOnline=true, isCongested=false, isMetered=false, isWifiConnected=true)
05-14 08:48:21.040  2288  2288 E QSAnimator: tileView is null mute
05-14 08:48:21.040  2288  2288 E QSAnimator: tileView is null screenshot
05-14 08:48:21.040  2288  2288 E QSAnimator: tileView is null airplane
05-14 08:48:21.040  2288  2288 E QSAnimator: tileView is null screenlock
05-14 08:48:21.040  2288  2288 E QSAnimator: tileView is null hotspot
05-14 08:48:21.040  2288  2288 E QSAnimator: tileView is null gps
05-14 08:48:21.040  2288  2288 E QSAnimator: tileView is null rotation
05-14 08:48:21.040  2288  2288 E QSAnimator: tileView is null scanner
05-14 08:48:21.040  2288  2288 E QSAnimator: tileView is null papermode
05-14 08:48:21.040  2288  2288 E QSAnimator: tileView is null night
05-14 08:48:21.040  2288  2288 E QSAnimator: tileView is null quietmode
05-14 08:48:21.040  2288  2288 E QSAnimator: tileView is null batterysaver
05-14 08:48:21.040  2288  2288 E QSAnimator: tileView is null custom(com.miui.securitycenter/com.miui.superpower.notification.SuperPowerTileService)
05-14 08:48:21.040  2288  2288 E QSAnimator: tileView is null custom(com.milink.service/com.milink.ui.service.MiLinkTileService)
05-14 08:48:21.040  2288  2288 E QSAnimator: tileView is null custom(com.miui.mishare.connectivity/.tile.MiShareTileService)
05-14 08:48:21.040  2288  2288 E QSAnimator: tileView is null freeformhang
05-14 08:48:21.040  2288  2288 E QSAnimator: tileView is null custom(com.miui.screenrecorder/.service.QuickService)
05-14 08:48:21.040  2288  2288 E QSAnimator: tileView is null vibrate
05-14 08:48:21.040  2288  2288 E QSAnimator: tileView is null nfc
05-14 08:48:21.040  2288  2288 E QSAnimator: tileView is null edit
05-14 08:48:21.280  5312  5377 D ProfileInstaller: Installing profile for com.yahorzabotsin.openvpnclientgate
05-14 08:48:21.318  1017  1017 W /system/vendor/bin/ipacm: type=1400 audit(0.0:628486): avc: denied { write } for comm=6E65746C696E6B20736F636B6574 name="ipacm_log_file" dev="tmpfs" ino=27249 scontext=u:r:ipacm:s0 tcontext=u:object_r:ipacm_socket:s0 tclass=sock_file permissive=0
05-14 08:48:21.318  1017  1017 I chatty  : uid=1001(radio) /system/vendor/bin/ipacm identical 1 line
05-14 08:48:21.318  1017  1017 W /system/vendor/bin/ipacm: type=1400 audit(0.0:628488): avc: denied { write } for comm=6E65746C696E6B20736F636B6574 name="ipacm_log_file" dev="tmpfs" ino=27249 scontext=u:r:ipacm:s0 tcontext=u:object_r:ipacm_socket:s0 tclass=sock_file permissive=0
05-14 08:48:21.318  1017  1017 W ipacm   : type=1400 audit(0.0:628489): avc: denied { write } for name="ipacm_log_file" dev="tmpfs" ino=27249 scontext=u:r:ipacm:s0 tcontext=u:object_r:ipacm_socket:s0 tclass=sock_file permissive=0
05-14 08:48:21.318  1017  1017 I chatty  : uid=1001(radio) /system/vendor/bin/ipacm identical 1 line
05-14 08:48:21.318  1017  1017 W ipacm   : type=1400 audit(0.0:628491): avc: denied { write } for name="ipacm_log_file" dev="tmpfs" ino=27249 scontext=u:r:ipacm:s0 tcontext=u:object_r:ipacm_socket:s0 tclass=sock_file permissive=0
05-14 08:48:21.342  1364  1364 E cnss-daemon: neighbor: 98:39:10:a3:06:7e
05-14 08:48:21.627  5312  5344 D OpenVPNGateApp:ServerRepository: Server response cached. items=1309, cache_key=58935e24, ttl_ms=1200000
05-14 08:48:21.630  5312  5344 I OpenVPNGateApp:ServerRepository: Server fetch succeeded from index=0; source remains LEGACY.
