05-14 08:47:27.439  9064  9064 D BrcmNfcJni: ----------------------------------------------------------------------------------------------
05-14 08:47:27.439  9064  9064 D BrcmNfcJni: RoutingManager::consolidateProtoEntries: exit
05-14 08:47:27.439  9064  9064 D BrcmNfcJni: RoutingManager::setProtoRouting: enter
05-14 08:47:27.439  9064  9064 D com.android.nf: SyncEventGuard: lock on 0x7e09f3ed04
05-14 08:47:27.439  9064  9064 D BrcmNfcJni: RoutingManager::setProtoRouting: nfceeID:0x400
05-14 08:47:27.439  9064  9064 D BrcmNfcJni: RoutingManager::setProtoRouting: Clear Proto Routing Entries for nfceeID:0x400
05-14 08:47:27.439  9064  9064 I BrcmNfcNfa: NFA_EeSetDefaultProtoRouting(): handle:<0x400>protocol_mask:<0x0>/<0x0>/<0x0><0x0><0x0>
05-14 08:47:27.439  9064  9064 I BrcmNfcNfa: nfa_ee_find_ecb ()
05-14 08:47:27.440  9064 10050 I BrcmNfcNfa: NFA got event 0x0603
05-14 08:47:27.440  9064 10050 I BrcmNfcNfa: nfa_ce_handle_event event: NFA_CE_API_CFG_ISODEP_TECH_EVT (0x603), flags: 00000000
05-14 08:47:27.440  9064 10050 I BrcmNfcNfa: NFA got event 0x0601
05-14 08:47:27.440  9064 10050 I BrcmNfcNfa: nfa_ce_handle_event event: NFA_CE_API_REG_LISTEN_EVT (0x601), flags: 00000000
05-14 08:47:27.440  9064 10050 I BrcmNfcNfa: nfa_ce_api_reg_listen ():Registering UICC/ESE/Felica/Type-4 tag listener. Type=1
05-14 08:47:27.440  9064 10050 I BrcmNfcNfa: nfa_ce_api_reg_listen ():found free entry listen_info_idx = 3
05-14 08:47:27.440  9064 10050 I BrcmNfcNfa: NFA_CE: adding listen_info entry 3
05-14 08:47:27.440  9064 10050 I BrcmNfcNfa: CE_T4tRegisterAID (): registering callback for wildcard AID 
05-14 08:47:27.440  9064 10050 E BrcmNfcNfa: CE_T4tRegisterAID (): only one wildcard AID can be registered at time.
05-14 08:47:27.440  9064 10050 E BrcmNfcNfa: Unable to register AID
05-14 08:47:27.440  9064 10050 D BrcmNfcJni: RoutingManager::stackCallback: event=0x15
05-14 08:47:27.440  9064 10050 D BrcmNfcJni: RoutingManager::stackCallback: NFA_CE_REGISTERED_EVT; status=0x3; h=0xFFFF
05-14 08:47:27.440  9064 10050 D com.android.nf: SyncEventGuard: lock on 0x7e09f3eafc
05-14 08:47:27.440  9064 10050 E com.android.nf: notifyOne: 0x7e09f3eafc
05-14 08:47:27.440  9064 10050 I BrcmNfcNfa: NFA got event 0x0205
05-14 08:47:27.440  9064 10050 I BrcmNfcNfa: nfa_ee_evt_hdlr (): Event API_SET_PROTO_CFG(0x205), State: INIT_DONE(1)
05-14 08:47:27.440  9064 10050 I BrcmNfcNfa: nfa_ee_update_route_size nfcee_id:0x0 size_mask:0
05-14 08:47:27.440  9064 10050 I BrcmNfcNfa: nfa_ee_total_lmrt_size size:102
05-14 08:47:27.440  9064 10050 I BrcmNfcNfa: nfa_dm_is_active () flags:0x5
05-14 08:47:27.440  9064 10050 I BrcmNfcNfa: nfa_sys_ptim_start_timer b3bb7a00
05-14 08:47:27.440  9064 10050 I BrcmNfcNfa: ptim timer start
05-14 08:47:27.440  9064 10050 D BrcmNfcJni: RoutingManager::nfaEeCallback: NFA_EE_SET_PROTO_CFG_EVT; status=0x0
05-14 08:47:27.440  9064 10050 D com.android.nf: SyncEventGuard: lock on 0x7e09f3ed04
05-14 08:47:27.440  9064 10050 E com.android.nf: notifyOne: 0x7e09f3ed04
05-14 08:47:27.440  9064  9064 I BrcmNfcNfa: NFA_EeSetDefaultProtoRouting(): handle:<0x400>protocol_mask:<0x2c>/<0x0>/<0x0><0x28><0x0>
05-14 08:47:27.440  9064  9064 I BrcmNfcNfa: nfa_ee_find_ecb ()
05-14 08:47:27.440  9064 10050 I BrcmNfcNfa: NFA got event 0x0205
05-14 08:47:27.440  9064 10050 I BrcmNfcNfa: nfa_ee_evt_hdlr (): Event API_SET_PROTO_CFG(0x205), State: INIT_DONE(1)
05-14 08:47:27.440  9064 10050 I BrcmNfcNfa: nfa_ee_update_route_size nfcee_id:0x0 size_mask:15
05-14 08:47:27.440  9064 10050 I BrcmNfcNfa: nfa_ee_total_lmrt_size size:117
05-14 08:47:27.440  9064 10050 I BrcmNfcNfa: nfa_dm_is_active () flags:0x5
05-14 08:47:27.440  9064 10050 I BrcmNfcNfa: nfa_sys_ptim_start_timer b3bb7a00
05-14 08:47:27.440  9064 10050 D BrcmNfcJni: RoutingManager::nfaEeCallback: NFA_EE_SET_PROTO_CFG_EVT; status=0x0
05-14 08:47:27.440  9064 10050 D com.android.nf: SyncEventGuard: lock on 0x7e09f3ed04
05-14 08:47:27.440  9064 10050 E com.android.nf: notifyOne: 0x7e09f3ed04
05-14 08:47:27.440  9064  9064 D BrcmNfcJni: RoutingManager::setProtoRouting: nfceeID:0x4C0
05-14 08:47:27.440  9064  9064 D BrcmNfcJni: RoutingManager::setProtoRouting: nfceeID:0x402
05-14 08:47:27.440  9064  9064 D BrcmNfcJni: RoutingManager::setProtoRouting: nfceeID:0x481
05-14 08:47:27.440  9064  9064 D BrcmNfcJni: RoutingManager::setProtoRouting: exit
05-14 08:47:27.440  9064  9064 D BrcmNfcJni: RoutingManager::compileTechEntries: enter
05-14 08:47:27.440  9064  9064 D NxpExtns: find found DEFAULT_FELICA_CLT_ROUTE=(0x1)
05-14 08:47:27.440  9064  9064 D BrcmNfcJni: --------------------Tech Table Entries------------------
05-14 08:47:27.440  9064  9064 D BrcmNfcJni: |Index=0|RouteLoc=0x402|Tech=0x01|Power=0x1B|Enable=0x0|
05-14 08:47:27.440  9064  9064 D BrcmNfcJni: |Index=1|RouteLoc=0x402|Tech=0x02|Power=0x1B|Enable=0x0|
05-14 08:47:27.440  9064  9064 D BrcmNfcJni: |Index=2|RouteLoc=0x4C0|Tech=0x04|Power=0x1B|Enable=0x1|
05-14 08:47:27.440  9064  9064 D BrcmNfcJni: --------------------------------------------------------
05-14 08:47:27.440  9064  9064 D BrcmNfcJni: getUiccRoute: Enter slot num = 1
05-14 08:47:27.440  9064  9064 D BrcmNfcJni: RoutingManager::processTechEntriesForFwdfunctionality: enter
05-14 08:47:27.440  9064  9064 D BrcmNfcJni: --------------------Tech Table Entries------------------
05-14 08:47:27.440  9064  9064 D BrcmNfcJni: |Index=0|RouteLoc=0x402|Tech=0x01|Power=0x1B|Enable=0x0|
05-14 08:47:27.440  9064  9064 D BrcmNfcJni: |Index=1|RouteLoc=0x402|Tech=0x02|Power=0x1B|Enable=0x0|
05-14 08:47:27.440  9064  9064 D BrcmNfcJni: |Index=2|RouteLoc=0x4C0|Tech=0x04|Power=0x1B|Enable=0x1|
05-14 08:47:27.440  9064  9064 D BrcmNfcJni: --------------------------------------------------------
05-14 08:47:27.440  9064  9064 D BrcmNfcJni: RoutingManager::processTechEntriesForFwdfunctionality: exit
05-14 08:47:27.440  9064  9064 D BrcmNfcJni: RoutingManager::compileTechEntries: exit
05-14 08:47:27.440  9064  9064 D BrcmNfcJni: RoutingManager::consolidateTechEntries: enter
05-14 08:47:27.440  9064  9064 D BrcmNfcJni: -----------------------------------------Lmrt Tech Entries------------------------------------
05-14 08:47:27.440  9064  9064 D BrcmNfcJni: |Index=0|nfceeID=0x400|SWTCH-ON=0x00|SWTCH-OFF=0x00|BAT-OFF=0x00|SCRN-LOCK=0x00|SCRN-OFF=0x00|SCRN-OFF_LOCK=0x00
05-14 08:47:27.440  9064  9064 D BrcmNfcJni: |Index=1|nfceeID=0x4C0|SWTCH-ON=0x04|SWTCH-OFF=0x04|BAT-OFF=0x00|SCRN-LOCK=0x04|SCRN-OFF=0x04|SCRN-OFF_LOCK=0x00
05-14 08:47:27.440  9064  9064 D BrcmNfcJni: |Index=2|nfceeID=0x402|SWTCH-ON=0x00|SWTCH-OFF=0x00|BAT-OFF=0x00|SCRN-LOCK=0x00|SCRN-OFF=0x00|SCRN-OFF_LOCK=0x00
05-14 08:47:27.440  9064  9064 D BrcmNfcJni: ----------------------------------------------------------------------------------------------
05-14 08:47:27.440  9064  9064 D BrcmNfcJni: RoutingManager::consolidateTechEntries: exit
05-14 08:47:27.440  9064  9064 D BrcmNfcJni: RoutingManager::setTechRouting: enter
05-14 08:47:27.440  9064  9064 D com.android.nf: SyncEventGuard: lock on 0x7e09f3ed04
05-14 08:47:27.440  9064  9064 D BrcmNfcJni: RoutingManager::setTechRouting: Clear Routing Entries for nfceeID:0x4C0
05-14 08:47:27.440  9064  9064 I BrcmNfcNfa: NFA_EeSetDefaultTechRouting(): handle:<0x4c0>technology_mask:<0x0>/<0x0>/<0x0><0x0><0x0>
05-14 08:47:27.440  9064  9064 I BrcmNfcNfa: nfa_ee_find_ecb ()
05-14 08:47:27.440  9064 10050 I BrcmNfcNfa: NFA got event 0x0204
05-14 08:47:27.440  9064 10050 I BrcmNfcNfa: nfa_ee_evt_hdlr (): Event API_SET_TECH_CFG(0x204), State: INIT_DONE(1)
05-14 08:47:27.440  9064 10050 I BrcmNfcNfa: nfa_ee_update_route_size nfcee_id:0xc0 size_mask:0
05-14 08:47:27.440  9064 10050 I BrcmNfcNfa: nfa_ee_total_lmrt_size size:112
05-14 08:47:27.440  9064 10050 I BrcmNfcNfa: nfa_dm_is_active () flags:0x5
05-14 08:47:27.440  9064 10050 I BrcmNfcNfa: nfa_sys_ptim_start_timer b3bb7a00
05-14 08:47:27.440  9064 10050 D BrcmNfcJni: RoutingManager::nfaEeCallback: NFA_EE_SET_TECH_CFG_EVT; status=0x0
05-14 08:47:27.440  9064 10050 D com.android.nf: SyncEventGuard: lock on 0x7e09f3ed04
05-14 08:47:27.440  9064 10050 E com.android.nf: notifyOne: 0x7e09f3ed04
05-14 08:47:27.440  9064  9064 I BrcmNfcNfa: NFA_EeSetDefaultTechRouting(): handle:<0x4c0>technology_mask:<0x4>/<0x4>/<0x0><0x4><0x4>
05-14 08:47:27.440  9064  9064 I BrcmNfcNfa: nfa_ee_find_ecb ()
05-14 08:47:27.440  9064 10050 I BrcmNfcNfa: NFA got event 0x0204
05-14 08:47:27.440  9064 10050 I BrcmNfcNfa: nfa_ee_evt_hdlr (): Event API_SET_TECH_CFG(0x204), State: INIT_DONE(1)
05-14 08:47:27.440  9064 10050 I BrcmNfcNfa: nfa_ee_update_route_size nfcee_id:0xc0 size_mask:5
05-14 08:47:27.440  9064 10050 I BrcmNfcNfa: nfa_ee_total_lmrt_size size:117
05-14 08:47:27.440  9064 10050 I BrcmNfcNfa: nfa_dm_is_active () flags:0x5
05-14 08:47:27.440  9064 10050 I BrcmNfcNfa: nfa_sys_ptim_start_timer b3bb7a00
05-14 08:47:27.440  9064 10050 D BrcmNfcJni: RoutingManager::nfaEeCallback: NFA_EE_SET_TECH_CFG_EVT; status=0x0
05-14 08:47:27.440  9064 10050 D com.android.nf: SyncEventGuard: lock on 0x7e09f3ed04
05-14 08:47:27.440  9064 10050 E com.android.nf: notifyOne: 0x7e09f3ed04
05-14 08:47:27.440  9064  9064 D BrcmNfcJni: RoutingManager::setTechRouting: exit
05-14 08:47:27.440  9064  9064 D BrcmNfcJni: RoutingManager::configureOffHostNfceeTechMask: enter
05-14 08:47:27.440  9064  9064 D BrcmNfcJni: SecureElement::getEeHandleList: 0 = 0x401
05-14 08:47:27.440  9064  9064 D BrcmNfcJni: SecureElement::getEeHandleList: 0 = 0x401
05-14 08:47:27.440  9064  9064 D BrcmNfcJni: 0x401: 0x1 0x1 0x0
05-14 08:47:27.440  9064  9064 D BrcmNfcJni: SecureElement::getEeHandleList: 1 = 0x4C0
05-14 08:47:27.440  9064  9064 D BrcmNfcJni: SecureElement::getEeHandleList: Handle 1 = 0xC0
05-14 08:47:27.440  9064  9064 D BrcmNfcJni: SecureElement::getGenericEseId: enter; ESE-Handle = 0xC0
05-14 08:47:27.440  9064  9064 D BrcmNfcJni: SecureElement::getGenericEseId: exit; ESE-Generic-ID = 0x01
05-14 08:47:27.440  9064  9064 D BrcmNfcJni: SecureElement::getEseHandleFromGenericId: enter; ESE-ID = 0x01
05-14 08:47:27.440  9064  9064 D BrcmNfcJni: SecureElement::getEseHandleFromGenericId: enter; ESE-Handle = 0x4C0
05-14 08:47:27.440  9064  9064 D BrcmNfcJni: RoutingManager::configureOffHostNfceeTechMask: ee_handleList[0] : 0xC0
05-14 08:47:27.440  9064  9064 D BrcmNfcJni: RoutingManager::configureOffHostNfceeTechMask: exit
05-14 08:47:27.440  9064  9064 D BrcmNfcJni: RoutingManager::setDefaultRoute: exit
05-14 08:47:27.440  9064  9064 D BrcmNfcJni: RoutingManager::commitRouting
05-14 08:47:27.441  9064  9064 D com.android.nf: SyncEventGuard: lock on 0x7e09f3ebf0
05-14 08:47:27.441  9064  9064 I BrcmNfcNfa: NFA_EeUpdateNow()
05-14 08:47:27.441  9064 10050 I BrcmNfcNfa: NFA got event 0x0209
05-14 08:47:27.441  9064 10050 I BrcmNfcNfa: nfa_ee_evt_hdlr (): Event API_UPDATE_NOW(0x209), State: INIT_DONE(1)
05-14 08:47:27.441  9064 10050 I BrcmNfcNfa: nfa_sys_ptim_stop_timer b3bb7a00
05-14 08:47:27.441  9064 10050 I BrcmNfcNfa: ptim timer stop
05-14 08:47:27.441  9064 10050 I BrcmNfcNfa: nfa_ee_rout_timeout()
05-14 08:47:27.441  9064 10050 I BrcmNfcNfa: nfa_ee_need_recfg() ee_cfged: 0x92 ee_cfg_sts: 0x10
05-14 08:47:27.441  9064 10050 I BrcmNfcNfa: 0: ecb_flags  : 0x04, mask: 0x10
05-14 08:47:27.441  9064 10050 I BrcmNfcNfa: nfa_ee_need_recfg:Routing table dirty, update required...
05-14 08:47:27.441  9064 10050 I BrcmNfcNfa: nfa_ee_update_rout ee_cfg_sts:0x10
05-14 08:47:27.441  9064 10050 I BrcmNfcNfa: nfa_ee_evt_hdlr (): Event CFG_TO_NFCC(0x21a), State: INIT_DONE(1)
05-14 08:47:27.441  9064 10050 I BrcmNfcNfa: max supported routing table size: 860
05-14 08:47:27.441  9064 10050 I BrcmNfcNfa: last_active: 0xc0
05-14 08:47:27.441  9064 10050 I BrcmNfcNfa: find_and_resolve_tech_conflict:Enter
05-14 08:47:27.441  9064 10050 I BrcmNfcNfa: find_and_resolve_tech_conflict:p_cb->nfcee_id=0x0,p_cb->tech_switch_on= 0x0,p_cb->tech_switch_off= 0x0,p_cb->tech_battery_off= 0x0
05-14 08:47:27.441  9064 10050 D NfcAdaptation: find found DEFAULT_OFFHOST_ROUTE=(0x2)
05-14 08:47:27.441  9064 10050 I BrcmNfcNfa: find_and_resolve_tech_conflict:NXP_DEFAULT_OFFHOST_ROUTE=0x02;
05-14 08:47:27.441  9064 10050 I BrcmNfcNfa: find_and_resolve_tech_conflict:techF_found=0x4,techF_ee= 0xc0;
05-14 08:47:27.441  9064 10050 I BrcmNfcNfa: find_and_resolve_tech_conflict:techA_found=0x0,techA_ee= 0x0;
05-14 08:47:27.441  9064 10050 I BrcmNfcNfa: nfa_ee_lmrt_to_nfcc --add the routing for NFCEEs!!
05-14 08:47:27.441  9064 10050 I BrcmNfcNfa: nfa_ee_route_add_one_ecb_by_route_order - max_len:860, cur_offset:0, more:1, num_tlv:0,rout_type:- 1
05-14 08:47:27.441  9064 10050 I BrcmNfcNfa: nfa_ee_add_aid_route_to_ecb - No AID entries available
05-14 08:47:27.441  9064 10050 I BrcmNfcNfa: nfa_ee_total_lmrt_size size:117
05-14 08:47:27.441  9064 10050 I BrcmNfcNfa: ee_cfg_sts:0x10 lmrt_size:117
05-14 08:47:27.441  9064 10050 I BrcmNfcNfa: nfa_ee_lmrt_to_nfcc --add the routing for NFCEEs!!
05-14 08:47:27.441  9064 10050 I BrcmNfcNfa: nfa_ee_route_add_one_ecb_by_route_order - max_len:860, cur_offset:0, more:1, num_tlv:0,rout_type:- 1
05-14 08:47:27.441  9064 10050 I BrcmNfcNfa: nfa_ee_add_aid_route_to_ecb - No AID entries available
05-14 08:47:27.441  9064 10050 I BrcmNfcNfa: nfa_ee_total_lmrt_size size:117
05-14 08:47:27.441  9064 10050 I BrcmNfcNfa: ee_cfg_sts:0x11 lmrt_size:117
05-14 08:47:27.441  9064 10050 I BrcmNfcNfa: nfa_ee_lmrt_to_nfcc --add the routing for DH!!
05-14 08:47:27.441  9064 10050 I BrcmNfcNfa: nfa_ee_route_add_one_ecb_by_route_order - max_len:860, cur_offset:0, more:1, num_tlv:0,rout_type:- 1
05-14 08:47:27.441  9064 10050 I BrcmNfcNfa: nfa_ee_add_aid_route_to_ecb -  p_cb->aid_info0
05-14 08:47:27.441  9064 10050 I chatty  : uid=1027(nfc) AsyncTask #1 identical 5 lines
05-14 08:47:27.441  9064 10050 I BrcmNfcNfa: nfa_ee_add_aid_route_to_ecb -  p_cb->aid_info0
05-14 08:47:27.441  9064 10050 I BrcmNfcNfa: nfa_ee_total_lmrt_size size:117
05-14 08:47:27.441  9064 10050 I BrcmNfcNfa: ee_cfg_sts:0x11 lmrt_size:117
05-14 08:47:27.441  9064 10050 I BrcmNfcNfa: nfa_ee_lmrt_to_nfcc --add the routing for NFCEEs!!
05-14 08:47:27.441  9064 10050 I BrcmNfcNfa: nfa_ee_route_add_one_ecb_by_route_order - max_len:860, cur_offset:97, more:1, num_tlv:7,rout_type:- 2
05-14 08:47:27.441  9064 10050 I BrcmNfcNfa: nfa_ee_total_lmrt_size size:117
05-14 08:47:27.441  9064 10050 I BrcmNfcNfa: ee_cfg_sts:0x11 lmrt_size:117
05-14 08:47:27.441  9064 10050 I BrcmNfcNfa: nfa_ee_lmrt_to_nfcc --add the routing for NFCEEs!!
05-14 08:47:27.441  9064 10050 I BrcmNfcNfa: nfa_ee_route_add_one_ecb_by_route_order - max_len:860, cur_offset:97, more:1, num_tlv:7,rout_type:- 2
05-14 08:47:27.441  9064 10050 I BrcmNfcNfa: nfa_ee_total_lmrt_size size:117
05-14 08:47:27.441  9064 10050 I BrcmNfcNfa: ee_cfg_sts:0x11 lmrt_size:117
05-14 08:47:27.441  9064 10050 I BrcmNfcNfa: nfa_ee_lmrt_to_nfcc --add the routing for DH!!
05-14 08:47:27.441  9064 10050 I BrcmNfcNfa: nfa_ee_route_add_one_ecb_by_route_order - max_len:860, cur_offset:97, more:1, num_tlv:7,rout_type:- 2
05-14 08:47:27.441  9064 10050 I BrcmNfcNfa: nfa_ee_total_lmrt_size size:117
05-14 08:47:27.441  9064 10050 I BrcmNfcNfa: ee_cfg_sts:0x11 lmrt_size:117
05-14 08:47:27.441  9064 10050 I BrcmNfcNfa: nfa_ee_lmrt_to_nfcc --add the routing for NFCEEs!!
05-14 08:47:27.441  9064 10050 I BrcmNfcNfa: nfa_ee_route_add_one_ecb_by_route_order - max_len:860, cur_offset:97, more:1, num_tlv:7,rout_type:- 3
05-14 08:47:27.441  9064 10050 I BrcmNfcNfa: nfa_ee_route_add_one_ecb_by_route_order -  Route type - NA:- 3
05-14 08:47:27.441  9064 10050 I BrcmNfcNfa: nfa_ee_total_lmrt_size size:117
05-14 08:47:27.441  9064 10050 I BrcmNfcNfa: ee_cfg_sts:0x11 lmrt_size:117
05-14 08:47:27.441  9064 10050 I BrcmNfcNfa: nfa_ee_lmrt_to_nfcc --add the routing for NFCEEs!!
05-14 08:47:27.441  9064 10050 I BrcmNfcNfa: nfa_ee_route_add_one_ecb_by_route_order - max_len:860, cur_offset:97, more:1, num_tlv:7,rout_type:- 3
05-14 08:47:27.441  9064 10050 I BrcmNfcNfa: nfa_ee_route_add_one_ecb_by_route_order -  Route type - NA:- 3
05-14 08:47:27.441  9064 10050 I BrcmNfcNfa: nfa_ee_total_lmrt_size size:117
05-14 08:47:27.441  9064 10050 I BrcmNfcNfa: ee_cfg_sts:0x11 lmrt_size:117
05-14 08:47:27.441  9064 10050 I BrcmNfcNfa: nfa_ee_lmrt_to_nfcc --add the routing for DH!!
05-14 08:47:27.441  9064 10050 I BrcmNfcNfa: nfa_ee_route_add_one_ecb_by_route_order - max_len:860, cur_offset:97, more:1, num_tlv:7,rout_type:- 3
05-14 08:47:27.441  9064 10050 I BrcmNfcNfa: nfa_ee_route_add_one_ecb_by_route_order -  Route type - NA:- 3
05-14 08:47:27.441  9064 10050 I BrcmNfcNfa: nfa_ee_total_lmrt_size size:117
05-14 08:47:27.441  9064 10050 I BrcmNfcNfa: ee_cfg_sts:0x11 lmrt_size:117
05-14 08:47:27.441  9064 10050 I BrcmNfcNfa: nfa_ee_lmrt_to_nfcc --add the routing for NFCEEs!!
05-14 08:47:27.441  9064 10050 I BrcmNfcNfa: nfa_ee_route_add_one_ecb_by_route_order - max_len:860, cur_offset:97, more:1, num_tlv:7,rout_type:- 4
05-14 08:47:27.441  9064 10050 I BrcmNfcNfa: nfa_ee_total_lmrt_size size:117
05-14 08:47:27.441  9064 10050 I BrcmNfcNfa: ee_cfg_sts:0x11 lmrt_size:117
05-14 08:47:27.441  9064 10050 I BrcmNfcNfa: nfa_ee_lmrt_to_nfcc --add the routing for NFCEEs!!
05-14 08:47:27.441  9064 10050 I BrcmNfcNfa: nfa_ee_route_add_one_ecb_by_route_order - max_len:860, cur_offset:97, more:1, num_tlv:7,rout_type:- 4
05-14 08:47:27.441  9064 10050 I BrcmNfcNfa: nfa_ee_total_lmrt_size size:117
05-14 08:47:27.441  9064 10050 I BrcmNfcNfa: ee_cfg_sts:0x11 lmrt_size:117
05-14 08:47:27.441  9064 10050 I BrcmNfcNfa: nfa_ee_lmrt_to_nfcc --add the routing for DH!!
05-14 08:47:27.441  9064 10050 I BrcmNfcNfa: nfa_ee_route_add_one_ecb_by_route_order - max_len:860, cur_offset:97, more:1, num_tlv:7,rout_type:- 4
05-14 08:47:27.441  9064 10050 I BrcmNfcNfa: nfa_ee_add_proto_route_to_ecb - NFC DEP added for DH!!!
05-14 08:47:27.441  9064 10050 I BrcmNfcNfa: nfa_ee_route_add_one_ecb_by_route_order -ROUTING SET new_size=20, new_num_tlv=4
05-14 08:47:27.441  9064 10050 I BrcmNfcNfa: nfa_ee_total_lmrt_size size:117
05-14 08:47:27.441  9064 10050 I BrcmNfcNfa: ee_cfg_sts:0x11 lmrt_size:117
05-14 08:47:27.441  9064 10050 I BrcmNfcNfa: nfa_ee_lmrt_to_nfcc --add the routing for NFCEEs!!
05-14 08:47:27.441  9064 10050 I BrcmNfcNfa: nfa_ee_route_add_one_ecb_by_route_order - max_len:860, cur_offset:117, more:1, num_tlv:11,rout_type:- 5
05-14 08:47:27.441  9064 10050 I BrcmNfcNfa: nfa_ee_total_lmrt_size size:117
05-14 08:47:27.441  9064 10050 I BrcmNfcNfa: ee_cfg_sts:0x11 lmrt_size:117
05-14 08:47:27.441  9064 10050 I BrcmNfcNfa: nfa_ee_lmrt_to_nfcc --add the routing for NFCEEs!!
05-14 08:47:27.441  9064 10050 I BrcmNfcNfa: nfa_ee_route_add_one_ecb_by_route_order - max_len:860, cur_offset:117, more:1, num_tlv:11,rout_type:- 5
05-14 08:47:27.441  9064 10050 I BrcmNfcNfa: nfa_ee_route_add_one_ecb_by_route_order -ROUTING SET new_size=5, new_num_tlv=1
05-14 08:47:27.441  9064 10050 I BrcmNfcNfa: nfa_ee_total_lmrt_size size:117
05-14 08:47:27.441  9064 10050 I BrcmNfcNfa: ee_cfg_sts:0x11 lmrt_size:117
05-14 08:47:27.441  9064 10050 I BrcmNfcNfa: nfa_ee_lmrt_to_nfcc --add the routing for DH!!
05-14 08:47:27.441  9064 10050 I BrcmNfcNfa: nfa_ee_route_add_one_ecb_by_route_order - max_len:860, cur_offset:122, more:0, num_tlv:12,rout_type:- 5
05-14 08:47:27.441  9064 10050 I BrcmNfcNfa: nfa_ee_total_lmrt_size size:117
05-14 08:47:27.441  9064 10050 I BrcmNfcNfa: ee_cfg_sts:0x11 lmrt_size:117
05-14 08:47:27.441  9064 10050 I BrcmNfcNfa: nfa_ee_route_add_one_ecb_by_route_order : set routing num_tlv:12 tlv_size:117
05-14 08:47:27.441  9064 10050 I BrcmNfcNfa: nfc_ncif_send_cmd()
05-14 08:47:27.441  9064 10050 I BrcmNfcNfa: nfc_ncif_check_cmd_queue : Writing to HAL...
05-14 08:47:27.441  9064 10050 I BrcmNfcNfa: nfc_ncif_check_cmd_queue : cmd_size:124
05-14 08:47:27.441  9064 10050 D NfcAdaptation: NfcAdaptation::HalWrite
05-14 08:47:27.441   858   900 D NxpExtns: find found MIFARE_READER_ENABLE=(0x1)
05-14 08:47:27.441   858 10132 D NxpTml  : PN54X - Write requested.....
05-14 08:47:27.441   858 10132 D NxpTml  : PN54X - Invoking I2C Write.....
05-14 08:47:27.446   858 10132 D NxpNciX : len = 127 => 21017C000C02120041A00000047643276C1FDE7A39B9C05716020A0041A000000940BCB000020F0041A000000809434343444B467631020C00414F53452E5641532E3031020B0041A000000476D0000111020A0041A000000476B0000302070041F00000FE2C0103000103010300410401030041A001030001050003C0C302
05-14 08:47:27.446   858 10132 D NxpTml  : PN54X - I2C Write successful.....
05-14 08:47:27.446   858 10132 D NxpTml  : PN54X - Posting Fresh Write message.....
05-14 08:47:27.446   858 10132 D NxpTml  : PN54X - Tml Writer Thread Running................
05-14 08:47:27.446   858 10134 D NxpHal  : write successful status = 0x0
05-14 08:47:27.446   858 10131 D NxpTml  : PN54X - I2C Read successful.....len = 4
05-14 08:47:27.446   858 10131 D NxpTml  : PN54X - Posting read message.....
05-14 08:47:27.446   858 10131 D NxpNciR : len =   4 <= 41010100
05-14 08:47:27.447   858 10134 D NxpHal  : read successful status = 0x0
05-14 08:47:27.447  9064 10050 D BrcmNfcJni: RoutingManager::nfaEeCallback: NFA_EE_ROUT_ERR_EVT  status=3
05-14 08:47:27.447  9064 10050 I BrcmNfcNfa: nfa_ee_update_rout ee_cfg_sts:0x10 ee_cfged:0x12
05-14 08:47:27.447  9064 10050 I BrcmNfcNfa: NFC received rsp gid:1
05-14 08:47:27.447  9064 10050 I BrcmNfcNfa: nfa_dm_nfc_response_cback () NFC_SET_ROUTING_REVT(0x500a)
05-14 08:47:27.447  9064 10050 I BrcmNfcNfa: nfa_ee_proc_evt: event=0x500a int_event:0x217
05-14 08:47:27.447  9064 10050 I BrcmNfcNfa: nfa_ee_evt_hdlr (): Event NCI_WAIT_RSP(0x217), State: INIT_DONE(1)
05-14 08:47:27.447  9064 10050 I BrcmNfcNfa: nfa_ee_nci_wait_rsp() ee_wait_evt:0x30 wait_rsp:1
05-14 08:47:27.447   858 10131 D NxpTml  : PN54X - Read requested.....
05-14 08:47:27.447  9064 10050 I BrcmNfcNfa: nfa_ee_report_update_evt ee_wait_evt:0x30 wait_rsp:0
05-14 08:47:27.447   858 10131 D NxpTml  : PN54X - Invoking I2C Read.....
05-14 08:47:27.447  9064 10050 D BrcmNfcJni: RoutingManager::nfaEeCallback: NFA_EE_UPDATED_EVT
05-14 08:47:27.447  9064 10050 D com.android.nf: SyncEventGuard: lock on 0x7e09f3ebf0
05-14 08:47:27.447  9064 10050 E com.android.nf: notifyOne: 0x7e09f3ebf0
05-14 08:47:27.447  9064  9064 D BrcmNfcJni: startRfDiscovery: is start=1
05-14 08:47:27.447  9064  9064 D BrcmNfcJni: SyncEventGuard: lock on 0x7e09f3dd10
05-14 08:47:27.447  9064  9064 I BrcmNfcNfa: NFA_StartRfDiscovery ()
05-14 08:47:27.447  9064 10050 I BrcmNfcNfa: NFA got event 0x010F
05-14 08:47:27.447  9064 10050 I BrcmNfcNfa: nfa_dm_evt_hdlr event: NFA_DM_API_START_RF_DISCOVERY_EVT (0x0f)
05-14 08:47:27.447  9064 10050 I BrcmNfcNfa: nfa_dm_act_start_rf_discovery ()
05-14 08:47:27.447  9064 10050 I BrcmNfcNfa: nfa_dm_start_rf_discover (): enter
05-14 08:47:27.447  9064 10050 I BrcmNfcNfa: nfa_ee_get_tech_route(): power state : 1
05-14 08:47:27.447  9064 10050 I BrcmNfcNfa: TechA route: 0x0, TechB route: 0x0, TechF route: 0xc0, TechB' route: 0x0
05-14 08:47:27.447  9064 10050 I BrcmNfcNfa: requested_disc_mask = 0x140000, xx=0
05-14 08:47:27.447  9064 10050 I BrcmNfcNfa: poll_mask=0x0 listen_mask=0x0
05-14 08:47:27.447  9064 10050 I BrcmNfcNfa: listen_mask value after NFC-A = 0x40000
05-14 08:47:27.447  9064 10050 I BrcmNfcNfa: listen_mask value after NFC-B = 0x140000
05-14 08:47:27.447  9064 10050 I BrcmNfcNfa: listen_mask value after NFC-F = 0x140000
05-14 08:47:27.447  9064 10050 I BrcmNfcNfa: listen_mask value after NFC-B Prime = 0x140000
05-14 08:47:27.447  9064 10050 I BrcmNfcNfa: dm_disc_mask = 0x0
05-14 08:47:27.447  9064 10050 I BrcmNfcNfa: listen_mask value after T1T and T2T = 0x140000
05-14 08:47:27.447  9064 10050 I BrcmNfcNfa: listen_mask value after NFC-DEP = 0x140000
05-14 08:47:27.447  9064 10050 I BrcmNfcNfa: listen_mask value after setting from higher layer = 0xc140000
05-14 08:47:27.447  9064 10050 I BrcmNfcNfa: nfa_dm_cb.disc_cb.entry[0].selected_disc_mask = 0xc140000
05-14 08:47:27.447  9064 10050 I BrcmNfcNfa: selected dm_disc_mask 0xC140000 for entry[0]
05-14 08:47:27.447  9064 10050 I BrcmNfcNfa: requested_disc_mask = 0x7d7f, xx=1
05-14 08:47:27.447  9064 10050 I BrcmNfcNfa: poll_mask=0x7D7F listen_mask=0x0
05-14 08:47:27.448  9064 10050 I BrcmNfcNfa: listen_mask value after NFC-A = 0x0
05-14 08:47:27.448  9064 10050 I BrcmNfcNfa: listen_mask value after NFC-B = 0x0
05-14 08:47:27.448  9064 10050 I BrcmNfcNfa: listen_mask value after NFC-F = 0x0
05-14 08:47:27.448  9064 10050 I BrcmNfcNfa: listen_mask value after NFC-B Prime = 0x0
05-14 08:47:27.448  9064 10050 I BrcmNfcNfa: dm_disc_mask = 0xc140000
05-14 08:47:27.448  9064 10050 I BrcmNfcNfa: listen_mask value after T1T and T2T = 0x0
05-14 08:47:27.448  9064 10050 I BrcmNfcNfa: listen_mask value after NFC-DEP = 0x0
05-14 08:47:27.448  9064 10050 I BrcmNfcNfa: listen_mask value after setting from higher layer = 0xc140000
05-14 08:47:27.448  9064 10050 I BrcmNfcNfa: nfa_dm_cb.disc_cb.entry[1].selected_disc_mask = 0xc147d7f
05-14 08:47:27.448  9064 10050 I BrcmNfcNfa: selected dm_disc_mask 0xC147D7F for entry[1]
05-14 08:47:27.448  9064 10050 I BrcmNfcNfa: dm_disc_mask calculated finally for discovery: 0xC147D7F
05-14 08:47:27.448  9064 10050 D NfcAdaptation: find found NXP_FWD_FUNCTIONALITY_ENABLE=(0x1)
05-14 08:47:27.448  9064 10050 D NfcAdaptation: find found HOST_LISTEN_TECH_MASK=(0x7)
05-14 08:47:27.448  9064 10050 I BrcmNfcNfa: nfa_dm_start_rf_discover : override_hostListenMask = 0x2, HOST_LISTEN_TECH_MASK = 0x00;
05-14 08:47:27.448  9064 10050 D NfcAdaptation: find found UICC_LISTEN_TECH_MASK=(0x7)
05-14 08:47:27.448  9064 10050 I BrcmNfcNfa: nfa_dm_start_rf_discover:UICC_LISTEN_TECH_MASK = 0x07;
05-14 08:47:27.448  9064 10050 D NfcAdaptation: find found P2P_LISTEN_TECH_MASK=(0xC5)
05-14 08:47:27.448  9064 10050 I BrcmNfcNfa: nfa_dm_start_rf_discover:P2P_LISTEN_TECH_MASK = 0x0C5;
05-14 08:47:27.448  9064 10050 I BrcmNfcNfa: nfa_ee_find_ecb ()
05-14 08:47:27.448  9064 10050 I BrcmNfcNfa: supported tech list is 0x00 for given nfcee_id: 0x2 
05-14 08:47:27.448  9064 10050 I BrcmNfcNfa: nfa_p2p_set_config ()
05-14 08:47:27.448  9064 10050 I BrcmNfcNfa: LLCP_GetDiscoveryConfig ()
05-14 08:47:27.448  9064 10050 I BrcmNfcNfa: nfa_dm_check_set_config () tlv_len=22
05-14 08:47:27.448  9064 10050 I BrcmNfcNfa: nfa_dm_check_set_config () tlv_len=25
05-14 08:47:27.448  9064 10050 I BrcmNfcNfa: nfa_dm_check_set_config () tlv_len=3
05-14 08:47:27.448  9064 10050 I BrcmNfcNfa: dm_disc_mask before masking = 0xc147d7f
05-14 08:47:27.448  9064 10050 I BrcmNfcNfa: dm_disc_mask after masking = 0xc147d7f
05-14 08:47:27.448  9064 10050 I BrcmNfcNfa: nfa_dm_get_rf_discover_config : dm_disc_mask = 0x0C147D7F
05-14 08:47:27.448  9064 10050 I BrcmNfcNfa: nfa_dm_set_listen_mode_set_configs : tech_proto_mask = 0x0C147D7F
05-14 08:47:27.448  9064 10050 D NfcAdaptation: find found HOST_LISTEN_TECH_MASK=(0x7)
05-14 08:47:27.448  9064 10050 I BrcmNfcNfa: nfa_dm_set_listen_mode_set_configs : override_hostListenMask = 0x2, HOST_LISTEN_TECH_MASK = 0x00;
05-14 08:47:27.448  9064 10050 I BrcmNfcNfa: nfa_dm_set_listen_mode_set_configs : LA_SEL_INFO = 0x0;
05-14 08:47:27.448  9064 10050 I BrcmNfcNfa: nfa_dm_set_listen_mode_set_configs : LB_SENSB_INFO = 0x0;
05-14 08:47:27.448  9064 10050 I BrcmNfcNfa: nfa_dm_set_listen_mode_set_configs : LF_PROTOCOL_TYPE = 0x0;
05-14 08:47:27.448  9064 10050 I BrcmNfcNfa: nfa_dm_check_set_config () tlv_len=9
05-14 08:47:27.448  9064 10050 I BrcmNfcNfa: nfa_dm_set_total_duration ()
05-14 08:47:27.448  9064 10050 I BrcmNfcNfa: nfa_dm_check_set_config () tlv_len=4
05-14 08:47:27.448  9064 10050 I BrcmNfcNfa: NFC_DiscoveryStart
05-14 08:47:27.448  9064 10050 D NfcAdaptation: NfcAdaptation::HalPrediscover
05-14 08:47:27.448  9064 10050 I BrcmNfcNfa: nfc_ncif_send_cmd()
05-14 08:47:27.448  9064 10050 I BrcmNfcNfa: nfc_ncif_check_cmd_queue : Writing to HAL...
05-14 08:47:27.448  9064 10050 I BrcmNfcNfa: nfc_ncif_check_cmd_queue : cmd_size:23
05-14 08:47:27.448  9064 10050 D NfcAdaptation: NfcAdaptation::HalWrite
05-14 08:47:27.449   858   900 D NxpExtns: find found MIFARE_READER_ENABLE=(0x1)
05-14 08:47:27.449   858   900 D NxpHal  : > Polling Loop Started
05-14 08:47:27.449   858 10132 D NxpTml  : PN54X - Write requested.....
05-14 08:47:27.449   858 10132 D NxpTml  : PN54X - Invoking I2C Write.....
05-14 08:47:27.451   858 10132 D NxpNciX : len =  26 => 2103170B00010101020103010501800181018301850106017001
05-14 08:47:27.451   858 10132 D NxpTml  : PN54X - I2C Write successful.....
05-14 08:47:27.451   858 10132 D NxpTml  : PN54X - Posting Fresh Write message.....
05-14 08:47:27.451   858 10134 D NxpHal  : write successful status = 0x0
05-14 08:47:27.451   858 10132 D NxpTml  : PN54X - Tml Writer Thread Running................
05-14 08:47:27.451  9064 10050 I BrcmNfcNfa: NFC_DiscoveryStart status: 0xe3
05-14 08:47:27.453   858 10131 D NxpTml  : PN54X - I2C Read successful.....len = 4
05-14 08:47:27.453   858 10131 D NxpTml  : PN54X - Posting read message.....
05-14 08:47:27.453   858 10131 D NxpNciR : len =   4 <= 41030100
05-14 08:47:27.453   858 10134 D NxpHal  : read successful status = 0x0
05-14 08:47:27.454  9064 10050 I BrcmNfcNfa: NFC received rsp gid:1
05-14 08:47:27.454  9064 10050 I BrcmNfcNfa: returning true
05-14 08:47:27.454  9064 10050 I BrcmNfcNfa: nfa_dm_disc_discovery_cback (): event:0x4000
05-14 08:47:27.454  9064 10050 I BrcmNfcNfa: nfa_dm_disc_sm_execute (): state: IDLE (0), event: DISCOVER_RSP(1) disc_flags: 0x31
05-14 08:47:27.454  9064 10050 I BrcmNfcNfa: nfa_dm_disc_new_state (): old_state: IDLE (0), new_state: DISCOVERY (1) disc_flags: 0x11
05-14 08:47:27.454  9064 10050 D BrcmNfcJni: nfaConnectionCallback: Connection Event = 30
05-14 08:47:27.454  9064 10050 D BrcmNfcJni: nfaConnectionCallback: NFA_RF_DISCOVERY_STARTED_EVT: status = 0x0
05-14 08:47:27.454  9064 10050 D BrcmNfcJni: SyncEventGuard: lock on 0x7e09f3dd10
05-14 08:47:27.454  9064 10050 E BrcmNfcJni: notifyOne: 0x7e09f3dd10
05-14 08:47:27.454  9064 10050 I BrcmNfcNfa: nfa_dm_disc_sm_execute (): new state: DISCOVERY (1), disc_flags: 0x1
05-14 08:47:27.454   858 10131 D NxpTml  : PN54X - Read requested.....
05-14 08:47:27.454   858 10131 D NxpTml  : PN54X - Invoking I2C Read.....
05-14 08:47:27.454  9064  9064 D BrcmNfcJni: startRfDiscovery: is exit=1
05-14 08:47:27.454  9064  9064 D BrcmNfcJni: transactionEnd: Transaction ended : setDefaultRoute 
05-14 08:47:27.454  9064  9064 D BrcmNfcJni: nfcManager_setDefaultRoute : exit
05-14 08:47:27.454  9064  9064 D NfcService: Discovery configuration equal, not updating.
05-14 08:47:27.477  1551  1586 I system_server: Background young concurrent copying GC freed 446493(20MB) AllocSpace objects, 15(364KB) LOS objects, 27% free, 52MB/72MB, paused 2.186ms total 146.609ms
05-14 08:47:27.486  1551  1588 W System  : A resource failed to call release. 
05-14 08:47:27.551  1551  1677 I Timeline: Timeline: Activity_windows_visible id: ActivityRecord{ab8e47f u0 com.miui.home/.launcher.Launcher t2} time:372010222
05-14 08:47:27.554  1551  1677 I Timeline: Timeline: App_transition_stopped time:372010225
05-14 08:47:27.487  1551  1588 I chatty  : uid=1000(system) FinalizerDaemon identical 6 lines
05-14 08:47:27.487  1551  1588 W System  : A resource failed to call release. 
05-14 08:47:27.557  2731  2731 E RotationHelper: setCurrentTransitionRequest: request=0
05-14 08:47:27.606  1551  1676 D EventSequenceValidator: IntentStarted during UNKNOWN. Intent { flg=0x10000000 cmp=com.yahorzabotsin.openvpnclientgate/.mobile.SplashActivity }
05-14 08:47:27.606  1551  1676 D EventSequenceValidator: java.lang.Throwable: EventSequenceValidator#getStackTrace
05-14 08:47:27.606  1551  1676 D EventSequenceValidator: 	at com.google.android.startop.iorap.EventSequenceValidator.logWarningWithStackTrace(EventSequenceValidator.java:260)
05-14 08:47:27.606  1551  1676 D EventSequenceValidator: 	at com.google.android.startop.iorap.EventSequenceValidator.onIntentStarted(EventSequenceValidator.java:106)
05-14 08:47:27.606  1551  1676 D EventSequenceValidator: 	at com.android.server.wm.LaunchObserverRegistryImpl.handleOnIntentStarted(LaunchObserverRegistryImpl.java:139)
05-14 08:47:27.606  1551  1676 D EventSequenceValidator: 	at com.android.server.wm.LaunchObserverRegistryImpl.lambda$veRn_GhgLZLlOHOJ0ZYT6KcfYqo(Unknown Source:0)
05-14 08:47:27.606  1551  1676 D EventSequenceValidator: 	at com.android.server.wm.-$$Lambda$LaunchObserverRegistryImpl$veRn_GhgLZLlOHOJ0ZYT6KcfYqo.accept(Unknown Source:10)
05-14 08:47:27.606  1551  1676 D EventSequenceValidator: 	at com.android.internal.util.function.pooled.PooledLambdaImpl.doInvoke(PooledLambdaImpl.java:292)
05-14 08:47:27.606  1551  1676 D EventSequenceValidator: 	at com.android.internal.util.function.pooled.PooledLambdaImpl.invoke(PooledLambdaImpl.java:201)
05-14 08:47:27.606  1551  1676 D EventSequenceValidator: 	at com.android.internal.util.function.pooled.OmniFunction.run(OmniFunction.java:97)
05-14 08:47:27.606  1551  1676 D EventSequenceValidator: 	at android.os.Handler.handleCallback(Handler.java:938)
05-14 08:47:27.606  1551  1676 D EventSequenceValidator: 	at android.os.Handler.dispatchMessage(Handler.java:99)
05-14 08:47:27.606  1551  1676 D EventSequenceValidator: 	at android.os.Looper.loop(Looper.java:236)
05-14 08:47:27.606  1551  1676 D EventSequenceValidator: 	at android.os.HandlerThread.run(HandlerThread.java:67)
05-14 08:47:27.606  1551  1676 D EventSequenceValidator: 	at com.android.server.ServiceThread.run(ServiceThread.java:45)
05-14 08:47:27.606  1551  1676 D EventSequenceValidator: inc AccIntentStartedEvents to 3
05-14 08:47:27.607  1551 10160 I ActivityTaskManager: START u0 {flg=0x10000000 cmp=com.yahorzabotsin.openvpnclientgate/.mobile.SplashActivity} from uid 2000
05-14 08:47:27.608  1551 10160 D MiuiMultiWindowAdapter: MiuiMultiWindowAdapter::getFreeformBlackList::sSmallWindowBlackList = [com.miui.securitycenter, com.miui.weather2, com.miui.miservice, com.android.calendar, com.xiaomi.calendar, com.android.contacts, com.miui.mishare.connectivity, com.android.settings, com.android.printspooler, com.miui.backup, com.miui.huanji, com.miui.calculator, com.android.deskclock, com.android.thememanager, com.mfashiongallery.emag, com.miui.virtualsim, com.miui.smarttravel, com.mi.health, com.android.camera, com.lbe.security.miui, com.miui.cleanmaster, com.miui.newhome, com.miui.voiceassist, com.android.phone, com.miui.yellowpage, com.android.updater, com.miui.tsmclient, com.miui.securitycore, com.xiaomi.account, com.xiaomi.shop, com.xiaomi.smarthome, com.mipay.wallet, com.xiaomi.youpin, com.xiaomi.hm.health, com.miui.bugreport, com.xiaomi.mibrain.speech, com.xiaomi.mimoji, com.xiaomi.scanner, com.duokan.phone.remotecontroller, com.miui.hybrid, com.android.incallui, com.miui.video, com.miui.videoplayer, com.miui.player, com.miui.fm, com.miui.packageinstaller, com.mi.android.globallauncher, com.mi.android.globallauncher-poco, com.google.android.dialer, com.google.android.apps.magazines, com.miui.compass, com.miui.greenguard, com.kiteguard, com.google.android.apps.prodcasts, com.google.ar.lens, com.xiangkan.android, com.android.bankabc, com.sohu.inputmethod.sogou, com.tencent.mtt, com.shyz.toutiao, com.netease.mc.mi, com.outfit7.talkingtomgoldrun.mi, com.doudz.mi, com.wepie.snake.new.mi, cn.jj, com.standddz002.mi, com.miHoYo.bh3.mi, com.qqgame.hlddz, com.happyelements.AndroidAnimal, com.minitech.miniworld.TMobile.mi, com.mfp.jelly.xiaomi, com.lilithgames.afk.mi, com.tencent.peng, com.teenpatti.hd.gold, blockpuzzle.jewelgames.jewelslegend, com.playgendary.tanks, com.chillingo.robberybobfree.android.row, com.episodeinteractive.android.catalog, com.playrix.township, com.ansangha.drdriving, com.google.android.youtube, com.gbits.atm.mi, com.tencent.tetris, com.sukhavati.gotoplaying.bubble.BubbleShooter.mint, com.block.puzzle.game.hippo.mi, com.youzu.bs.mi, com.appsomniacs.da2, com.miHoYo.Yuanshen, com.baidu.BaiduMap, com.google.android.googlequicksearchbox]
05-14 08:47:27.608  1551 10160 V ActivityTaskManager: Calling mServicetracker.OnActivityStateChange with flag falsestateINITIALIZING
05-14 08:47:27.608  1551 10160 V ActivityTaskManager: Calling mServicetracker.OnActivityStateChange with flag truestateINITIALIZING
05-14 08:47:27.609   874 24460 I vendor.qti.hardware.servicetracker@1.2-service: Activity state is changed to : 0
05-14 08:47:27.611  1551 10160 V ActivityTaskManager: onConfigurationChanged overrideWindowingMode = 0 isMiuiMagicModeChanged = false prevWindowingMode = 0
05-14 08:47:27.612  1551 10160 V ActivityTaskManager: onConfigurationChanged overrideWindowingMode = 0 isMiuiMagicModeChanged = false prevWindowingMode = 1
05-14 08:47:27.609   874 24460 I vendor.qti.hardware.servicetracker@1.2-service: Activity state is changed to : 0
05-14 08:47:27.613   864   909 E ANDR-PERF-OPTSHANDLER: Perflock resource /sys/class/devfreq/soc:qcom,llccbw/min_freq not supported
05-14 08:47:27.613   864   909 E ANDR-PERF-RESOURCEQS: Failed to apply optimization [12, 0]
05-14 08:47:27.614  1551 10160 V ActivityTaskManager: Starting new activity ActivityRecord{fbb5ece u0 com.yahorzabotsin.openvpnclientgate/.mobile.SplashActivity t4249} in new task Task{afe51ef #4249 visible=true type=standard mode=fullscreen translucent=true A=10632:com.yahorzabotsin.openvpnclientgate U=0 StackId=4249 sz=1}
05-14 08:47:27.619  1551 10160 D CompatibilityInfo: mCompatibilityFlags - 0
05-14 08:47:27.619  1551 10160 D CompatibilityInfo: applicationDensity - 480
05-14 08:47:27.619  1551 10160 D CompatibilityInfo: applicationScale - 1.0
05-14 08:47:27.620  1551 10160 V ActivityTaskManager: Calling mServicetracker.OnActivityStateChange with flag truestateRESUMED
05-14 08:47:27.620   874 27291 I vendor.qti.hardware.servicetracker@1.2-service: Activity state is changed to : 2
05-14 08:47:27.621  1551 10160 V ActivityTaskManager: Calling mServicetracker.OnActivityStateChange with flag truestatePAUSING
05-14 08:47:27.621  1551 10160 D ActivityTrigger: ActivityTrigger activityPauseTrigger 
05-14 08:47:27.621   874 27291 I vendor.qti.hardware.servicetracker@1.2-service: Activity state is changed to : 3
05-14 08:47:27.621  1551 10160 V ActivityTaskManager: Calling mServicetracker.OnActivityStateChange with flag falsestatePAUSING
05-14 08:47:27.621   874 27291 I vendor.qti.hardware.servicetracker@1.2-service: Activity state is changed to : 3
05-14 08:47:27.622   694   702 E statsd  : Predicate 5980654721335871649 dropping data for dimension key (10)0x2010101->10632[I] (10)0x30000->*launch*[S] 
05-14 08:47:27.625  2731  2731 D Launcher.Lifecycle: onPause:UserHandle{0},8217634,true
05-14 08:47:27.625  2731  2731 D Launcher_UnlockAnimationStateMachine: setState:PAUSE_WAIT
05-14 08:47:27.626  1551  9017 V ActivityTaskManager: Calling mServicetracker.OnActivityStateChange with flag truestatePAUSED
05-14 08:47:27.627  1551  9017 V ActivityTaskManager: Calling mServicetracker.OnActivityStateChange with flag falsestatePAUSED
05-14 08:47:27.627   874 27291 I vendor.qti.hardware.servicetracker@1.2-service: Activity state is changed to : 4
05-14 08:47:27.627  1551  9017 V ActivityTaskManager: Calling mServicetracker.OnActivityStateChange with flag truestateRESUMED
05-14 08:47:27.627   874 27291 I vendor.qti.hardware.servicetracker@1.2-service: Activity state is changed to : 4
05-14 08:47:27.627   874 24460 I vendor.qti.hardware.servicetracker@1.2-service: Activity state is changed to : 2
05-14 08:47:27.633  2731  2843 D StatusBarController: handleMessage: flag 800000  disable false
05-14 08:47:27.633  1551  1676 D CompatibilityChangeReporter: Compat change id reported: 135634846; UID 10632; state: DISABLED
05-14 08:47:27.633  1551  1686 D CompatibilityChangeReporter: Compat change id reported: 143937733; UID 10632; state: ENABLED
05-14 08:47:27.635  1551  1676 D EventSequenceValidator: onActivityLaunched during UNKNOWN.
05-14 08:47:27.635  1551  1676 D EventSequenceValidator: java.lang.Throwable: EventSequenceValidator#getStackTrace
05-14 08:47:27.635  1551  1676 D EventSequenceValidator: 	at com.google.android.startop.iorap.EventSequenceValidator.logWarningWithStackTrace(EventSequenceValidator.java:260)
05-14 08:47:27.635  1551  1676 D EventSequenceValidator: 	at com.google.android.startop.iorap.EventSequenceValidator.onActivityLaunched(EventSequenceValidator.java:149)
05-14 08:47:27.635  1551  1676 D EventSequenceValidator: 	at com.android.server.wm.LaunchObserverRegistryImpl.handleOnActivityLaunched(LaunchObserverRegistryImpl.java:157)
05-14 08:47:27.635  1551  1676 D EventSequenceValidator: 	at com.android.server.wm.LaunchObserverRegistryImpl.lambda$UGY1OclnLIQLMEL9B55qjERFf4o(Unknown Source:0)
05-14 08:47:27.635  1551  1676 D EventSequenceValidator: 	at com.android.server.wm.-$$Lambda$LaunchObserverRegistryImpl$UGY1OclnLIQLMEL9B55qjERFf4o.accept(Unknown Source:10)
05-14 08:47:27.635  1551  1676 D EventSequenceValidator: 	at com.android.internal.util.function.pooled.PooledLambdaImpl.doInvoke(PooledLambdaImpl.java:292)
05-14 08:47:27.635  1551  1676 D EventSequenceValidator: 	at com.android.internal.util.function.pooled.PooledLambdaImpl.invoke(PooledLambdaImpl.java:201)
05-14 08:47:27.635  1551  1676 D EventSequenceValidator: 	at com.android.internal.util.function.pooled.OmniFunction.run(OmniFunction.java:97)
05-14 08:47:27.635  1551  1676 D EventSequenceValidator: 	at android.os.Handler.handleCallback(Handler.java:938)
05-14 08:47:27.635  1551  1676 D EventSequenceValidator: 	at android.os.Handler.dispatchMessage(Handler.java:99)
05-14 08:47:27.635  1551  1676 D EventSequenceValidator: 	at android.os.Looper.loop(Looper.java:236)
05-14 08:47:27.635  1551  1676 D EventSequenceValidator: 	at android.os.HandlerThread.run(HandlerThread.java:67)
05-14 08:47:27.635  1551  1676 D EventSequenceValidator: 	at com.android.server.ServiceThread.run(ServiceThread.java:45)
05-14 08:47:27.638  1198  1198 W Binder:1198_C: type=1400 audit(0.0:628345): avc: denied { search } for name="820" dev="proc" ino=4117628 scontext=u:r:cameraserver:s0 tcontext=u:r:hal_camera_default:s0 tclass=dir permissive=0
05-14 08:47:27.650  1551  2119 I MiuiNetworkPolicy: updateUidState uid = 10632, uidState = 19
05-14 08:47:27.658  1551  1677 V WindowManager: Orientation start waiting for draw, mDrawState=DRAW_PENDING in Window{484c818 mode=0 rootTaskId=4249 u0 Splash Screen com.yahorzabotsin.openvpnclientgate}, surfaceController Surface(name=Splash Screen com.yahorzabotsin.openvpnclientgate)/@0xde09856
05-14 08:47:27.658   696   696 D Zygote  : Forked child process 4634
05-14 08:47:27.660  1551  1686 D Boost   : hostingType=pre-top-activity, hostingName={com.yahorzabotsin.openvpnclientgate/com.yahorzabotsin.openvpnclientgate.mobile.SplashActivity}, callerPackage=com.android.shell, isSystem=true, isBoostNeeded=false.
05-14 08:47:27.661  4634  4634 W Zygote  : Unable to open libbeluga.so: dlopen failed: library "libbeluga.so" not found.
05-14 08:47:27.661  1551  1686 I ActivityManager: Start proc 4634:com.yahorzabotsin.openvpnclientgate/u0a632 for pre-top-activity {com.yahorzabotsin.openvpnclientgate/com.yahorzabotsin.openvpnclientgate.mobile.SplashActivity} caller=com.android.shell
05-14 08:47:27.662  1551  1677 D WindowManager: Input focus has changed to null
05-14 08:47:27.668  1551  9019 D MIUIInput: [FoucsChange]: Display  0 FocusedWindow From Window{4a1df27 mode=0 rootTaskId=1 u0 com.miui.home/com.miui.home.launcher.Launcher}(1,1)  to null(0,0)
05-14 08:47:27.669  2731  2731 D Launcher.Lifecycle: onWindowFocusChanged:false,UserHandle{0},8217634,true
05-14 08:47:27.671  4634  4634 I envpnclientgat: Late-enabling -Xcheck:jni
05-14 08:47:27.698  4634  4634 I envpnclientgat: Unquickening 20 vdex files!
05-14 08:47:27.705 28700 28705 I adbd    : jdwp connection from 4634
05-14 08:47:27.718  1551  9019 D CompatibilityInfo: mCompatibilityFlags - 0
05-14 08:47:27.718  1551  9019 D CompatibilityInfo: applicationDensity - 480
05-14 08:47:27.718  1551  9019 D CompatibilityInfo: applicationScale - 1.0
05-14 08:47:27.720  1551  9019 D CompatibilityInfo: mCompatibilityFlags - 0
05-14 08:47:27.720  1551  9019 D CompatibilityInfo: applicationDensity - 480
05-14 08:47:27.720  1551  9019 D CompatibilityInfo: applicationScale - 1.0
05-14 08:47:27.721 11275 11293 I GST     : forePkg: com.yahorzabotsin.openvpnclientgate, preForePkg: com.miui.home
05-14 08:47:27.721 11081 11100 D PerfEngineController: ForegroundInfo{mForegroundPackageName='com.yahorzabotsin.openvpnclientgate', mForegroundUid=10632, mForegroundPid=4634, mLastForegroundPackageName='com.miui.home', mLastForegroundUid=10111, mLastForegroundPid=2731, mMultiWindowForegroundPackageName='null', mMultiWindowForegroundUid=-1, mFlags=1}
05-14 08:47:27.721 10638 20264 I ProcessMonitor: onForegroundInfoChanged: ForegroundInfo{mForegroundPackageName='com.yahorzabotsin.openvpnclientgate', mForegroundUid=10632, mForegroundPid=4634, mLastForegroundPackageName='com.miui.home', mLastForegroundUid=10111, mLastForegroundPid=2731, mMultiWindowForegroundPackageName='null', mMultiWindowForegroundUid=-1, mFlags=1}
05-14 08:47:27.722  1551  9019 V ActivityTaskManager: Calling mServicetracker.OnActivityStateChange with flag truestateRESUMED
05-14 08:47:27.723  1551  9019 V ActivityTaskManager: Calling mServicetracker.OnActivityStateChange with flag falsestateRESUMED
05-14 08:47:27.723   874 24460 I vendor.qti.hardware.servicetracker@1.2-service: Activity state is changed to : 2
05-14 08:47:27.723   874 24460 I vendor.qti.hardware.servicetracker@1.2-service: Activity state is changed to : 2
05-14 08:47:27.724 10638 20264 I GameBoosterService: onForegroundInfoChanged: Cur=com.yahorzabotsin.openvpnclientgate	 last=com.miui.home
05-14 08:47:27.725 10638 20264 I FreeformWindowUtils: has app list!
05-14 08:47:27.731  1551  1677 I Timeline: Timeline: App_transition_ready time:372010403
05-14 08:47:27.738 10638 20264 D GameBoosterService: onGameStatusChange foreground:ForegroundInfo{mForegroundPackageName='com.yahorzabotsin.openvpnclientgate', mForegroundUid=10632, mForegroundPid=4634, mLastForegroundPackageName='com.miui.home', mLastForegroundUid=10111, mLastForegroundPid=2731, mMultiWindowForegroundPackageName='null', mMultiWindowForegroundUid=-1, mFlags=1}
05-14 08:47:27.739 10638 20264 I VideoBoxUtils: isSupportVideoBox: false
05-14 08:47:27.739 10638 20264 I VideoToolBoxService: vtb is closed!!!
05-14 08:47:27.740  2288  2715 D MiuiPhoneStatusBarPolicy: updateManagedProfile: secondSpace = false
05-14 08:47:27.741 10196 17201 D PMonitor:  onForegroundActivitiesChanged:pid = 4634,activity-uid=10632,foregroundActivities=true
05-14 08:47:27.742  1551  2119 I MiuiNetworkPolicy: updateUidState uid = 10632, uidState = 2
05-14 08:47:27.743  2288  2288 D AppMiniWindowManager: topActivity updated in onTaskStackChanged
05-14 08:47:27.744 10638 20264 I SCTaskStackListener: onTaskStackChanged! inSplit = false
05-14 08:47:27.744 10638 20368 I SCTaskStackListener: onTaskStackChanged! inSplit = false
05-14 08:47:27.769  1551  2119 D MiuiNetworkPolicy: updateLimit mLimitEnabled=false,enabled=true,mNetworkPriorityMode=255
05-14 08:47:27.926  2731  2731 D Launcher_UnlockAnimationStateMachine: mResetIdleStateRunnable
05-14 08:47:28.170  2288  8788 D CommandQueue: setStatus: setStatus: what = 0, action = upate_specail_mode, ext = Bundle[mParcelledData.dataSize=136][pkg = com.yahorzabotsin.openvpnclientgate[enable_config = false
05-14 08:47:28.232  4634  4634 I Perf    : Connecting to perf service.
05-14 08:47:28.244  4634  4634 D NetworkSecurityConfig: No Network Security Config specified, using platform default
05-14 08:47:28.244  4634  4634 D NetworkSecurityConfig: No Network Security Config specified, using platform default
05-14 08:47:28.266  4634  4634 D WM-WrkMgrInitializer: Initializing WorkManager with default configuration.
05-14 08:47:28.286  1551  1677 I Timeline: Timeline: App_transition_stopped time:372010957
05-14 08:47:28.323  4634  4634 I TetheringManager: registerTetheringEventCallback:com.yahorzabotsin.openvpnclientgate
05-14 08:47:28.328  4634  4634 D WM-PackageManagerHelper: Skipping component enablement for androidx.work.impl.background.systemjob.SystemJobService
05-14 08:47:28.328  4634  4634 D WM-Schedulers: Created SystemJobScheduler and enabled SystemJobService
05-14 08:47:28.375  4634  4657 D WM-ForceStopRunnable: The default process name was not specified.
05-14 08:47:28.376  4634  4657 D WM-ForceStopRunnable: Performing cleanup operations.
05-14 08:47:28.397  4634  4634 I ContentProviderMonitor: PerfMonitor installContentProviders : before publish content providers
05-14 08:47:28.404  4634  4657 D WM-SystemJobScheduler: Reconciling jobs
05-14 08:47:28.412  4634  4657 D WM-ForceStopRunnable: Application was force-stopped, rescheduling.
05-14 08:47:28.428  4634  4657 D WM-SystemJobScheduler: Scheduling work ID 4dbdee18-bee4-4130-a329-3d8935c65fa8Job ID 48
05-14 08:47:28.461  4634  4634 I OpenVPNGateApp:ServerRefreshScheduler: Preparing periodic server refresh schedule. ttl_ms=1200000, interval_min=20, clamped_to_min=false
05-14 08:47:28.480  4634  4658 D WM-PackageManagerHelper: Skipping component enablement for androidx.work.impl.background.systemalarm.RescheduleReceiver
05-14 08:47:28.487  4634  4634 I OpenVPNGateApp:ServerRefreshScheduler: Periodic server refresh scheduled. work=server-list-periodic-refresh, policy=UPDATE, interval_min=20, backoff_min=30
05-14 08:47:28.489  4634  4634 I OpenVPNGateApp:CoreApp: Periodic server refresh scheduling ensured
05-14 08:47:28.491  4634  4634 D OpenVPNGateApp:CoreApp: Skipping OpenVpnService auto-start in Application
05-14 08:47:28.501   968  2769 W DisplayIdentification: Invalid EDID: falling back to serial number due to missing display name.
05-14 08:47:28.501   968  2769 W DisplayIdentification: Invalid EDID: falling back to ASCII text due to missing serial number.
05-14 08:47:28.508  4634  4661 D WM-GreedyScheduler: Cancelling work ID 4dbdee18-bee4-4130-a329-3d8935c65fa8
05-14 08:47:28.525  4634  4661 D WM-SystemJobScheduler: Scheduling work ID 4dbdee18-bee4-4130-a329-3d8935c65fa8Job ID 49
