05-14 08:47:19.308  1551  9019 D CompatibilityInfo: applicationScale - 1.0
05-14 08:47:19.309  1551  9019 V ActivityTaskManager: Calling mServicetracker.OnActivityStateChange with flag truestateRESUMED
05-14 08:47:19.309  1551  9019 V ActivityTaskManager: Calling mServicetracker.OnActivityStateChange with flag falsestateRESUMED
05-14 08:47:19.309 11275 11293 I GST     : forePkg: com.yahorzabotsin.openvpnclientgate, preForePkg: com.miui.home
05-14 08:47:19.309 10638 12188 I ProcessMonitor: onForegroundInfoChanged: ForegroundInfo{mForegroundPackageName='com.yahorzabotsin.openvpnclientgate', mForegroundUid=10632, mForegroundPid=4482, mLastForegroundPackageName='com.miui.home', mLastForegroundUid=10111, mLastForegroundPid=2731, mMultiWindowForegroundPackageName='null', mMultiWindowForegroundUid=-1, mFlags=1}
05-14 08:47:19.309   874 27291 I vendor.qti.hardware.servicetracker@1.2-service: Activity state is changed to : 2
05-14 08:47:19.309   874 27291 I vendor.qti.hardware.servicetracker@1.2-service: Activity state is changed to : 2
05-14 08:47:19.310 11081 11100 D PerfEngineController: ForegroundInfo{mForegroundPackageName='com.yahorzabotsin.openvpnclientgate', mForegroundUid=10632, mForegroundPid=4482, mLastForegroundPackageName='com.miui.home', mLastForegroundUid=10111, mLastForegroundPid=2731, mMultiWindowForegroundPackageName='null', mMultiWindowForegroundUid=-1, mFlags=1}
05-14 08:47:19.311 10638 12188 I GameBoosterService: onForegroundInfoChanged: Cur=com.yahorzabotsin.openvpnclientgate	 last=com.miui.home
05-14 08:47:19.311 10638 12188 I FreeformWindowUtils: has app list!
05-14 08:47:19.317  1551  1677 I Timeline: Timeline: App_transition_ready time:372001989
05-14 08:47:19.323  2288  2715 D MiuiPhoneStatusBarPolicy: updateManagedProfile: secondSpace = false
05-14 08:47:19.324 10638 12188 D GameBoosterService: onGameStatusChange foreground:ForegroundInfo{mForegroundPackageName='com.yahorzabotsin.openvpnclientgate', mForegroundUid=10632, mForegroundPid=4482, mLastForegroundPackageName='com.miui.home', mLastForegroundUid=10111, mLastForegroundPid=2731, mMultiWindowForegroundPackageName='null', mMultiWindowForegroundUid=-1, mFlags=1}
05-14 08:47:19.324 10638 12188 I VideoBoxUtils: isSupportVideoBox: false
05-14 08:47:19.324 10638 12188 I VideoToolBoxService: vtb is closed!!!
05-14 08:47:19.325 10196 17201 D PMonitor:  onForegroundActivitiesChanged:pid = 4482,activity-uid=10632,foregroundActivities=true
05-14 08:47:19.327  1551  2119 I MiuiNetworkPolicy: updateUidState uid = 10632, uidState = 2
05-14 08:47:19.333   874 24460 I vendor.qti.hardware.servicetracker@1.2-service: unbindService is called for service : com.google.android.gms/.chimera.PersistentApiService and for client com.google.android.gms.persistent
05-14 08:47:19.334 26398 26398 D BoundBrokerSvc: onUnbind: Intent { act=com.google.android.gms.auth.aang.events.services.START dat=chimera-action: cmp=com.google.android.gms/.chimera.PersistentApiService }
05-14 08:47:19.335   874 24460 I vendor.qti.hardware.servicetracker@1.2-service: unbindService is called for service : com.google.android.gms/.chimera.GmsApiService and for client com.google.android.gms.persistent
05-14 08:47:19.336 26573 26573 D BoundBrokerSvc: onUnbind: Intent { act=com.google.android.gms.onboardingconsent.api.ConsentManagerApiService.START dat=chimera-action: cmp=com.google.android.gms/.chimera.GmsApiService }
05-14 08:47:19.338   874 24460 I vendor.qti.hardware.servicetracker@1.2-service: unbindService is called for service : com.google.android.gms/.chimera.GmsApiService and for client com.google.android.gms.persistent
05-14 08:47:19.338   874 24460 I vendor.qti.hardware.servicetracker@1.2-service: size of service connections for service: com.google.android.gms/.chimera.GmsApiServiceafter removal is 0
05-14 08:47:19.338   874 24460 I vendor.qti.hardware.servicetracker@1.2-service: size of client connections for client: com.google.android.gms.persistentafter removal is 7
05-14 08:47:19.341 26573 26573 D BoundBrokerSvc: onUnbind: Intent { act=com.google.android.gms.semanticlocationhistory.zeroparty.service.START dat=chimera-action: cmp=com.google.android.gms/.chimera.GmsApiService }
05-14 08:47:19.341   874 24460 I vendor.qti.hardware.servicetracker@1.2-service: destroyService is called for service : com.google.android.gms/.chimera.GmsApiService
05-14 08:47:19.344  1551  2119 I MiuiNetworkPolicy: updateUidState uid = 99157, uidState = 10
05-14 08:47:19.349   874 24460 I vendor.qti.hardware.servicetracker@1.2-service: unbindService is called for service : com.google.android.gms/.chimera.PersistentApiService and for client com.google.android.gms.persistent
05-14 08:47:19.350  1551  2119 I MiuiNetworkPolicy: updateUidState uid = 99157, uidState = 13
05-14 08:47:19.367   874 24460 I vendor.qti.hardware.servicetracker@1.2-service: unbindService is called for service : com.google.android.gms/.chimera.PersistentDirectBootAwareApiService and for client com.google.android.gms.persistent
05-14 08:47:19.435   874 24460 I vendor.qti.hardware.servicetracker@1.2-service: unbindService is called for service : com.google.android.gms/com.google.android.location.reporting.service.ReportingAndroidService and for client com.google.android.gms
05-14 08:47:19.435   874 24460 I vendor.qti.hardware.servicetracker@1.2-service: size of service connections for service: com.google.android.gms/com.google.android.location.reporting.service.ReportingAndroidServiceafter removal is 0
05-14 08:47:19.435   874 24460 I vendor.qti.hardware.servicetracker@1.2-service: size of client connections for client: com.google.android.gmsafter removal is 4
05-14 08:47:19.436   874 24460 I vendor.qti.hardware.servicetracker@1.2-service: destroyService is called for service : com.google.android.gms/com.google.android.location.reporting.service.ReportingAndroidService
05-14 08:47:19.489  2731  2731 D Launcher_UnlockAnimationStateMachine: mResetIdleStateRunnable
05-14 08:47:19.718  1017  1017 W /system/vendor/bin/ipacm: type=1400 audit(0.0:628276): avc: denied { write } for comm=6E65746C696E6B20736F636B6574 name="ipacm_log_file" dev="tmpfs" ino=27249 scontext=u:r:ipacm:s0 tcontext=u:object_r:ipacm_socket:s0 tclass=sock_file permissive=0
05-14 08:47:19.718  1017  1017 I chatty  : uid=1001(radio) /system/vendor/bin/ipacm identical 1 line
05-14 08:47:19.718  1017  1017 W /system/vendor/bin/ipacm: type=1400 audit(0.0:628278): avc: denied { write } for comm=6E65746C696E6B20736F636B6574 name="ipacm_log_file" dev="tmpfs" ino=27249 scontext=u:r:ipacm:s0 tcontext=u:object_r:ipacm_socket:s0 tclass=sock_file permissive=0
05-14 08:47:19.718  1017  1017 W ipacm   : type=1400 audit(0.0:628279): avc: denied { write } for name="ipacm_log_file" dev="tmpfs" ino=27249 scontext=u:r:ipacm:s0 tcontext=u:object_r:ipacm_socket:s0 tclass=sock_file permissive=0
05-14 08:47:19.718  1017  1017 W ipacm   : type=1400 audit(0.0:628280): avc: denied { write } for name="ipacm_log_file" dev="tmpfs" ino=27249 scontext=u:r:ipacm:s0 tcontext=u:object_r:ipacm_socket:s0 tclass=sock_file permissive=0
05-14 08:47:19.761  2288  9041 D CommandQueue: setStatus: setStatus: what = 0, action = upate_specail_mode, ext = Bundle[mParcelledData.dataSize=136][pkg = com.yahorzabotsin.openvpnclientgate[enable_config = false
05-14 08:47:19.826  4482  4482 I Perf    : Connecting to perf service.
05-14 08:47:19.837  4482  4482 D NetworkSecurityConfig: No Network Security Config specified, using platform default
05-14 08:47:19.838  4482  4482 D NetworkSecurityConfig: No Network Security Config specified, using platform default
05-14 08:47:19.862  4482  4482 D WM-WrkMgrInitializer: Initializing WorkManager with default configuration.
05-14 08:47:19.879  1551  1677 I Timeline: Timeline: App_transition_stopped time:372002551
05-14 08:47:19.914  4482  4482 I TetheringManager: registerTetheringEventCallback:com.yahorzabotsin.openvpnclientgate
05-14 08:47:19.920  4482  4482 D WM-PackageManagerHelper: Skipping component enablement for androidx.work.impl.background.systemjob.SystemJobService
05-14 08:47:19.920  4482  4482 D WM-Schedulers: Created SystemJobScheduler and enabled SystemJobService
05-14 08:47:19.967  4482  4505 D WM-ForceStopRunnable: The default process name was not specified.
05-14 08:47:19.968  4482  4505 D WM-ForceStopRunnable: Performing cleanup operations.
05-14 08:47:19.988  4482  4482 I ContentProviderMonitor: PerfMonitor installContentProviders : before publish content providers
05-14 08:47:19.996  4482  4505 D WM-SystemJobScheduler: Reconciling jobs
05-14 08:47:19.996  2288  2288 E QSAnimator: tileView is null mute
05-14 08:47:19.996  2288  2288 E QSAnimator: tileView is null screenshot
05-14 08:47:19.996  2288  2288 E QSAnimator: tileView is null airplane
05-14 08:47:19.996  2288  2288 E QSAnimator: tileView is null screenlock
05-14 08:47:19.996  2288  2288 E QSAnimator: tileView is null hotspot
05-14 08:47:19.996  2288  2288 E QSAnimator: tileView is null gps
05-14 08:47:19.996  2288  2288 E QSAnimator: tileView is null rotation
05-14 08:47:19.996  2288  2288 E QSAnimator: tileView is null scanner
05-14 08:47:19.996  2288  2288 E QSAnimator: tileView is null papermode
05-14 08:47:19.996  2288  2288 E QSAnimator: tileView is null night
05-14 08:47:19.996  2288  2288 E QSAnimator: tileView is null quietmode
05-14 08:47:19.996  2288  2288 E QSAnimator: tileView is null batterysaver
05-14 08:47:19.996  2288  2288 E QSAnimator: tileView is null custom(com.miui.securitycenter/com.miui.superpower.notification.SuperPowerTileService)
05-14 08:47:19.996  2288  2288 E QSAnimator: tileView is null custom(com.milink.service/com.milink.ui.service.MiLinkTileService)
05-14 08:47:19.996  2288  2288 E QSAnimator: tileView is null custom(com.miui.mishare.connectivity/.tile.MiShareTileService)
05-14 08:47:19.996  2288  2288 E QSAnimator: tileView is null freeformhang
05-14 08:47:19.996  2288  2288 E QSAnimator: tileView is null custom(com.miui.screenrecorder/.service.QuickService)
05-14 08:47:19.996  2288  2288 E QSAnimator: tileView is null vibrate
05-14 08:47:19.996  2288  2288 E QSAnimator: tileView is null nfc
05-14 08:47:19.996  2288  2288 E QSAnimator: tileView is null edit
05-14 08:47:20.004  4482  4505 D WM-ForceStopRunnable: Application was force-stopped, rescheduling.
05-14 08:47:20.022  4482  4505 D WM-SystemJobScheduler: Scheduling work ID 4dbdee18-bee4-4130-a329-3d8935c65fa8Job ID 47
05-14 08:47:20.041  4482  4482 I OpenVPNGateApp:ServerRefreshScheduler: Preparing periodic server refresh schedule. ttl_ms=1200000, interval_min=20, clamped_to_min=false
05-14 08:47:20.073  4482  4482 I OpenVPNGateApp:ServerRefreshScheduler: Periodic server refresh scheduled. work=server-list-periodic-refresh, policy=UPDATE, interval_min=20, backoff_min=30
05-14 08:47:20.078  4482  4482 I OpenVPNGateApp:CoreApp: Periodic server refresh scheduling ensured
05-14 08:47:20.080  4482  4482 D OpenVPNGateApp:CoreApp: Skipping OpenVpnService auto-start in Application
05-14 08:47:20.096   968  1183 W DisplayIdentification: Invalid EDID: falling back to serial number due to missing display name.
05-14 08:47:20.096   968  1183 W DisplayIdentification: Invalid EDID: falling back to ASCII text due to missing serial number.
05-14 08:47:20.113  1551  2119 I MiuiNetworkPolicy: updateUidState uid = 10115, uidState = 15
05-14 08:47:20.115  4482  4506 D WM-GreedyScheduler: Cancelling work ID 4dbdee18-bee4-4130-a329-3d8935c65fa8
05-14 08:47:20.133  4482  4506 D WM-SystemJobScheduler: Scheduling work ID 4dbdee18-bee4-4130-a329-3d8935c65fa8Job ID 48
05-14 08:47:20.141  4482  4506 D WM-PackageManagerHelper: Skipping component enablement for androidx.work.impl.background.systemalarm.RescheduleReceiver
05-14 08:47:20.145  4482  4482 D AppCompatDelegate: Checking for metadata for AppLocalesMetadataHolderService : Service not found
05-14 08:47:20.232  4482  4482 W envpnclientgat: Accessing hidden method Landroid/view/ViewGroup;->makeOptionalFitsSystemWindows()V (greylist, reflection, allowed)
05-14 08:47:20.266  4482  4482 I OpenVPNGateApp:SplashActivityCore: Starting server preload. vpn_connected=false, cache_only=false
05-14 08:47:20.273  4482  4482 W envpnclientgat: Accessing hidden method Ljava/lang/invoke/MethodHandles$Lookup;-><init>(Ljava/lang/Class;I)V (greylist, reflection, allowed)
05-14 08:47:20.336  4482  4482 D OpenVPNGateApp:ServersV2SyncCoordinator: syncCountries(forceRefresh=false, cacheOnly=false)
05-14 08:47:20.340  4482  4482 D OpenVPNGateApp:ServersV2Repository: getCountries[locale=en]: fetching from network
05-14 08:47:20.387  1348 15544 D BufferPoolAccessor2.0: bufferpool2 0x738f27ca28 : 3(72000 size) total buffers - 1(24000 size) used buffers - 1570781/1570784 (recycle/alloc) - 654/1570782 (fetch/transfer)
05-14 08:47:20.389  1551  9017 V MiuiActivityTaskManagerServiceEx: dispatchActivityLifeState state = onResume
05-14 08:47:20.389  1551  9017 V MiuiActivityTaskManagerServiceEx: dispatchActivityLifeState r = ActivityRecord{f952eb6 u0 com.yahorzabotsin.openvpnclientgate/.mobile.SplashActivity t4248}
05-14 08:47:20.389  2731  2731 D RecentsImpl: mActivityStateObserver com.yahorzabotsin.openvpnclientgate.mobile.SplashActivity
05-14 08:47:20.389  2731  2731 W RecentsImpl: onResumed className=com.yahorzabotsin.openvpnclientgate.mobile.SplashActivity   mIsInAnotherPro=false
05-14 08:47:20.389  4482  4482 W Looper  : PerfMonitor looperActivity : package=com.yahorzabotsin.openvpnclientgate/.mobile.SplashActivity time=306ms latency=767ms running=265ms  procState=2 ClientTransaction{ callbacks=[android.app.servertransaction.LaunchActivityItem] lifecycleRequest=android.app.servertransaction.ResumeActivityItem } historyMsgCount=3 (msgIndex=3 wall=764ms seq=3 running=704ms runnable=10ms io=7ms late=4ms h=android.app.ActivityThread$H w=110)
05-14 08:47:20.391  4482  4482 W Looper  : PerfMonitor looperActivity : package=com.yahorzabotsin.openvpnclientgate/.mobile.SplashActivity time=2ms latency=1072ms running=1ms  procState=2 ClientTransaction{ callbacks=[android.app.servertransaction.TopResumedActivityChangeItem] } historyMsgCount=5 (msgIndex=3 wall=764ms seq=3 running=704ms runnable=10ms io=7ms late=4ms h=android.app.ActivityThread$H w=110) (msgIndex=4 wall=306ms seq=4 running=265ms runnable=18ms io=3ms late=767ms h=android.app.ActivityThread$H w=159)
05-14 08:47:20.392  4482  4482 I Choreographer: Skipped 30 frames!  The application may be doing too much work on its main thread.
05-14 08:47:20.398  4482  4482 V MiuiFrameworkFactory: get AllImpl object = android.common.MiuiFrameworkFactoryImpl@ed58c50
05-14 08:47:20.398   874 24460 I vendor.qti.hardware.servicetracker@1.2-service: unbindService is called for service : com.google.android.gms/.chimera.PersistentDirectBootAwareApiService and for client com.google.android.gms
05-14 08:47:20.401  1551  9019 V WindowManager: Orientation start waiting for draw, mDrawState=DRAW_PENDING in Window{4e04908 mode=0 rootTaskId=4248 u0 com.yahorzabotsin.openvpnclientgate/com.yahorzabotsin.openvpnclientgate.mobile.SplashActivity}, surfaceController Surface(name=com.yahorzabotsin.openvpnclientgate/com.yahorzabotsin.openvpnclientgate.mobile.SplashActivity)/@0x6d8dac6
05-14 08:47:20.406  1551  9019 D WindowManager: Input focus has changed to Window{4e04908 mode=0 rootTaskId=4248 u0 com.yahorzabotsin.openvpnclientgate/com.yahorzabotsin.openvpnclientgate.mobile.SplashActivity}
05-14 08:47:20.413  4482  4511 I AdrenoGLES-0: QUALCOMM build                   : 95db91f, Ifbc588260a
05-14 08:47:20.413  4482  4511 I AdrenoGLES-0: Build Date                       : 09/24/20
05-14 08:47:20.413  4482  4511 I AdrenoGLES-0: OpenGL ES Shader Compiler Version: EV031.32.02.01
05-14 08:47:20.413  4482  4511 I AdrenoGLES-0: Local Branch                     : mybrancheafe5b6d-fb5b-f1b0-b904-5cb90179c3e0
05-14 08:47:20.413  4482  4511 I AdrenoGLES-0: Remote Branch                    : quic/gfx-adreno.lnx.1.0.r114-rel
05-14 08:47:20.413  4482  4511 I AdrenoGLES-0: Remote Branch                    : NONE
05-14 08:47:20.413  4482  4511 I AdrenoGLES-0: Reconstruct Branch               : NOTHING
05-14 08:47:20.413  4482  4511 I AdrenoGLES-0: Build Config                     : S P 10.0.7 AArch64
05-14 08:47:20.413  4482  4511 I AdrenoGLES-0: Driver Path                      : /vendor/lib64/egl/libGLESv2_adreno.so
05-14 08:47:20.416  4482  4511 I AdrenoGLES-0: PFP: 0x016ee190, ME: 0x00000000
05-14 08:47:20.434   558   558 I hwservicemanager: getTransport: Cannot find entry android.hardware.graphics.mapper@4.0::IMapper/default in either framework or device manifest.
05-14 08:47:20.435  4482  4511 I Gralloc4: mapper 4.x is not supported
05-14 08:47:20.435   558   558 I hwservicemanager: getTransport: Cannot find entry android.hardware.graphics.mapper@3.0::IMapper/default in either framework or device manifest.
05-14 08:47:20.435  4482  4511 W Gralloc3: mapper 3.x is not supported
05-14 08:47:20.453  4482  4511 E LB      : fail to open file: No such file or directory
05-14 08:47:20.455  4482  4482 W Looper  : PerfMonitor doFrame : time=63ms vsyncFrame=9125459 latency=513ms procState=2 historyMsgCount=4 (msgIndex=1 wall=764ms seq=3 running=704ms runnable=10ms io=7ms late=4ms h=android.app.ActivityThread$H w=110) (msgIndex=2 wall=306ms seq=4 running=265ms runnable=18ms io=3ms late=767ms h=android.app.ActivityThread$H w=159)
05-14 08:47:20.462  1551  1677 I Timeline: Timeline: Activity_windows_visible id: ActivityRecord{f952eb6 u0 com.yahorzabotsin.openvpnclientgate/.mobile.SplashActivity t4248} time:372003133
05-14 08:47:20.464  1551  1684 D ArtManagerInternalImpl: /data/misc/iorapd/com.yahorzabotsin.openvpnclientgate/63/com.yahorzabotsin.openvpnclientgate.mobile.SplashActivity/compiled_traces/compiled_trace.pb doesn't exist
05-14 08:47:20.464  4473  4475 I cmd     : oneway function results will be dropped but finished with status OK and parcel size 4
05-14 08:47:20.465  1551  1684 I ActivityTaskManager: Displayed com.yahorzabotsin.openvpnclientgate/.mobile.SplashActivity: +1s297ms
05-14 08:47:20.466  4473  4473 W BpBinder: PerfMonitor binderTransact :  time=1305ms interface=android.app.IActivityManager code=1598246212
05-14 08:47:20.467  1551  1676 D EventSequenceValidator: onActivityLaunchFinished during UNKNOWN.
05-14 08:47:20.467  1551  1676 D EventSequenceValidator: java.lang.Throwable: EventSequenceValidator#getStackTrace
05-14 08:47:20.467  1551  1676 D EventSequenceValidator: 	at com.google.android.startop.iorap.EventSequenceValidator.logWarningWithStackTrace(EventSequenceValidator.java:260)
05-14 08:47:20.467  1551  1676 D EventSequenceValidator: 	at com.google.android.startop.iorap.EventSequenceValidator.onActivityLaunchFinished(EventSequenceValidator.java:185)
05-14 08:47:20.467  1551  1676 D EventSequenceValidator: 	at com.android.server.wm.LaunchObserverRegistryImpl.handleOnActivityLaunchFinished(LaunchObserverRegistryImpl.java:175)
05-14 08:47:20.467  1551  1676 D EventSequenceValidator: 	at com.android.server.wm.LaunchObserverRegistryImpl.lambda$QcawcFcJtEX4EhYptq_Vb4j368Y(Unknown Source:0)
05-14 08:47:20.467  1551  1676 D EventSequenceValidator: 	at com.android.server.wm.-$$Lambda$LaunchObserverRegistryImpl$QcawcFcJtEX4EhYptq_Vb4j368Y.accept(Unknown Source:10)
05-14 08:47:20.467  1551  1676 D EventSequenceValidator: 	at com.android.internal.util.function.pooled.PooledLambdaImpl.doInvoke(PooledLambdaImpl.java:292)
05-14 08:47:20.467  1551  1676 D EventSequenceValidator: 	at com.android.internal.util.function.pooled.PooledLambdaImpl.invoke(PooledLambdaImpl.java:201)
05-14 08:47:20.467  1551  1676 D EventSequenceValidator: 	at com.android.internal.util.function.pooled.OmniFunction.run(OmniFunction.java:97)
05-14 08:47:20.467  1551  1676 D EventSequenceValidator: 	at android.os.Handler.handleCallback(Handler.java:938)
05-14 08:47:20.467  1551  1676 D EventSequenceValidator: 	at android.os.Handler.dispatchMessage(Handler.java:99)
05-14 08:47:20.467  1551  1676 D EventSequenceValidator: 	at android.os.Looper.loop(Looper.java:236)
05-14 08:47:20.467  1551  1676 D EventSequenceValidator: 	at android.os.HandlerThread.run(HandlerThread.java:67)
05-14 08:47:20.467  1551  1676 D EventSequenceValidator: 	at com.android.server.ServiceThread.run(ServiceThread.java:45)
05-14 08:47:20.467  1551  1676 D EventSequenceValidator: dec AccIntentStartedEvents to 2
05-14 08:47:20.475  1551  9034 D MIUIInput: [FoucsChange]: Display  0 FocusedWindow From null(0,0)  to Window{4e04908 mode=0 rootTaskId=4248 u0 com.yahorzabotsin.openvpnclientgate/com.yahorzabotsin.openvpnclientgate.mobile.SplashActivity}(1,1)
05-14 08:47:20.508  1551  9017 V ActivityTaskManager: Calling mServicetracker.OnActivityStateChange with flag truestateSTOPPING
05-14 08:47:20.509  1551  9017 V ActivityTaskManager: Calling mServicetracker.OnActivityStateChange with flag falsestateSTOPPING
05-14 08:47:20.509   874 24460 I vendor.qti.hardware.servicetracker@1.2-service: Activity state is changed to : 5
05-14 08:47:20.509   694   702 E statsd  : Predicate 5980654721335871649 dropping data for dimension key (10)0x2010101->10632[I] (10)0x30000->*launch*[S] 
05-14 08:47:20.509   874 24460 I vendor.qti.hardware.servicetracker@1.2-service: Activity state is changed to : 5
05-14 08:47:20.514  8885  8885 I GoogleInputMethodService: GoogleInputMethodService.onFinishInput():2259 
05-14 08:47:20.515  8885  8885 I Module  : DeviceLockedStatusModuleProvider$Module.updateDeviceLockedStatus():103 repeatCheckTimes = 0, locked = false
05-14 08:47:20.515  2731  2731 D Launcher.Lifecycle: onStop:UserHandle{0},8217634,false
05-14 08:47:20.515  8885  8885 I GoogleInputMethodService: GoogleInputMethodService.onStartInput():1446 onStartInput(EditorInfo{EditorInfo{packageName=com.yahorzabotsin.openvpnclientgate, inputType=0, inputTypeString=NULL, enableLearning=false, autoCorrection=false, autoComplete=false, imeOptions=0, privateImeOptions=null, actionName=UNSPECIFIED, actionLabel=null, initialSelStart=-1, initialSelEnd=-1, initialCapsMode=0, label=null, fieldId=-1, fieldName=null, extras=null, hintText=null, hintLocales=[]}}, false)
05-14 08:47:20.516  8885  8885 I AndroidIME: LatinIMEBase.updateInputViewCoverNavigation():322 Update input view padding, isNavbarOverInputWindow=false, bottom inset=130
05-14 08:47:20.517  8885  8885 I Module  : DeviceLockedStatusModuleProvider$Module.updateDeviceLockedStatus():103 repeatCheckTimes = 1, locked = false
05-14 08:47:20.520   874 27291 I vendor.qti.hardware.servicetracker@1.2-service: unbindService is called for service : com.mi.android.globalminusscreen/com.google.mi.apps.gsa.nowoverlayservice.DrawerOverlayService and for client com.miui.home
05-14 08:47:20.522  1551  2119 I MiuiNetworkPolicy: updateUidState uid = 10152, uidState = 4
05-14 08:47:20.522  1551  2119 I MiuiNetworkPolicy: updateUidState uid = 10111, uidState = 5
05-14 08:47:20.544  1551 10160 V ActivityTaskManager: Calling mServicetracker.OnActivityStateChange with flag truestateSTOPPED
05-14 08:47:20.545  1551 10160 V ActivityTaskManager: Calling mServicetracker.OnActivityStateChange with flag falsestateSTOPPED
05-14 08:47:20.545   874 27291 I vendor.qti.hardware.servicetracker@1.2-service: Activity state is changed to : 6
05-14 08:47:20.545   874 27291 I vendor.qti.hardware.servicetracker@1.2-service: Activity state is changed to : 6
05-14 08:47:20.549 10196 17201 D PMonitor:  onForegroundActivitiesChanged:pid = 2731,activity-uid=10111,foregroundActivities=false
05-14 08:47:20.558   968   968 D SurfaceFlinger: Launcher Changed hasLauncher=0
05-14 08:47:20.852  2288  2288 E QSAnimator: tileView is null mute
05-14 08:47:20.852  2288  2288 E QSAnimator: tileView is null screenshot
05-14 08:47:20.852  2288  2288 E QSAnimator: tileView is null airplane
05-14 08:47:20.852  2288  2288 E QSAnimator: tileView is null screenlock
05-14 08:47:20.852  2288  2288 E QSAnimator: tileView is null hotspot
05-14 08:47:20.852  2288  2288 E QSAnimator: tileView is null gps
05-14 08:47:20.852  2288  2288 E QSAnimator: tileView is null rotation
05-14 08:47:20.852  2288  2288 E QSAnimator: tileView is null scanner
05-14 08:47:20.852  2288  2288 E QSAnimator: tileView is null papermode
05-14 08:47:20.852  2288  2288 E QSAnimator: tileView is null night
05-14 08:47:20.852  2288  2288 E QSAnimator: tileView is null quietmode
05-14 08:47:20.852  2288  2288 E QSAnimator: tileView is null batterysaver
05-14 08:47:20.852  2288  2288 E QSAnimator: tileView is null custom(com.miui.securitycenter/com.miui.superpower.notification.SuperPowerTileService)
05-14 08:47:20.852  2288  2288 E QSAnimator: tileView is null custom(com.milink.service/com.milink.ui.service.MiLinkTileService)
05-14 08:47:20.852  2288  2288 E QSAnimator: tileView is null custom(com.miui.mishare.connectivity/.tile.MiShareTileService)
05-14 08:47:20.852  2288  2288 E QSAnimator: tileView is null freeformhang
05-14 08:47:20.852  2288  2288 E QSAnimator: tileView is null custom(com.miui.screenrecorder/.service.QuickService)
05-14 08:47:20.852  2288  2288 E QSAnimator: tileView is null vibrate
05-14 08:47:20.852  2288  2288 E QSAnimator: tileView is null nfc
05-14 08:47:20.852  2288  2288 E QSAnimator: tileView is null edit
05-14 08:47:20.887  1551  2119 I MiuiNetworkPolicy: updateUidState uid = 10186, uidState = 3
05-14 08:47:20.887  2232  2755 I BtGatt.ScanManager: msg.what = 6
05-14 08:47:20.889 26398 26434 I FontLog : (REDACTED) Received query %s, URI %s
05-14 08:47:20.890 26398 26434 I FontLog : (REDACTED) Query [%s] resolved to %s
05-14 08:47:20.891 26398 26434 I FontLog : (REDACTED) Fetch %s end status %s
05-14 08:47:20.898 26398 26434 I FontLog : (REDACTED) Pulling font file for id = %d, cache size = %d
05-14 08:47:20.904 26398 26434 I FontLog : (REDACTED) Pulling font file for id = %d, cache size = %d
05-14 08:47:20.975   558   558 I hwservicemanager: getTransport: Cannot find entry android.hardware.graphics.mapper@4.0::IMapper/default in either framework or device manifest.
05-14 08:47:20.975  4527  4527 I Gralloc4: mapper 4.x is not supported
05-14 08:47:20.975   558   558 I hwservicemanager: getTransport: Cannot find entry android.hardware.graphics.mapper@3.0::IMapper/default in either framework or device manifest.
05-14 08:47:20.975  4527  4527 W Gralloc3: mapper 3.x is not supported
05-14 08:47:21.751  4531  4531 D AndroidRuntime: >>>>>> START com.android.internal.os.RuntimeInit uid 2000 <<<<<<
05-14 08:47:21.758  4531  4531 W app_process: type=1400 audit(0.0:628296): avc: denied { read } for name="u:object_r:device_config_runtime_native_boot_prop:s0" dev="tmpfs" ino=22013 scontext=u:r:shell:s0 tcontext=u:object_r:device_config_runtime_native_boot_prop:s0 tclass=file permissive=0 app=com.miui.gallery
05-14 08:47:21.772  4531  4531 E libc    : Access denied finding property "persist.device_config.runtime_native_boot.profilebootclasspath"
05-14 08:47:21.772  4531  4531 E libc    : Access denied finding property "persist.device_config.runtime_native_boot.enable_apex_image"
05-14 08:47:21.772  4531  4531 I AndroidRuntime: Using default boot image
05-14 08:47:21.772  4531  4531 E libc    : Access denied finding property "persist.device_config.runtime_native_boot.disable_lock_profiling"
05-14 08:47:21.772  4531  4531 I AndroidRuntime: Leaving lock profiling enabled
05-14 08:47:21.773  4531  4531 E libc    : Access denied finding property "persist.device_config.runtime_native_boot.enable_generational_cc"
05-14 08:47:21.758  4531  4531 W app_process: type=1400 audit(0.0:628297): avc: denied { read } for name="u:object_r:device_config_runtime_native_boot_prop:s0" dev="tmpfs" ino=22013 scontext=u:r:shell:s0 tcontext=u:object_r:device_config_runtime_native_boot_prop:s0 tclass=file permissive=0 app=com.miui.gallery
05-14 08:47:21.758  4531  4531 I chatty  : uid=10087(com.miui.gallery) identical 1 line
05-14 08:47:21.758  4531  4531 W app_process: type=1400 audit(0.0:628299): avc: denied { read } for name="u:object_r:device_config_runtime_native_boot_prop:s0" dev="tmpfs" ino=22013 scontext=u:r:shell:s0 tcontext=u:object_r:device_config_runtime_native_boot_prop:s0 tclass=file permissive=0 app=com.miui.gallery
05-14 08:47:21.835   874 24460 I vendor.qti.hardware.servicetracker@1.2-service: unbindService is called for service : com.google.android.gms/.chimera.PersistentDirectBootAwareApiService and for client com.google.android.gms.persistent
05-14 08:47:21.836 26398 26398 D BoundBrokerSvc: onUnbind: Intent { act=com.google.android.gms.libs.gmscorelogger.service.START dat=chimera-action: cmp=com.google.android.gms/.chimera.PersistentDirectBootAwareApiService }
05-14 08:47:21.911  1551  2119 I MiuiNetworkPolicy: updateUidState uid = 10186, uidState = 5
05-14 08:47:21.911  2232  2755 I BtGatt.ScanManager: msg.what = 6
05-14 08:47:22.133  4531  4531 D app_process: Time zone APEX ICU file found: /apex/com.android.tzdata/etc/icu/icu_tzdata.dat
05-14 08:47:22.133  4531  4531 D app_process: I18n APEX ICU file found: /apex/com.android.i18n/etc/icu/icudt66l.dat
05-14 08:47:22.190  4531  4531 W app_process: JNI RegisterNativeMethods: attempt to register 0 native methods for android.media.AudioAttributes
05-14 08:47:22.209  4531  4531 D AndroidRuntime: Calling main entry com.android.commands.uiautomator.Launcher
05-14 08:47:22.235  1551  1551 D AS.AudioService: Accessibility volume enabled = false
05-14 08:47:22.241  2288  2288 D CCTileAdapter: onAccessibilityStateChanged:true
05-14 08:47:22.248  2288  2288 D CCTileAdapter: onAccessibilityStateChanged:true
05-14 08:47:22.530 26398  4386 I NearbyMediums: No BLE Fast/GATT advertisements found in the latest cycle.
05-14 08:47:22.530 26398  4386 I NearbyMediums: Current Tracked Scanning Clients are : {NearbyConnections.EnvironmentMonitor, NearbySharing}
05-14 08:47:22.581 15490 15536 D CCodecBufferChannel: [c2.android.opus.encoder#2] DEBUG: elapsed: n=4 [in=0 pipeline=0 out=0 smoothness=4]
05-14 08:47:22.582 15490 15536 D PipelineWatcher: DEBUG: elapsed 0 / 4
05-14 08:47:22.767  1551  2119 D MiuiNetworkPolicy: updateLimit mLimitEnabled=true,enabled=false,mNetworkPriorityMode=255
05-14 08:47:23.098 26573 26573 W PerfettoTrace: type=1400 audit(0.0:628300): avc: denied { write } for name="traced_producer" dev="tmpfs" ino=27834 scontext=u:r:gmscore_app:s0:c512,c768 tcontext=u:object_r:traced_producer_socket:s0 tclass=sock_file permissive=0 app=com.google.android.gms
05-14 08:47:23.266  4531  4531 D ThemeCompatibility: START loading theme compatibility config.
05-14 08:47:23.267  4531  4531 D ThemeCompatibility: getVersion(): /data/system/theme_config/theme_compatibility.xml  java.io.FileNotFoundException: /data/system/theme_config/theme_compatibility.xml: open failed: ENOENT (No such file or directory)
05-14 08:47:23.276  4531  4531 D ThemeCompatibility: getConfigDocumentTree(): 140 vs -1
05-14 08:47:23.276  4531  4531 D ThemeCompatibility:     parse file: /system/media/theme/theme_compatibility.xml
05-14 08:47:23.292  4531  4531 D ThemeCompatibility: END loading: version=140 size=48
05-14 08:47:23.293  4531  4531 E AssetManager: WTF--create system assets with illegal uid: 2000, gid:2000
05-14 08:47:23.293  4531  4531 E AssetManager: java.lang.RuntimeException
05-14 08:47:23.293  4531  4531 E AssetManager: 	at android.content.res.AssetManager.createSystemAssetsInZygoteLocked(AssetManager.java:254)
05-14 08:47:23.293  4531  4531 E AssetManager: 	at android.content.res.AssetManager.getSystem(AssetManager.java:291)
05-14 08:47:23.293  4531  4531 E AssetManager: 	at android.content.res.Resources.<init>(Resources.java:353)
05-14 08:47:23.293  4531  4531 E AssetManager: 	at android.content.res.MiuiResources.<init>(MiuiResources.java:49)
05-14 08:47:23.293  4531  4531 E AssetManager: 	at android.content.res.Resources.getSystem(Resources.java:233)
05-14 08:47:23.293  4531  4531 E AssetManager: 	at android.util.MiuiMultiWindowAdapter.<clinit>(MiuiMultiWindowAdapter.java:83)
05-14 08:47:23.293  4531  4531 E AssetManager: 	at android.view.Display.getSize(Display.java:725)
05-14 08:47:23.293  4531  4531 E AssetManager: 	at com.android.commands.uiautomator.DumpCommand.run(DumpCommand.java:110)
05-14 08:47:23.293  4531  4531 E AssetManager: 	at com.android.commands.uiautomator.Launcher.main(Launcher.java:83)
05-14 08:47:23.293  4531  4531 E AssetManager: 	at com.android.internal.os.RuntimeInit.nativeFinishInit(Native Method)
05-14 08:47:23.293  4531  4531 E AssetManager: 	at com.android.internal.os.RuntimeInit.main(RuntimeInit.java:463)
05-14 08:47:23.488  4531  4531 W uiautomator: type=1400 audit(0.0:628301): avc: denied { execute } for name="idmap2" dev="dm-0" ino=1510 scontext=u:r:shell:s0 tcontext=u:object_r:idmap_exec:s0 tclass=file permissive=0 app=com.miui.gallery
05-14 08:47:23.504  4531  4531 W app_process: unable to execute idmap2: Permission denied
05-14 08:47:23.504  4531  4531 W OverlayConfig: 'idmap2 create-multiple' failed: no mutable="false" overlays targeting "android" will be loaded
05-14 08:47:23.508  4531  4531 W uiautomator: type=1400 audit(0.0:628302): avc: denied { execute } for name="idmap2" dev="dm-0" ino=1510 scontext=u:r:shell:s0 tcontext=u:object_r:idmap_exec:s0 tclass=file permissive=0 app=com.miui.gallery
05-14 08:47:23.523  4531  4531 W asset   : unable to execute idmap2: Permission denied
05-14 08:47:23.523  4531  4531 W AssetManagerInjector: 'idmap2 --scan' failed: no static="true" overlays targeting "miui" will be loaded
05-14 08:47:23.532  4531  4531 E app_process: Invalid ID 0x00000000.
05-14 08:47:23.599  4531  4531 W AccessibilityNodeInfoDumper: Fetch time: 46ms
05-14 08:47:23.603  1551 10160 W WindowManager: removeWindowToken: Attempted to remove non-existing token: android.os.Binder@654eb68
05-14 08:47:23.617  2288  2288 D CCTileAdapter: onAccessibilityStateChanged:false
05-14 08:47:23.620  2288  2288 D CCTileAdapter: onAccessibilityStateChanged:false
05-14 08:47:23.653 15490 15533 D BufferPoolAccessor2.0: bufferpool2 0x713f973228 : 7(26880 size) total buffers - 4(15360 size) used buffers - 1570944/1570951 (recycle/alloc) - 653/3141893 (fetch/transfer)
05-14 08:47:23.677  4531  4531 D AndroidRuntime: Shutting down VM
