--------- beginning of system
05-14 08:47:34.701  1551  1677 I Timeline: Timeline: App_transition_ready time:372017373
--------- beginning of main
05-14 08:47:34.701  1551  1684 I ActivityTaskManager: Displayed com.yahorzabotsin.openvpnclientgate/.mobile.MainActivity: +607ms
05-14 08:47:34.702  4634  4634 I OpenVPNGateApp:OpenVpnService: Service created
05-14 08:47:34.704  2288  2715 D MiuiPhoneStatusBarPolicy: updateManagedProfile: secondSpace = false
05-14 08:47:34.710  1551 10160 D MIUIInput: [FoucsChange]: Display  0 FocusedWindow From null(0,0)  to Window{1b0ba02 mode=0 rootTaskId=4249 u0 com.yahorzabotsin.openvpnclientgate/com.yahorzabotsin.openvpnclientgate.mobile.MainActivity}(1,1)
05-14 08:47:34.714  4634  4634 D openvpn : Loading openvpn native library $id$ compiled on May 12 2026 17:35:10
05-14 08:47:34.718  4634  4634 I OpenVPNGateApp:OpenVpnService: Status source -> VPN_STATUS (VpnStatus update)
05-14 08:47:34.720  4634  4634 D OpenVPNGateApp:OpenVpnService: Engine state (VPN_STATUS): level=LEVEL_NOTCONNECTED state=NOPROCESS
05-14 08:47:34.722  4634  4667 I OpenVPNGateApp:VersionReleaseRepository: Loaded release notes for 1.0.4-beta.1(63) from https://openvpngateclient.azurewebsites.net/api/v1/versions/number/1.0.4-beta.1/build/63?locale=ru; requestedLocale=ru, resolvedLocale=ru
05-14 08:47:34.724  1551 10160 D CompatibilityChangeReporter: Compat change id reported: 135634846; UID 10632; state: DISABLED
05-14 08:47:34.724  4634  4668 I OpenVPNGateApp:UpdateCheckRepository: Update check result: hasUpdate=true, currentBuild=63, latestBuild=83, assetPlatform=mobile, hasAsset=true
05-14 08:47:34.724  1551  1686 D CompatibilityChangeReporter: Compat change id reported: 143937733; UID 10632; state: ENABLED
05-14 08:47:34.726   874 24460 I vendor.qti.hardware.servicetracker@1.2-service: bindService is called for service : com.yahorzabotsin.openvpnclientgate/de.blinkt.openvpn.core.OpenVPNStatusService and for client com.yahorzabotsin.openvpnclientgate
05-14 08:47:34.726   874 24460 I vendor.qti.hardware.servicetracker@1.2-service: total connections for service : com.yahorzabotsin.openvpnclientgate/de.blinkt.openvpn.core.OpenVPNStatusServiceare :1
05-14 08:47:34.726   874 24460 I vendor.qti.hardware.servicetracker@1.2-service: total connections for client : com.yahorzabotsin.openvpnclientgateare :1
05-14 08:47:34.727  4634  4634 D OpenVPNGateApp:OpenVpnService: Binding status service: true
05-14 08:47:34.728  1176  1176 I CNSS    : cnss_open_log_file: directory /data/vendor/wlan_logs/ created
05-14 08:47:34.735  4634  4634 D OpenVPNGateApp:OpenVpnService: ACTION_SYNC_STATUS
05-14 08:47:34.750   696   696 D Zygote  : Forked child process 4730
05-14 08:47:34.751  1551  1686 D Boost   : hostingType=service, hostingName={com.yahorzabotsin.openvpnclientgate/de.blinkt.openvpn.core.OpenVPNStatusService}, callerPackage=com.yahorzabotsin.openvpnclientgate, isSystem=false, isBoostNeeded=false.
05-14 08:47:34.751  1551  1686 I ActivityManager: Start proc 4730:com.yahorzabotsin.openvpnclientgate:openvpn/u0a632 for service {com.yahorzabotsin.openvpnclientgate/de.blinkt.openvpn.core.OpenVPNStatusService} caller=com.yahorzabotsin.openvpnclientgate
05-14 08:47:34.753  4730  4730 W Zygote  : Unable to open libbeluga.so: dlopen failed: library "libbeluga.so" not found.
05-14 08:47:34.754  4634  4634 D OpenVPNGateApp:SelectedCountryStore: getLastStartedConfig: country=Australia hasConfig=true
05-14 08:47:34.760  4634  4634 D OpenVPNGateApp:SelectedCountryStore: getLastStartedConfig: country=Australia hasConfig=true
05-14 08:47:34.765  4730  4730 I entgate:openvp: Late-enabling -Xcheck:jni
05-14 08:47:34.767  4634  4634 D OpenVPNGateApp:ServersV2Repository: getServersForCountry[AU]: serverCount=2 locale=ru
05-14 08:47:34.769  4634  4634 D OpenVPNGateApp:ServersV2Repository: getServersForCountry[AU][ru]: fetching from network
05-14 08:47:34.797  4730  4730 I entgate:openvp: Unquickening 20 vdex files!
05-14 08:47:34.814 28700 28705 I adbd    : jdwp connection from 4730
05-14 08:47:34.819  4634  4634 I OpenVPNGateApp:MainViewModel: Update loaded: 1.1.1-beta.2, latestBuild=83
05-14 08:47:34.825  4634  4634 I OpenVPNGateApp:MainActivityCore: Prompt update requested: oneTimeOnly=true, shouldShow=false
05-14 08:47:34.833  1551 10160 D CompatibilityInfo: mCompatibilityFlags - 0
05-14 08:47:34.833  1551 10160 D CompatibilityInfo: applicationDensity - 480
05-14 08:47:34.833  1551 10160 D CompatibilityInfo: applicationScale - 1.0
05-14 08:47:34.836  1551 10160 D CompatibilityChangeReporter: Compat change id reported: 136274596; UID 10632; state: ENABLED
05-14 08:47:34.837  1551 10160 D CompatibilityInfo: mCompatibilityFlags - 0
05-14 08:47:34.837  1551 10160 D CompatibilityInfo: applicationDensity - 480
05-14 08:47:34.837  1551 10160 D CompatibilityInfo: applicationScale - 1.0
05-14 08:47:34.837   874 24460 I vendor.qti.hardware.servicetracker@1.2-service: startService() is called for servicecom.yahorzabotsin.openvpnclientgate/de.blinkt.openvpn.core.OpenVPNStatusService
05-14 08:47:34.857  4634  4634 I OpenVPNGateApp:MainViewModel: What's new loaded: 1.0.4-beta.1, title=╨С╨╡╤В╨░-╤А╨╡╨╗╨╕╨╖ v1.0.4-beta.1-auto(63)
05-14 08:47:34.868  4634  4634 I OpenVPNGateApp:MainViewModel: Update loaded: 1.1.1-beta.2, latestBuild=83
05-14 08:47:34.869  8885  8885 I GoogleInputMethodService: GoogleInputMethodService.onFinishInput():2259 
05-14 08:47:34.870  8885  8885 I Module  : DeviceLockedStatusModuleProvider$Module.updateDeviceLockedStatus():103 repeatCheckTimes = 0, locked = false
05-14 08:47:34.871  8885  8885 I GoogleInputMethodService: GoogleInputMethodService.onStartInput():1446 onStartInput(EditorInfo{EditorInfo{packageName=com.yahorzabotsin.openvpnclientgate, inputType=0, inputTypeString=NULL, enableLearning=false, autoCorrection=false, autoComplete=false, imeOptions=0, privateImeOptions=null, actionName=UNSPECIFIED, actionLabel=null, initialSelStart=-1, initialSelEnd=-1, initialCapsMode=0, label=null, fieldId=2131296841, fieldName=null, extras=null, hintText=null, hintLocales=[]}}, false)
05-14 08:47:34.871  8885  8885 I AndroidIME: LatinIMEBase.updateInputViewCoverNavigation():322 Update input view padding, isNavbarOverInputWindow=false, bottom inset=130
05-14 08:47:34.872  8885  8885 I Module  : DeviceLockedStatusModuleProvider$Module.updateDeviceLockedStatus():103 repeatCheckTimes = 1, locked = false
05-14 08:47:34.887  8874  8874 I CNSS    : cnss_open_log_file: directory /data/vendor/wlan_logs/ created
05-14 08:47:34.906  4634  4668 D OpenVPNGateApp:ServersV2Repository: fetchAllPages[AU]: fetched 2 servers (raw=2)
05-14 08:47:34.960   694   702 E statsd  : Predicate 5980654721335871649 dropping data for dimension key (10)0x2010101->10632[I] (10)0x30000->*launch*[S] 
05-14 08:47:34.978  4634  4634 I OpenVPNGateApp:SelectedCountryStore: saveSelectionPreservingIndex: country=Australia, count=2->2, current_restored=true
05-14 08:47:34.986  4634  4634 I OpenVPNGateApp:MainViewModel: Store version changed, reloading selection from cache
05-14 08:47:34.989  4634  4634 D OpenVPNGateApp:ConnectionControlsView: Server set: Australia, ip=203.45.204.129
05-14 08:47:35.002  1551  9198 I ActivityManager: Force stopping com.yahorzabotsin.openvpnclientgate appid=10632 user=0: from process:4758
05-14 08:47:35.003  1551  9198 D AutoStartManagerService: prepare force stop p:4634 s: 19
05-14 08:47:35.003  1551  9198 I Process : Sending signal. PID: 4634 SIG: 19
05-14 08:47:35.003  1551  9198 D AutoStartManagerService: prepare force stop p:4730 s: 19
05-14 08:47:35.003  1551  9198 I Process : Sending signal. PID: 4730 SIG: 19
05-14 08:47:35.004  1551  9198 I ActivityManager: Killing 4634:com.yahorzabotsin.openvpnclientgate/u0a632 (adj 0): stop com.yahorzabotsin.openvpnclientgate due to from process:4758
05-14 08:47:35.007   874 24460 I vendor.qti.hardware.servicetracker@1.2-service: killProcess is called for pid : 4634
05-14 08:47:35.007   874 24460 I vendor.qti.hardware.servicetracker@1.2-service: process with pid 4634 is service
05-14 08:47:35.007   874 24460 I vendor.qti.hardware.servicetracker@1.2-service: process with pid 4634 is client
05-14 08:47:35.007   874 24460 I vendor.qti.hardware.servicetracker@1.2-service: size of service connections for service: com.yahorzabotsin.openvpnclientgate/de.blinkt.openvpn.core.OpenVPNStatusServiceafter removal is 0
05-14 08:47:35.007   874 24460 I vendor.qti.hardware.servicetracker@1.2-service: removing client with pid 4634process namecom.yahorzabotsin.openvpnclientgate
05-14 08:47:35.007   874 24460 I vendor.qti.hardware.servicetracker@1.2-service: destroyService is called for service : com.yahorzabotsin.openvpnclientgate/.vpn.OpenVpnService
05-14 08:47:35.007  1551  9198 W ActivityTaskManager: Force removing ActivityRecord{e94379b u0 com.yahorzabotsin.openvpnclientgate/.mobile.MainActivity t4249 f}}: app died, no saved state
05-14 08:47:35.008  1551  9198 V ActivityTaskManager: Calling mServicetracker.OnActivityStateChange with flag truestateDESTROYED
05-14 08:47:35.008  1551  9198 V ActivityTaskManager: Calling mServicetracker.OnActivityStateChange with flag falsestateDESTROYED
05-14 08:47:35.008   874 24460 I vendor.qti.hardware.servicetracker@1.2-service: Activity state is changed to : 9
05-14 08:47:35.008  1551  9198 V ActivityTaskManager: Calling mServicetracker.OnActivityStateChange with flag truestateDESTROYED
05-14 08:47:35.008  1551  9198 D WindowManager: Input focus has changed to null
05-14 08:47:35.010  1551  9198 W ActivityTaskManager: Force removing ActivityRecord{fbb5ece u0 com.yahorzabotsin.openvpnclientgate/.mobile.SplashActivity t4249 f}}: app died, no saved state
05-14 08:47:35.010  1551  9198 V ActivityTaskManager: Calling mServicetracker.OnActivityStateChange with flag truestateDESTROYED
05-14 08:47:35.010  1551  9198 V ActivityTaskManager: Calling mServicetracker.OnActivityStateChange with flag falsestateDESTROYED
05-14 08:47:35.010  1551  9198 V ActivityTaskManager: Calling mServicetracker.OnActivityStateChange with flag truestateDESTROYED
05-14 08:47:35.011  1551  9198 V ActivityTaskManager: Calling mServicetracker.OnActivityStateChange with flag truestateRESUMED
05-14 08:47:35.011   874 24460 I chatty  : uid=1000(system) HwBinder:874_6 identical 4 lines
05-14 08:47:35.011   874 24460 I vendor.qti.hardware.servicetracker@1.2-service: Activity state is changed to : 9
05-14 08:47:35.011   874   904 I vendor.qti.hardware.servicetracker@1.2-service: Activity state is changed to : 2
05-14 08:47:35.012  1551  9198 V ActivityTaskManager: Calling mServicetracker.OnActivityStateChange with flag falsestateRESUMED
05-14 08:47:35.014 11081 11100 D PerfEngineController: ForegroundInfo{mForegroundPackageName='com.miui.home', mForegroundUid=10111, mForegroundPid=2731, mLastForegroundPackageName='com.yahorzabotsin.openvpnclientgate', mLastForegroundUid=10632, mLastForegroundPid=4634, mMultiWindowForegroundPackageName='null', mMultiWindowForegroundUid=-1, mFlags=0}
05-14 08:47:35.014 11275 11293 I GST     : forePkg: com.miui.home, preForePkg: com.yahorzabotsin.openvpnclientgate
05-14 08:47:35.015 10638 20264 I ProcessMonitor: onForegroundInfoChanged: ForegroundInfo{mForegroundPackageName='com.miui.home', mForegroundUid=10111, mForegroundPid=2731, mLastForegroundPackageName='com.yahorzabotsin.openvpnclientgate', mLastForegroundUid=10632, mLastForegroundPid=4634, mMultiWindowForegroundPackageName='null', mMultiWindowForegroundUid=-1, mFlags=0}
05-14 08:47:35.017   874   904 I vendor.qti.hardware.servicetracker@1.2-service: Activity state is changed to : 2
05-14 08:47:35.018 10638 20264 I GameBoosterService: onForegroundInfoChanged: Cur=com.miui.home	 last=com.yahorzabotsin.openvpnclientgate
05-14 08:47:35.019 10638 20264 I FreeformWindowUtils: has app list!
05-14 08:47:35.019 10638 20264 D GameBoosterService: onGameStatusChange foreground:ForegroundInfo{mForegroundPackageName='com.miui.home', mForegroundUid=10111, mForegroundPid=2731, mLastForegroundPackageName='com.yahorzabotsin.openvpnclientgate', mLastForegroundUid=10632, mLastForegroundPid=4634, mMultiWindowForegroundPackageName='null', mMultiWindowForegroundUid=-1, mFlags=0}
05-14 08:47:35.019 10638 20264 I VideoBoxUtils: isSupportVideoBox: false
05-14 08:47:35.019 10638 20264 I VideoToolBoxService: vtb is closed!!!
05-14 08:47:35.022  1551  9198 I Timeline: Timeline: App_transition_ready time:372017694
05-14 08:47:35.024  1551  9198 I ActivityManager: Killing 4730:com.yahorzabotsin.openvpnclientgate:openvpn/u0a632 (adj 0): stop com.yahorzabotsin.openvpnclientgate due to from process:4758
05-14 08:47:35.027   874   904 I vendor.qti.hardware.servicetracker@1.2-service: killProcess is called for pid : 4730
05-14 08:47:35.027   874   904 I vendor.qti.hardware.servicetracker@1.2-service: process with pid 4730 is service
05-14 08:47:35.027   874   904 I vendor.qti.hardware.servicetracker@1.2-service: destroyService is called for service : com.yahorzabotsin.openvpnclientgate/de.blinkt.openvpn.core.OpenVPNStatusService
05-14 08:47:35.030  1551  9198 I WindowManager:   Force finishing activity ActivityRecord{e94379b u0 com.yahorzabotsin.openvpnclientgate/.mobile.MainActivity t4249 f} isExiting}
05-14 08:47:35.030  1551  9198 W ActivityTaskManager: Duplicate finish request for r=ActivityRecord{e94379b u0 com.yahorzabotsin.openvpnclientgate/.mobile.MainActivity t4249 f} isExiting}
05-14 08:47:35.030  1551  9198 I WindowManager:   Force finishing activity ActivityRecord{fbb5ece u0 com.yahorzabotsin.openvpnclientgate/.mobile.SplashActivity t4249 f} isExiting}
05-14 08:47:35.030  1551  9198 W ActivityTaskManager: Duplicate finish request for r=ActivityRecord{fbb5ece u0 com.yahorzabotsin.openvpnclientgate/.mobile.SplashActivity t4249 f} isExiting}
05-14 08:47:35.033  4758  4760 I cmd     : oneway function results will be dropped but finished with status OK and parcel size 4
05-14 08:47:35.018  1198  1198 W Binder:1198_5: type=1400 audit(0.0:628353): avc: denied { search } for name="820" dev="proc" ino=4117628 scontext=u:r:cameraserver:s0 tcontext=u:r:hal_camera_default:s0 tclass=dir permissive=0
05-14 08:47:35.018  1198  1198 W Binder:1198_5: type=1400 audit(0.0:628354): avc: denied { search } for name="820" dev="proc" ino=4117628 scontext=u:r:cameraserver:s0 tcontext=u:r:hal_camera_default:s0 tclass=dir permissive=0
05-14 08:47:35.037 10196 17201 I com.xiaomi.xms: oneway function results will be dropped but finished with status UNKNOWN_TRANSACTION and parcel size 0
05-14 08:47:35.037  1551  2119 I MiuiNetworkPolicy: removeUidState uid = 10632
05-14 08:47:35.037  1551  2119 I MiuiNetworkPolicy: updateUidState uid = 10152, uidState = 3
05-14 08:47:35.037  1551  2119 I MiuiNetworkPolicy: updateUidState uid = 10111, uidState = 2
05-14 08:47:35.037 10196 17201 I com.xiaomi.xms: oneway function results will be dropped but finished with status UNKNOWN_TRANSACTION and parcel size 0
05-14 08:47:35.037 10196 17201 D PMonitor:  onForegroundActivitiesChanged:pid = 2731,activity-uid=10111,foregroundActivities=true
05-14 08:47:35.039  1551 25888 E ANDR-PERF-JNI: UXEngine Trigger - Returning null
05-14 08:47:35.040  1551  1677 I Timeline: Timeline: App_transition_ready time:372017711
05-14 08:47:35.043 15664 15664 D AggregateListener: notifyAction action:android.intent.action.PACKAGE_RESTARTED
05-14 08:47:35.043 15664 15664 D AggregateListener: onPackageRestarted packageName:com.yahorzabotsin.openvpnclientgate
05-14 08:47:35.043  2697  2697 E PhoneInterfaceManager: [PhoneIntfMgr] getCarrierPackageNamesForIntentAndPhone: No UICC
05-14 08:47:35.043  2697  2697 D CarrierSvcBindHelper: No carrier app for: 0
05-14 08:47:35.044  1551  9019 D MIUIInput: [FoucsChange]: Display  0 FocusedWindow From Window{1b0ba02 mode=0 rootTaskId=4249 u0 com.yahorzabotsin.openvpnclientgate/com.yahorzabotsin.openvpnclientgate.mobile.MainActivity}(1,1)  to null(0,0)
05-14 08:47:35.047  9064  9064 D RegisteredServicesCache: Intent action: android.intent.action.PACKAGE_RESTARTED
05-14 08:47:35.054  1551  9198 I Timeline: Timeline: App_transition_ready time:372017725
05-14 08:47:35.054  2697  2697 D CarrierSvcBindHelper: No carrier app for: 1
05-14 08:47:35.062  1551  9017 I Timeline: Timeline: App_transition_ready time:372017733
05-14 08:47:35.067  9064  9064 D RegisteredServicesCache: Adding service: ComponentInfo{com.google.android.gms/com.google.android.gms.tapandpay.hce.service.TpHceService} AIDs: [325041592E5359532E4444463031]
05-14 08:47:35.068  9064  9064 D RegisteredServicesCache: Adding service: ComponentInfo{com.google.android.gms/com.google.android.gms.nearby.mediums.nearfieldcommunication.NfcAdvertisingService} AIDs: [F00000FE2C]
05-14 08:47:35.068  9064  9064 D RegisteredServicesCache: Adding service: ComponentInfo{com.google.android.gms/com.google.android.gms.pay.hce.service.PayHceService} AIDs: []
05-14 08:47:35.068  9064  9064 D RegisteredServicesCache: Adding service: ComponentInfo{com.google.android.gms/com.google.android.gms.dck.service.DckNfcApduService} AIDs: [A000000809434343444B467631]
05-14 08:47:35.068  9064  9064 D RegisteredServicesCache: Adding service: ComponentInfo{com.google.android.gms/com.google.android.gms.fido.fido2.ui.hybrid.NfcEmulationService} AIDs: [A000000476B00003]
05-14 08:47:35.068  9064  9064 D RegisteredServicesCache:  Reading service state data always from file
05-14 08:47:35.068  1551  9017 I WindowManager: WIN DEATH: Window{dcf05af mode=0 rootTaskId=4249 u0 com.yahorzabotsin.openvpnclientgate/com.yahorzabotsin.openvpnclientgate.mobile.SplashActivity}
05-14 08:47:35.068  1551  9017 W InputDispatcher: Attempted to unregister already unregistered input channel 'dcf05af com.yahorzabotsin.openvpnclientgate/com.yahorzabotsin.openvpnclientgate.mobile.SplashActivity (server)'
05-14 08:47:35.069   696   696 I Zygote  : Process 4634 exited due to signal 9 (Killed)
05-14 08:47:35.069  9064  9064 D RegisteredServicesCache: ServiceStateFileVersion=1.0
05-14 08:47:35.069   696   696 I Zygote  : Process 4730 exited due to signal 9 (Killed)
05-14 08:47:35.069  9064  9064 E RegisteredServicesCache: Next Tag=services
05-14 08:47:35.069  9064  9064 D RegisteredServicesCache:  curr component com.google.android.gms/com.google.android.gms.nearby.mediums.nearfieldcommunication.NfcAdvertisingService
05-14 08:47:35.069  9064  9064 D RegisteredServicesCache:  curr uid 10186
05-14 08:47:35.069  9064  9064 D RegisteredServicesCache:  curr state 1
05-14 08:47:35.069  9064  9064 E RegisteredServicesCache: installedServices no uidString 
05-14 08:47:35.069  9064  9064 D RegisteredServicesCache:  curr component com.google.android.gms/com.google.android.gms.fido.fido2.ui.hybrid.NfcEmulationService
05-14 08:47:35.069  9064  9064 D RegisteredServicesCache:  curr uid 10186
05-14 08:47:35.069  9064  9064 D RegisteredServicesCache:  curr state 1
05-14 08:47:35.069  9064  9064 E RegisteredServicesCache: installedServices contains uidString : 10186
05-14 08:47:35.069  9064  9064 D RegisteredServicesCache:  curr component com.google.android.gms/com.google.android.gms.pay.hce.service.PayHceService
05-14 08:47:35.069  9064  9064 D RegisteredServicesCache:  curr uid 10186
05-14 08:47:35.069  9064  9064 D RegisteredServicesCache:  curr state 1
05-14 08:47:35.069  9064  9064 E RegisteredServicesCache: installedServices contains uidString : 10186
05-14 08:47:35.069  9064  9064 D RegisteredServicesCache:  curr component com.google.android.gms/com.google.android.gms.dck.service.DckNfcApduService
05-14 08:47:35.069  9064  9064 D RegisteredServicesCache:  curr uid 10186
05-14 08:47:35.069  9064  9064 D RegisteredServicesCache:  curr state 1
05-14 08:47:35.069  9064  9064 E RegisteredServicesCache: installedServices contains uidString : 10186
05-14 08:47:35.070  9064  9064 E RegisteredServicesCache: 1invalidateCache:WriteServiceStateToFile
05-14 08:47:35.070  9064  9064 E RegisteredServicesCache:  Writing service state Data Always
05-14 08:47:35.070  1551  1687 I libprocessgroup: Successfully killed process cgroup uid 10632 pid 4634 in 64ms
05-14 08:47:35.070  1551  9017 I Timeline: Timeline: App_transition_ready time:372017742
05-14 08:47:35.071  1551  1687 I libprocessgroup: Successfully killed process cgroup uid 10632 pid 4730 in 0ms
05-14 08:47:35.071  1551  2546 I WindowManager: WIN DEATH: Window{1b0ba02 mode=0 rootTaskId=4249 u0 com.yahorzabotsin.openvpnclientgate/com.yahorzabotsin.openvpnclientgate.mobile.MainActivity}
05-14 08:47:35.071  1551  2546 W InputDispatcher: Attempted to unregister already unregistered input channel '1b0ba02 com.yahorzabotsin.openvpnclientgate/com.yahorzabotsin.openvpnclientgate.mobile.MainActivity (server)'
05-14 08:47:35.072  9064  9064 E RegisteredServicesCache: component namecom.google.android.gms/com.google.android.gms.nearby.mediums.nearfieldcommunication.NfcAdvertisingService
05-14 08:47:35.072  9064  9064 E RegisteredServicesCache: component namecom.google.android.gms/com.google.android.gms.fido.fido2.ui.hybrid.NfcEmulationService
05-14 08:47:35.072  9064  9064 E RegisteredServicesCache: component namecom.google.android.gms/com.google.android.gms.pay.hce.service.PayHceService
05-14 08:47:35.072  9064  9064 E RegisteredServicesCache: component namecom.google.android.gms/com.google.android.gms.dck.service.DckNfcApduService
05-14 08:47:35.077  1551  2546 I Timeline: Timeline: App_transition_ready time:372017748
05-14 08:47:35.078  2731  2731 D Launcher.Lifecycle: onStart:UserHandle{0},8217634,false
05-14 08:47:35.080  1551  1677 I Timeline: Timeline: App_transition_ready time:372017751
05-14 08:47:35.081  2731  3111 I RenderThread: RenderThread resumed
05-14 08:47:35.081  2731  3111 I RenderThread: All controllers paused.
05-14 08:47:35.081  2731  3111 I RenderThread: RenderThread paused, waiting for signal
05-14 08:47:35.081  2288  2288 D NotifBadge: recevie broadbcast ACTION_APPLICATION_MESSAGE_QUERY, requestFirstTime=false
05-14 08:47:35.083  9064  9064 D CardEmulationManager: Current default: ComponentInfo{com.google.android.gms/com.google.android.gms.tapandpay.hce.service.TpHceService}
05-14 08:47:35.083  9064  9064 D CardEmulationManager: Default payment service still ok.
05-14 08:47:35.083  9064  9064 D RegisteredAidCache: onServicesUpdated
05-14 08:47:35.083  9064  9064 D RegisteredAidCache: generateServiceMap component: ComponentInfo{com.google.android.gms/com.google.android.gms.tapandpay.hce.service.TpHceService}
05-14 08:47:35.083  9064  9064 D RegisteredAidCache: generateServiceMap component: ComponentInfo{com.google.android.gms/com.google.android.gms.nearby.mediums.nearfieldcommunication.NfcAdvertisingService}
05-14 08:47:35.083  9064  9064 D RegisteredAidCache: generateServiceMap component: ComponentInfo{com.google.android.gms/com.google.android.gms.pay.hce.service.PayHceService}
05-14 08:47:35.083  9064  9064 D RegisteredAidCache: generateServiceMap component: ComponentInfo{com.google.android.gms/com.google.android.gms.dck.service.DckNfcApduService}
05-14 08:47:35.083  9064  9064 D RegisteredAidCache: generateServiceMap component: ComponentInfo{com.google.android.gms/com.google.android.gms.fido.fido2.ui.hybrid.NfcEmulationService}
05-14 08:47:35.083  9064  9064 D RegisteredAidCache: generateAidCacheLocked: starting with aid 4F53452E5641532E3031
05-14 08:47:35.083  9064  9064 D RegisteredAidCache: Exact AID, resolving.
05-14 08:47:35.083  9064  9064 D RegisteredAidCache: resolveAidLocked: DECISION: making single handling service ComponentInfo{com.google.android.gms/com.google.android.gms.pay.hce.service.PayHceService} default.
05-14 08:47:35.083  9064  9064 D RegisteredAidCache: AIDs: [4F53452E5641532E3031] were resolved.
05-14 08:47:35.084  9064  9064 D RegisteredAidCache: generateAidCacheLocked: starting with aid A00000047643276C1FDE7A39B9C05716
05-14 08:47:35.084  9064  9064 D RegisteredAidCache: Exact AID, resolving.
05-14 08:47:35.084  9064  9064 D RegisteredAidCache: resolveAidLocked: DECISION: routing to payment default default ApduService: ComponentInfo{com.google.android.gms/com.google.android.gms.tapandpay.hce.service.TpHceService}, description: Google Pay, Static AID Groups: Category: payment, AIDs:325041592E5359532E4444463031, , Dynamic AID Groups: Category: payment, AIDs:A00000047643276C1FDE7A39B9C05716, A000000940BCB000, 
05-14 08:47:35.084  9064  9064 D RegisteredAidCache: AIDs: [A00000047643276C1FDE7A39B9C05716] were resolved.
05-14 08:47:35.084  9064  9064 D RegisteredAidCache: generateAidCacheLocked: starting with aid A000000476B00003
05-14 08:47:35.084  9064  9064 D RegisteredAidCache: Exact AID, resolving.
05-14 08:47:35.084  9064  9064 D RegisteredAidCache: resolveAidLocked: DECISION: making single handling service ComponentInfo{com.google.android.gms/com.google.android.gms.fido.fido2.ui.hybrid.NfcEmulationService} default.
05-14 08:47:35.084  9064  9064 D RegisteredAidCache: AIDs: [A000000476B00003] were resolved.
05-14 08:47:35.084  9064  9064 D RegisteredAidCache: generateAidCacheLocked: starting with aid A000000476D0000111
05-14 08:47:35.084  9064  9064 D RegisteredAidCache: Exact AID, resolving.
05-14 08:47:35.084  9064  9064 D RegisteredAidCache: resolveAidLocked: DECISION: making single handling service ComponentInfo{com.google.android.gms/com.google.android.gms.pay.hce.service.PayHceService} default.
05-14 08:47:35.084  9064  9064 D RegisteredAidCache: AIDs: [A000000476D0000111] were resolved.
05-14 08:47:35.084  9064  9064 D RegisteredAidCache: generateAidCacheLocked: starting with aid A000000809434343444B467631
05-14 08:47:35.084  9064  9064 D RegisteredAidCache: Exact AID, resolving.
05-14 08:47:35.084  9064  9064 D RegisteredAidCache: resolveAidLocked: DECISION: making single handling service ComponentInfo{com.google.android.gms/com.google.android.gms.dck.service.DckNfcApduService} default.
05-14 08:47:35.084  9064  9064 D RegisteredAidCache: AIDs: [A000000809434343444B467631] were resolved.
05-14 08:47:35.084  9064  9064 D RegisteredAidCache: generateAidCacheLocked: starting with aid A000000940BCB000
05-14 08:47:35.084  9064  9064 D RegisteredAidCache: Exact AID, resolving.
05-14 08:47:35.084  9064  9064 D RegisteredAidCache: resolveAidLocked: DECISION: routing to payment default default ApduService: ComponentInfo{com.google.android.gms/com.google.android.gms.tapandpay.hce.service.TpHceService}, description: Google Pay, Static AID Groups: Category: payment, AIDs:325041592E5359532E4444463031, , Dynamic AID Groups: Category: payment, AIDs:A00000047643276C1FDE7A39B9C05716, A000000940BCB000, 
05-14 08:47:35.084  9064  9064 D RegisteredAidCache: AIDs: [A000000940BCB000] were resolved.
05-14 08:47:35.084  9064  9064 D RegisteredAidCache: generateAidCacheLocked: starting with aid F00000FE2C
05-14 08:47:35.084  9064  9064 D RegisteredAidCache: Exact AID, resolving.
05-14 08:47:35.084  9064  9064 D RegisteredAidCache: resolveAidLocked: DECISION: making single handling service ComponentInfo{com.google.android.gms/com.google.android.gms.nearby.mediums.nearfieldcommunication.NfcAdvertisingService} default.
05-14 08:47:35.084  9064  9064 D RegisteredAidCache: AIDs: [F00000FE2C] were resolved.
05-14 08:47:35.084  9064  9064 D RegisteredAidCache: Exact or Prefix AID.F00000FE2C
05-14 08:47:35.084  9064  9064 D RegisteredAidCache: AIDs: [F00000FE2C] were resolved.
05-14 08:47:35.084  9064  9064 D RegisteredAidCache: Exact or Prefix AID.A000000940BCB000
05-14 08:47:35.084  9064  9064 D RegisteredAidCache: AIDs: [A000000940BCB000] were resolved.
05-14 08:47:35.084  9064  9064 D RegisteredAidCache: Exact or Prefix AID.A000000809434343444B467631
05-14 08:47:35.084  9064  9064 D RegisteredAidCache: AIDs: [A000000809434343444B467631] were resolved.
05-14 08:47:35.084  9064  9064 D RegisteredAidCache: Exact or Prefix AID.A000000476D0000111
05-14 08:47:35.084  9064  9064 D RegisteredAidCache: AIDs: [A000000476D0000111] were resolved.
05-14 08:47:35.084  9064  9064 D RegisteredAidCache: Exact or Prefix AID.A000000476B00003
05-14 08:47:35.084  9064  9064 D RegisteredAidCache: AIDs: [A000000476B00003] were resolved.
05-14 08:47:35.084  9064  9064 D RegisteredAidCache: Exact or Prefix AID.A00000047643276C1FDE7A39B9C05716
05-14 08:47:35.084  9064  9064 D RegisteredAidCache: AIDs: [A00000047643276C1FDE7A39B9C05716] were resolved.
05-14 08:47:35.084  9064  9064 D RegisteredAidCache: Exact or Prefix AID.4F53452E5641532E3031
05-14 08:47:35.084  9064  9064 D RegisteredAidCache: AIDs: [4F53452E5641532E3031] were resolved.
05-14 08:47:35.084  9064  9064 D RegisteredAidCache:  AID power state before adding screen state1
05-14 08:47:35.084  9064  9064 D RegisteredAidCache:  AID power state after17
05-14 08:47:35.084  9064  9064 D RegisteredAidCache:  AID power state17
05-14 08:47:35.084  9064  9064 D RegisteredAidCache:  AID power state before adding screen state1
05-14 08:47:35.084  9064  9064 D RegisteredAidCache:  AID power state after17
05-14 08:47:35.084  9064  9064 D RegisteredAidCache:  AID power state17
05-14 08:47:35.084  9064  9064 D RegisteredAidCache:  AID power state before adding screen state1
05-14 08:47:35.084  9064  9064 D RegisteredAidCache:  AID power state after17
05-14 08:47:35.084  9064  9064 D RegisteredAidCache:  AID power state17
05-14 08:47:35.084  9064  9064 D RegisteredAidCache:  AID power state before adding screen state1
05-14 08:47:35.084  9064  9064 D RegisteredAidCache:  AID power state after17
05-14 08:47:35.084  9064  9064 D RegisteredAidCache:  AID power state17
05-14 08:47:35.084  9064  9064 D RegisteredAidCache:  AID power state before adding screen state1
05-14 08:47:35.084  9064  9064 D RegisteredAidCache:  AID power state after17
05-14 08:47:35.084  9064  9064 D RegisteredAidCache:  AID power state17
05-14 08:47:35.084  9064  9064 D RegisteredAidCache:  AID power state before adding screen state1
05-14 08:47:35.084  9064  9064 D RegisteredAidCache:  AID power state after17
05-14 08:47:35.084  9064  9064 D RegisteredAidCache:  AID power state17
05-14 08:47:35.084  9064  9064 D RegisteredAidCache:  AID power state before adding screen state1
05-14 08:47:35.084  9064  9064 D RegisteredAidCache:  AID power state after17
05-14 08:47:35.084  9064  9064 D RegisteredAidCache:  AID power state17
05-14 08:47:35.084  9064  9064 D BrcmNfcJni: nfcManager_getDefaultAidRoute: DEFAULT_AID_ROUTE: 2
05-14 08:47:35.084  9064  9064 D NxpExtns: find found DEFAULT_AID_PWR_STATE=(0x19)
05-14 08:47:35.084  9064  9064 D NfcService: defaultAidRoute : 537
05-14 08:47:35.084  9064  9064 D NfcService: GetDefaultRouteLoc  :2
05-14 08:47:35.084  9064  9064 D AidRoutingManager: mAidMatchingPlatform=0x1
05-14 08:47:35.084  9064  9064 I BrcmNfcNfa: nfa_ee_api_get_max_aid_config_length
05-14 08:47:35.084  9064  9064 I BrcmNfcNfa: nfa_ee_api_get_max_aid_config_length: 800
05-14 08:47:35.084  9064  9064 D AidRoutingManager: mDefaultRoute=0x2
05-14 08:47:35.084  9064  9064 D BrcmNfcJni: nfcManager_getDefaultAidRoute: DEFAULT_AID_ROUTE: 2
05-14 08:47:35.084  9064  9064 D NxpExtns: find found DEFAULT_AID_PWR_STATE=(0x19)
05-14 08:47:35.084  9064  9064 D NfcService: defaultAidRoute : 537
05-14 08:47:35.084  9064  9064 D NfcService: GetDefaultRouteLoc  :2
05-14 08:47:35.084  9064  9064 D AidRoutingManager: #######Routing AID A000000809434343444B467631 to route 0 with power 17
05-14 08:47:35.084  9064  9064 D AidRoutingManager: #######Routing AID F00000FE2C to route 0 with power 17
05-14 08:47:35.084  9064  9064 D AidRoutingManager: #######Routing AID A00000047643276C1FDE7A39B9C05716 to route 0 with power 17
05-14 08:47:35.084  9064  9064 D AidRoutingManager: #######Routing AID 4F53452E5641532E3031 to route 0 with power 17
05-14 08:47:35.084  9064  9064 D AidRoutingManager: #######Routing AID A000000476D0000111 to route 0 with power 17
05-14 08:47:35.084  9064  9064 D AidRoutingManager: #######Routing AID A000000940BCB000 to route 0 with power 17
05-14 08:47:35.084  9064  9064 D AidRoutingManager: #######Routing AID A000000476B00003 to route 0 with power 17
05-14 08:47:35.084  9064  9064 D AidRoutingManager: Routing table unchanged, but commit the routing
05-14 08:47:35.085  9064  9064 D NQApduServiceInfo: updateServiceCommitStatus:Description:Nearby:InternalState:1:commitStatus:true
05-14 08:47:35.085  9064  9064 D NQApduServiceInfo: updateServiceCommitStatus:Description:Fido NFC Emulation Service:InternalState:1:commitStatus:true
05-14 08:47:35.085  9064  9064 D NQApduServiceInfo: updateServiceCommitStatus:Description:Google ╨Ъ╨╛╤И╨╡╨╗╨╡╨║:InternalState:1:commitStatus:true
05-14 08:47:35.085  9064  9064 D NQApduServiceInfo: updateServiceCommitStatus:Description:Android Digital Car Key (System Service):InternalState:1:commitStatus:true
05-14 08:47:35.086  9064  9064 E RegisteredServicesCache: 3updateStatusOfServices:WriteServiceStateToFile
05-14 08:47:35.086  9064  9064 E RegisteredServicesCache:  Writing service state Data Always
05-14 08:47:35.087  9064  9064 E RegisteredServicesCache: component namecom.google.android.gms/com.google.android.gms.nearby.mediums.nearfieldcommunication.NfcAdvertisingService
05-14 08:47:35.087  9064  9064 E RegisteredServicesCache: component namecom.google.android.gms/com.google.android.gms.fido.fido2.ui.hybrid.NfcEmulationService
05-14 08:47:35.087  9064  9064 E RegisteredServicesCache: component namecom.google.android.gms/com.google.android.gms.pay.hce.service.PayHceService
05-14 08:47:35.087  9064  9064 E RegisteredServicesCache: component namecom.google.android.gms/com.google.android.gms.dck.service.DckNfcApduService
05-14 08:47:35.087  1551  1677 I Timeline: Timeline: App_transition_ready time:372017759
05-14 08:47:35.089   874   904 I vendor.qti.hardware.servicetracker@1.2-service: bindService is called for service : com.mi.android.globalminusscreen/com.google.mi.apps.gsa.nowoverlayservice.DrawerOverlayService and for client com.miui.home
05-14 08:47:35.089   874   904 I vendor.qti.hardware.servicetracker@1.2-service: total connections for service : com.mi.android.globalminusscreen/com.google.mi.apps.gsa.nowoverlayservice.DrawerOverlayServiceare :1
05-14 08:47:35.089   874   904 I vendor.qti.hardware.servicetracker@1.2-service: total connections for client : com.miui.homeare :1
05-14 08:47:35.091  9064  9064 D RegisteredServicesCache: ApduService: ComponentInfo{com.google.android.gms/com.google.android.gms.tapandpay.hce.service.TpHceService}, description: Google Pay, Static AID Groups: Category: payment, AIDs:325041592E5359532E4444463031, , Dynamic AID Groups: Category: payment, AIDs:A00000047643276C1FDE7A39B9C05716, A000000940BCB000, 
05-14 08:47:35.091  9064  9064 D RegisteredServicesCache: ApduService: ComponentInfo{com.google.android.gms/com.google.android.gms.nearby.mediums.nearfieldcommunication.NfcAdvertisingService}, description: Nearby, Static AID Groups: Category: other, AIDs:F00000FE2C, , Dynamic AID Groups: 
05-14 08:47:35.091  9064  9064 D RegisteredServicesCache: ApduService: ComponentInfo{com.google.android.gms/com.google.android.gms.pay.hce.service.PayHceService}, description: Google ╨Ъ╨╛╤И╨╡╨╗╨╡╨║, Static AID Groups: , Dynamic AID Groups: Category: other, AIDs:4F53452E5641532E3031, A000000476D0000111, 
05-14 08:47:35.091  9064  9064 D RegisteredServicesCache: ApduService: ComponentInfo{com.google.android.gms/com.google.android.gms.dck.service.DckNfcApduService}, description: Android Digital Car Key (System Service), Static AID Groups: Category: other, AIDs:A000000809434343444B467631, , Dynamic AID Groups: 
05-14 08:47:35.091  9064  9064 D RegisteredServicesCache: ApduService: ComponentInfo{com.google.android.gms/com.google.android.gms.fido.fido2.ui.hybrid.NfcEmulationService}, description: Fido NFC Emulation Service, Static AID Groups: Category: other, AIDs:A000000476B00003, , Dynamic AID Groups: 
05-14 08:47:35.094  2731  2731 D Launcher.Lifecycle: onResume:UserHandle{0},8217634,false
05-14 08:47:35.094  9064  9064 D RegisteredNfcFServicesCache: Service unchanged, not updating
05-14 08:47:35.094  9064  9064 E NfcService: applyRouting -9
05-14 08:47:35.094  9064  9064 D NfcService: applyRouting - enter force = false mScreenState = 8
05-14 08:47:35.095  2731  3111 I RenderThread: RenderThread resumed
05-14 08:47:35.095  2731  3111 I RenderThread: All controllers paused.
05-14 08:47:35.095  2731  3111 I RenderThread: RenderThread paused, waiting for signal
05-14 08:47:35.095  9064  9064 E NfcService: computeDiscoveryParameters: enter. screenState=8
05-14 08:47:35.095  9064  9064 D BrcmNfcJni: nfcManager_getDefaultDesfireRoute: enter; NAME_DEFAULT_DESFIRE_ROUTE = 02
05-14 08:47:35.095  9064  9064 D NxpExtns: find found DEFAULT_DESFIRE_PWR_STATE=(0x1b)
05-14 08:47:35.095  9064  9064 D NfcService: defaultMifareDesfireRoute : 539
05-14 08:47:35.095  2731  2843 D StatusBarController: handleMessage: flag 800000  disable false
05-14 08:47:35.095  9064  9064 D BrcmNfcJni: nfcManager_getDefaultAidRoute: DEFAULT_AID_ROUTE: 2
05-14 08:47:35.095  9064  9064 D NxpExtns: find found DEFAULT_AID_PWR_STATE=(0x19)
05-14 08:47:35.095  9064  9064 D NfcService: defaultAidRoute : 537
05-14 08:47:35.095  9064  9064 D NfcService: defaultroute = 537
05-14 08:47:35.095  9064  9064 D BrcmNfcJni: nfcManager_getDefaultMifareCLTRoute: DEFAULT_MIFARE_CLT_ROUTE: 2
05-14 08:47:35.095  9064  9064 D NxpExtns: find found DEFAULT_MIFARE_CLT_PWR_STATE=(0x1b)
05-14 08:47:35.095  9064  9064 D NfcService: defaultMifateCLTRoute : 2587
05-14 08:47:35.095  9064  9064 D NfcService: Set default Route Entry
05-14 08:47:35.095  9064  9064 D BrcmNfcJni: nfcManager_setDefaultRoute : enter
05-14 08:47:35.095  9064  9064 D BrcmNfcJni: transactionAttempt: Transaction attempted : setDefaultRoute when barrier is: 1
05-14 08:47:35.095  9064  9064 D BrcmNfcJni: transactionLiveLockable: Performing check for long duration transaction
05-14 08:47:35.095  9064  9064 D BrcmNfcJni: transactionAttempt: Transaction granted : setDefaultRoute 
05-14 08:47:35.095  9064  9064 D BrcmNfcJni: transactionAttempt: Transaction granted : setDefaultRoute and barrier is: 0
05-14 08:47:35.095  9064  9064 D BrcmNfcJni: startRfDiscovery: is start=0
05-14 08:47:35.095  9064  9064 D BrcmNfcJni: SyncEventGuard: lock on 0x7e09f3dd10
05-14 08:47:35.095  9064  9064 I BrcmNfcNfa: NFA_StopRfDiscovery ()
05-14 08:47:35.095  9064 10050 I BrcmNfcNfa: NFA got event 0x0110
05-14 08:47:35.095  9064 10050 I BrcmNfcNfa: nfa_dm_evt_hdlr event: NFA_DM_API_STOP_RF_DISCOVERY_EVT (0x10)
05-14 08:47:35.095  9064 10050 I BrcmNfcNfa: nfa_dm_act_stop_rf_discovery ()
05-14 08:47:35.095  9064 10050 I BrcmNfcNfa: nfa_dm_rf_deactivate () deactivate_type:0x0
05-14 08:47:35.095  9064 10050 I BrcmNfcNfa: nfa_dm_disc_sm_execute (): state: DISCOVERY (1), event: DEACTIVATE_CMD(6) disc_flags: 0x2
05-14 08:47:35.095  9064 10050 I BrcmNfcNfa: NFC_Deactivate 4 (IDLE) deactivate_type:0
05-14 08:47:35.095  9064 10050 I BrcmNfcNfa: nfc_ncif_send_cmd()
05-14 08:47:35.095  9064 10050 I BrcmNfcNfa: nfc_ncif_check_cmd_queue : Writing to HAL...
05-14 08:47:35.095  9064 10050 I BrcmNfcNfa: nfc_ncif_check_cmd_queue : cmd_size:1
05-14 08:47:35.095  9064 10050 D NfcAdaptation: NfcAdaptation::HalWrite
05-14 08:47:35.096   858   900 D NxpExtns: find found MIFARE_READER_ENABLE=(0x1)
05-14 08:47:35.096   858 10132 D NxpTml  : PN54X - Write requested.....
05-14 08:47:35.096   858 10132 D NxpTml  : PN54X - Invoking I2C Write.....
05-14 08:47:35.097   858 10132 E NxpTml  : _i2c_write() errno : 5
05-14 08:47:35.097   858 10132 E NxpTml  : PN54X - Error in I2C Write.....
05-14 08:47:35.097   858 10132 D NxpTml  : PN54X - Posting Fresh Write message.....
05-14 08:47:35.097   858 10132 D NxpTml  : PN54X - Tml Writer Thread Running................
05-14 08:47:35.097   858 10134 E NxpHal  : write error status = 0x1ff
05-14 08:47:35.097   858   900 E NxpHal  : write_unlocked failed - PN54X Maybe in Standby Mode - Retry
05-14 08:47:35.098  1551  2546 V MiuiActivityTaskManagerServiceEx: dispatchActivityLifeState state = onResume
05-14 08:47:35.098  1551  2546 V MiuiActivityTaskManagerServiceEx: dispatchActivityLifeState r = ActivityRecord{ab8e47f u0 com.miui.home/.launcher.Launcher t2}
05-14 08:47:35.103   858 10132 D NxpTml  : PN54X - Write requested.....
05-14 08:47:35.103   858 10132 D NxpTml  : PN54X - Invoking I2C Write.....
05-14 08:47:35.104   858 10131 D NxpTml  : PN54X - I2C Read successful.....len = 4
05-14 08:47:35.104   858 10131 D NxpTml  : Delay Read if write thread is busy
05-14 08:47:35.104   858 10132 D NxpNciX : len =   4 => 21060100
05-14 08:47:35.104   858 10132 D NxpTml  : PN54X - I2C Write successful.....
05-14 08:47:35.104   858 10132 D NxpTml  : PN54X - Posting Fresh Write message.....
05-14 08:47:35.104   858 10132 D NxpTml  : PN54X - Tml Writer Thread Running................
05-14 08:47:35.104   858 10134 D NxpHal  : write successful status = 0x0
05-14 08:47:35.104  9064 10050 E power   : ISystemSuspend::getService() failed.
05-14 08:47:35.105  9064 10050 I BrcmNfcNfa: nfa_dm_disc_sm_execute (): new state: DISCOVERY (1), disc_flags: 0x22
05-14 08:47:35.105  9064 10050 I BrcmNfcNfa: nfa_sys_ptim_stop_timer b3bb8040
05-14 08:47:35.105  9064 10050 I BrcmNfcNfa: ptim timer stop
05-14 08:47:35.105  9064 10050 I BrcmNfcNfa: Stopped presence check timer (if started)
05-14 08:47:35.106   858 10131 D NxpTml  : PN54X - Posting read message.....
05-14 08:47:35.106   858 10131 D NxpNciR : len =   4 <= 41060100
05-14 08:47:35.106   858 10134 D NxpHal  : read successful status = 0x0
05-14 08:47:35.106   968  2769 D Layer   : ---setAlpha Launcher=1.000000
05-14 08:47:35.106  1551  2546 I Timeline: Timeline: App_transition_ready time:372017778
05-14 08:47:35.107   858 10131 D NxpTml  : PN54X - Read requested.....
05-14 08:47:35.107   858 10131 D NxpTml  : PN54X - Invoking I2C Read.....
05-14 08:47:35.107  9064 10050 I BrcmNfcNfa: NFC received rsp gid:1
05-14 08:47:35.107  9064 10050 I BrcmNfcNfa: P2P_Prio_Logic
05-14 08:47:35.107  9064 10050 I BrcmNfcNfa: nfa_dm_p2p_prio_logic event_type = 0x1
05-14 08:47:35.107  9064 10050 I BrcmNfcNfa: returning true
05-14 08:47:35.107  9064 10050 I BrcmNfcNfa: nfc_set_state 4 (IDLE)->4 (IDLE)
05-14 08:47:35.107  9064 10050 I BrcmNfcNfa: nfa_dm_disc_data_cback ()
05-14 08:47:35.107  9064 10050 I BrcmNfcNfa: nfa_dm_disc_discovery_cback (): event:0x4005
05-14 08:47:35.107  9064 10050 I BrcmNfcNfa: nfa_dm_disc_sm_execute (): state: DISCOVERY (1), event: DEACTIVATE_RSP(7) disc_flags: 0x22
05-14 08:47:35.107  9064 10050 I BrcmNfcNfa: nfa_dm_disc_new_state (): old_state: DISCOVERY (1), new_state: IDLE (0) disc_flags: 0x2
05-14 08:47:35.107  9064 10050 D BrcmNfcJni: nfaConnectionCallback: Connection Event = 31
05-14 08:47:35.107  9064 10050 D BrcmNfcJni: nfaConnectionCallback: NFA_RF_DISCOVERY_STOPPED_EVT: status = 0x0
05-14 08:47:35.107  9064 10050 D BrcmNfcJni: notifyPollingEventwhileNfcOff: sDiscCmdwhleNfcOff=0
05-14 08:47:35.107  9064 10050 D BrcmNfcJni: getReconnectState = 0x0
05-14 08:47:35.107  9064 10050 D BrcmNfcJni: SyncEventGuard: lock on 0x7e09f3dd10
05-14 08:47:35.107  9064 10050 E BrcmNfcJni: notifyOne: 0x7e09f3dd10
05-14 08:47:35.108  9064 10050 I BrcmNfcNfa: nfa_dm_start_rf_discover (): enter
05-14 08:47:35.108  9064 10050 I BrcmNfcNfa: nfa_dm_start_rf_discover (): return
05-14 08:47:35.108  9064 10050 I BrcmNfcNfa: nfa_dm_disc_sm_execute (): new state: IDLE (0), disc_flags: 0x0
05-14 08:47:35.108  9064  9064 D BrcmNfcJni: startRfDiscovery: is exit=0
05-14 08:47:35.108  9064  9064 D BrcmNfcJni: RoutingManager::setDefaultRoute: enter; defaultRoute:0x219 protoRoute:0x21B TechRoute:0xA1B HostListenMask:0x7
05-14 08:47:35.108  9064  9064 D BrcmNfcJni: RoutingManager::extractRouteLocationAndPowerStates:mDefaultIso7816SeID:0x200 mDefaultIsoDepSeID:0x200 mDefaultTechASeID 0x200
05-14 08:47:35.108  9064  9064 D BrcmNfcJni: getUiccRoute: Enter slot num = 1
05-14 08:47:35.108  9064  9064 D BrcmNfcJni: RoutingManager::extractRouteLocationAndPowerStates:mDefaultIso7816SeID:0x402 mDefaultIso7816Powerstate:0x19
05-14 08:47:35.108  9064  9064 D BrcmNfcJni: getUiccRoute: Enter slot num = 1
05-14 08:47:35.108  9064  9064 D BrcmNfcJni: RoutingManager::extractRouteLocationAndPowerStates:mDefaultIsoDepSeID:0x402 mDefaultIsoDepPowerstate:0x1B
05-14 08:47:35.108  9064  9064 D BrcmNfcJni: getUiccRoute: Enter slot num = 1
05-14 08:47:35.108  9064  9064 D BrcmNfcJni: RoutingManager::extractRouteLocationAndPowerStates:mDefaultTechASeID:0x402 mDefaultTechAPowerstate:0x1B
05-14 08:47:35.108  9064  9064 I BrcmNfcNfa: NFA_CeSetIsoDepListenTech (): 0x3
05-14 08:47:35.108  9064  9064 I BrcmNfcNfa: NFA_CeRegisterAidOnDH ()
05-14 08:47:35.108  9064  9064 D BrcmNfcJni: RoutingManager::checkProtoSeID: enter
05-14 08:47:35.108  9064  9064 D NxpExtns: find found NXP_CHECK_DEFAULT_PROTO_SE_ID=(0x1)
05-14 08:47:35.108  9064  9064 D BrcmNfcJni: RoutingManager::checkProtoSeID: CHECK_DEFAULT_PROTO_SE_ID - 0x 1 
05-14 08:47:35.108  9064  9064 D BrcmNfcJni: SecureElement::getEeHandleList: 0 = 0x401
05-14 08:47:35.108  9064  9064 D BrcmNfcJni: SecureElement::getEeHandleList: 0 = 0x401
05-14 08:47:35.108  9064  9064 D BrcmNfcJni: 0x401: 0x1 0x1 0x0
05-14 08:47:35.108  9064  9064 D BrcmNfcJni: SecureElement::getEeHandleList: 1 = 0x4C0
05-14 08:47:35.108  9064  9064 D BrcmNfcJni: SecureElement::getEeHandleList: Handle 1 = 0xC0
05-14 08:47:35.108  9064  9064 D BrcmNfcJni: RoutingManager::checkProtoSeID: count : 1
05-14 08:47:35.108  9064  9064 D BrcmNfcJni: SecureElement::getGenericEseId: enter; ESE-Handle = 0xC0
05-14 08:47:35.108  9064  9064 D BrcmNfcJni: SecureElement::getGenericEseId: exit; ESE-Generic-ID = 0x01
05-14 08:47:35.108  9064  9064 D BrcmNfcJni: RoutingManager::checkProtoSeID: seId : 1
05-14 08:47:35.108  9064  9064 D BrcmNfcJni: SecureElement::getEseHandleFromGenericId: enter; ESE-ID = 0x01
05-14 08:47:35.108  9064  9064 D BrcmNfcJni: SecureElement::getEseHandleFromGenericId: enter; ESE-Handle = 0x4C0
05-14 08:47:35.108  9064  9064 D BrcmNfcJni: RoutingManager::checkProtoSeID: ActDevHandle : 0x4C0
05-14 08:47:35.108  9064  9064 D BrcmNfcJni: RoutingManager::checkProtoSeID:isDefaultIsoDepSeIDPresent:0x0
05-14 08:47:35.108  9064  9064 D BrcmNfcJni: RoutingManager::checkProtoSeID: exit
05-14 08:47:35.108  9064  9064 D BrcmNfcJni: RoutingManager::initialiseTableEntries: enter
05-14 08:47:35.108  9064  9064 D BrcmNfcJni: SecureElement::getEeInfo: enter; mbNewEE=0, mActualNumEe=2
05-14 08:47:35.108  9064  9064 I BrcmNfcNfa: NFA_EeGetInfo em_state:1 cur_ee:3
05-14 08:47:35.108  9064  9064 I BrcmNfcNfa: xx:0 max_ret:4, num_ret:0 ee_status:0x0, nfcee_id:0x1
05-14 08:47:35.108  9064  9064 I BrcmNfcNfa: xx:1 max_ret:4, num_ret:1 ee_status:0x0, nfcee_id:0xc0
05-14 08:47:35.108  9064  9064 I BrcmNfcNfa: xx:2 max_ret:4, num_ret:2 ee_status:0x2, nfcee_id:0x2
05-14 08:47:35.108  9064  9064 I BrcmNfcNfa: num_ret:2
05-14 08:47:35.108  9064  9064 D BrcmNfcJni: SecureElement::getEeInfo: num EEs discovered: 2
05-14 08:47:35.108  9064  9064 D BrcmNfcJni: SecureElement::getEeInfo: EE[0] Handle: 0x0401  Status: Connected/Active  Num I/f: 1: (0x01, 0x00)  Num TLVs: 0, Tech : (LA:0x00, LB:0x00, LF:0x00, LBP:0x00)
05-14 08:47:35.108  9064  9064 D BrcmNfcJni: SecureElement::getEeInfo: EE[1] Handle: 0x04c0  Status: Connected/Active  Num I/f: 1: (0x80, 0x00)  Num TLVs: 0, Tech : (LA:0x04, LB:0x04, LF:0x03, LBP:0x00)
05-14 08:47:35.108  9064  9064 D BrcmNfcJni: SecureElement::getEeInfo: exit; mActualNumEe=2, mNumEePresent=1
05-14 08:47:35.108  9064  9064 D BrcmNfcJni: SecureElement::getEeInfo: enter; mbNewEE=0, mActualNumEe=2
05-14 08:47:35.108  9064  9064 I BrcmNfcNfa: NFA_EeGetInfo em_state:1 cur_ee:3
05-14 08:47:35.108  9064  9064 I BrcmNfcNfa: xx:0 max_ret:4, num_ret:0 ee_status:0x0, nfcee_id:0x1
05-14 08:47:35.108  9064  9064 I BrcmNfcNfa: xx:1 max_ret:4, num_ret:1 ee_status:0x0, nfcee_id:0xc0
05-14 08:47:35.108  9064  9064 I BrcmNfcNfa: xx:2 max_ret:4, num_ret:2 ee_status:0x2, nfcee_id:0x2
05-14 08:47:35.108  9064  9064 I BrcmNfcNfa: num_ret:2
05-14 08:47:35.108  9064  9064 D BrcmNfcJni: SecureElement::getEeInfo: num EEs discovered: 2
05-14 08:47:35.108  9064  9064 D BrcmNfcJni: SecureElement::getEeInfo: EE[0] Handle: 0x0401  Status: Connected/Active  Num I/f: 1: (0x01, 0x00)  Num TLVs: 0, Tech : (LA:0x00, LB:0x00, LF:0x00, LBP:0x00)
05-14 08:47:35.108  9064  9064 D BrcmNfcJni: SecureElement::getEeInfo: EE[1] Handle: 0x04c0  Status: Connected/Active  Num I/f: 1: (0x80, 0x00)  Num TLVs: 0, Tech : (LA:0x04, LB:0x04, LF:0x03, LBP:0x00)
05-14 08:47:35.108  9064  9064 D BrcmNfcJni: SecureElement::getEeInfo: exit; mActualNumEe=2, mNumEePresent=1
05-14 08:47:35.108  9064  9064 D BrcmNfcJni: SecureElement::getEeInfo: enter; mbNewEE=0, mActualNumEe=2
05-14 08:47:35.108  9064  9064 I BrcmNfcNfa: NFA_EeGetInfo em_state:1 cur_ee:3
05-14 08:47:35.108  9064  9064 I BrcmNfcNfa: xx:0 max_ret:4, num_ret:0 ee_status:0x0, nfcee_id:0x1
05-14 08:47:35.108  9064  9064 I BrcmNfcNfa: xx:1 max_ret:4, num_ret:1 ee_status:0x0, nfcee_id:0xc0
05-14 08:47:35.108  9064  9064 I BrcmNfcNfa: xx:2 max_ret:4, num_ret:2 ee_status:0x2, nfcee_id:0x2
05-14 08:47:35.108  9064  9064 I BrcmNfcNfa: num_ret:2
05-14 08:47:35.108  9064  9064 D BrcmNfcJni: SecureElement::getEeInfo: num EEs discovered: 2
05-14 08:47:35.108  9064  9064 D BrcmNfcJni: SecureElement::getEeInfo: EE[0] Handle: 0x0401  Status: Connected/Active  Num I/f: 1: (0x01, 0x00)  Num TLVs: 0, Tech : (LA:0x00, LB:0x00, LF:0x00, LBP:0x00)
05-14 08:47:35.108  9064  9064 D BrcmNfcJni: SecureElement::getEeInfo: EE[1] Handle: 0x04c0  Status: Connected/Active  Num I/f: 1: (0x80, 0x00)  Num TLVs: 0, Tech : (LA:0x04, LB:0x04, LF:0x03, LBP:0x00)
05-14 08:47:35.108  9064  9064 D BrcmNfcJni: SecureElement::getEeInfo: exit; mActualNumEe=2, mNumEePresent=1
05-14 08:47:35.108  9064  9064 D BrcmNfcJni: RoutingManager::initialiseTableEntries: exit; mTechSupportedByEse:0x7 mTechSupportedByUicc1:0x0 mTechSupportedByUicc2:0x0
05-14 08:47:35.108  9064  9064 D BrcmNfcJni: RoutingManager::compileProtoEntries: enter
05-14 08:47:35.108  9064  9064 D BrcmNfcJni: --------------------Proto Table Entries------------------
