--------- beginning of main
05-14 08:48:04.681  5064  5064 D OpenVPNGateApp:SelectedCountryStore: getLastStartedConfig: country=Australia hasConfig=true
--------- beginning of system
05-14 08:48:04.716  1551  9798 V MiuiActivityTaskManagerServiceEx: dispatchActivityLifeState state = onResume
05-14 08:48:04.716  1551  9798 V MiuiActivityTaskManagerServiceEx: dispatchActivityLifeState r = ActivityRecord{3ae59a7 u0 com.yahorzabotsin.openvpnclientgate/.mobile.MainActivity t4252}
05-14 08:48:04.693  5064  5064 D OpenVPNGateApp:SelectedCountryStore: getLastStartedConfig: country=Australia hasConfig=true
05-14 08:48:04.716  2731  2731 D RecentsImpl: mActivityStateObserver com.yahorzabotsin.openvpnclientgate.mobile.MainActivity
05-14 08:48:04.716  2731  2731 W RecentsImpl: onResumed className=com.yahorzabotsin.openvpnclientgate.mobile.MainActivity   mIsInAnotherPro=false
05-14 08:48:04.717  5064  5064 W Looper  : PerfMonitor looperActivity : package=com.yahorzabotsin.openvpnclientgate/.mobile.MainActivity time=0ms latency=405ms running=0ms  procState=2 ClientTransaction{ callbacks=[android.app.servertransaction.TopResumedActivityChangeItem] } historyMsgCount=3 (msgIndex=3 wall=397ms seq=197 running=339ms runnable=8ms late=8ms h=android.app.ActivityThread$H w=159)
05-14 08:48:04.718  5064  5064 D OpenVPNGateApp:ServersV2Repository: getCountries[locale=en]: cache hit
05-14 08:48:04.748  5064  5064 I OpenVPNGateApp:MainViewModel: What's new loaded: 1.0.4-beta.1, title=Beta Release v1.0.4-beta.1-auto(63)
05-14 08:48:04.786  1551  9798 V WindowManager: Orientation start waiting for draw, mDrawState=DRAW_PENDING in Window{4b9483e mode=0 rootTaskId=4252 u0 com.yahorzabotsin.openvpnclientgate/com.yahorzabotsin.openvpnclientgate.mobile.MainActivity}, surfaceController Surface(name=com.yahorzabotsin.openvpnclientgate/com.yahorzabotsin.openvpnclientgate.mobile.MainActivity)/@0xc8c03ec
05-14 08:48:04.787  1551  9798 I Timeline: Timeline: App_transition_ready time:372047458
05-14 08:48:04.789  1551  9798 I Timeline: Timeline: App_transition_ready time:372047461
05-14 08:48:04.791  1551  9798 D WindowManager: Input focus has changed to Window{4b9483e mode=0 rootTaskId=4252 u0 com.yahorzabotsin.openvpnclientgate/com.yahorzabotsin.openvpnclientgate.mobile.MainActivity}
05-14 08:48:04.813  5064  5096 I OpenVPNGateApp:UpdateCheckRepository: Update check result: hasUpdate=true, currentBuild=63, latestBuild=83, assetPlatform=mobile, hasAsset=true
05-14 08:48:04.912  1551  9798 I ActivityManager: Force stopping com.yahorzabotsin.openvpnclientgate appid=10632 user=0: from process:5152
05-14 08:48:04.912  1551  9798 D AutoStartManagerService: prepare force stop p:5064 s: 19
05-14 08:48:04.912  1551  9798 I Process : Sending signal. PID: 5064 SIG: 19
05-14 08:48:04.914  1551  1677 I Timeline: Timeline: App_transition_ready time:372047585
05-14 08:48:04.914  1551  1684 I ActivityTaskManager: Displayed com.yahorzabotsin.openvpnclientgate/.mobile.MainActivity: +636ms
05-14 08:48:04.916  2288  2715 D MiuiPhoneStatusBarPolicy: updateManagedProfile: secondSpace = false
05-14 08:48:04.917  1551  9798 I ActivityManager: Killing 5064:com.yahorzabotsin.openvpnclientgate/u0a632 (adj 0): stop com.yahorzabotsin.openvpnclientgate due to from process:5152
05-14 08:48:04.922   874 27291 I vendor.qti.hardware.servicetracker@1.2-service: killProcess is called for pid : 5064
05-14 08:48:04.922   874 27291 I vendor.qti.hardware.servicetracker@1.2-service: process with pid 5064 is service
05-14 08:48:04.923   874 27291 I vendor.qti.hardware.servicetracker@1.2-service: destroyService is called for service : com.yahorzabotsin.openvpnclientgate/.vpn.OpenVpnService
05-14 08:48:04.923  1551  9798 W ActivityTaskManager: Force removing ActivityRecord{3ae59a7 u0 com.yahorzabotsin.openvpnclientgate/.mobile.MainActivity t4252 f}}: app died, no saved state
05-14 08:48:04.923  1551  9798 V ActivityTaskManager: Calling mServicetracker.OnActivityStateChange with flag truestateDESTROYED
05-14 08:48:04.923  1551  9798 V ActivityTaskManager: Calling mServicetracker.OnActivityStateChange with flag falsestateDESTROYED
05-14 08:48:04.923   874 24460 I vendor.qti.hardware.servicetracker@1.2-service: Activity state is changed to : 9
05-14 08:48:04.923  1551  9798 V ActivityTaskManager: Calling mServicetracker.OnActivityStateChange with flag truestateDESTROYED
05-14 08:48:04.924  1551  9798 D WindowManager: Input focus has changed to null
05-14 08:48:04.926  1551  9798 W ActivityTaskManager: Force removing ActivityRecord{d36f0a0 u0 com.yahorzabotsin.openvpnclientgate/.mobile.SplashActivity t4252 f}}: app died, no saved state
05-14 08:48:04.926  1551  9798 V ActivityTaskManager: Calling mServicetracker.OnActivityStateChange with flag truestateDESTROYED
05-14 08:48:04.926  1551  9798 V ActivityTaskManager: Calling mServicetracker.OnActivityStateChange with flag falsestateDESTROYED
05-14 08:48:04.926  1551  9798 V ActivityTaskManager: Calling mServicetracker.OnActivityStateChange with flag truestateDESTROYED
05-14 08:48:04.926  1551  9798 V ActivityTaskManager: Calling mServicetracker.OnActivityStateChange with flag truestateRESUMED
05-14 08:48:04.926   874 24460 I chatty  : uid=1000(system) HwBinder:874_6 identical 4 lines
05-14 08:48:04.926   874 24460 I vendor.qti.hardware.servicetracker@1.2-service: Activity state is changed to : 9
05-14 08:48:04.926   874 27291 I vendor.qti.hardware.servicetracker@1.2-service: Activity state is changed to : 2
05-14 08:48:04.927  1551  9798 V ActivityTaskManager: Calling mServicetracker.OnActivityStateChange with flag falsestateRESUMED
05-14 08:48:04.928   694   702 E statsd  : Predicate 5980654721335871649 dropping data for dimension key (10)0x2010101->10632[I] (10)0x30000->*launch*[S] 
05-14 08:48:04.928   874 27291 I vendor.qti.hardware.servicetracker@1.2-service: Activity state is changed to : 2
05-14 08:48:04.930 11275 11293 I GST     : forePkg: com.miui.home, preForePkg: com.yahorzabotsin.openvpnclientgate
05-14 08:48:04.930 10638 20264 I ProcessMonitor: onForegroundInfoChanged: ForegroundInfo{mForegroundPackageName='com.miui.home', mForegroundUid=10111, mForegroundPid=2731, mLastForegroundPackageName='com.yahorzabotsin.openvpnclientgate', mLastForegroundUid=10632, mLastForegroundPid=5064, mMultiWindowForegroundPackageName='null', mMultiWindowForegroundUid=-1, mFlags=0}
05-14 08:48:04.931  1551  9019 D MIUIInput: [FoucsChange]: Display  0 FocusedWindow From null(0,0)  to Window{4b9483e mode=0 rootTaskId=4252 u0 com.yahorzabotsin.openvpnclientgate/com.yahorzabotsin.openvpnclientgate.mobile.MainActivity}(1,1)
05-14 08:48:04.931 11081 12198 D PerfEngineController: ForegroundInfo{mForegroundPackageName='com.miui.home', mForegroundUid=10111, mForegroundPid=2731, mLastForegroundPackageName='com.yahorzabotsin.openvpnclientgate', mLastForegroundUid=10632, mLastForegroundPid=5064, mMultiWindowForegroundPackageName='null', mMultiWindowForegroundUid=-1, mFlags=0}
05-14 08:48:04.932 10638 20264 I GameBoosterService: onForegroundInfoChanged: Cur=com.miui.home	 last=com.yahorzabotsin.openvpnclientgate
05-14 08:48:04.932 10638 20264 I FreeformWindowUtils: has app list!
05-14 08:48:04.932 10638 20264 D GameBoosterService: onGameStatusChange foreground:ForegroundInfo{mForegroundPackageName='com.miui.home', mForegroundUid=10111, mForegroundPid=2731, mLastForegroundPackageName='com.yahorzabotsin.openvpnclientgate', mLastForegroundUid=10632, mLastForegroundPid=5064, mMultiWindowForegroundPackageName='null', mMultiWindowForegroundUid=-1, mFlags=0}
05-14 08:48:04.932 10638 20264 I VideoBoxUtils: isSupportVideoBox: false
05-14 08:48:04.932 10638 20264 I VideoToolBoxService: vtb is closed!!!
05-14 08:48:04.936  1551  9798 I Timeline: Timeline: App_transition_ready time:372047608
05-14 08:48:04.941  1551  9798 I WindowManager:   Force finishing activity ActivityRecord{3ae59a7 u0 com.yahorzabotsin.openvpnclientgate/.mobile.MainActivity t4252 f} isExiting}
05-14 08:48:04.941  1551  9798 W ActivityTaskManager: Duplicate finish request for r=ActivityRecord{3ae59a7 u0 com.yahorzabotsin.openvpnclientgate/.mobile.MainActivity t4252 f} isExiting}
05-14 08:48:04.941  1551  9798 I WindowManager:   Force finishing activity ActivityRecord{d36f0a0 u0 com.yahorzabotsin.openvpnclientgate/.mobile.SplashActivity t4252 f} isExiting}
05-14 08:48:04.941  1551  9798 W ActivityTaskManager: Duplicate finish request for r=ActivityRecord{d36f0a0 u0 com.yahorzabotsin.openvpnclientgate/.mobile.SplashActivity t4252 f} isExiting}
05-14 08:48:04.944  1551  1677 I Timeline: Timeline: App_transition_ready time:372047616
05-14 08:48:04.928  1198  1198 W Binder:1198_7: type=1400 audit(0.0:628444): avc: denied { search } for name="820" dev="proc" ino=4117628 scontext=u:r:cameraserver:s0 tcontext=u:r:hal_camera_default:s0 tclass=dir permissive=0
05-14 08:48:04.928  1198  1198 W Binder:1198_7: type=1400 audit(0.0:628445): avc: denied { search } for name="820" dev="proc" ino=4117628 scontext=u:r:cameraserver:s0 tcontext=u:r:hal_camera_default:s0 tclass=dir permissive=0
05-14 08:48:04.945  1551  2119 I MiuiNetworkPolicy: removeUidState uid = 10632
05-14 08:48:04.945  1551  2119 I MiuiNetworkPolicy: updateUidState uid = 10152, uidState = 3
05-14 08:48:04.945  1551  2119 I MiuiNetworkPolicy: updateUidState uid = 10111, uidState = 2
05-14 08:48:04.946  1551 25888 E ANDR-PERF-JNI: UXEngine Trigger - Returning null
05-14 08:48:04.947  1551  9798 D MIUIInput: [FoucsChange]: Display  0 FocusedWindow From Window{4b9483e mode=0 rootTaskId=4252 u0 com.yahorzabotsin.openvpnclientgate/com.yahorzabotsin.openvpnclientgate.mobile.MainActivity}(1,1)  to null(0,0)
05-14 08:48:04.949 15664 15664 D AggregateListener: notifyAction action:android.intent.action.PACKAGE_RESTARTED
05-14 08:48:04.949 15664 15664 D AggregateListener: onPackageRestarted packageName:com.yahorzabotsin.openvpnclientgate
05-14 08:48:04.950  9064  9064 D RegisteredServicesCache: Intent action: android.intent.action.PACKAGE_RESTARTED
05-14 08:48:04.956  1551  9201 I Timeline: Timeline: App_transition_ready time:372047628
05-14 08:48:04.957 10196 17201 I com.xiaomi.xms: oneway function results will be dropped but finished with status UNKNOWN_TRANSACTION and parcel size 0
05-14 08:48:04.957 10196 17201 D PMonitor:  onForegroundActivitiesChanged:pid = 2731,activity-uid=10111,foregroundActivities=true
05-14 08:48:04.958  2697  2697 E PhoneInterfaceManager: [PhoneIntfMgr] getCarrierPackageNamesForIntentAndPhone: No UICC
05-14 08:48:04.958  2697  2697 D CarrierSvcBindHelper: No carrier app for: 0
05-14 08:48:04.961  2697  2697 D CarrierSvcBindHelper: No carrier app for: 1
05-14 08:48:04.964  1551  9182 I Timeline: Timeline: App_transition_ready time:372047635
05-14 08:48:04.970  2731  2731 D Launcher.Lifecycle: onStart:UserHandle{0},8217634,false
05-14 08:48:04.971  9009  7388 I com.miui.daemo: oneway function results will be dropped but finished with status OK and parcel size 4
05-14 08:48:04.972  2731  3111 I RenderThread: RenderThread resumed
05-14 08:48:04.973  2731  3111 I RenderThread: All controllers paused.
05-14 08:48:04.973  2731  3111 I RenderThread: RenderThread paused, waiting for signal
05-14 08:48:04.974   874 27291 I vendor.qti.hardware.servicetracker@1.2-service: bindService is called for service : com.mi.android.globalminusscreen/com.google.mi.apps.gsa.nowoverlayservice.DrawerOverlayService and for client com.miui.home
05-14 08:48:04.974   874 27291 I vendor.qti.hardware.servicetracker@1.2-service: total connections for service : com.mi.android.globalminusscreen/com.google.mi.apps.gsa.nowoverlayservice.DrawerOverlayServiceare :1
05-14 08:48:04.974   874 27291 I vendor.qti.hardware.servicetracker@1.2-service: total connections for client : com.miui.homeare :1
05-14 08:48:04.981  2731  2731 D Launcher.Lifecycle: onResume:UserHandle{0},8217634,false
05-14 08:48:04.981  2731  3111 I RenderThread: RenderThread resumed
05-14 08:48:04.981  2731  3111 I RenderThread: All controllers paused.
05-14 08:48:04.981  2731  3111 I RenderThread: RenderThread paused, waiting for signal
05-14 08:48:04.982  2731  2843 D StatusBarController: handleMessage: flag 800000  disable false
05-14 08:48:04.984  1551  1677 I Timeline: Timeline: App_transition_ready time:372047656
05-14 08:48:04.985  1551  9019 V MiuiActivityTaskManagerServiceEx: dispatchActivityLifeState state = onResume
05-14 08:48:04.985  1551  9019 V MiuiActivityTaskManagerServiceEx: dispatchActivityLifeState r = ActivityRecord{ab8e47f u0 com.miui.home/.launcher.Launcher t2}
05-14 08:48:04.989  9009  7388 I com.miui.daemo: oneway function results will be dropped but finished with status OK and parcel size 4
05-14 08:48:04.994  1551  9205 I WindowManager: WIN DEATH: Window{775d9e2 mode=0 rootTaskId=4252 u0 com.yahorzabotsin.openvpnclientgate/com.yahorzabotsin.openvpnclientgate.mobile.SplashActivity}
05-14 08:48:04.994  1551  9205 W InputDispatcher: Attempted to unregister already unregistered input channel '775d9e2 com.yahorzabotsin.openvpnclientgate/com.yahorzabotsin.openvpnclientgate.mobile.SplashActivity (server)'
05-14 08:48:04.995   696   696 I Zygote  : Process 5064 exited due to signal 9 (Killed)
05-14 08:48:04.997  1551  9205 I Timeline: Timeline: App_transition_ready time:372047669
05-14 08:48:04.998  1551  3050 I WindowManager: WIN DEATH: Window{4b9483e mode=0 rootTaskId=4252 u0 com.yahorzabotsin.openvpnclientgate/com.yahorzabotsin.openvpnclientgate.mobile.MainActivity}
05-14 08:48:04.998  1551  3050 W InputDispatcher: Attempted to unregister already unregistered input channel '4b9483e com.yahorzabotsin.openvpnclientgate/com.yahorzabotsin.openvpnclientgate.mobile.MainActivity (server)'
05-14 08:48:04.999  1551  1687 I libprocessgroup: Successfully killed process cgroup uid 10632 pid 5064 in 81ms
05-14 08:48:05.001  2288  2288 D NotifBadge: recevie broadbcast ACTION_APPLICATION_MESSAGE_QUERY, requestFirstTime=false
05-14 08:48:05.001  2288  2288 E QSAnimator: tileView is null mute
05-14 08:48:05.001  2288  2288 E QSAnimator: tileView is null screenshot
05-14 08:48:05.001  2288  2288 E QSAnimator: tileView is null airplane
05-14 08:48:05.001  2288  2288 E QSAnimator: tileView is null screenlock
05-14 08:48:05.001  2288  2288 E QSAnimator: tileView is null hotspot
05-14 08:48:05.001  2288  2288 E QSAnimator: tileView is null gps
05-14 08:48:05.001  2288  2288 E QSAnimator: tileView is null rotation
05-14 08:48:05.001  2288  2288 E QSAnimator: tileView is null scanner
05-14 08:48:05.001  2288  2288 E QSAnimator: tileView is null papermode
05-14 08:48:05.001  2288  2288 E QSAnimator: tileView is null night
05-14 08:48:05.001  2288  2288 E QSAnimator: tileView is null quietmode
05-14 08:48:05.001  2288  2288 E QSAnimator: tileView is null batterysaver
05-14 08:48:05.001  2288  2288 E QSAnimator: tileView is null custom(com.miui.securitycenter/com.miui.superpower.notification.SuperPowerTileService)
05-14 08:48:05.001  2288  2288 E QSAnimator: tileView is null custom(com.milink.service/com.milink.ui.service.MiLinkTileService)
05-14 08:48:05.001  2288  2288 E QSAnimator: tileView is null custom(com.miui.mishare.connectivity/.tile.MiShareTileService)
05-14 08:48:05.001  2288  2288 E QSAnimator: tileView is null freeformhang
05-14 08:48:05.001  2288  2288 E QSAnimator: tileView is null custom(com.miui.screenrecorder/.service.QuickService)
05-14 08:48:05.001  2288  2288 E QSAnimator: tileView is null vibrate
05-14 08:48:05.001  2288  2288 E QSAnimator: tileView is null nfc
05-14 08:48:05.001  2288  2288 E QSAnimator: tileView is null edit
05-14 08:48:05.002  1551  3050 I Timeline: Timeline: App_transition_ready time:372047674
05-14 08:48:05.005  1551  1677 I Timeline: Timeline: App_transition_ready time:372047677
05-14 08:48:05.009  9064  9064 D RegisteredServicesCache: Adding service: ComponentInfo{com.google.android.gms/com.google.android.gms.tapandpay.hce.service.TpHceService} AIDs: [325041592E5359532E4444463031]
05-14 08:48:05.009  9064  9064 D RegisteredServicesCache: Adding service: ComponentInfo{com.google.android.gms/com.google.android.gms.nearby.mediums.nearfieldcommunication.NfcAdvertisingService} AIDs: [F00000FE2C]
05-14 08:48:05.009  9064  9064 D RegisteredServicesCache: Adding service: ComponentInfo{com.google.android.gms/com.google.android.gms.pay.hce.service.PayHceService} AIDs: []
05-14 08:48:05.009  9064  9064 D RegisteredServicesCache: Adding service: ComponentInfo{com.google.android.gms/com.google.android.gms.dck.service.DckNfcApduService} AIDs: [A000000809434343444B467631]
05-14 08:48:05.009  9064  9064 D RegisteredServicesCache: Adding service: ComponentInfo{com.google.android.gms/com.google.android.gms.fido.fido2.ui.hybrid.NfcEmulationService} AIDs: [A000000476B00003]
05-14 08:48:05.009  9064  9064 D RegisteredServicesCache:  Reading service state data always from file
05-14 08:48:05.010  9064  9064 D RegisteredServicesCache: ServiceStateFileVersion=1.0
05-14 08:48:05.010  9064  9064 E RegisteredServicesCache: Next Tag=services
05-14 08:48:05.010  9064  9064 D RegisteredServicesCache:  curr component com.google.android.gms/com.google.android.gms.nearby.mediums.nearfieldcommunication.NfcAdvertisingService
05-14 08:48:05.010  9064  9064 D RegisteredServicesCache:  curr uid 10186
05-14 08:48:05.010  9064  9064 D RegisteredServicesCache:  curr state 1
05-14 08:48:05.010  9064  9064 E RegisteredServicesCache: installedServices no uidString 
05-14 08:48:05.010  9064  9064 D RegisteredServicesCache:  curr component com.google.android.gms/com.google.android.gms.fido.fido2.ui.hybrid.NfcEmulationService
05-14 08:48:05.010  9064  9064 D RegisteredServicesCache:  curr uid 10186
05-14 08:48:05.010  9064  9064 D RegisteredServicesCache:  curr state 1
05-14 08:48:05.010  9064  9064 E RegisteredServicesCache: installedServices contains uidString : 10186
05-14 08:48:05.010  9064  9064 D RegisteredServicesCache:  curr component com.google.android.gms/com.google.android.gms.pay.hce.service.PayHceService
05-14 08:48:05.010  9064  9064 D RegisteredServicesCache:  curr uid 10186
05-14 08:48:05.010  9064  9064 D RegisteredServicesCache:  curr state 1
05-14 08:48:05.010  9064  9064 E RegisteredServicesCache: installedServices contains uidString : 10186
05-14 08:48:05.010  9064  9064 D RegisteredServicesCache:  curr component com.google.android.gms/com.google.android.gms.dck.service.DckNfcApduService
05-14 08:48:05.010  9064  9064 D RegisteredServicesCache:  curr uid 10186
05-14 08:48:05.010  9064  9064 D RegisteredServicesCache:  curr state 1
05-14 08:48:05.010  9064  9064 E RegisteredServicesCache: installedServices contains uidString : 10186
05-14 08:48:05.010  9064  9064 E RegisteredServicesCache: 1invalidateCache:WriteServiceStateToFile
05-14 08:48:05.010  9064  9064 E RegisteredServicesCache:  Writing service state Data Always
05-14 08:48:05.011  9064  9064 E RegisteredServicesCache: component namecom.google.android.gms/com.google.android.gms.nearby.mediums.nearfieldcommunication.NfcAdvertisingService
05-14 08:48:05.011  9064  9064 E RegisteredServicesCache: component namecom.google.android.gms/com.google.android.gms.fido.fido2.ui.hybrid.NfcEmulationService
05-14 08:48:05.011  9064  9064 E RegisteredServicesCache: component namecom.google.android.gms/com.google.android.gms.pay.hce.service.PayHceService
05-14 08:48:05.011  9064  9064 E RegisteredServicesCache: component namecom.google.android.gms/com.google.android.gms.dck.service.DckNfcApduService
05-14 08:48:05.012   968  1047 D Layer   : ---setAlpha Launcher=1.000000
05-14 08:48:05.012  1551  2464 I Timeline: Timeline: App_transition_ready time:372047684
05-14 08:48:05.013   968   968 D SurfaceFlinger: Launcher Changed hasLauncher=1
05-14 08:48:05.016  1551  2464 D WindowManager: Input focus has changed to Window{4a1df27 mode=0 rootTaskId=1 u0 com.miui.home/com.miui.home.launcher.Launcher}
05-14 08:48:05.017  9064  9064 D CardEmulationManager: Current default: ComponentInfo{com.google.android.gms/com.google.android.gms.tapandpay.hce.service.TpHceService}
05-14 08:48:05.017  9064  9064 D CardEmulationManager: Default payment service still ok.
05-14 08:48:05.017  9064  9064 D RegisteredAidCache: onServicesUpdated
05-14 08:48:05.019  9064  9064 D RegisteredAidCache: generateServiceMap component: ComponentInfo{com.google.android.gms/com.google.android.gms.tapandpay.hce.service.TpHceService}
05-14 08:48:05.019  9064  9064 D RegisteredAidCache: generateServiceMap component: ComponentInfo{com.google.android.gms/com.google.android.gms.nearby.mediums.nearfieldcommunication.NfcAdvertisingService}
05-14 08:48:05.019  9064  9064 D RegisteredAidCache: generateServiceMap component: ComponentInfo{com.google.android.gms/com.google.android.gms.pay.hce.service.PayHceService}
05-14 08:48:05.019  9064  9064 D RegisteredAidCache: generateServiceMap component: ComponentInfo{com.google.android.gms/com.google.android.gms.dck.service.DckNfcApduService}
05-14 08:48:05.020  9064  9064 D RegisteredAidCache: generateServiceMap component: ComponentInfo{com.google.android.gms/com.google.android.gms.fido.fido2.ui.hybrid.NfcEmulationService}
05-14 08:48:05.020  9064  9064 D RegisteredAidCache: generateAidCacheLocked: starting with aid 4F53452E5641532E3031
05-14 08:48:05.020  9064  9064 D RegisteredAidCache: Exact AID, resolving.
05-14 08:48:05.020  9064  9064 D RegisteredAidCache: resolveAidLocked: DECISION: making single handling service ComponentInfo{com.google.android.gms/com.google.android.gms.pay.hce.service.PayHceService} default.
05-14 08:48:05.020  9064  9064 D RegisteredAidCache: AIDs: [4F53452E5641532E3031] were resolved.
05-14 08:48:05.020  9064  9064 D RegisteredAidCache: generateAidCacheLocked: starting with aid A00000047643276C1FDE7A39B9C05716
05-14 08:48:05.020  9064  9064 D RegisteredAidCache: Exact AID, resolving.
05-14 08:48:05.020  9064  9064 D RegisteredAidCache: resolveAidLocked: DECISION: routing to payment default default ApduService: ComponentInfo{com.google.android.gms/com.google.android.gms.tapandpay.hce.service.TpHceService}, description: Google Pay, Static AID Groups: Category: payment, AIDs:325041592E5359532E4444463031, , Dynamic AID Groups: Category: payment, AIDs:A00000047643276C1FDE7A39B9C05716, A000000940BCB000, 
05-14 08:48:05.020  9064  9064 D RegisteredAidCache: AIDs: [A00000047643276C1FDE7A39B9C05716] were resolved.
05-14 08:48:05.020  9064  9064 D RegisteredAidCache: generateAidCacheLocked: starting with aid A000000476B00003
05-14 08:48:05.020  9064  9064 D RegisteredAidCache: Exact AID, resolving.
05-14 08:48:05.020  9064  9064 D RegisteredAidCache: resolveAidLocked: DECISION: making single handling service ComponentInfo{com.google.android.gms/com.google.android.gms.fido.fido2.ui.hybrid.NfcEmulationService} default.
05-14 08:48:05.020  9064  9064 D RegisteredAidCache: AIDs: [A000000476B00003] were resolved.
05-14 08:48:05.020  9064  9064 D RegisteredAidCache: generateAidCacheLocked: starting with aid A000000476D0000111
05-14 08:48:05.020  9064  9064 D RegisteredAidCache: Exact AID, resolving.
05-14 08:48:05.020  9064  9064 D RegisteredAidCache: resolveAidLocked: DECISION: making single handling service ComponentInfo{com.google.android.gms/com.google.android.gms.pay.hce.service.PayHceService} default.
05-14 08:48:05.020  9064  9064 D RegisteredAidCache: AIDs: [A000000476D0000111] were resolved.
05-14 08:48:05.020  9064  9064 D RegisteredAidCache: generateAidCacheLocked: starting with aid A000000809434343444B467631
05-14 08:48:05.020  9064  9064 D RegisteredAidCache: Exact AID, resolving.
05-14 08:48:05.020  9064  9064 D RegisteredAidCache: resolveAidLocked: DECISION: making single handling service ComponentInfo{com.google.android.gms/com.google.android.gms.dck.service.DckNfcApduService} default.
05-14 08:48:05.020  9064  9064 D RegisteredAidCache: AIDs: [A000000809434343444B467631] were resolved.
05-14 08:48:05.020  9064  9064 D RegisteredAidCache: generateAidCacheLocked: starting with aid A000000940BCB000
05-14 08:48:05.020  9064  9064 D RegisteredAidCache: Exact AID, resolving.
05-14 08:48:05.020  9064  9064 D RegisteredAidCache: resolveAidLocked: DECISION: routing to payment default default ApduService: ComponentInfo{com.google.android.gms/com.google.android.gms.tapandpay.hce.service.TpHceService}, description: Google Pay, Static AID Groups: Category: payment, AIDs:325041592E5359532E4444463031, , Dynamic AID Groups: Category: payment, AIDs:A00000047643276C1FDE7A39B9C05716, A000000940BCB000, 
05-14 08:48:05.020  9064  9064 D RegisteredAidCache: AIDs: [A000000940BCB000] were resolved.
05-14 08:48:05.020  9064  9064 D RegisteredAidCache: generateAidCacheLocked: starting with aid F00000FE2C
05-14 08:48:05.020  9064  9064 D RegisteredAidCache: Exact AID, resolving.
05-14 08:48:05.020  9064  9064 D RegisteredAidCache: resolveAidLocked: DECISION: making single handling service ComponentInfo{com.google.android.gms/com.google.android.gms.nearby.mediums.nearfieldcommunication.NfcAdvertisingService} default.
05-14 08:48:05.020  9064  9064 D RegisteredAidCache: AIDs: [F00000FE2C] were resolved.
05-14 08:48:05.020  9064  9064 D RegisteredAidCache: Exact or Prefix AID.F00000FE2C
05-14 08:48:05.020  9064  9064 D RegisteredAidCache: AIDs: [F00000FE2C] were resolved.
05-14 08:48:05.020  9064  9064 D RegisteredAidCache: Exact or Prefix AID.A000000940BCB000
05-14 08:48:05.020  9064  9064 D RegisteredAidCache: AIDs: [A000000940BCB000] were resolved.
05-14 08:48:05.020  9064  9064 D RegisteredAidCache: Exact or Prefix AID.A000000809434343444B467631
05-14 08:48:05.020  9064  9064 D RegisteredAidCache: AIDs: [A000000809434343444B467631] were resolved.
05-14 08:48:05.020  9064  9064 D RegisteredAidCache: Exact or Prefix AID.A000000476D0000111
05-14 08:48:05.020  9064  9064 D RegisteredAidCache: AIDs: [A000000476D0000111] were resolved.
05-14 08:48:05.020  9064  9064 D RegisteredAidCache: Exact or Prefix AID.A000000476B00003
05-14 08:48:05.020  9064  9064 D RegisteredAidCache: AIDs: [A000000476B00003] were resolved.
05-14 08:48:05.020  9064  9064 D RegisteredAidCache: Exact or Prefix AID.A00000047643276C1FDE7A39B9C05716
05-14 08:48:05.020  9064  9064 D RegisteredAidCache: AIDs: [A00000047643276C1FDE7A39B9C05716] were resolved.
05-14 08:48:05.020  9064  9064 D RegisteredAidCache: Exact or Prefix AID.4F53452E5641532E3031
05-14 08:48:05.020  9064  9064 D RegisteredAidCache: AIDs: [4F53452E5641532E3031] were resolved.
05-14 08:48:05.020  9064  9064 D RegisteredAidCache:  AID power state before adding screen state1
05-14 08:48:05.020  9064  9064 D RegisteredAidCache:  AID power state after17
05-14 08:48:05.020  9064  9064 D RegisteredAidCache:  AID power state17
05-14 08:48:05.020  9064  9064 D RegisteredAidCache:  AID power state before adding screen state1
05-14 08:48:05.020  9064  9064 D RegisteredAidCache:  AID power state after17
05-14 08:48:05.020  9064  9064 D RegisteredAidCache:  AID power state17
05-14 08:48:05.020  9064  9064 D RegisteredAidCache:  AID power state before adding screen state1
05-14 08:48:05.020  9064  9064 D RegisteredAidCache:  AID power state after17
05-14 08:48:05.020  9064  9064 D RegisteredAidCache:  AID power state17
05-14 08:48:05.020  9064  9064 D RegisteredAidCache:  AID power state before adding screen state1
05-14 08:48:05.020  9064  9064 D RegisteredAidCache:  AID power state after17
05-14 08:48:05.020  9064  9064 D RegisteredAidCache:  AID power state17
05-14 08:48:05.020  9064  9064 D RegisteredAidCache:  AID power state before adding screen state1
05-14 08:48:05.020  9064  9064 D RegisteredAidCache:  AID power state after17
05-14 08:48:05.020  9064  9064 D RegisteredAidCache:  AID power state17
05-14 08:48:05.020  9064  9064 D RegisteredAidCache:  AID power state before adding screen state1
05-14 08:48:05.020  9064  9064 D RegisteredAidCache:  AID power state after17
05-14 08:48:05.020  9064  9064 D RegisteredAidCache:  AID power state17
05-14 08:48:05.020  9064  9064 D RegisteredAidCache:  AID power state before adding screen state1
05-14 08:48:05.020  9064  9064 D RegisteredAidCache:  AID power state after17
05-14 08:48:05.020  9064  9064 D RegisteredAidCache:  AID power state17
05-14 08:48:05.020  9064  9064 D BrcmNfcJni: nfcManager_getDefaultAidRoute: DEFAULT_AID_ROUTE: 2
05-14 08:48:05.020  9064  9064 D NxpExtns: find found DEFAULT_AID_PWR_STATE=(0x19)
05-14 08:48:05.020  9064  9064 D NfcService: defaultAidRoute : 537
05-14 08:48:05.020  9064  9064 D NfcService: GetDefaultRouteLoc  :2
05-14 08:48:05.020  9064  9064 D AidRoutingManager: mAidMatchingPlatform=0x1
05-14 08:48:05.020  9064  9064 I BrcmNfcNfa: nfa_ee_api_get_max_aid_config_length
05-14 08:48:05.020  9064  9064 I BrcmNfcNfa: nfa_ee_api_get_max_aid_config_length: 800
05-14 08:48:05.020  9064  9064 D AidRoutingManager: mDefaultRoute=0x2
05-14 08:48:05.020  9064  9064 D BrcmNfcJni: nfcManager_getDefaultAidRoute: DEFAULT_AID_ROUTE: 2
05-14 08:48:05.020  9064  9064 D NxpExtns: find found DEFAULT_AID_PWR_STATE=(0x19)
05-14 08:48:05.020  9064  9064 D NfcService: defaultAidRoute : 537
05-14 08:48:05.020  9064  9064 D NfcService: GetDefaultRouteLoc  :2
05-14 08:48:05.020  9064  9064 D AidRoutingManager: #######Routing AID A000000809434343444B467631 to route 0 with power 17
05-14 08:48:05.020  9064  9064 D AidRoutingManager: #######Routing AID F00000FE2C to route 0 with power 17
05-14 08:48:05.020  9064  9064 D AidRoutingManager: #######Routing AID A00000047643276C1FDE7A39B9C05716 to route 0 with power 17
05-14 08:48:05.020  9064  9064 D AidRoutingManager: #######Routing AID 4F53452E5641532E3031 to route 0 with power 17
05-14 08:48:05.020  9064  9064 D AidRoutingManager: #######Routing AID A000000476D0000111 to route 0 with power 17
05-14 08:48:05.020  9064  9064 D AidRoutingManager: #######Routing AID A000000940BCB000 to route 0 with power 17
05-14 08:48:05.020  9064  9064 D AidRoutingManager: #######Routing AID A000000476B00003 to route 0 with power 17
05-14 08:48:05.020  9064  9064 D AidRoutingManager: Routing table unchanged, but commit the routing
05-14 08:48:05.021  9064  9064 D NQApduServiceInfo: updateServiceCommitStatus:Description:Nearby:InternalState:1:commitStatus:true
05-14 08:48:05.021  9064  9064 D NQApduServiceInfo: updateServiceCommitStatus:Description:Fido NFC Emulation Service:InternalState:1:commitStatus:true
05-14 08:48:05.021  9064  9064 D NQApduServiceInfo: updateServiceCommitStatus:Description:Google ╨Ъ╨╛╤И╨╡╨╗╨╡╨║:InternalState:1:commitStatus:true
05-14 08:48:05.021  9064  9064 D NQApduServiceInfo: updateServiceCommitStatus:Description:Android Digital Car Key (System Service):InternalState:1:commitStatus:true
05-14 08:48:05.021  9064  9064 E RegisteredServicesCache: 3updateStatusOfServices:WriteServiceStateToFile
05-14 08:48:05.021   968  1047 D Layer   : ---setAlpha Launcher=1.000000
05-14 08:48:05.021  9064  9064 E RegisteredServicesCache:  Writing service state Data Always
05-14 08:48:05.022  1551  1677 W WindowManager: Failed to deliver inset state change to w=Window{4b9483e mode=1 rootTaskId=4252 u0 com.yahorzabotsin.openvpnclientgate/com.yahorzabotsin.openvpnclientgate.mobile.MainActivity EXITING}
05-14 08:48:05.022  1551  1677 W WindowManager: android.os.DeadObjectException
05-14 08:48:05.022  1551  1677 W WindowManager: 	at android.os.BinderProxy.transactNative(Native Method)
05-14 08:48:05.022  1551  1677 W WindowManager: 	at android.os.BinderProxy.transact(BinderProxy.java:540)
05-14 08:48:05.022  1551  1677 W WindowManager: 	at android.view.IWindow$Stub$Proxy.insetsControlChanged(IWindow.java:812)
05-14 08:48:05.022  1551  1677 W WindowManager: 	at com.android.server.wm.WindowState.notifyInsetsControlChanged(WindowState.java:3915)
05-14 08:48:05.022  1551  1677 W WindowManager: 	at com.android.server.wm.InsetsStateController.lambda$notifyPendingInsetsControlChanged$4$InsetsStateController(InsetsStateController.java:458)
05-14 08:48:05.022  1551  1677 W WindowManager: 	at com.android.server.wm.-$$Lambda$InsetsStateController$-1iOXDf-1s3wDHcMIHBKNk6MS3I.run(Unknown Source:2)
05-14 08:48:05.022  1551  1677 W WindowManager: 	at com.android.server.wm.WindowAnimator.executeAfterPrepareSurfacesRunnables(WindowAnimator.java:357)
05-14 08:48:05.022  1551  1677 W WindowManager: 	at com.android.server.wm.WindowAnimator.animate(WindowAnimator.java:238)
05-14 08:48:05.022  1551  1677 W WindowManager: 	at com.android.server.wm.WindowAnimator.lambda$new$1$WindowAnimator(WindowAnimator.java:109)
05-14 08:48:05.022  1551  1677 W WindowManager: 	at com.android.server.wm.-$$Lambda$WindowAnimator$ddXU8gK8rmDqri0OZVMNa3Y4GHk.doFrame(Unknown Source:2)
05-14 08:48:05.022  1551  1677 W WindowManager: 	at android.view.Choreographer$CallbackRecord.run(Choreographer.java:1074)
05-14 08:48:05.022  1551  1677 W WindowManager: 	at android.view.Choreographer.doCallbacks(Choreographer.java:897)
05-14 08:48:05.022  1551  1677 W WindowManager: 	at android.view.Choreographer.doFrame(Choreographer.java:822)
05-14 08:48:05.022  1551  1677 W WindowManager: 	at android.view.Choreographer$FrameDisplayEventReceiver.run(Choreographer.java:1061)
05-14 08:48:05.022  1551  1677 W WindowManager: 	at android.os.Handler.handleCallback(Handler.java:938)
05-14 08:48:05.022  1551  1677 W WindowManager: 	at android.os.Handler.dispatchMessage(Handler.java:99)
05-14 08:48:05.022  1551  1677 W WindowManager: 	at android.os.Looper.loop(Looper.java:236)
05-14 08:48:05.022  1551  1677 W WindowManager: 	at android.os.HandlerThread.run(HandlerThread.java:67)
05-14 08:48:05.022  1551  1677 W WindowManager: 	at com.android.server.ServiceThread.run(ServiceThread.java:45)
05-14 08:48:05.022  9064  9064 E RegisteredServicesCache: component namecom.google.android.gms/com.google.android.gms.nearby.mediums.nearfieldcommunication.NfcAdvertisingService
05-14 08:48:05.022  9064  9064 E RegisteredServicesCache: component namecom.google.android.gms/com.google.android.gms.fido.fido2.ui.hybrid.NfcEmulationService
05-14 08:48:05.022  9064  9064 E RegisteredServicesCache: component namecom.google.android.gms/com.google.android.gms.pay.hce.service.PayHceService
05-14 08:48:05.022  9064  9064 E RegisteredServicesCache: component namecom.google.android.gms/com.google.android.gms.dck.service.DckNfcApduService
05-14 08:48:05.025  9064  9064 D RegisteredServicesCache: ApduService: ComponentInfo{com.google.android.gms/com.google.android.gms.tapandpay.hce.service.TpHceService}, description: Google Pay, Static AID Groups: Category: payment, AIDs:325041592E5359532E4444463031, , Dynamic AID Groups: Category: payment, AIDs:A00000047643276C1FDE7A39B9C05716, A000000940BCB000, 
05-14 08:48:05.025   968  1047 D Layer   : ---setAlpha Launcher=1.000000
05-14 08:48:05.025  9064  9064 D RegisteredServicesCache: ApduService: ComponentInfo{com.google.android.gms/com.google.android.gms.nearby.mediums.nearfieldcommunication.NfcAdvertisingService}, description: Nearby, Static AID Groups: Category: other, AIDs:F00000FE2C, , Dynamic AID Groups: 
05-14 08:48:05.025  9064  9064 D RegisteredServicesCache: ApduService: ComponentInfo{com.google.android.gms/com.google.android.gms.pay.hce.service.PayHceService}, description: Google ╨Ъ╨╛╤И╨╡╨╗╨╡╨║, Static AID Groups: , Dynamic AID Groups: Category: other, AIDs:4F53452E5641532E3031, A000000476D0000111, 
05-14 08:48:05.025  9064  9064 D RegisteredServicesCache: ApduService: ComponentInfo{com.google.android.gms/com.google.android.gms.dck.service.DckNfcApduService}, description: Android Digital Car Key (System Service), Static AID Groups: Category: other, AIDs:A000000809434343444B467631, , Dynamic AID Groups: 
05-14 08:48:05.025  9064  9064 D RegisteredServicesCache: ApduService: ComponentInfo{com.google.android.gms/com.google.android.gms.fido.fido2.ui.hybrid.NfcEmulationService}, description: Fido NFC Emulation Service, Static AID Groups: Category: other, AIDs:A000000476B00003, , Dynamic AID Groups: 
05-14 08:48:05.025  1551  1677 I Timeline: Timeline: App_transition_ready time:372047697
05-14 08:48:05.025  9064  9064 D RegisteredNfcFServicesCache: Service unchanged, not updating
05-14 08:48:05.025  9064  9064 E NfcService: applyRouting -9
05-14 08:48:05.025  9064  9064 D NfcService: applyRouting - enter force = false mScreenState = 8
05-14 08:48:05.026  9064  9064 E NfcService: computeDiscoveryParameters: enter. screenState=8
05-14 08:48:05.026  9064  9064 D BrcmNfcJni: nfcManager_getDefaultDesfireRoute: enter; NAME_DEFAULT_DESFIRE_ROUTE = 02
05-14 08:48:05.026  9064  9064 D NxpExtns: find found DEFAULT_DESFIRE_PWR_STATE=(0x1b)
05-14 08:48:05.026  9064  9064 D NfcService: defaultMifareDesfireRoute : 539
05-14 08:48:05.026  9064  9064 D BrcmNfcJni: nfcManager_getDefaultAidRoute: DEFAULT_AID_ROUTE: 2
05-14 08:48:05.026  9064  9064 D NxpExtns: find found DEFAULT_AID_PWR_STATE=(0x19)
05-14 08:48:05.026  9064  9064 D NfcService: defaultAidRoute : 537
05-14 08:48:05.026  9064  9064 D NfcService: defaultroute = 537
05-14 08:48:05.026  9064  9064 D BrcmNfcJni: nfcManager_getDefaultMifareCLTRoute: DEFAULT_MIFARE_CLT_ROUTE: 2
05-14 08:48:05.026  9064  9064 D NxpExtns: find found DEFAULT_MIFARE_CLT_PWR_STATE=(0x1b)
05-14 08:48:05.026  9064  9064 D NfcService: defaultMifateCLTRoute : 2587
05-14 08:48:05.026  9064  9064 D NfcService: Set default Route Entry
05-14 08:48:05.026  9064  9064 D BrcmNfcJni: nfcManager_setDefaultRoute : enter
05-14 08:48:05.026  9064  9064 D BrcmNfcJni: transactionAttempt: Transaction attempted : setDefaultRoute when barrier is: 1
05-14 08:48:05.026  9064  9064 D BrcmNfcJni: transactionLiveLockable: Performing check for long duration transaction
05-14 08:48:05.026  9064  9064 D BrcmNfcJni: transactionAttempt: Transaction granted : setDefaultRoute 
05-14 08:48:05.026  9064  9064 D BrcmNfcJni: transactionAttempt: Transaction granted : setDefaultRoute and barrier is: 0
05-14 08:48:05.026  9064  9064 D BrcmNfcJni: startRfDiscovery: is start=0
05-14 08:48:05.026  9064  9064 D BrcmNfcJni: SyncEventGuard: lock on 0x7e09f3dd10
05-14 08:48:05.026  9064  9064 I BrcmNfcNfa: NFA_StopRfDiscovery ()
05-14 08:48:05.026  9064 10050 I BrcmNfcNfa: NFA got event 0x0110
05-14 08:48:05.026  9064 10050 I BrcmNfcNfa: nfa_dm_evt_hdlr event: NFA_DM_API_STOP_RF_DISCOVERY_EVT (0x10)
05-14 08:48:05.026  9064 10050 I BrcmNfcNfa: nfa_dm_act_stop_rf_discovery ()
05-14 08:48:05.026  9064 10050 I BrcmNfcNfa: nfa_dm_rf_deactivate () deactivate_type:0x0
05-14 08:48:05.026  9064 10050 I BrcmNfcNfa: nfa_dm_disc_sm_execute (): state: DISCOVERY (1), event: DEACTIVATE_CMD(6) disc_flags: 0x2
05-14 08:48:05.026  9064 10050 I BrcmNfcNfa: NFC_Deactivate 4 (IDLE) deactivate_type:0
05-14 08:48:05.026  9064 10050 I BrcmNfcNfa: nfc_ncif_send_cmd()
05-14 08:48:05.026  9064 10050 I BrcmNfcNfa: nfc_ncif_check_cmd_queue : Writing to HAL...
05-14 08:48:05.026  9064 10050 I BrcmNfcNfa: nfc_ncif_check_cmd_queue : cmd_size:1
05-14 08:48:05.026  9064 10050 D NfcAdaptation: NfcAdaptation::HalWrite
05-14 08:48:05.026   858   900 D NxpExtns: find found MIFARE_READER_ENABLE=(0x1)
05-14 08:48:05.027   858 10132 D NxpTml  : PN54X - Write requested.....
05-14 08:48:05.027   858 10132 D NxpTml  : PN54X - Invoking I2C Write.....
05-14 08:48:05.028  2731  2731 D FancyDrawable: doResume:   [miui.maml.FancyDrawable@2dbe4c1]
05-14 08:48:05.028  2731  2731 D MultipleRenderable: setPause: false miui.maml.FancyDrawable@2dbe4c1
05-14 08:48:05.028  2731  2731 D RendererCore: self resume: miui.maml.RendererCore@cafc114
05-14 08:48:05.028  2731  2731 D ScreenElementRoot: resume
05-14 08:48:05.030   858 10132 E NxpTml  : _i2c_write() errno : 5
05-14 08:48:05.030   858 10132 E NxpTml  : PN54X - Error in I2C Write.....
05-14 08:48:05.030   858 10132 D NxpTml  : PN54X - Posting Fresh Write message.....
05-14 08:48:05.030   858 10132 D NxpTml  : PN54X - Tml Writer Thread Running................
05-14 08:48:05.030   858 10134 E NxpHal  : write error status = 0x1ff
05-14 08:48:05.030   858   900 E NxpHal  : write_unlocked failed - PN54X Maybe in Standby Mode - Retry
05-14 08:48:05.031   968  1047 D Layer   : ---setAlpha Launcher=1.000000
05-14 08:48:05.037   858 10132 D NxpTml  : PN54X - Write requested.....
05-14 08:48:05.037   858 10132 D NxpTml  : PN54X - Invoking I2C Write.....
05-14 08:48:05.039   858 10132 D NxpNciX : len =   4 => 21060100
05-14 08:48:05.039   858 10132 D NxpTml  : PN54X - I2C Write successful.....
05-14 08:48:05.039   858 10132 D NxpTml  : PN54X - Posting Fresh Write message.....
05-14 08:48:05.039   858 10132 D NxpTml  : PN54X - Tml Writer Thread Running................
05-14 08:48:05.039   858 10134 D NxpHal  : write successful status = 0x0
05-14 08:48:05.039  9064 10050 E power   : ISystemSuspend::getService() failed.
05-14 08:48:05.039   858 10131 D NxpTml  : PN54X - I2C Read successful.....len = 4
05-14 08:48:05.039   858 10131 D NxpTml  : PN54X - Posting read message.....
05-14 08:48:05.039   858 10131 D NxpNciR : len =   4 <= 41060100
05-14 08:48:05.039  9064 10050 I BrcmNfcNfa: nfa_dm_disc_sm_execute (): new state: DISCOVERY (1), disc_flags: 0x22
05-14 08:48:05.039  9064 10050 I BrcmNfcNfa: nfa_sys_ptim_stop_timer b3bb8040
05-14 08:48:05.039  9064 10050 I BrcmNfcNfa: ptim timer stop
05-14 08:48:05.039  9064 10050 I BrcmNfcNfa: Stopped presence check timer (if started)
05-14 08:48:05.039   858 10134 D NxpHal  : read successful status = 0x0
05-14 08:48:05.039  9064 10050 I BrcmNfcNfa: NFC received rsp gid:1
05-14 08:48:05.039  9064 10050 I BrcmNfcNfa: P2P_Prio_Logic
05-14 08:48:05.039  9064 10050 I BrcmNfcNfa: nfa_dm_p2p_prio_logic event_type = 0x1
05-14 08:48:05.039  9064 10050 I BrcmNfcNfa: returning true
05-14 08:48:05.039  9064 10050 I BrcmNfcNfa: nfc_set_state 4 (IDLE)->4 (IDLE)
05-14 08:48:05.039  9064 10050 I BrcmNfcNfa: nfa_dm_disc_data_cback ()
05-14 08:48:05.039  9064 10050 I BrcmNfcNfa: nfa_dm_disc_discovery_cback (): event:0x4005
05-14 08:48:05.039  9064 10050 I BrcmNfcNfa: nfa_dm_disc_sm_execute (): state: DISCOVERY (1), event: DEACTIVATE_RSP(7) disc_flags: 0x22
05-14 08:48:05.039  9064 10050 I BrcmNfcNfa: nfa_dm_disc_new_state (): old_state: DISCOVERY (1), new_state: IDLE (0) disc_flags: 0x2
05-14 08:48:05.039  9064 10050 D BrcmNfcJni: nfaConnectionCallback: Connection Event = 31
05-14 08:48:05.039  9064 10050 D BrcmNfcJni: nfaConnectionCallback: NFA_RF_DISCOVERY_STOPPED_EVT: status = 0x0
05-14 08:48:05.039  9064 10050 D BrcmNfcJni: notifyPollingEventwhileNfcOff: sDiscCmdwhleNfcOff=0
05-14 08:48:05.039  9064 10050 D BrcmNfcJni: getReconnectState = 0x0
05-14 08:48:05.039  9064 10050 D BrcmNfcJni: SyncEventGuard: lock on 0x7e09f3dd10
05-14 08:48:05.039  9064 10050 E BrcmNfcJni: notifyOne: 0x7e09f3dd10
05-14 08:48:05.039  9064 10050 I BrcmNfcNfa: nfa_dm_start_rf_discover (): enter
05-14 08:48:05.039  9064 10050 I BrcmNfcNfa: nfa_dm_start_rf_discover (): return
05-14 08:48:05.039  9064 10050 I BrcmNfcNfa: nfa_dm_disc_sm_execute (): new state: IDLE (0), disc_flags: 0x0
05-14 08:48:05.039  9064  9064 D BrcmNfcJni: startRfDiscovery: is exit=0
05-14 08:48:05.039   858 10131 D NxpTml  : PN54X - Read requested.....
05-14 08:48:05.039   858 10131 D NxpTml  : PN54X - Invoking I2C Read.....
05-14 08:48:05.039  9064  9064 D BrcmNfcJni: RoutingManager::setDefaultRoute: enter; defaultRoute:0x219 protoRoute:0x21B TechRoute:0xA1B HostListenMask:0x7
05-14 08:48:05.039  9064  9064 D BrcmNfcJni: RoutingManager::extractRouteLocationAndPowerStates:mDefaultIso7816SeID:0x200 mDefaultIsoDepSeID:0x200 mDefaultTechASeID 0x200
05-14 08:48:05.039  9064  9064 D BrcmNfcJni: getUiccRoute: Enter slot num = 1
05-14 08:48:05.039  9064  9064 D BrcmNfcJni: RoutingManager::extractRouteLocationAndPowerStates:mDefaultIso7816SeID:0x402 mDefaultIso7816Powerstate:0x19
05-14 08:48:05.039  9064  9064 D BrcmNfcJni: getUiccRoute: Enter slot num = 1
05-14 08:48:05.039  9064  9064 D BrcmNfcJni: RoutingManager::extractRouteLocationAndPowerStates:mDefaultIsoDepSeID:0x402 mDefaultIsoDepPowerstate:0x1B
05-14 08:48:05.039  9064  9064 D BrcmNfcJni: getUiccRoute: Enter slot num = 1
05-14 08:48:05.039  9064  9064 D BrcmNfcJni: RoutingManager::extractRouteLocationAndPowerStates:mDefaultTechASeID:0x402 mDefaultTechAPowerstate:0x1B
05-14 08:48:05.039  9064  9064 I BrcmNfcNfa: NFA_CeSetIsoDepListenTech (): 0x3
05-14 08:48:05.039  9064  9064 I BrcmNfcNfa: NFA_CeRegisterAidOnDH ()
05-14 08:48:05.039  9064  9064 D BrcmNfcJni: RoutingManager::checkProtoSeID: enter
05-14 08:48:05.039  9064 10050 I BrcmNfcNfa: NFA got event 0x0603
05-14 08:48:05.039  9064 10050 I BrcmNfcNfa: nfa_ce_handle_event event: NFA_CE_API_CFG_ISODEP_TECH_EVT (0x603), flags: 00000000
05-14 08:48:05.039  9064 10050 I BrcmNfcNfa: NFA got event 0x0601
05-14 08:48:05.039  9064 10050 I BrcmNfcNfa: nfa_ce_handle_event event: NFA_CE_API_REG_LISTEN_EVT (0x601), flags: 00000000
05-14 08:48:05.039  9064  9064 D NxpExtns: find found NXP_CHECK_DEFAULT_PROTO_SE_ID=(0x1)
05-14 08:48:05.039  9064  9064 D BrcmNfcJni: RoutingManager::checkProtoSeID: CHECK_DEFAULT_PROTO_SE_ID - 0x 1 
05-14 08:48:05.039  9064  9064 D BrcmNfcJni: SecureElement::getEeHandleList: 0 = 0x401
05-14 08:48:05.039  9064  9064 D BrcmNfcJni: SecureElement::getEeHandleList: 0 = 0x401
05-14 08:48:05.039  9064 10050 I BrcmNfcNfa: nfa_ce_api_reg_listen ():Registering UICC/ESE/Felica/Type-4 tag listener. Type=1
05-14 08:48:05.039  9064 10050 I BrcmNfcNfa: nfa_ce_api_reg_listen ():found free entry listen_info_idx = 3
05-14 08:48:05.039  9064 10050 I BrcmNfcNfa: NFA_CE: adding listen_info entry 3
05-14 08:48:05.039  9064 10050 I BrcmNfcNfa: CE_T4tRegisterAID (): registering callback for wildcard AID 
05-14 08:48:05.039  9064  9064 D BrcmNfcJni: 0x401: 0x1 0x1 0x0
05-14 08:48:05.040  9064  9064 D BrcmNfcJni: SecureElement::getEeHandleList: 1 = 0x4C0
05-14 08:48:05.040  9064  9064 D BrcmNfcJni: SecureElement::getEeHandleList: Handle 1 = 0xC0
05-14 08:48:05.040  9064  9064 D BrcmNfcJni: RoutingManager::checkProtoSeID: count : 1
05-14 08:48:05.040  9064  9064 D BrcmNfcJni: SecureElement::getGenericEseId: enter; ESE-Handle = 0xC0
05-14 08:48:05.040  9064  9064 D BrcmNfcJni: SecureElement::getGenericEseId: exit; ESE-Generic-ID = 0x01
05-14 08:48:05.040  9064 10050 E BrcmNfcNfa: CE_T4tRegisterAID (): only one wildcard AID can be registered at time.
05-14 08:48:05.040  9064 10050 E BrcmNfcNfa: Unable to register AID
05-14 08:48:05.040  9064 10050 D BrcmNfcJni: RoutingManager::stackCallback: event=0x15
05-14 08:48:05.040  9064 10050 D BrcmNfcJni: RoutingManager::stackCallback: NFA_CE_REGISTERED_EVT; status=0x3; h=0xFFFF
05-14 08:48:05.040  9064  9064 D BrcmNfcJni: RoutingManager::checkProtoSeID: seId : 1
05-14 08:48:05.040  9064 10050 D com.android.nf: SyncEventGuard: lock on 0x7e09f3eafc
05-14 08:48:05.040  9064 10050 E com.android.nf: notifyOne: 0x7e09f3eafc
05-14 08:48:05.040  9064  9064 D BrcmNfcJni: SecureElement::getEseHandleFromGenericId: enter; ESE-ID = 0x01
05-14 08:48:05.040  9064  9064 D BrcmNfcJni: SecureElement::getEseHandleFromGenericId: enter; ESE-Handle = 0x4C0
05-14 08:48:05.040  9064  9064 D BrcmNfcJni: RoutingManager::checkProtoSeID: ActDevHandle : 0x4C0
05-14 08:48:05.040  9064  9064 D BrcmNfcJni: RoutingManager::checkProtoSeID:isDefaultIsoDepSeIDPresent:0x0
05-14 08:48:05.040  9064  9064 D BrcmNfcJni: RoutingManager::checkProtoSeID: exit
05-14 08:48:05.040  9064  9064 D BrcmNfcJni: RoutingManager::initialiseTableEntries: enter
05-14 08:48:05.040  9064  9064 D BrcmNfcJni: SecureElement::getEeInfo: enter; mbNewEE=0, mActualNumEe=2
05-14 08:48:05.040  9064  9064 I BrcmNfcNfa: NFA_EeGetInfo em_state:1 cur_ee:3
05-14 08:48:05.040  9064  9064 I BrcmNfcNfa: xx:0 max_ret:4, num_ret:0 ee_status:0x0, nfcee_id:0x1
05-14 08:48:05.040  9064  9064 I BrcmNfcNfa: xx:1 max_ret:4, num_ret:1 ee_status:0x0, nfcee_id:0xc0
05-14 08:48:05.040  9064  9064 I BrcmNfcNfa: xx:2 max_ret:4, num_ret:2 ee_status:0x2, nfcee_id:0x2
05-14 08:48:05.040  9064  9064 I BrcmNfcNfa: num_ret:2
05-14 08:48:05.040  9064  9064 D BrcmNfcJni: SecureElement::getEeInfo: num EEs discovered: 2
05-14 08:48:05.040  9064  9064 D BrcmNfcJni: SecureElement::getEeInfo: EE[0] Handle: 0x0401  Status: Connected/Active  Num I/f: 1: (0x01, 0x00)  Num TLVs: 0, Tech : (LA:0x00, LB:0x00, LF:0x00, LBP:0x00)
05-14 08:48:05.040  9064  9064 D BrcmNfcJni: SecureElement::getEeInfo: EE[1] Handle: 0x04c0  Status: Connected/Active  Num I/f: 1: (0x80, 0x00)  Num TLVs: 0, Tech : (LA:0x04, LB:0x04, LF:0x03, LBP:0x00)
05-14 08:48:05.040  9064  9064 D BrcmNfcJni: SecureElement::getEeInfo: exit; mActualNumEe=2, mNumEePresent=1
05-14 08:48:05.040  9064  9064 D BrcmNfcJni: SecureElement::getEeInfo: enter; mbNewEE=0, mActualNumEe=2
05-14 08:48:05.040  9064  9064 I BrcmNfcNfa: NFA_EeGetInfo em_state:1 cur_ee:3
05-14 08:48:05.040  9064  9064 I BrcmNfcNfa: xx:0 max_ret:4, num_ret:0 ee_status:0x0, nfcee_id:0x1
05-14 08:48:05.040  9064  9064 I BrcmNfcNfa: xx:1 max_ret:4, num_ret:1 ee_status:0x0, nfcee_id:0xc0
05-14 08:48:05.040  9064  9064 I BrcmNfcNfa: xx:2 max_ret:4, num_ret:2 ee_status:0x2, nfcee_id:0x2
05-14 08:48:05.040  9064  9064 I BrcmNfcNfa: num_ret:2
05-14 08:48:05.040  9064  9064 D BrcmNfcJni: SecureElement::getEeInfo: num EEs discovered: 2
05-14 08:48:05.040  9064  9064 D BrcmNfcJni: SecureElement::getEeInfo: EE[0] Handle: 0x0401  Status: Connected/Active  Num I/f: 1: (0x01, 0x00)  Num TLVs: 0, Tech : (LA:0x00, LB:0x00, LF:0x00, LBP:0x00)
05-14 08:48:05.040  9064  9064 D BrcmNfcJni: SecureElement::getEeInfo: EE[1] Handle: 0x04c0  Status: Connected/Active  Num I/f: 1: (0x80, 0x00)  Num TLVs: 0, Tech : (LA:0x04, LB:0x04, LF:0x03, LBP:0x00)
05-14 08:48:05.040  9064  9064 D BrcmNfcJni: SecureElement::getEeInfo: exit; mActualNumEe=2, mNumEePresent=1
05-14 08:48:05.040  9064  9064 D BrcmNfcJni: SecureElement::getEeInfo: enter; mbNewEE=0, mActualNumEe=2
05-14 08:48:05.040  9064  9064 I BrcmNfcNfa: NFA_EeGetInfo em_state:1 cur_ee:3
05-14 08:48:05.040  9064  9064 I BrcmNfcNfa: xx:0 max_ret:4, num_ret:0 ee_status:0x0, nfcee_id:0x1
05-14 08:48:05.040  9064  9064 I BrcmNfcNfa: xx:1 max_ret:4, num_ret:1 ee_status:0x0, nfcee_id:0xc0
05-14 08:48:05.040  9064  9064 I BrcmNfcNfa: xx:2 max_ret:4, num_ret:2 ee_status:0x2, nfcee_id:0x2
