05-14 08:47:51.005  4922  4950 I AdrenoGLES-0: PFP: 0x016ee190, ME: 0x00000000
05-14 08:47:51.020   558   558 I hwservicemanager: getTransport: Cannot find entry android.hardware.graphics.mapper@4.0::IMapper/default in either framework or device manifest.
05-14 08:47:51.020  4922  4950 I Gralloc4: mapper 4.x is not supported
05-14 08:47:51.021   558   558 I hwservicemanager: getTransport: Cannot find entry android.hardware.graphics.mapper@3.0::IMapper/default in either framework or device manifest.
05-14 08:47:51.021  4922  4950 W Gralloc3: mapper 3.x is not supported
05-14 08:47:51.028  4922  4950 E LB      : fail to open file: No such file or directory
05-14 08:47:51.031  4922  4922 W Looper  : PerfMonitor doFrame : time=51ms vsyncFrame=9125960 latency=505ms procState=2 historyMsgCount=4 (msgIndex=1 wall=759ms seq=3 running=707ms runnable=9ms late=9ms h=android.app.ActivityThread$H w=110) (msgIndex=2 wall=304ms seq=4 running=258ms runnable=25ms late=763ms h=android.app.ActivityThread$H w=159)
05-14 08:47:51.036  1551  1677 I Timeline: Timeline: Activity_windows_visible id: ActivityRecord{c660b97 u0 com.yahorzabotsin.openvpnclientgate/.mobile.SplashActivity t4251} time:372033708
05-14 08:47:51.037  1551  1684 D ArtManagerInternalImpl: /data/misc/iorapd/com.yahorzabotsin.openvpnclientgate/63/com.yahorzabotsin.openvpnclientgate.mobile.SplashActivity/compiled_traces/compiled_trace.pb doesn't exist
05-14 08:47:51.038  1551  1684 I ActivityTaskManager: Displayed com.yahorzabotsin.openvpnclientgate/.mobile.SplashActivity: +1s252ms
05-14 08:47:51.038  1551  1676 D EventSequenceValidator: onActivityLaunchFinished during UNKNOWN.
05-14 08:47:51.038  1551  1676 D EventSequenceValidator: java.lang.Throwable: EventSequenceValidator#getStackTrace
05-14 08:47:51.038  1551  1676 D EventSequenceValidator: 	at com.google.android.startop.iorap.EventSequenceValidator.logWarningWithStackTrace(EventSequenceValidator.java:260)
05-14 08:47:51.038  1551  1676 D EventSequenceValidator: 	at com.google.android.startop.iorap.EventSequenceValidator.onActivityLaunchFinished(EventSequenceValidator.java:185)
05-14 08:47:51.038  1551  1676 D EventSequenceValidator: 	at com.android.server.wm.LaunchObserverRegistryImpl.handleOnActivityLaunchFinished(LaunchObserverRegistryImpl.java:175)
05-14 08:47:51.038  1551  1676 D EventSequenceValidator: 	at com.android.server.wm.LaunchObserverRegistryImpl.lambda$QcawcFcJtEX4EhYptq_Vb4j368Y(Unknown Source:0)
05-14 08:47:51.038  1551  1676 D EventSequenceValidator: 	at com.android.server.wm.-$$Lambda$LaunchObserverRegistryImpl$QcawcFcJtEX4EhYptq_Vb4j368Y.accept(Unknown Source:10)
05-14 08:47:51.038  1551  1676 D EventSequenceValidator: 	at com.android.internal.util.function.pooled.PooledLambdaImpl.doInvoke(PooledLambdaImpl.java:292)
05-14 08:47:51.038  1551  1676 D EventSequenceValidator: 	at com.android.internal.util.function.pooled.PooledLambdaImpl.invoke(PooledLambdaImpl.java:201)
05-14 08:47:51.038  1551  1676 D EventSequenceValidator: 	at com.android.internal.util.function.pooled.OmniFunction.run(OmniFunction.java:97)
05-14 08:47:51.038  1551  1676 D EventSequenceValidator: 	at android.os.Handler.handleCallback(Handler.java:938)
05-14 08:47:51.038  1551  1676 D EventSequenceValidator: 	at android.os.Handler.dispatchMessage(Handler.java:99)
05-14 08:47:51.038  1551  1676 D EventSequenceValidator: 	at android.os.Looper.loop(Looper.java:236)
05-14 08:47:51.038  1551  1676 D EventSequenceValidator: 	at android.os.HandlerThread.run(HandlerThread.java:67)
05-14 08:47:51.038  1551  1676 D EventSequenceValidator: 	at com.android.server.ServiceThread.run(ServiceThread.java:45)
05-14 08:47:51.038  1551  1676 D EventSequenceValidator: dec AccIntentStartedEvents to 2
05-14 08:47:51.038  4913  4913 W BpBinder: PerfMonitor binderTransact :  time=1261ms interface=android.app.IActivityManager code=1598246212
05-14 08:47:51.038  4913  4915 I cmd     : oneway function results will be dropped but finished with status OK and parcel size 4
05-14 08:47:51.044  1348 15544 D BufferPoolAccessor2.0: bufferpool2 0x738f27ca28 : 3(72000 size) total buffers - 1(24000 size) used buffers - 1572314/1572317 (recycle/alloc) - 655/1572315 (fetch/transfer)
05-14 08:47:51.046  1551  9201 D MIUIInput: [FoucsChange]: Display  0 FocusedWindow From null(0,0)  to Window{fbc9168 mode=0 rootTaskId=4251 u0 com.yahorzabotsin.openvpnclientgate/com.yahorzabotsin.openvpnclientgate.mobile.SplashActivity}(1,1)
05-14 08:47:51.076  1551  9201 V ActivityTaskManager: Calling mServicetracker.OnActivityStateChange with flag truestateSTOPPING
05-14 08:47:51.076   694   702 E statsd  : Predicate 5980654721335871649 dropping data for dimension key (10)0x2010101->10632[I] (10)0x30000->*launch*[S] 
05-14 08:47:51.076  1551  9201 V ActivityTaskManager: Calling mServicetracker.OnActivityStateChange with flag falsestateSTOPPING
05-14 08:47:51.076   874   904 I vendor.qti.hardware.servicetracker@1.2-service: Activity state is changed to : 5
05-14 08:47:51.076   874   904 I vendor.qti.hardware.servicetracker@1.2-service: Activity state is changed to : 5
05-14 08:47:51.079  8885  8885 I GoogleInputMethodService: GoogleInputMethodService.onFinishInput():2259 
05-14 08:47:51.080  8885  8885 I Module  : DeviceLockedStatusModuleProvider$Module.updateDeviceLockedStatus():103 repeatCheckTimes = 0, locked = false
05-14 08:47:51.080  8885  8885 I GoogleInputMethodService: GoogleInputMethodService.onStartInput():1446 onStartInput(EditorInfo{EditorInfo{packageName=com.yahorzabotsin.openvpnclientgate, inputType=0, inputTypeString=NULL, enableLearning=false, autoCorrection=false, autoComplete=false, imeOptions=0, privateImeOptions=null, actionName=UNSPECIFIED, actionLabel=null, initialSelStart=-1, initialSelEnd=-1, initialCapsMode=0, label=null, fieldId=-1, fieldName=null, extras=null, hintText=null, hintLocales=[]}}, false)
05-14 08:47:51.081  8885  8885 I AndroidIME: LatinIMEBase.updateInputViewCoverNavigation():322 Update input view padding, isNavbarOverInputWindow=false, bottom inset=130
05-14 08:47:51.081  2731  2731 D Launcher.Lifecycle: onStop:UserHandle{0},8217634,false
05-14 08:47:51.081  8885  8885 I Module  : DeviceLockedStatusModuleProvider$Module.updateDeviceLockedStatus():103 repeatCheckTimes = 1, locked = false
05-14 08:47:51.082  1551  2119 I MiuiNetworkPolicy: updateUidState uid = 10152, uidState = 4
05-14 08:47:51.082  1551  2119 I MiuiNetworkPolicy: updateUidState uid = 10111, uidState = 5
05-14 08:47:51.085   874   904 I vendor.qti.hardware.servicetracker@1.2-service: unbindService is called for service : com.mi.android.globalminusscreen/com.google.mi.apps.gsa.nowoverlayservice.DrawerOverlayService and for client com.miui.home
05-14 08:47:51.108  1551  2065 V ActivityTaskManager: Calling mServicetracker.OnActivityStateChange with flag truestateSTOPPED
05-14 08:47:51.108  1551  2065 V ActivityTaskManager: Calling mServicetracker.OnActivityStateChange with flag falsestateSTOPPED
05-14 08:47:51.108   874   904 I vendor.qti.hardware.servicetracker@1.2-service: Activity state is changed to : 6
05-14 08:47:51.109   874   904 I vendor.qti.hardware.servicetracker@1.2-service: Activity state is changed to : 6
05-14 08:47:51.115 10196 15632 D PMonitor:  onForegroundActivitiesChanged:pid = 2731,activity-uid=10111,foregroundActivities=false
05-14 08:47:51.129   968   968 D SurfaceFlinger: Launcher Changed hasLauncher=0
05-14 08:47:51.316   558   558 I hwservicemanager: getTransport: Cannot find entry android.hardware.graphics.mapper@4.0::IMapper/default in either framework or device manifest.
05-14 08:47:51.316  4964  4964 I Gralloc4: mapper 4.x is not supported
05-14 08:47:51.316   558   558 I hwservicemanager: getTransport: Cannot find entry android.hardware.graphics.mapper@3.0::IMapper/default in either framework or device manifest.
05-14 08:47:51.316  4964  4964 W Gralloc3: mapper 3.x is not supported
05-14 08:47:51.486  1551  2119 I MiuiNetworkPolicy: updateUidState uid = 10186, uidState = 3
05-14 08:47:51.486  2232  2755 I BtGatt.ScanManager: msg.what = 6
05-14 08:47:51.489 26398 26454 I FontLog : (REDACTED) Received query %s, URI %s
05-14 08:47:51.489 26398 26454 I FontLog : (REDACTED) Query [%s] resolved to %s
05-14 08:47:51.490 26398 26454 I FontLog : (REDACTED) Fetch %s end status %s
05-14 08:47:51.497 26398 26454 I FontLog : (REDACTED) Pulling font file for id = %d, cache size = %d
05-14 08:47:51.502 26398 26454 I FontLog : (REDACTED) Pulling font file for id = %d, cache size = %d
05-14 08:47:52.346 15490 15536 D CCodecBufferChannel: [c2.android.opus.encoder#2] DEBUG: elapsed: n=4 [in=0 pipeline=0 out=0 smoothness=4]
05-14 08:47:52.346 15490 15536 D PipelineWatcher: DEBUG: elapsed 1 / 4
05-14 08:47:52.368  4968  4968 D AndroidRuntime: >>>>>> START com.android.internal.os.RuntimeInit uid 2000 <<<<<<
05-14 08:47:52.373  4968  4968 E libc    : Access denied finding property "persist.device_config.runtime_native_boot.profilebootclasspath"
05-14 08:47:52.373  4968  4968 E libc    : Access denied finding property "persist.device_config.runtime_native_boot.enable_apex_image"
05-14 08:47:52.373  4968  4968 I AndroidRuntime: Using default boot image
05-14 08:47:52.373  4968  4968 E libc    : Access denied finding property "persist.device_config.runtime_native_boot.disable_lock_profiling"
05-14 08:47:52.358  4968  4968 W app_process: type=1400 audit(0.0:628387): avc: denied { read } for name="u:object_r:device_config_runtime_native_boot_prop:s0" dev="tmpfs" ino=22013 scontext=u:r:shell:s0 tcontext=u:object_r:device_config_runtime_native_boot_prop:s0 tclass=file permissive=0
05-14 08:47:52.373  4968  4968 I AndroidRuntime: Leaving lock profiling enabled
05-14 08:47:52.358  4968  4968 W app_process: type=1400 audit(0.0:628388): avc: denied { read } for name="u:object_r:device_config_runtime_native_boot_prop:s0" dev="tmpfs" ino=22013 scontext=u:r:shell:s0 tcontext=u:object_r:device_config_runtime_native_boot_prop:s0 tclass=file permissive=0
05-14 08:47:52.373  4968  4968 E libc    : Access denied finding property "persist.device_config.runtime_native_boot.enable_generational_cc"
05-14 08:47:52.358  4968  4968 W app_process: type=1400 audit(0.0:628389): avc: denied { read } for name="u:object_r:device_config_runtime_native_boot_prop:s0" dev="tmpfs" ino=22013 scontext=u:r:shell:s0 tcontext=u:object_r:device_config_runtime_native_boot_prop:s0 tclass=file permissive=0
05-14 08:47:52.358  4968  4968 W app_process: type=1400 audit(0.0:628390): avc: denied { read } for name="u:object_r:device_config_runtime_native_boot_prop:s0" dev="tmpfs" ino=22013 scontext=u:r:shell:s0 tcontext=u:object_r:device_config_runtime_native_boot_prop:s0 tclass=file permissive=0
05-14 08:47:52.474  4968  4968 D app_process: Time zone APEX ICU file found: /apex/com.android.tzdata/etc/icu/icu_tzdata.dat
05-14 08:47:52.474  4968  4968 D app_process: I18n APEX ICU file found: /apex/com.android.i18n/etc/icu/icudt66l.dat
05-14 08:47:52.477 26398  2530 I NearbySharing: [RECEIVE_PROVIDER] stop called.
05-14 08:47:52.477 26398  2530 I NearbySharing: Advertising has stopped
05-14 08:47:52.483 26398  4386 I NearbySharing: NearbySharing Internal event ReceiveManagerStopBroadcast
05-14 08:47:52.484 26398 26706 I NearbyConnections: Client 238901381 requested advertising to stop.
05-14 08:47:52.484 26398  4386 I NearbySharing: NearbySharing Internal event ReceiveManagerEnd
05-14 08:47:52.485 26398  3894 I NearbySharing: [ClearcutLog] ADVERTISE_DEVICE_PRESENCE_END sessionId=0 flowId=5841844590497560370 
05-14 08:47:52.489  2232 17691 D BtGatt.AdvertiseManager: stopAdvertisingSet() android.os.BinderProxy@1c9f18e
05-14 08:47:52.490  2232  3060 V bt_stack: [VERBOSE1:btm_ble_multi_adv.cc(904)] Unregister inst_id: 1
05-14 08:47:52.490  2232  3060 V bt_stack: [VERBOSE1:ble_advertiser_hci_interface.cc(640)] Enable
05-14 08:47:52.490  2232  3060 V bt_stack: [VERBOSE1:ble_advertiser_hci_interface.cc(713)] RemoveAdvertisingSet
05-14 08:47:52.490   818   818 D vendor.qti.bluetooth@1.0-ibs_handler: SerialClockVote: vote for UART CLK ON
05-14 08:47:52.491 26398  2530 I NearbySharing: Start advertising with mode BACKGROUND certificate visibility SELF_SHARE data usage preference ONLINE, bt advertising false, vendorId 0, deviceName included: false
05-14 08:47:52.491   818   818 D vendor.qti.bluetooth@1.0-wake_lock: Acquire wakelock is acquired 
05-14 08:47:52.491 26398  3894 I NearbyMediums: Device token rotated, old deviceToken : [ 0xec 0x81 ].
05-14 08:47:52.491   818   818 I vendor.qti.bluetooth@1.0-ibs_handler: DeviceWakeUp: Writing IBS_WAKE_IND
05-14 08:47:52.491 26398  2530 I NearbySharing: Uwb feature is off.
05-14 08:47:52.491 26398  2530 I NearbySharing: Updating advertising options for [dpjc@f3a8a8b] providers
05-14 08:47:52.491 26398  2530 I NearbySharing: [RECEIVE_PROVIDER] start called.
05-14 08:47:52.494   818  3057 I vendor.qti.bluetooth@1.0-ibs_handler: ProcessIbsCmd: Received IBS_WAKE_ACK: 0xFC
05-14 08:47:52.495   818  3057 I vendor.qti.bluetooth@1.0-ibs_handler: ProcessIbsCmd: Received IBS_WAKE_IND: 0xFD
05-14 08:47:52.495   818  3057 I vendor.qti.bluetooth@1.0-ibs_handler: ProcessIbsCmd: Writing IBS_WAKE_ACK
05-14 08:47:52.496   874 24460 I vendor.qti.hardware.servicetracker@1.2-service: bindService is called for service : com.google.android.gms/.chimera.PersistentDirectBootAwareApiService and for client com.google.android.gms.persistent
05-14 08:47:52.496   874 24460 I vendor.qti.hardware.servicetracker@1.2-service: total connections for service : com.google.android.gms/.chimera.PersistentDirectBootAwareApiServiceare :5
05-14 08:47:52.496   874 24460 I vendor.qti.hardware.servicetracker@1.2-service: total connections for client : com.google.android.gms.persistentare :7
05-14 08:47:52.496 26398  2530 I NearbySharing: Advertising has started with mode BACKGROUND, Bt enabled : false
05-14 08:47:52.496 26398  3894 D BluetoothAdapter: isLeEnabled(): ON
05-14 08:47:52.499  2232 17691 D BluetoothAdapterService: getAdapterService() - returning com.android.bluetooth.btservice.AdapterService@c020a3f
05-14 08:47:52.500  2232 17691 D BtGatt.AdvertiseManager: startAdvertisingSet() - reg_id=-956, callback: android.os.BinderProxy@51b6741
05-14 08:47:52.500  2232 17691 V bt_stack: [VERBOSE1:btif_ble_advertiser.cc(192)] StartAdvertisingSet
05-14 08:47:52.504  2232  3060 V bt_stack: [VERBOSE1:btm_ble_multi_adv.cc(695)] SetParameters inst_id: 0
05-14 08:47:52.504  2232  3060 V bt_stack: [VERBOSE1:ble_advertiser_hci_interface.cc(552)] SetParameters
05-14 08:47:52.506  2232  3060 V bt_stack: [VERBOSE1:ble_advertiser_hci_interface.cc(624)] SetRandomAddress
05-14 08:47:52.507  1551  2119 I MiuiNetworkPolicy: updateUidState uid = 10186, uidState = 5
05-14 08:47:52.508  2232  3060 V bt_stack: [VERBOSE1:btm_ble_multi_adv.cc(751)] SetData inst_id: 0
05-14 08:47:52.508  2232  3060 V bt_stack: [VERBOSE1:btm_ble_multi_adv.cc(759)] is_scan_rsp = 0
05-14 08:47:52.508  2232  3060 V bt_stack: [VERBOSE1:btm_ble_multi_adv.cc(791)] data is: 0916F3FE11019B6AFF87
05-14 08:47:52.508  2232  3060 V bt_stack: [VERBOSE1:ble_advertiser_hci_interface.cc(583)] SetAdvertisingData
05-14 08:47:52.508  2232  2755 I BtGatt.ScanManager: msg.what = 6
05-14 08:47:52.509  2232  3060 V bt_stack: [VERBOSE1:btm_ble_multi_adv.cc(751)] SetData inst_id: 0
05-14 08:47:52.509  2232  3060 V bt_stack: [VERBOSE1:btm_ble_multi_adv.cc(759)] is_scan_rsp = 1
05-14 08:47:52.509  2232  3060 V bt_stack: [VERBOSE1:btm_ble_multi_adv.cc(791)] data is: 
05-14 08:47:52.509  2232  3060 V bt_stack: [VERBOSE1:ble_advertiser_hci_interface.cc(605)] SetScanResponseData
05-14 08:47:52.510  2232  3060 V bt_stack: [VERBOSE1:btm_ble_multi_adv.cc(634)] Enable inst_id: 0
05-14 08:47:52.510  2232  3060 V bt_stack: [VERBOSE1:btm_ble_multi_adv.cc(641)] Enable enable: 1, duration: 0
05-14 08:47:52.510  2232  3060 V bt_stack: [VERBOSE1:ble_advertiser_hci_interface.cc(640)] Enable
05-14 08:47:52.511  2232  2392 D BtGatt.AdvertiseManager: onAdvertisingSetStarted() - regId=-956, advertiserId=0, status=0
05-14 08:47:52.512 26398 26398 I NearbyMediums: [InstantOnLostManager] Start instant onLost extended advertising, hashes = [ 0x9b 0x6a 0xff 0x87 ].
05-14 08:47:52.512 26398  3894 I NearbyMediums: Successfully stopped BLE advertising for service NearbySharing
05-14 08:47:52.513 26398  3894 I NearbyMediums: Device token rotated, old deviceToken : null.
05-14 08:47:52.513 26398  3894 D BluetoothSocket: close() this: android.bluetooth.BluetoothSocket@8ec6896, channel: 4, mSocketIS: android.net.LocalSocketImpl$SocketInputStream@e8a6c17, mSocketOS: android.net.LocalSocketImpl$SocketOutputStream@ea93804mSocket: android.net.LocalSocket@43641ed impl:android.net.LocalSocketImpl@d7e7822 fd:java.io.FileDescriptor@3bfb2b3, mSocketState: LISTENING
05-14 08:47:52.513  4968  4968 W app_process: JNI RegisterNativeMethods: attempt to register 0 native methods for android.media.AudioAttributes
05-14 08:47:52.513 26398  3894 I NearbyMediums: Stopped accepting Bluetooth Classic connections for NearbySharing.
05-14 08:47:52.513 26398  3892 D BluetoothSocket: close() this: android.bluetooth.BluetoothSocket@8ec6896, channel: 4, mSocketIS: android.net.LocalSocketImpl$SocketInputStream@e8a6c17, mSocketOS: android.net.LocalSocketImpl$SocketOutputStream@ea93804mSocket: null, mSocketState: CLOSED
05-14 08:47:52.513 26398  3894 I NearbyMediums: Can't stop accepting Wifi connections because it was never started.
05-14 08:47:52.514 26398  3894 I NearbyMediums: Can't stop accepting WiFi connections because it was never started.
05-14 08:47:52.514 26398  3894 I NearbyMediums: Can't stop NFC advertising because it was never started.
05-14 08:47:52.514 26398  3894 I NearbyMediums: Skipping stop accepting connections: we are not currently accepting WebRTC connections for NearbySharing.
05-14 08:47:52.521  4968  4968 D AndroidRuntime: Calling main entry com.android.commands.uiautomator.Launcher
05-14 08:47:52.524 26398  3894 I Nearby  : (REDACTED) Successfully shutdown executor %s.
05-14 08:47:52.541 26398  3892 I NearbyMediums: No BLE Fast/GATT advertisements found in the latest cycle.
05-14 08:47:52.541 26398  3892 I NearbyMediums: Current Tracked Scanning Clients are : {NearbyConnections.EnvironmentMonitor, NearbySharing}
05-14 08:47:52.543  1551  1551 D AS.AudioService: Accessibility volume enabled = false
05-14 08:47:52.547  2288  2288 D CCTileAdapter: onAccessibilityStateChanged:true
05-14 08:47:52.551   818  3057 I vendor.qti.bluetooth@1.0-ibs_handler: ProcessIbsCmd: Received IBS_SLEEP_IND: 0xFE
05-14 08:47:52.557  2288  2288 D CCTileAdapter: onAccessibilityStateChanged:true
05-14 08:47:52.565 26398  4971 I NearbySharing: Loading certificates with visibility SELF_SHARE
05-14 08:47:52.566 26398  4971 I NearbySharing: Saving the private certificate to file nearby_sharing_private_certificate_file_for_self.
05-14 08:47:52.598 26398  4971 I NearbySharing: Network state changed: NetworkState(isRestricted=false, isOnline=true, isCongested=false, isMetered=false, isWifiConnected=true)
05-14 08:47:52.598 26398  4971 I NearbySharing: Network state changed: NetworkState(isRestricted=false, isOnline=true, isCongested=false, isMetered=false, isWifiConnected=true)
05-14 08:47:52.600 26398 26706 I NearbyConnections: ClientProxy(0p:com.google.android.gms.nearby.sharing) allow WebRtc to use mobile data.
05-14 08:47:52.600 26398 26706 I NearbyConnections: Client 238901381 requested advertising to start.
05-14 08:47:52.600 26398  4971 I NearbyConnections: 238901381 0p:com.google.android.gms.nearby.sharing startAdvertising in nc mode.
05-14 08:47:52.601 26398  3892 I NearbyConnections: [PcpManager] In startAdvertising() advertisingMediums:[BLE] upgradeMediums:[USB, WIFI_LAN, WIFI_DIRECT, WIFI_AWARE, WIFI_HOTSPOT, WEB_RTC, BLE_L2CAP, BLUETOOTH, BLE, NFC] listener:179221716
05-14 08:47:52.601 26398  3892 I NearbyConnections: Get local endpoint id from random generation BHD3 (last:null) for client 238901381
05-14 08:47:52.602 26398  3892 I NearbyConnections: generateRxInstantConnectionAdvBytes() returns null due to supportInstantConnection not enabled.
05-14 08:47:52.605 26398  3892 W BluetoothAdapter: getBluetoothService() called with no BluetoothManagerCallback
05-14 08:47:52.607  2232  3060 I bt_stack: [INFO:port_api.cc(123)] RFCOMM_CreateConnection BDA: ff:ff:ff:ff:ff:ff
05-14 08:47:52.607 26398  3892 I NearbyMediums: Started accepting Bluetooth Classic connections for NearbySharing.
05-14 08:47:52.613 26398  3892 I NearbyMediums: BLE extended advertising not started.
05-14 08:47:52.614 26398  3892 D BluetoothAdapter: isLeEnabled(): ON
05-14 08:47:52.615  2232 17691 D BluetoothAdapterService: getAdapterService() - returning com.android.bluetooth.btservice.AdapterService@c020a3f
05-14 08:47:52.615  2232 17691 D BtGatt.AdvertiseManager: startAdvertisingSet() - reg_id=-957, callback: android.os.BinderProxy@366f4e6
05-14 08:47:52.615  2232 17691 V bt_stack: [VERBOSE1:btif_ble_advertiser.cc(192)] StartAdvertisingSet
05-14 08:47:52.616   818  3057 I vendor.qti.bluetooth@1.0-ibs_handler: ProcessIbsCmd: Received IBS_WAKE_IND: 0xFD
05-14 08:47:52.616   818  3057 I vendor.qti.bluetooth@1.0-ibs_handler: ProcessIbsCmd: Writing IBS_WAKE_ACK
05-14 08:47:52.617  2232  3060 V bt_stack: [VERBOSE1:btm_ble_multi_adv.cc(695)] SetParameters inst_id: 1
05-14 08:47:52.617  2232  3060 V bt_stack: [VERBOSE1:ble_advertiser_hci_interface.cc(552)] SetParameters
05-14 08:47:52.619  2232  3060 V bt_stack: [VERBOSE1:ble_advertiser_hci_interface.cc(624)] SetRandomAddress
05-14 08:47:52.620  2232  3060 V bt_stack: [VERBOSE1:btm_ble_multi_adv.cc(751)] SetData inst_id: 1
05-14 08:47:52.620  2232  3060 V bt_stack: [VERBOSE1:btm_ble_multi_adv.cc(759)] is_scan_rsp = 0
05-14 08:47:52.620  2232  3060 V bt_stack: [VERBOSE1:btm_ble_multi_adv.cc(791)] data is: 0303F3FE
05-14 08:47:52.621  2232  3060 V bt_stack: [VERBOSE1:ble_advertiser_hci_interface.cc(583)] SetAdvertisingData
05-14 08:47:52.622  2232  3060 V bt_stack: [VERBOSE1:btm_ble_multi_adv.cc(751)] SetData inst_id: 1
05-14 08:47:52.622  2232  3060 V bt_stack: [VERBOSE1:btm_ble_multi_adv.cc(759)] is_scan_rsp = 1
05-14 08:47:52.622  2232  3060 V bt_stack: [VERBOSE1:btm_ble_multi_adv.cc(791)] data is: 1E16F3FE4A1723424844331132429869D5CA92C442F36CB689BCCD374D4A89
05-14 08:47:52.622  2232  3060 V bt_stack: [VERBOSE1:ble_advertiser_hci_interface.cc(605)] SetScanResponseData
05-14 08:47:52.623  2232  3060 V bt_stack: [VERBOSE1:btm_ble_multi_adv.cc(634)] Enable inst_id: 1
05-14 08:47:52.623  2232  3060 V bt_stack: [VERBOSE1:btm_ble_multi_adv.cc(641)] Enable enable: 1, duration: 0
05-14 08:47:52.624  2232  3060 V bt_stack: [VERBOSE1:ble_advertiser_hci_interface.cc(640)] Enable
05-14 08:47:52.625  2232  2392 D BtGatt.AdvertiseManager: onAdvertisingSetStarted() - regId=-957, advertiserId=1, status=0
05-14 08:47:52.628 26398  3892 I NearbyMediums: Started BLE Legacy advertising. Regular Header Advertised : false, Fast Advertised : true, AdvertisingSettings : BleAdvertisingSetting{powerLevel= BALANCED_POWER, isConnectable= false, isPrivateGatt= false}, isAcceptingConnection : false
05-14 08:47:52.628 26398  3892 I NearbyMediums: Successfully started BLE advertising of size 23 for service NearbySharing, deviceToken : [ 0x4a 0x89 ].
05-14 08:47:52.639 26398  3892 I NearbySharing: [broadcast provider] advertising started.
05-14 08:47:52.639 26398  3892 I NearbySharing: [broadcast controller] started.
05-14 08:47:52.639 26398  3892 I NearbySharing: [ReceiveManager] started.
05-14 08:47:52.640 26398  3892 I NearbySharing: NearbySharing Internal event ReceiveManagerStart(mode=2, isEveryoneMode=false, dataUsage=2, useQrCode=false, success=true)
05-14 08:47:52.641 26398  2530 I NearbySharing: [ClearcutLog] ADVERTISE_DEVICE_PRESENCE_START sessionId=0 flowId=4928826300955379855 sessionStatus: 1, visibility: 4
05-14 08:47:52.665   818  3057 I vendor.qti.bluetooth@1.0-ibs_handler: ProcessIbsCmd: Received IBS_SLEEP_IND: 0xFE
05-14 08:47:52.771  1551  2119 D MiuiNetworkPolicy: updateLimit mLimitEnabled=true,enabled=false,mNetworkPriorityMode=255
05-14 08:47:52.968  2288  2288 E QSAnimator: tileView is null mute
05-14 08:47:52.968  2288  2288 E QSAnimator: tileView is null screenshot
05-14 08:47:52.968  2288  2288 E QSAnimator: tileView is null airplane
05-14 08:47:52.968  2288  2288 E QSAnimator: tileView is null screenlock
05-14 08:47:52.968  2288  2288 E QSAnimator: tileView is null hotspot
05-14 08:47:52.968  2288  2288 E QSAnimator: tileView is null gps
05-14 08:47:52.968  2288  2288 E QSAnimator: tileView is null rotation
05-14 08:47:52.968  2288  2288 E QSAnimator: tileView is null scanner
05-14 08:47:52.968  2288  2288 E QSAnimator: tileView is null papermode
05-14 08:47:52.968  2288  2288 E QSAnimator: tileView is null night
05-14 08:47:52.968  2288  2288 E QSAnimator: tileView is null quietmode
05-14 08:47:52.968  2288  2288 E QSAnimator: tileView is null batterysaver
05-14 08:47:52.968  2288  2288 E QSAnimator: tileView is null custom(com.miui.securitycenter/com.miui.superpower.notification.SuperPowerTileService)
05-14 08:47:52.968  2288  2288 E QSAnimator: tileView is null custom(com.milink.service/com.milink.ui.service.MiLinkTileService)
05-14 08:47:52.968  2288  2288 E QSAnimator: tileView is null custom(com.miui.mishare.connectivity/.tile.MiShareTileService)
05-14 08:47:52.968  2288  2288 E QSAnimator: tileView is null freeformhang
05-14 08:47:52.968  2288  2288 E QSAnimator: tileView is null custom(com.miui.screenrecorder/.service.QuickService)
05-14 08:47:52.968  2288  2288 E QSAnimator: tileView is null vibrate
05-14 08:47:52.968  2288  2288 E QSAnimator: tileView is null nfc
05-14 08:47:52.968  2288  2288 E QSAnimator: tileView is null edit
05-14 08:47:53.118 26573 26573 W PerfettoTrace: type=1400 audit(0.0:628391): avc: denied { write } for name="traced_producer" dev="tmpfs" ino=27834 scontext=u:r:gmscore_app:s0:c512,c768 tcontext=u:object_r:traced_producer_socket:s0 tclass=sock_file permissive=0 app=com.google.android.gms
05-14 08:47:53.239   818  3057 I vendor.qti.bluetooth@1.0-ibs_handler: ProcessIbsCmd: Received IBS_WAKE_IND: 0xFD
05-14 08:47:53.240   818  3057 I vendor.qti.bluetooth@1.0-ibs_handler: ProcessIbsCmd: Writing IBS_WAKE_ACK
05-14 08:47:53.241  2232  3060 V bt_stack: [VERBOSE1:btm_ble_gap.cc(1924)] btm_ble_process_ext_adv_pkt: bda=cc:6d:5d:8b:1d:95
05-14 08:47:53.241  2232  3060 V bt_stack: [VERBOSE1:btm_ble_gap.cc(1848)] btm_ble_process_adv_addr: bda=cc:6d:5d:8b:1d:95
05-14 08:47:53.241  2232  3060 V bt_stack: [VERBOSE1:btm_ble_gap.cc(2058)]  Waiting for scan response cc:6d:5d:8b:1d:95
05-14 08:47:53.241  2232  3060 V bt_stack: [VERBOSE1:btm_ble_gap.cc(1924)] btm_ble_process_ext_adv_pkt: bda=cc:6d:5d:8b:1d:95
05-14 08:47:53.241  2232  3060 V bt_stack: [VERBOSE1:btm_ble_gap.cc(1848)] btm_ble_process_adv_addr: bda=cc:6d:5d:8b:1d:95
05-14 08:47:53.241  2232  3060 V bt_stack: [VERBOSE1:btm_inq.cc(1019)] BTM_InqDbRead: bd addr cc:6d:5d:8b:1d:95
05-14 08:47:53.250  3176  3290 E MiuiMiHomeConnectController: error 
05-14 08:47:53.250  3176  3290 D MiuiMiHomeConnectController: cloud time is not ok
05-14 08:47:53.280   818  3057 I vendor.qti.bluetooth@1.0-ibs_handler: ProcessIbsCmd: Received IBS_SLEEP_IND: 0xFE
05-14 08:47:53.624   818  3063 I vendor.qti.bluetooth@1.0-ibs_handler: DeviceSleep: TX Awake, Sending SLEEP_IND
05-14 08:47:53.624   818  3063 D vendor.qti.bluetooth@1.0-ibs_handler: SerialClockVote: vote for UART CLK OFF
05-14 08:47:53.775   818  2794 D vendor.qti.bluetooth@1.0-wake_lock: Release wakelock is released 
05-14 08:47:53.979  4968  4968 D ThemeCompatibility: START loading theme compatibility config.
05-14 08:47:53.980  4968  4968 D ThemeCompatibility: getVersion(): /data/system/theme_config/theme_compatibility.xml  java.io.FileNotFoundException: /data/system/theme_config/theme_compatibility.xml: open failed: ENOENT (No such file or directory)
05-14 08:47:53.988  4968  4968 D ThemeCompatibility: getConfigDocumentTree(): 140 vs -1
05-14 08:47:53.988  4968  4968 D ThemeCompatibility:     parse file: /system/media/theme/theme_compatibility.xml
05-14 08:47:54.003  4968  4968 D ThemeCompatibility: END loading: version=140 size=48
05-14 08:47:54.005  4968  4968 E AssetManager: WTF--create system assets with illegal uid: 2000, gid:2000
05-14 08:47:54.005  4968  4968 E AssetManager: java.lang.RuntimeException
05-14 08:47:54.005  4968  4968 E AssetManager: 	at android.content.res.AssetManager.createSystemAssetsInZygoteLocked(AssetManager.java:254)
05-14 08:47:54.005  4968  4968 E AssetManager: 	at android.content.res.AssetManager.getSystem(AssetManager.java:291)
05-14 08:47:54.005  4968  4968 E AssetManager: 	at android.content.res.Resources.<init>(Resources.java:353)
05-14 08:47:54.005  4968  4968 E AssetManager: 	at android.content.res.MiuiResources.<init>(MiuiResources.java:49)
05-14 08:47:54.005  4968  4968 E AssetManager: 	at android.content.res.Resources.getSystem(Resources.java:233)
05-14 08:47:54.005  4968  4968 E AssetManager: 	at android.util.MiuiMultiWindowAdapter.<clinit>(MiuiMultiWindowAdapter.java:83)
05-14 08:47:54.005  4968  4968 E AssetManager: 	at android.view.Display.getSize(Display.java:725)
05-14 08:47:54.005  4968  4968 E AssetManager: 	at com.android.commands.uiautomator.DumpCommand.run(DumpCommand.java:110)
05-14 08:47:54.005  4968  4968 E AssetManager: 	at com.android.commands.uiautomator.Launcher.main(Launcher.java:83)
05-14 08:47:54.005  4968  4968 E AssetManager: 	at com.android.internal.os.RuntimeInit.nativeFinishInit(Native Method)
05-14 08:47:54.005  4968  4968 E AssetManager: 	at com.android.internal.os.RuntimeInit.main(RuntimeInit.java:463)
05-14 08:47:54.041  4968  4968 W app_process: unable to execute idmap2: Permission denied
05-14 08:47:54.041  4968  4968 W OverlayConfig: 'idmap2 create-multiple' failed: no mutable="false" overlays targeting "android" will be loaded
05-14 08:47:54.028  4968  4968 W uiautomator: type=1400 audit(0.0:628392): avc: denied { execute } for name="idmap2" dev="dm-0" ino=1510 scontext=u:r:shell:s0 tcontext=u:object_r:idmap_exec:s0 tclass=file permissive=0
05-14 08:47:54.028  4968  4968 W uiautomator: type=1400 audit(0.0:628393): avc: denied { execute } for name="idmap2" dev="dm-0" ino=1510 scontext=u:r:shell:s0 tcontext=u:object_r:idmap_exec:s0 tclass=file permissive=0
05-14 08:47:54.043  4968  4968 W asset   : unable to execute idmap2: Permission denied
05-14 08:47:54.043  4968  4968 W AssetManagerInjector: 'idmap2 --scan' failed: no static="true" overlays targeting "miui" will be loaded
05-14 08:47:54.047  4968  4968 E app_process: Invalid ID 0x00000000.
05-14 08:47:54.074  4968  4968 W AccessibilityNodeInfoDumper: Fetch time: 21ms
05-14 08:47:54.076  1551  9017 W WindowManager: removeWindowToken: Attempted to remove non-existing token: android.os.Binder@31e1c6b
05-14 08:47:54.089  2288  2288 D CCTileAdapter: onAccessibilityStateChanged:false
05-14 08:47:54.095  2288  2288 D CCTileAdapter: onAccessibilityStateChanged:false
05-14 08:47:54.105  4968  4968 D AndroidRuntime: Shutting down VM
05-14 08:47:54.352 15490 15533 D BufferPoolAccessor2.0: bufferpool2 0x713f973228 : 7(26880 size) total buffers - 4(15360 size) used buffers - 1572479/1572486 (recycle/alloc) - 654/3144963 (fetch/transfer)
05-14 08:47:54.516  2232 17691 D BtGatt.AdvertiseManager: stopAdvertisingSet() android.os.BinderProxy@51b6741
05-14 08:47:54.516  2232  3060 V bt_stack: [VERBOSE1:btm_ble_multi_adv.cc(904)] Unregister inst_id: 0
05-14 08:47:54.517  2232  3060 V bt_stack: [VERBOSE1:ble_advertiser_hci_interface.cc(640)] Enable
05-14 08:47:54.517  2232  3060 V bt_stack: [VERBOSE1:ble_advertiser_hci_interface.cc(713)] RemoveAdvertisingSet
05-14 08:47:54.517   818   818 D vendor.qti.bluetooth@1.0-ibs_handler: SerialClockVote: vote for UART CLK ON
05-14 08:47:54.518   818   818 D vendor.qti.bluetooth@1.0-wake_lock: Acquire wakelock is acquired 
05-14 08:47:54.518   818   818 I vendor.qti.bluetooth@1.0-ibs_handler: DeviceWakeUp: Writing IBS_WAKE_IND
05-14 08:47:54.523   818  3057 I vendor.qti.bluetooth@1.0-ibs_handler: ProcessIbsCmd: Received IBS_WAKE_ACK: 0xFC
05-14 08:47:54.524   818  3057 I vendor.qti.bluetooth@1.0-ibs_handler: ProcessIbsCmd: Received IBS_WAKE_IND: 0xFD
05-14 08:47:54.524   818  3057 I vendor.qti.bluetooth@1.0-ibs_handler: ProcessIbsCmd: Writing IBS_WAKE_ACK
05-14 08:47:54.567   818  3057 I vendor.qti.bluetooth@1.0-ibs_handler: ProcessIbsCmd: Received IBS_SLEEP_IND: 0xFE
