05-14 08:47:35.371  1551  1676 D EventSequenceValidator: 	at com.android.server.wm.-$$Lambda$LaunchObserverRegistryImpl$UGY1OclnLIQLMEL9B55qjERFf4o.accept(Unknown Source:10)
05-14 08:47:35.371  1551  1676 D EventSequenceValidator: 	at com.android.internal.util.function.pooled.PooledLambdaImpl.doInvoke(PooledLambdaImpl.java:292)
05-14 08:47:35.371  1551  1676 D EventSequenceValidator: 	at com.android.internal.util.function.pooled.PooledLambdaImpl.invoke(PooledLambdaImpl.java:201)
05-14 08:47:35.371  1551  1676 D EventSequenceValidator: 	at com.android.internal.util.function.pooled.OmniFunction.run(OmniFunction.java:97)
05-14 08:47:35.371  1551  1676 D EventSequenceValidator: 	at android.os.Handler.handleCallback(Handler.java:938)
05-14 08:47:35.371  1551  1676 D EventSequenceValidator: 	at android.os.Handler.dispatchMessage(Handler.java:99)
05-14 08:47:35.371  1551  1676 D EventSequenceValidator: 	at android.os.Looper.loop(Looper.java:236)
05-14 08:47:35.371  1551  1676 D EventSequenceValidator: 	at android.os.HandlerThread.run(HandlerThread.java:67)
05-14 08:47:35.371  1551  1676 D EventSequenceValidator: 	at com.android.server.ServiceThread.run(ServiceThread.java:45)
05-14 08:47:35.377  1551  1612 D MIUIInput: [FoucsChange]: Display  0 FocusedWindow From Window{4a1df27 mode=0 rootTaskId=1 u0 com.miui.home/com.miui.home.launcher.Launcher}(1,1)  to null(0,0)
05-14 08:47:35.378  2731  2731 D Launcher.Lifecycle: onWindowFocusChanged:false,UserHandle{0},8217634,true
05-14 08:47:35.368  1198  1198 W Binder:1198_6: type=1400 audit(0.0:628355): avc: denied { search } for name="820" dev="proc" ino=4117628 scontext=u:r:cameraserver:s0 tcontext=u:r:hal_camera_default:s0 tclass=dir permissive=0
05-14 08:47:35.383  1551  2119 I MiuiNetworkPolicy: updateUidState uid = 10632, uidState = 19
05-14 08:47:35.390  1551  1677 V WindowManager: Orientation start waiting for draw, mDrawState=DRAW_PENDING in Window{85e1f0e mode=0 rootTaskId=4250 u0 Splash Screen com.yahorzabotsin.openvpnclientgate}, surfaceController Surface(name=Splash Screen com.yahorzabotsin.openvpnclientgate)/@0xa3464c5
05-14 08:47:35.394   696   696 D Zygote  : Forked child process 4775
05-14 08:47:35.394  1551  1677 D WindowManager: Input focus has changed to null
05-14 08:47:35.397  4775  4775 W Zygote  : Unable to open libbeluga.so: dlopen failed: library "libbeluga.so" not found.
05-14 08:47:35.397  1551  1686 D Boost   : hostingType=pre-top-activity, hostingName={com.yahorzabotsin.openvpnclientgate/com.yahorzabotsin.openvpnclientgate.mobile.SplashActivity}, callerPackage=com.android.shell, isSystem=true, isBoostNeeded=false.
05-14 08:47:35.397  1551  1686 I ActivityManager: Start proc 4775:com.yahorzabotsin.openvpnclientgate/u0a632 for pre-top-activity {com.yahorzabotsin.openvpnclientgate/com.yahorzabotsin.openvpnclientgate.mobile.SplashActivity} caller=com.android.shell
05-14 08:47:35.409  4775  4775 I envpnclientgat: Late-enabling -Xcheck:jni
05-14 08:47:35.434  4775  4775 I envpnclientgat: Unquickening 20 vdex files!
05-14 08:47:35.442 28700 28705 I adbd    : jdwp connection from 4775
05-14 08:47:35.455  1551  2546 D CompatibilityInfo: mCompatibilityFlags - 0
05-14 08:47:35.455  1551  2546 D CompatibilityInfo: applicationDensity - 480
05-14 08:47:35.455  1551  2546 D CompatibilityInfo: applicationScale - 1.0
05-14 08:47:35.438  3692  3692 W ThreadPoolForeg: type=1400 audit(0.0:628356): avc: denied { write } for name="traced_producer" dev="tmpfs" ino=27834 scontext=u:r:gmscore_app:s0:c512,c768 tcontext=u:object_r:traced_producer_socket:s0 tclass=sock_file permissive=0 app=com.google.android.gms
05-14 08:47:35.457  1551  2546 D CompatibilityInfo: mCompatibilityFlags - 0
05-14 08:47:35.457  1551  2546 D CompatibilityInfo: applicationDensity - 480
05-14 08:47:35.457  1551  2546 D CompatibilityInfo: applicationScale - 1.0
05-14 08:47:35.457 11275 11293 I GST     : forePkg: com.yahorzabotsin.openvpnclientgate, preForePkg: com.miui.home
05-14 08:47:35.457 10638 20368 I ProcessMonitor: onForegroundInfoChanged: ForegroundInfo{mForegroundPackageName='com.yahorzabotsin.openvpnclientgate', mForegroundUid=10632, mForegroundPid=4775, mLastForegroundPackageName='com.miui.home', mLastForegroundUid=10111, mLastForegroundPid=2731, mMultiWindowForegroundPackageName='null', mMultiWindowForegroundUid=-1, mFlags=1}
05-14 08:47:35.457 11081 11098 D PerfEngineController: ForegroundInfo{mForegroundPackageName='com.yahorzabotsin.openvpnclientgate', mForegroundUid=10632, mForegroundPid=4775, mLastForegroundPackageName='com.miui.home', mLastForegroundUid=10111, mLastForegroundPid=2731, mMultiWindowForegroundPackageName='null', mMultiWindowForegroundUid=-1, mFlags=1}
05-14 08:47:35.458  1551  2546 V ActivityTaskManager: Calling mServicetracker.OnActivityStateChange with flag truestateRESUMED
05-14 08:47:35.458  1551  2546 V ActivityTaskManager: Calling mServicetracker.OnActivityStateChange with flag falsestateRESUMED
05-14 08:47:35.458   874 24460 I vendor.qti.hardware.servicetracker@1.2-service: Activity state is changed to : 2
05-14 08:47:35.458   874 24460 I vendor.qti.hardware.servicetracker@1.2-service: Activity state is changed to : 2
05-14 08:47:35.460 10638 20368 I GameBoosterService: onForegroundInfoChanged: Cur=com.yahorzabotsin.openvpnclientgate	 last=com.miui.home
05-14 08:47:35.460 10638 20368 I FreeformWindowUtils: has app list!
05-14 08:47:35.466  1551  1677 I Timeline: Timeline: App_transition_ready time:372018137
05-14 08:47:35.472  2288  2715 D MiuiPhoneStatusBarPolicy: updateManagedProfile: secondSpace = false
05-14 08:47:35.473 10196 17201 D PMonitor:  onForegroundActivitiesChanged:pid = 4775,activity-uid=10632,foregroundActivities=true
05-14 08:47:35.474 10638 20368 D GameBoosterService: onGameStatusChange foreground:ForegroundInfo{mForegroundPackageName='com.yahorzabotsin.openvpnclientgate', mForegroundUid=10632, mForegroundPid=4775, mLastForegroundPackageName='com.miui.home', mLastForegroundUid=10111, mLastForegroundPid=2731, mMultiWindowForegroundPackageName='null', mMultiWindowForegroundUid=-1, mFlags=1}
05-14 08:47:35.474 10638 20368 I VideoBoxUtils: isSupportVideoBox: false
05-14 08:47:35.474 10638 20368 I VideoToolBoxService: vtb is closed!!!
05-14 08:47:35.476  1551  2119 I MiuiNetworkPolicy: updateUidState uid = 10632, uidState = 2
05-14 08:47:35.477  2288  2288 D AppMiniWindowManager: topActivity updated in onTaskStackChanged
05-14 08:47:35.477 10638 10804 I SCTaskStackListener: onTaskStackChanged! inSplit = false
05-14 08:47:35.479 10638 12188 I SCTaskStackListener: onTaskStackChanged! inSplit = false
05-14 08:47:35.659  2731  2731 D Launcher_UnlockAnimationStateMachine: mResetIdleStateRunnable
05-14 08:47:35.705  1348 15544 D BufferPoolAccessor2.0: bufferpool2 0x738f27ca28 : 3(72000 size) total buffers - 1(24000 size) used buffers - 1571547/1571550 (recycle/alloc) - 654/1571548 (fetch/transfer)
05-14 08:47:35.718  1017  1017 W /system/vendor/bin/ipacm: type=1400 audit(0.0:628357): avc: denied { write } for comm=6E65746C696E6B20736F636B6574 name="ipacm_log_file" dev="tmpfs" ino=27249 scontext=u:r:ipacm:s0 tcontext=u:object_r:ipacm_socket:s0 tclass=sock_file permissive=0
05-14 08:47:35.733   874 24460 I vendor.qti.hardware.servicetracker@1.2-service: bindService is called for service : com.google.android.gms/.chimera.PersistentDirectBootAwareApiService and for client com.google.android.gms.persistent
05-14 08:47:35.734   874 24460 I vendor.qti.hardware.servicetracker@1.2-service: total connections for service : com.google.android.gms/.chimera.PersistentDirectBootAwareApiServiceare :5
05-14 08:47:35.734   874 24460 I vendor.qti.hardware.servicetracker@1.2-service: total connections for client : com.google.android.gms.persistentare :7
05-14 08:47:35.811 15490 15536 D CCodecBufferChannel: [c2.android.opus.encoder#2] DEBUG: elapsed: n=4 [in=0 pipeline=0 out=0 smoothness=4]
05-14 08:47:35.812 15490 15536 D PipelineWatcher: DEBUG: elapsed 1 / 4
05-14 08:47:35.913  2288  7334 D CommandQueue: setStatus: setStatus: what = 0, action = upate_specail_mode, ext = Bundle[mParcelledData.dataSize=136][pkg = com.yahorzabotsin.openvpnclientgate[enable_config = false
05-14 08:47:35.972  4775  4775 I Perf    : Connecting to perf service.
05-14 08:47:35.984  4775  4775 D NetworkSecurityConfig: No Network Security Config specified, using platform default
05-14 08:47:35.985  4775  4775 D NetworkSecurityConfig: No Network Security Config specified, using platform default
05-14 08:47:36.009  4775  4775 D WM-WrkMgrInitializer: Initializing WorkManager with default configuration.
05-14 08:47:36.029  1551  1677 I Timeline: Timeline: App_transition_stopped time:372018701
05-14 08:47:36.060  4775  4775 I TetheringManager: registerTetheringEventCallback:com.yahorzabotsin.openvpnclientgate
05-14 08:47:36.067  4775  4775 D WM-PackageManagerHelper: Skipping component enablement for androidx.work.impl.background.systemjob.SystemJobService
05-14 08:47:36.067  4775  4775 D WM-Schedulers: Created SystemJobScheduler and enabled SystemJobService
05-14 08:47:36.112  4775  4798 D WM-ForceStopRunnable: The default process name was not specified.
05-14 08:47:36.113  4775  4798 D WM-ForceStopRunnable: Performing cleanup operations.
05-14 08:47:36.134  4775  4775 I ContentProviderMonitor: PerfMonitor installContentProviders : before publish content providers
05-14 08:47:36.141  4775  4798 D WM-SystemJobScheduler: Reconciling jobs
05-14 08:47:36.149  4775  4798 D WM-ForceStopRunnable: Application was force-stopped, rescheduling.
05-14 08:47:36.166  4775  4798 D WM-SystemJobScheduler: Scheduling work ID 4dbdee18-bee4-4130-a329-3d8935c65fa8Job ID 49
05-14 08:47:36.201  4775  4775 I OpenVPNGateApp:ServerRefreshScheduler: Preparing periodic server refresh schedule. ttl_ms=1200000, interval_min=20, clamped_to_min=false
05-14 08:47:36.226  4775  4801 D WM-PackageManagerHelper: Skipping component enablement for androidx.work.impl.background.systemalarm.RescheduleReceiver
05-14 08:47:36.229  4775  4775 I OpenVPNGateApp:ServerRefreshScheduler: Periodic server refresh scheduled. work=server-list-periodic-refresh, policy=UPDATE, interval_min=20, backoff_min=30
05-14 08:47:36.231  4775  4775 I OpenVPNGateApp:CoreApp: Periodic server refresh scheduling ensured
05-14 08:47:36.233  4775  4775 D OpenVPNGateApp:CoreApp: Skipping OpenVpnService auto-start in Application
05-14 08:47:36.244   968  1047 W DisplayIdentification: Invalid EDID: falling back to serial number due to missing display name.
05-14 08:47:36.244   968  1047 W DisplayIdentification: Invalid EDID: falling back to ASCII text due to missing serial number.
05-14 08:47:36.246  4775  4798 D WM-GreedyScheduler: Cancelling work ID 4dbdee18-bee4-4130-a329-3d8935c65fa8
05-14 08:47:36.266  4775  4798 D WM-SystemJobScheduler: Scheduling work ID 4dbdee18-bee4-4130-a329-3d8935c65fa8Job ID 50
05-14 08:47:36.296  4775  4775 D AppCompatDelegate: Checking for metadata for AppLocalesMetadataHolderService : Service not found
05-14 08:47:36.378  4775  4775 W envpnclientgat: Accessing hidden method Landroid/view/ViewGroup;->makeOptionalFitsSystemWindows()V (greylist, reflection, allowed)
05-14 08:47:36.411  4775  4775 I OpenVPNGateApp:SplashActivityCore: Starting server preload. vpn_connected=false, cache_only=false
05-14 08:47:36.418  4775  4775 W envpnclientgat: Accessing hidden method Ljava/lang/invoke/MethodHandles$Lookup;-><init>(Ljava/lang/Class;I)V (greylist, reflection, allowed)
05-14 08:47:36.480  4775  4775 D OpenVPNGateApp:ServersV2SyncCoordinator: syncCountries(forceRefresh=false, cacheOnly=false)
05-14 08:47:36.483  4775  4775 D OpenVPNGateApp:ServersV2Repository: getCountries[locale=pl]: fetching from network
05-14 08:47:36.537  1551  9188 V MiuiActivityTaskManagerServiceEx: dispatchActivityLifeState state = onResume
05-14 08:47:36.537  1551  9188 V MiuiActivityTaskManagerServiceEx: dispatchActivityLifeState r = ActivityRecord{cf2466a u0 com.yahorzabotsin.openvpnclientgate/.mobile.SplashActivity t4250}
05-14 08:47:36.538  2731  2731 D RecentsImpl: mActivityStateObserver com.yahorzabotsin.openvpnclientgate.mobile.SplashActivity
05-14 08:47:36.538  2731  2731 W RecentsImpl: onResumed className=com.yahorzabotsin.openvpnclientgate.mobile.SplashActivity   mIsInAnotherPro=false
05-14 08:47:36.538  4775  4775 W Looper  : PerfMonitor looperActivity : package=com.yahorzabotsin.openvpnclientgate/.mobile.SplashActivity time=301ms latency=770ms running=268ms  procState=2 ClientTransaction{ callbacks=[android.app.servertransaction.LaunchActivityItem] lifecycleRequest=android.app.servertransaction.ResumeActivityItem } historyMsgCount=2 (msgIndex=2 wall=770ms seq=3 running=712ms runnable=14ms late=4ms h=android.app.ActivityThread$H w=110)
05-14 08:47:36.539  4775  4775 W Looper  : PerfMonitor looperActivity : package=com.yahorzabotsin.openvpnclientgate/.mobile.SplashActivity time=0ms latency=1072ms running=0ms  procState=2 ClientTransaction{ callbacks=[android.app.servertransaction.TopResumedActivityChangeItem] } historyMsgCount=4 (msgIndex=2 wall=770ms seq=3 running=712ms runnable=14ms late=4ms h=android.app.ActivityThread$H w=110) (msgIndex=3 wall=301ms seq=4 running=268ms runnable=12ms late=770ms h=android.app.ActivityThread$H w=159)
05-14 08:47:36.539  4775  4775 I Choreographer: Skipped 30 frames!  The application may be doing too much work on its main thread.
05-14 08:47:36.546  4775  4775 V MiuiFrameworkFactory: get AllImpl object = android.common.MiuiFrameworkFactoryImpl@367ee26
05-14 08:47:36.550  1551  9188 V WindowManager: Orientation start waiting for draw, mDrawState=DRAW_PENDING in Window{2d7a9a5 mode=0 rootTaskId=4250 u0 com.yahorzabotsin.openvpnclientgate/com.yahorzabotsin.openvpnclientgate.mobile.SplashActivity}, surfaceController Surface(name=com.yahorzabotsin.openvpnclientgate/com.yahorzabotsin.openvpnclientgate.mobile.SplashActivity)/@0xec7ed2b
05-14 08:47:36.555  1551  9188 D WindowManager: Input focus has changed to Window{2d7a9a5 mode=0 rootTaskId=4250 u0 com.yahorzabotsin.openvpnclientgate/com.yahorzabotsin.openvpnclientgate.mobile.SplashActivity}
05-14 08:47:36.563  4775  4803 I AdrenoGLES-0: QUALCOMM build                   : 95db91f, Ifbc588260a
05-14 08:47:36.563  4775  4803 I AdrenoGLES-0: Build Date                       : 09/24/20
05-14 08:47:36.563  4775  4803 I AdrenoGLES-0: OpenGL ES Shader Compiler Version: EV031.32.02.01
05-14 08:47:36.563  4775  4803 I AdrenoGLES-0: Local Branch                     : mybrancheafe5b6d-fb5b-f1b0-b904-5cb90179c3e0
05-14 08:47:36.563  4775  4803 I AdrenoGLES-0: Remote Branch                    : quic/gfx-adreno.lnx.1.0.r114-rel
05-14 08:47:36.563  4775  4803 I AdrenoGLES-0: Remote Branch                    : NONE
05-14 08:47:36.563  4775  4803 I AdrenoGLES-0: Reconstruct Branch               : NOTHING
05-14 08:47:36.563  4775  4803 I AdrenoGLES-0: Build Config                     : S P 10.0.7 AArch64
05-14 08:47:36.563  4775  4803 I AdrenoGLES-0: Driver Path                      : /vendor/lib64/egl/libGLESv2_adreno.so
05-14 08:47:36.566  4775  4803 I AdrenoGLES-0: PFP: 0x016ee190, ME: 0x00000000
05-14 08:47:36.584   558   558 I hwservicemanager: getTransport: Cannot find entry android.hardware.graphics.mapper@4.0::IMapper/default in either framework or device manifest.
05-14 08:47:36.584  4775  4803 I Gralloc4: mapper 4.x is not supported
05-14 08:47:36.584   558   558 I hwservicemanager: getTransport: Cannot find entry android.hardware.graphics.mapper@3.0::IMapper/default in either framework or device manifest.
05-14 08:47:36.584  4775  4803 W Gralloc3: mapper 3.x is not supported
05-14 08:47:36.590  4775  4803 E LB      : fail to open file: No such file or directory
05-14 08:47:36.593  4775  4775 W Looper  : PerfMonitor doFrame : time=53ms vsyncFrame=9125779 latency=514ms procState=2 historyMsgCount=4 (msgIndex=1 wall=770ms seq=3 running=712ms runnable=14ms late=4ms h=android.app.ActivityThread$H w=110) (msgIndex=2 wall=301ms seq=4 running=268ms runnable=12ms late=770ms h=android.app.ActivityThread$H w=159)
05-14 08:47:36.598  1551  1677 I Timeline: Timeline: Activity_windows_visible id: ActivityRecord{cf2466a u0 com.yahorzabotsin.openvpnclientgate/.mobile.SplashActivity t4250} time:372019270
05-14 08:47:36.598  1551  1684 D ArtManagerInternalImpl: /data/misc/iorapd/com.yahorzabotsin.openvpnclientgate/63/com.yahorzabotsin.openvpnclientgate.mobile.SplashActivity/compiled_traces/compiled_trace.pb doesn't exist
05-14 08:47:36.599  1551  1684 I ActivityTaskManager: Displayed com.yahorzabotsin.openvpnclientgate/.mobile.SplashActivity: +1s256ms
05-14 08:47:36.602  1551  1676 D EventSequenceValidator: onActivityLaunchFinished during UNKNOWN.
05-14 08:47:36.602  1551  1676 D EventSequenceValidator: java.lang.Throwable: EventSequenceValidator#getStackTrace
05-14 08:47:36.602  1551  1676 D EventSequenceValidator: 	at com.google.android.startop.iorap.EventSequenceValidator.logWarningWithStackTrace(EventSequenceValidator.java:260)
05-14 08:47:36.602  1551  1676 D EventSequenceValidator: 	at com.google.android.startop.iorap.EventSequenceValidator.onActivityLaunchFinished(EventSequenceValidator.java:185)
05-14 08:47:36.602  1551  1676 D EventSequenceValidator: 	at com.android.server.wm.LaunchObserverRegistryImpl.handleOnActivityLaunchFinished(LaunchObserverRegistryImpl.java:175)
05-14 08:47:36.602  1551  1676 D EventSequenceValidator: 	at com.android.server.wm.LaunchObserverRegistryImpl.lambda$QcawcFcJtEX4EhYptq_Vb4j368Y(Unknown Source:0)
05-14 08:47:36.602  1551  1676 D EventSequenceValidator: 	at com.android.server.wm.-$$Lambda$LaunchObserverRegistryImpl$QcawcFcJtEX4EhYptq_Vb4j368Y.accept(Unknown Source:10)
05-14 08:47:36.602  1551  1676 D EventSequenceValidator: 	at com.android.internal.util.function.pooled.PooledLambdaImpl.doInvoke(PooledLambdaImpl.java:292)
05-14 08:47:36.602  1551  1676 D EventSequenceValidator: 	at com.android.internal.util.function.pooled.PooledLambdaImpl.invoke(PooledLambdaImpl.java:201)
05-14 08:47:36.602  1551  1676 D EventSequenceValidator: 	at com.android.internal.util.function.pooled.OmniFunction.run(OmniFunction.java:97)
05-14 08:47:36.602  1551  1676 D EventSequenceValidator: 	at android.os.Handler.handleCallback(Handler.java:938)
05-14 08:47:36.602  1551  1676 D EventSequenceValidator: 	at android.os.Handler.dispatchMessage(Handler.java:99)
05-14 08:47:36.602  1551  1676 D EventSequenceValidator: 	at android.os.Looper.loop(Looper.java:236)
05-14 08:47:36.602  1551  1676 D EventSequenceValidator: 	at android.os.HandlerThread.run(HandlerThread.java:67)
05-14 08:47:36.602  1551  1676 D EventSequenceValidator: 	at com.android.server.ServiceThread.run(ServiceThread.java:45)
05-14 08:47:36.602  1551  1676 D EventSequenceValidator: dec AccIntentStartedEvents to 2
05-14 08:47:36.602  4766  4766 W BpBinder: PerfMonitor binderTransact :  time=1263ms interface=android.app.IActivityManager code=1598246212
05-14 08:47:36.602  4766  4768 I cmd     : oneway function results will be dropped but finished with status OK and parcel size 4
05-14 08:47:36.608  1551  9201 D MIUIInput: [FoucsChange]: Display  0 FocusedWindow From null(0,0)  to Window{2d7a9a5 mode=0 rootTaskId=4250 u0 com.yahorzabotsin.openvpnclientgate/com.yahorzabotsin.openvpnclientgate.mobile.SplashActivity}(1,1)
05-14 08:47:36.638  1551  9188 V ActivityTaskManager: Calling mServicetracker.OnActivityStateChange with flag truestateSTOPPING
05-14 08:47:36.638   694   702 E statsd  : Predicate 5980654721335871649 dropping data for dimension key (10)0x2010101->10632[I] (10)0x30000->*launch*[S] 
05-14 08:47:36.639  1551  9188 V ActivityTaskManager: Calling mServicetracker.OnActivityStateChange with flag falsestateSTOPPING
05-14 08:47:36.639   874 24460 I vendor.qti.hardware.servicetracker@1.2-service: Activity state is changed to : 5
05-14 08:47:36.639   874 24460 I vendor.qti.hardware.servicetracker@1.2-service: Activity state is changed to : 5
05-14 08:47:36.642  8885  8885 I GoogleInputMethodService: GoogleInputMethodService.onFinishInput():2259 
05-14 08:47:36.643  8885  8885 I Module  : DeviceLockedStatusModuleProvider$Module.updateDeviceLockedStatus():103 repeatCheckTimes = 0, locked = false
05-14 08:47:36.644  8885  8885 I GoogleInputMethodService: GoogleInputMethodService.onStartInput():1446 onStartInput(EditorInfo{EditorInfo{packageName=com.yahorzabotsin.openvpnclientgate, inputType=0, inputTypeString=NULL, enableLearning=false, autoCorrection=false, autoComplete=false, imeOptions=0, privateImeOptions=null, actionName=UNSPECIFIED, actionLabel=null, initialSelStart=-1, initialSelEnd=-1, initialCapsMode=0, label=null, fieldId=-1, fieldName=null, extras=null, hintText=null, hintLocales=[]}}, false)
05-14 08:47:36.644  8885  8885 I AndroidIME: LatinIMEBase.updateInputViewCoverNavigation():322 Update input view padding, isNavbarOverInputWindow=false, bottom inset=130
05-14 08:47:36.645  8885  8885 I Module  : DeviceLockedStatusModuleProvider$Module.updateDeviceLockedStatus():103 repeatCheckTimes = 1, locked = false
05-14 08:47:36.645  2731  2731 D Launcher.Lifecycle: onStop:UserHandle{0},8217634,false
05-14 08:47:36.651   874 24460 I vendor.qti.hardware.servicetracker@1.2-service: unbindService is called for service : com.mi.android.globalminusscreen/com.google.mi.apps.gsa.nowoverlayservice.DrawerOverlayService and for client com.miui.home
05-14 08:47:36.655  1551  2119 I MiuiNetworkPolicy: updateUidState uid = 10152, uidState = 4
05-14 08:47:36.655  1551  2119 I MiuiNetworkPolicy: updateUidState uid = 10111, uidState = 5
05-14 08:47:36.675  1551  2546 V ActivityTaskManager: Calling mServicetracker.OnActivityStateChange with flag truestateSTOPPED
05-14 08:47:36.676  1551  2546 V ActivityTaskManager: Calling mServicetracker.OnActivityStateChange with flag falsestateSTOPPED
05-14 08:47:36.676   874 24460 I vendor.qti.hardware.servicetracker@1.2-service: Activity state is changed to : 6
05-14 08:47:36.676   874 24460 I vendor.qti.hardware.servicetracker@1.2-service: Activity state is changed to : 6
05-14 08:47:36.680 10196 17201 D PMonitor:  onForegroundActivitiesChanged:pid = 2731,activity-uid=10111,foregroundActivities=false
05-14 08:47:36.692   968   968 D SurfaceFlinger: Launcher Changed hasLauncher=0
05-14 08:47:36.857   558   558 I hwservicemanager: getTransport: Cannot find entry android.hardware.graphics.mapper@4.0::IMapper/default in either framework or device manifest.
05-14 08:47:36.857  4819  4819 I Gralloc4: mapper 4.x is not supported
05-14 08:47:36.857   558   558 I hwservicemanager: getTransport: Cannot find entry android.hardware.graphics.mapper@3.0::IMapper/default in either framework or device manifest.
05-14 08:47:36.857  4819  4819 W Gralloc3: mapper 3.x is not supported
05-14 08:47:36.917  2288  2288 E QSAnimator: tileView is null mute
05-14 08:47:36.917  2288  2288 E QSAnimator: tileView is null screenshot
05-14 08:47:36.917  2288  2288 E QSAnimator: tileView is null airplane
05-14 08:47:36.917  2288  2288 E QSAnimator: tileView is null screenlock
05-14 08:47:36.917  2288  2288 E QSAnimator: tileView is null hotspot
05-14 08:47:36.917  2288  2288 E QSAnimator: tileView is null gps
05-14 08:47:36.917  2288  2288 E QSAnimator: tileView is null rotation
05-14 08:47:36.917  2288  2288 E QSAnimator: tileView is null scanner
05-14 08:47:36.917  2288  2288 E QSAnimator: tileView is null papermode
05-14 08:47:36.917  2288  2288 E QSAnimator: tileView is null night
05-14 08:47:36.917  2288  2288 E QSAnimator: tileView is null quietmode
05-14 08:47:36.917  2288  2288 E QSAnimator: tileView is null batterysaver
05-14 08:47:36.917  2288  2288 E QSAnimator: tileView is null custom(com.miui.securitycenter/com.miui.superpower.notification.SuperPowerTileService)
05-14 08:47:36.917  2288  2288 E QSAnimator: tileView is null custom(com.milink.service/com.milink.ui.service.MiLinkTileService)
05-14 08:47:36.917  2288  2288 E QSAnimator: tileView is null custom(com.miui.mishare.connectivity/.tile.MiShareTileService)
05-14 08:47:36.917  2288  2288 E QSAnimator: tileView is null freeformhang
05-14 08:47:36.917  2288  2288 E QSAnimator: tileView is null custom(com.miui.screenrecorder/.service.QuickService)
05-14 08:47:36.917  2288  2288 E QSAnimator: tileView is null vibrate
05-14 08:47:36.917  2288  2288 E QSAnimator: tileView is null nfc
05-14 08:47:36.918  2288  2288 E QSAnimator: tileView is null edit
05-14 08:47:37.036  2232  2755 I BtGatt.ScanManager: msg.what = 6
05-14 08:47:37.036  1551  2119 I MiuiNetworkPolicy: updateUidState uid = 10186, uidState = 3
05-14 08:47:37.039 26398 26434 I FontLog : (REDACTED) Received query %s, URI %s
05-14 08:47:37.039 26398 26434 I FontLog : (REDACTED) Query [%s] resolved to %s
05-14 08:47:37.043 26398 26434 I FontLog : (REDACTED) Fetch %s end status %s
05-14 08:47:37.050 26398 26434 I FontLog : (REDACTED) Pulling font file for id = %d, cache size = %d
05-14 08:47:37.055 26398 26434 I FontLog : (REDACTED) Pulling font file for id = %d, cache size = %d
05-14 08:47:37.580  4822  4822 D AndroidRuntime: >>>>>> START com.android.internal.os.RuntimeInit uid 2000 <<<<<<
05-14 08:47:37.585  4822  4822 E libc    : Access denied finding property "persist.device_config.runtime_native_boot.profilebootclasspath"
05-14 08:47:37.585  4822  4822 E libc    : Access denied finding property "persist.device_config.runtime_native_boot.enable_apex_image"
05-14 08:47:37.585  4822  4822 I AndroidRuntime: Using default boot image
05-14 08:47:37.585  4822  4822 E libc    : Access denied finding property "persist.device_config.runtime_native_boot.disable_lock_profiling"
05-14 08:47:37.585  4822  4822 I AndroidRuntime: Leaving lock profiling enabled
05-14 08:47:37.585  4822  4822 E libc    : Access denied finding property "persist.device_config.runtime_native_boot.enable_generational_cc"
05-14 08:47:37.568  4822  4822 W app_process: type=1400 audit(0.0:628377): avc: denied { read } for name="u:object_r:device_config_runtime_native_boot_prop:s0" dev="tmpfs" ino=22013 scontext=u:r:shell:s0 tcontext=u:object_r:device_config_runtime_native_boot_prop:s0 tclass=file permissive=0
05-14 08:47:37.568  4822  4822 I chatty  : uid=2000(shell) app_process identical 2 lines
05-14 08:47:37.568  4822  4822 W app_process: type=1400 audit(0.0:628380): avc: denied { read } for name="u:object_r:device_config_runtime_native_boot_prop:s0" dev="tmpfs" ino=22013 scontext=u:r:shell:s0 tcontext=u:object_r:device_config_runtime_native_boot_prop:s0 tclass=file permissive=0
05-14 08:47:37.690  4822  4822 D app_process: Time zone APEX ICU file found: /apex/com.android.tzdata/etc/icu/icu_tzdata.dat
05-14 08:47:37.690  4822  4822 D app_process: I18n APEX ICU file found: /apex/com.android.i18n/etc/icu/icudt66l.dat
05-14 08:47:37.722  4822  4822 W app_process: JNI RegisterNativeMethods: attempt to register 0 native methods for android.media.AudioAttributes
05-14 08:47:37.730  4822  4822 D AndroidRuntime: Calling main entry com.android.commands.uiautomator.Launcher
05-14 08:47:37.765  1551  1551 D AS.AudioService: Accessibility volume enabled = false
05-14 08:47:37.769  2288  2288 D CCTileAdapter: onAccessibilityStateChanged:true
05-14 08:47:37.775  2288  2288 D CCTileAdapter: onAccessibilityStateChanged:true
05-14 08:47:38.066  2232  2755 I BtGatt.ScanManager: msg.what = 6
05-14 08:47:38.066  1551  2119 I MiuiNetworkPolicy: updateUidState uid = 10186, uidState = 5
05-14 08:47:38.809  4822  4822 D ThemeCompatibility: START loading theme compatibility config.
05-14 08:47:38.810  4822  4822 D ThemeCompatibility: getVersion(): /data/system/theme_config/theme_compatibility.xml  java.io.FileNotFoundException: /data/system/theme_config/theme_compatibility.xml: open failed: ENOENT (No such file or directory)
05-14 08:47:38.816  4822  4822 D ThemeCompatibility: getConfigDocumentTree(): 140 vs -1
05-14 08:47:38.816  4822  4822 D ThemeCompatibility:     parse file: /system/media/theme/theme_compatibility.xml
05-14 08:47:38.822  4822  4822 D ThemeCompatibility: END loading: version=140 size=48
05-14 08:47:38.823  4822  4822 E AssetManager: WTF--create system assets with illegal uid: 2000, gid:2000
05-14 08:47:38.823  4822  4822 E AssetManager: java.lang.RuntimeException
05-14 08:47:38.823  4822  4822 E AssetManager: 	at android.content.res.AssetManager.createSystemAssetsInZygoteLocked(AssetManager.java:254)
05-14 08:47:38.823  4822  4822 E AssetManager: 	at android.content.res.AssetManager.getSystem(AssetManager.java:291)
05-14 08:47:38.823  4822  4822 E AssetManager: 	at android.content.res.Resources.<init>(Resources.java:353)
05-14 08:47:38.823  4822  4822 E AssetManager: 	at android.content.res.MiuiResources.<init>(MiuiResources.java:49)
05-14 08:47:38.823  4822  4822 E AssetManager: 	at android.content.res.Resources.getSystem(Resources.java:233)
05-14 08:47:38.823  4822  4822 E AssetManager: 	at android.util.MiuiMultiWindowAdapter.<clinit>(MiuiMultiWindowAdapter.java:83)
05-14 08:47:38.823  4822  4822 E AssetManager: 	at android.view.Display.getSize(Display.java:725)
05-14 08:47:38.823  4822  4822 E AssetManager: 	at com.android.commands.uiautomator.DumpCommand.run(DumpCommand.java:110)
05-14 08:47:38.823  4822  4822 E AssetManager: 	at com.android.commands.uiautomator.Launcher.main(Launcher.java:83)
05-14 08:47:38.823  4822  4822 E AssetManager: 	at com.android.internal.os.RuntimeInit.nativeFinishInit(Native Method)
05-14 08:47:38.823  4822  4822 E AssetManager: 	at com.android.internal.os.RuntimeInit.main(RuntimeInit.java:463)
05-14 08:47:38.838  4822  4822 W uiautomator: type=1400 audit(0.0:628381): avc: denied { execute } for name="idmap2" dev="dm-0" ino=1510 scontext=u:r:shell:s0 tcontext=u:object_r:idmap_exec:s0 tclass=file permissive=0
05-14 08:47:38.854  4822  4822 W app_process: unable to execute idmap2: Permission denied
05-14 08:47:38.854  4822  4822 W OverlayConfig: 'idmap2 create-multiple' failed: no mutable="false" overlays targeting "android" will be loaded
05-14 08:47:38.855  4822  4822 W asset   : unable to execute idmap2: Permission denied
05-14 08:47:38.855  4822  4822 W AssetManagerInjector: 'idmap2 --scan' failed: no static="true" overlays targeting "miui" will be loaded
05-14 08:47:38.838  4822  4822 W uiautomator: type=1400 audit(0.0:628382): avc: denied { execute } for name="idmap2" dev="dm-0" ino=1510 scontext=u:r:shell:s0 tcontext=u:object_r:idmap_exec:s0 tclass=file permissive=0
05-14 08:47:38.858  4822  4822 E app_process: Invalid ID 0x00000000.
05-14 08:47:38.875  4822  4822 W AccessibilityNodeInfoDumper: Fetch time: 12ms
05-14 08:47:38.877  1551  9201 W WindowManager: removeWindowToken: Attempted to remove non-existing token: android.os.Binder@f9ba0ef
05-14 08:47:38.893  2288  2288 D CCTileAdapter: onAccessibilityStateChanged:false
05-14 08:47:38.895  2288  2288 D CCTileAdapter: onAccessibilityStateChanged:false
05-14 08:47:38.902  4822  4822 D AndroidRuntime: Shutting down VM
05-14 08:47:38.991 15490 15533 D BufferPoolAccessor2.0: bufferpool2 0x713f973228 : 7(26880 size) total buffers - 4(15360 size) used buffers - 1571711/1571718 (recycle/alloc) - 654/3143427 (fetch/transfer)
05-14 08:47:39.114 15490 15536 D CCodecBufferChannel: [c2.android.opus.encoder#2] DEBUG: elapsed: n=4 [in=0 pipeline=0 out=0 smoothness=4]
05-14 08:47:39.114 15490 15536 D PipelineWatcher: DEBUG: elapsed 0 / 4
05-14 08:47:40.804  1348 15544 D BufferPoolAccessor2.0: bufferpool2 0x738f27ca28 : 3(72000 size) total buffers - 1(24000 size) used buffers - 1571802/1571805 (recycle/alloc) - 655/1571803 (fetch/transfer)
05-14 08:47:40.952  2288  2288 E QSAnimator: tileView is null mute
05-14 08:47:40.952  2288  2288 E QSAnimator: tileView is null screenshot
05-14 08:47:40.952  2288  2288 E QSAnimator: tileView is null airplane
05-14 08:47:40.952  2288  2288 E QSAnimator: tileView is null screenlock
05-14 08:47:40.952  2288  2288 E QSAnimator: tileView is null hotspot
05-14 08:47:40.952  2288  2288 E QSAnimator: tileView is null gps
05-14 08:47:40.952  2288  2288 E QSAnimator: tileView is null rotation
05-14 08:47:40.952  2288  2288 E QSAnimator: tileView is null scanner
05-14 08:47:40.952  2288  2288 E QSAnimator: tileView is null papermode
05-14 08:47:40.952  2288  2288 E QSAnimator: tileView is null night
05-14 08:47:40.952  2288  2288 E QSAnimator: tileView is null quietmode
05-14 08:47:40.952  2288  2288 E QSAnimator: tileView is null batterysaver
05-14 08:47:40.952  2288  2288 E QSAnimator: tileView is null custom(com.miui.securitycenter/com.miui.superpower.notification.SuperPowerTileService)
05-14 08:47:40.952  2288  2288 E QSAnimator: tileView is null custom(com.milink.service/com.milink.ui.service.MiLinkTileService)
05-14 08:47:40.952  2288  2288 E QSAnimator: tileView is null custom(com.miui.mishare.connectivity/.tile.MiShareTileService)
05-14 08:47:40.952  2288  2288 E QSAnimator: tileView is null freeformhang
05-14 08:47:40.952  2288  2288 E QSAnimator: tileView is null custom(com.miui.screenrecorder/.service.QuickService)
05-14 08:47:40.952  2288  2288 E QSAnimator: tileView is null vibrate
05-14 08:47:40.952  2288  2288 E QSAnimator: tileView is null nfc
05-14 08:47:40.952  2288  2288 E QSAnimator: tileView is null edit
05-14 08:47:41.152  2288  2288 E QSAnimator: tileView is null mute
05-14 08:47:41.152  2288  2288 E QSAnimator: tileView is null screenshot
05-14 08:47:41.152  2288  2288 E QSAnimator: tileView is null airplane
05-14 08:47:41.152  2288  2288 E QSAnimator: tileView is null screenlock
05-14 08:47:41.152  2288  2288 E QSAnimator: tileView is null hotspot
05-14 08:47:41.152  2288  2288 E QSAnimator: tileView is null gps
05-14 08:47:41.152  2288  2288 E QSAnimator: tileView is null rotation
05-14 08:47:41.152  2288  2288 E QSAnimator: tileView is null scanner
05-14 08:47:41.152  2288  2288 E QSAnimator: tileView is null papermode
05-14 08:47:41.152  2288  2288 E QSAnimator: tileView is null night
05-14 08:47:41.152  2288  2288 E QSAnimator: tileView is null quietmode
05-14 08:47:41.152  2288  2288 E QSAnimator: tileView is null batterysaver
05-14 08:47:41.152  2288  2288 E QSAnimator: tileView is null custom(com.miui.securitycenter/com.miui.superpower.notification.SuperPowerTileService)
05-14 08:47:41.152  2288  2288 E QSAnimator: tileView is null custom(com.milink.service/com.milink.ui.service.MiLinkTileService)
05-14 08:47:41.152  2288  2288 E QSAnimator: tileView is null custom(com.miui.mishare.connectivity/.tile.MiShareTileService)
05-14 08:47:41.152  2288  2288 E QSAnimator: tileView is null freeformhang
05-14 08:47:41.152  2288  2288 E QSAnimator: tileView is null custom(com.miui.screenrecorder/.service.QuickService)
05-14 08:47:41.152  2288  2288 E QSAnimator: tileView is null vibrate
05-14 08:47:41.152  2288  2288 E QSAnimator: tileView is null nfc
05-14 08:47:41.152  2288  2288 E QSAnimator: tileView is null edit
05-14 08:47:41.698 26398 26398 W ThreadPoolForeg: type=1400 audit(0.0:628383): avc: denied { write } for name="traced_producer" dev="tmpfs" ino=27834 scontext=u:r:gmscore_app:s0:c512,c768 tcontext=u:object_r:traced_producer_socket:s0 tclass=sock_file permissive=0 app=com.google.android.gms
05-14 08:47:41.816  4775  4775 I Timeline: Timeline: Activity_launch_request time:372024488
05-14 08:47:41.820  1551  9201 I ActivityTaskManager: START u0 {flg=0x24000000 cmp=com.yahorzabotsin.openvpnclientgate/.mobile.MainActivity} from uid 10632
05-14 08:47:41.821  1551  1676 D EventSequenceValidator: IntentStarted during UNKNOWN. Intent { flg=0x24000000 cmp=com.yahorzabotsin.openvpnclientgate/.mobile.MainActivity }
05-14 08:47:41.821  1551  1676 D EventSequenceValidator: java.lang.Throwable: EventSequenceValidator#getStackTrace
05-14 08:47:41.821  1551  1676 D EventSequenceValidator: 	at com.google.android.startop.iorap.EventSequenceValidator.logWarningWithStackTrace(EventSequenceValidator.java:260)
05-14 08:47:41.821  1551  1676 D EventSequenceValidator: 	at com.google.android.startop.iorap.EventSequenceValidator.onIntentStarted(EventSequenceValidator.java:106)
05-14 08:47:41.821  1551  1676 D EventSequenceValidator: 	at com.android.server.wm.LaunchObserverRegistryImpl.handleOnIntentStarted(LaunchObserverRegistryImpl.java:139)
05-14 08:47:41.821  1551  1676 D EventSequenceValidator: 	at com.android.server.wm.LaunchObserverRegistryImpl.lambda$veRn_GhgLZLlOHOJ0ZYT6KcfYqo(Unknown Source:0)
05-14 08:47:41.821  1551  1676 D EventSequenceValidator: 	at com.android.server.wm.-$$Lambda$LaunchObserverRegistryImpl$veRn_GhgLZLlOHOJ0ZYT6KcfYqo.accept(Unknown Source:10)
05-14 08:47:41.821  1551  1676 D EventSequenceValidator: 	at com.android.internal.util.function.pooled.PooledLambdaImpl.doInvoke(PooledLambdaImpl.java:292)
05-14 08:47:41.821  1551  1676 D EventSequenceValidator: 	at com.android.internal.util.function.pooled.PooledLambdaImpl.invoke(PooledLambdaImpl.java:201)
05-14 08:47:41.821  1551  1676 D EventSequenceValidator: 	at com.android.internal.util.function.pooled.OmniFunction.run(OmniFunction.java:97)
05-14 08:47:41.821  1551  1676 D EventSequenceValidator: 	at android.os.Handler.handleCallback(Handler.java:938)
05-14 08:47:41.821  1551  1676 D EventSequenceValidator: 	at android.os.Handler.dispatchMessage(Handler.java:99)
05-14 08:47:41.821  1551  1676 D EventSequenceValidator: 	at android.os.Looper.loop(Looper.java:236)
05-14 08:47:41.821  1551  1676 D EventSequenceValidator: 	at android.os.HandlerThread.run(HandlerThread.java:67)
05-14 08:47:41.821  1551  1676 D EventSequenceValidator: 	at com.android.server.ServiceThread.run(ServiceThread.java:45)
05-14 08:47:41.821  1551  1676 D EventSequenceValidator: inc AccIntentStartedEvents to 3
05-14 08:47:41.821  1551  9201 D MiuiMultiWindowAdapter: MiuiMultiWindowAdapter::getFreeformBlackList::sSmallWindowBlackList = [com.miui.securitycenter, com.miui.weather2, com.miui.miservice, com.android.calendar, com.xiaomi.calendar, com.android.contacts, com.miui.mishare.connectivity, com.android.settings, com.android.printspooler, com.miui.backup, com.miui.huanji, com.miui.calculator, com.android.deskclock, com.android.thememanager, com.mfashiongallery.emag, com.miui.virtualsim, com.miui.smarttravel, com.mi.health, com.android.camera, com.lbe.security.miui, com.miui.cleanmaster, com.miui.newhome, com.miui.voiceassist, com.android.phone, com.miui.yellowpage, com.android.updater, com.miui.tsmclient, com.miui.securitycore, com.xiaomi.account, com.xiaomi.shop, com.xiaomi.smarthome, com.mipay.wallet, com.xiaomi.youpin, com.xiaomi.hm.health, com.miui.bugreport, com.xiaomi.mibrain.speech, com.xiaomi.mimoji, com.xiaomi.scanner, com.duokan.phone.remotecontroller, com.miui.hybrid, com.android.incallui, com.miui.video, com.miui.videoplayer, com.miui.player, com.miui.fm, com.miui.packageinstaller, com.mi.android.globallauncher, com.mi.android.globallauncher-poco, com.google.android.dialer, com.google.android.apps.magazines, com.miui.compass, com.miui.greenguard, com.kiteguard, com.google.android.apps.prodcasts, com.google.ar.lens, com.xiangkan.android, com.android.bankabc, com.sohu.inputmethod.sogou, com.tencent.mtt, com.shyz.toutiao, com.netease.mc.mi, com.outfit7.talkingtomgoldrun.mi, com.doudz.mi, com.wepie.snake.new.mi, cn.jj, com.standddz002.mi, com.miHoYo.bh3.mi, com.qqgame.hlddz, com.happyelements.AndroidAnimal, com.minitech.miniworld.TMobile.mi, com.mfp.jelly.xiaomi, com.lilithgames.afk.mi, com.tencent.peng, com.teenpatti.hd.gold, blockpuzzle.jewelgames.jewelslegend, com.playgendary.tanks, com.chillingo.robberybobfree.android.row, com.episodeinteractive.android.catalog, com.playrix.township, com.ansangha.drdriving, com.google.android.youtube, com.gbits.atm.mi, com.tencent.tetris, com.sukhavati.gotoplaying.bubble.BubbleShooter.mint, com.block.puzzle.game.hippo.mi, com.youzu.bs.mi, com.appsomniacs.da2, com.miHoYo.Yuanshen, com.baidu.BaiduMap, com.google.android.googlequicksearchbox]
05-14 08:47:41.822  1551  9201 V ActivityTaskManager: Calling mServicetracker.OnActivityStateChange with flag falsestateINITIALIZING
05-14 08:47:41.823  1551  9201 V ActivityTaskManager: Calling mServicetracker.OnActivityStateChange with flag truestateINITIALIZING
05-14 08:47:41.823   874 24460 I vendor.qti.hardware.servicetracker@1.2-service: Activity state is changed to : 0
05-14 08:47:41.823   874 24460 I vendor.qti.hardware.servicetracker@1.2-service: Activity state is changed to : 0
05-14 08:47:41.830  1551  9201 D CompatibilityInfo: mCompatibilityFlags - 0
05-14 08:47:41.830  1551  9201 D CompatibilityInfo: applicationDensity - 480
05-14 08:47:41.830  1551  9201 D CompatibilityInfo: applicationScale - 1.0
05-14 08:47:41.831  1551  9201 V ActivityTaskManager: Calling mServicetracker.OnActivityStateChange with flag truestateRESUMED
05-14 08:47:41.831   874 27291 I vendor.qti.hardware.servicetracker@1.2-service: Activity state is changed to : 2
05-14 08:47:41.832  1551  9201 V ActivityTaskManager: Calling mServicetracker.OnActivityStateChange with flag truestatePAUSING
05-14 08:47:41.832  1551  9201 D ActivityTrigger: ActivityTrigger activityPauseTrigger 
05-14 08:47:41.832   874 27291 I vendor.qti.hardware.servicetracker@1.2-service: Activity state is changed to : 3
05-14 08:47:41.832  1551  9201 V ActivityTaskManager: Calling mServicetracker.OnActivityStateChange with flag falsestatePAUSING
05-14 08:47:41.832   874 27291 I vendor.qti.hardware.servicetracker@1.2-service: Activity state is changed to : 3
05-14 08:47:41.833   694   702 E statsd  : Predicate 5980654721335871649 dropping data for dimension key (10)0x2010101->10632[I] (10)0x30000->*launch*[S] 
05-14 08:47:41.836  1551  1676 D EventSequenceValidator: onIntentFailed during UNKNOWN.
05-14 08:47:41.836  1551  1676 D EventSequenceValidator: java.lang.Throwable: EventSequenceValidator#getStackTrace
05-14 08:47:41.836  1551  1676 D EventSequenceValidator: 	at com.google.android.startop.iorap.EventSequenceValidator.logWarningWithStackTrace(EventSequenceValidator.java:260)
05-14 08:47:41.836  1551  1676 D EventSequenceValidator: 	at com.google.android.startop.iorap.EventSequenceValidator.onIntentFailed(EventSequenceValidator.java:130)
05-14 08:47:41.836  1551  1676 D EventSequenceValidator: 	at com.android.server.wm.LaunchObserverRegistryImpl.handleOnIntentFailed(LaunchObserverRegistryImpl.java:147)
05-14 08:47:41.836  1551  1676 D EventSequenceValidator: 	at com.android.server.wm.LaunchObserverRegistryImpl.lambda$KukKmVpn5W_1xSV6Dnp8wW2H2Ks(Unknown Source:0)
05-14 08:47:41.836  1551  1676 D EventSequenceValidator: 	at com.android.server.wm.-$$Lambda$LaunchObserverRegistryImpl$KukKmVpn5W_1xSV6Dnp8wW2H2Ks.accept(Unknown Source:2)
05-14 08:47:41.836  1551  1676 D EventSequenceValidator: 	at com.android.internal.util.function.pooled.PooledLambdaImpl.doInvoke(PooledLambdaImpl.java:264)
05-14 08:47:41.836  1551  1676 D EventSequenceValidator: 	at com.android.internal.util.function.pooled.PooledLambdaImpl.invoke(PooledLambdaImpl.java:201)
05-14 08:47:41.836  1551  1676 D EventSequenceValidator: 	at com.android.internal.util.function.pooled.OmniFunction.run(OmniFunction.java:97)
05-14 08:47:41.836  1551  1676 D EventSequenceValidator: 	at android.os.Handler.handleCallback(Handler.java:938)
05-14 08:47:41.836  1551  1676 D EventSequenceValidator: 	at android.os.Handler.dispatchMessage(Handler.java:99)
05-14 08:47:41.836  1551  1676 D EventSequenceValidator: 	at android.os.Looper.loop(Looper.java:236)
05-14 08:47:41.836  1551  1676 D EventSequenceValidator: 	at android.os.HandlerThread.run(HandlerThread.java:67)
05-14 08:47:41.836  1551  1676 D EventSequenceValidator: 	at com.android.server.ServiceThread.run(ServiceThread.java:45)
05-14 08:47:41.836  1551  1676 D EventSequenceValidator: dec AccIntentStartedEvents to 2
05-14 08:47:41.839  2731  3014 D LauncherFsGestureCompat: componentName is com.yahorzabotsin.openvpnclientgate/.mobile.SplashActivity
05-14 08:47:41.843  1551  3021 V ActivityTaskManager: Calling mServicetracker.OnActivityStateChange with flag truestatePAUSED
05-14 08:47:41.843  1551  3021 V ActivityTaskManager: Calling mServicetracker.OnActivityStateChange with flag falsestatePAUSED
05-14 08:47:41.843   874 27291 I vendor.qti.hardware.servicetracker@1.2-service: Activity state is changed to : 4
05-14 08:47:41.843  1551  3021 V ActivityTaskManager: Calling mServicetracker.OnActivityStateChange with flag truestateSTOPPING
05-14 08:47:41.843  1551  3021 V ActivityTaskManager: Calling mServicetracker.OnActivityStateChange with flag falsestateSTOPPING
05-14 08:47:41.843   874 27291 I vendor.qti.hardware.servicetracker@1.2-service: Activity state is changed to : 4
05-14 08:47:41.843   874 24460 I vendor.qti.hardware.servicetracker@1.2-service: Activity state is changed to : 5
05-14 08:47:41.844  1551  3021 V ActivityTaskManager: Calling mServicetracker.OnActivityStateChange with flag truestateRESUMED
05-14 08:47:41.843   874 24460 I vendor.qti.hardware.servicetracker@1.2-service: Activity state is changed to : 5
05-14 08:47:41.844   874 24460 I vendor.qti.hardware.servicetracker@1.2-service: Activity state is changed to : 2
05-14 08:47:41.845  1551  3021 I ActivityTaskManager: The Process com.yahorzabotsin.openvpnclientgate Already Exists in BG. So sending its PID: 4775
05-14 08:47:41.845  1551  3021 W ActivityTaskManager: Tried to set launchTime (0) < mLastActivityLaunchTime (372018128)
05-14 08:47:41.846  1551  3021 D CompatibilityInfo: mCompatibilityFlags - 0
05-14 08:47:41.846  1551  3021 D CompatibilityInfo: applicationDensity - 480
05-14 08:47:41.846  1551  3021 D CompatibilityInfo: applicationScale - 1.0
05-14 08:47:41.846  1551  3021 V ActivityTaskManager: Calling mServicetracker.OnActivityStateChange with flag truestateRESUMED
05-14 08:47:41.846  1551  3021 V ActivityTaskManager: Calling mServicetracker.OnActivityStateChange with flag falsestateRESUMED
05-14 08:47:41.847   874 24460 I vendor.qti.hardware.servicetracker@1.2-service: Activity state is changed to : 2
05-14 08:47:41.847  1551  3021 D WindowManager: Input focus has changed to null
05-14 08:47:41.850  1551  3021 I Timeline: Timeline: App_transition_ready time:372024522
05-14 08:47:41.847   874 24460 I vendor.qti.hardware.servicetracker@1.2-service: Activity state is changed to : 2
05-14 08:47:41.870  1551  3021 D MIUIInput: [FoucsChange]: Display  0 FocusedWindow From Window{2d7a9a5 mode=0 rootTaskId=4250 u0 com.yahorzabotsin.openvpnclientgate/com.yahorzabotsin.openvpnclientgate.mobile.SplashActivity}(1,1)  to null(0,0)
05-14 08:47:41.887  4775  4775 D OpenVPNGateApp:MainActivityCore: onCreate called.
05-14 08:47:41.951 10638 10804 I SCTaskStackListener: onTaskStackChanged! inSplit = false
05-14 08:47:41.951  2288  2288 D AppMiniWindowManager: topActivity updated in onTaskStackChanged
05-14 08:47:41.954 10638 12188 I SCTaskStackListener: onTaskStackChanged! inSplit = false
05-14 08:47:42.147  4775  4775 I OpenVPNGateApp:MainViewModel: Initial selection load mode resolved. vpn_connected=false, cache_only=false
05-14 08:47:42.149  4775  4775 D OpenVPNGateApp:ServersV2SyncCoordinator: syncCountries(forceRefresh=false, cacheOnly=false)
05-14 08:47:42.151  4775  4775 D OpenVPNGateApp:ServersV2Repository: getCountries[locale=pl]: cache hit
05-14 08:47:42.164  4775  4810 I OpenVPNGateApp:UpdateCheckRepository: Checking updates: https://openvpngateclient.azurewebsites.net
05-14 08:47:42.165  4775  4775 I OpenVPNGateApp:ScreenFlow: enter MainActivity
05-14 08:47:42.169  4775  4775 D OpenVPNGateApp:VpnManager: syncStatus
05-14 08:47:42.172  1551  1612 D CompatibilityInfo: mCompatibilityFlags - 0
05-14 08:47:42.172  1551  1612 D CompatibilityInfo: applicationDensity - 480
05-14 08:47:42.172  1551  1612 D CompatibilityInfo: applicationScale - 1.0
05-14 08:47:42.172  4775  4808 D OpenVPNGateApp:VersionReleaseRepository: Release notes cache miss: version=1.0.4-beta.1, build=63, locale=pl, sourceKey=f792edbe
05-14 08:47:42.173   874 24460 I vendor.qti.hardware.servicetracker@1.2-service: startService() is called for servicecom.yahorzabotsin.openvpnclientgate/.vpn.OpenVpnService
05-14 08:47:42.176  4775  4809 I OpenVPNGateApp:UpdateCheckRepository: Checking updates: https://openvpngateclient.azurewebsites.net
05-14 08:47:42.206  4775  4775 D OpenVPNGateApp:SelectedCountryStore: getLastStartedConfig: country=Australia hasConfig=true
05-14 08:47:42.238  1551  1612 V MiuiActivityTaskManagerServiceEx: dispatchActivityLifeState state = onResume
05-14 08:47:42.238  1551  1612 V MiuiActivityTaskManagerServiceEx: dispatchActivityLifeState r = ActivityRecord{b5f593d u0 com.yahorzabotsin.openvpnclientgate/.mobile.MainActivity t4250}
05-14 08:47:42.218  4775  4775 D OpenVPNGateApp:SelectedCountryStore: getLastStartedConfig: country=Australia hasConfig=true
05-14 08:47:42.239  2731  2731 D RecentsImpl: mActivityStateObserver com.yahorzabotsin.openvpnclientgate.mobile.MainActivity
05-14 08:47:42.239  2731  2731 W RecentsImpl: onResumed className=com.yahorzabotsin.openvpnclientgate.mobile.MainActivity   mIsInAnotherPro=false
05-14 08:47:42.239  4775  4775 W Looper  : PerfMonitor looperActivity : package=com.yahorzabotsin.openvpnclientgate/.mobile.MainActivity time=0ms latency=390ms running=0ms  procState=2 ClientTransaction{ callbacks=[android.app.servertransaction.TopResumedActivityChangeItem] } historyMsgCount=3 (msgIndex=3 wall=379ms seq=197 running=329ms runnable=8ms late=10ms h=android.app.ActivityThread$H w=159)
05-14 08:47:42.241  4775  4775 D OpenVPNGateApp:ServersV2Repository: getCountries[locale=pl]: cache hit
05-14 08:47:42.246  4775  4808 I OpenVPNGateApp:UpdateCheckRepository: Update check result: hasUpdate=true, currentBuild=63, latestBuild=83, assetPlatform=mobile, hasAsset=true
05-14 08:47:42.251  4775  4775 I OpenVPNGateApp:OpenVpnService: Service created
05-14 08:47:42.260  4775  4775 D openvpn : Loading openvpn native library $id$ compiled on May 12 2026 17:35:10
05-14 08:47:42.266  4775  4775 I OpenVPNGateApp:OpenVpnService: Status source -> VPN_STATUS (VpnStatus update)
05-14 08:47:42.267  4775  4775 D OpenVPNGateApp:OpenVpnService: Engine state (VPN_STATUS): level=LEVEL_NOTCONNECTED state=NOPROCESS
